[14:00:17][game_application.cpp:250]: Game Version: Cygnus v4.5.2
[14:00:17][defines.cpp:162]: 2132 defines loaded
[14:00:17][defines.cpp:196]: 254 interface defines loaded
[14:16:24][eventcommands.cpp:88]: Event aquatics.255 added info about event selection. selectedOption 0, human -1, playerEventId 190
[14:16:43][eventcommands.cpp:88]: Event first_contact.1 added info about event selection. selectedOption 0, human -1, playerEventId 191
[14:20:01][eventcommands.cpp:88]: Event first_contact_critters.10 added info about event selection. selectedOption 0, human -1, playerEventId 192
[14:26:47][eventcommands.cpp:88]: Event shroud.2505 added info about event selection. selectedOption 2, human 1, playerEventId 194
[14:35:55][eventcommands.cpp:88]: Event first_contact.1 added info about event selection. selectedOption 0, human -1, playerEventId 195
[14:36:30][eventcommands.cpp:88]: Event first_contact_critters.15 added info about event selection. selectedOption 1, human -1, playerEventId 196
[14:37:06][eventcommands.cpp:88]: Event ancrel.9170 added info about event selection. selectedOption 0, human -1, playerEventId 197
[14:39:31][eventcommands.cpp:88]: Event first_contact.1 added info about event selection. selectedOption 0, human -1, playerEventId 198
[14:39:56][eventcommands.cpp:88]: Event first_contact_critters.1 added info about event selection. selectedOption 0, human -1, playerEventId 199
[14:45:07][eventcommands.cpp:88]: Event shroud.2800 added info about event selection. selectedOption 0, human 1, playerEventId 201
[14:55:58][eventcommands.cpp:88]: Event eep.30 added info about event selection. selectedOption 0, human 1, playerEventId 202
[15:09:11][eventcommands.cpp:88]: Event eep.100 added info about event selection. selectedOption 0, human 1, playerEventId 203
[15:16:32][eventcommands.cpp:88]: Event eep.100 added info about event selection. selectedOption 0, human 1, playerEventId 204
[15:34:55][eventcommands.cpp:88]: Event crisis.4140 added info about event selection. selectedOption 0, human 1, playerEventId 205
[16:04:03][eventcommands.cpp:88]: Event first_contact_critters.1 added info about event selection. selectedOption 0, human -1, playerEventId 206
[16:04:17][eventcommands.cpp:88]: Event aquatics.260 added info about event selection. selectedOption 0, human -1, playerEventId 207
[16:04:36][eventcommands.cpp:88]: Event first_contact_critters.5 added info about event selection. selectedOption 3, human -1, playerEventId 208
[16:04:57][eventcommands.cpp:88]: Event aquatics.280 added info about event selection. selectedOption 0, human -1, playerEventId 209
[16:05:33][eventcommands.cpp:88]: Event first_contact_critters.5 added info about event selection. selectedOption 3, human -1, playerEventId 210
