[18:31:50][game_application.cpp:250]: Game Version: Cygnus v4.5.2
[18:31:50][defines.cpp:162]: 2132 defines loaded
[18:31:50][defines.cpp:196]: 254 interface defines loaded
[18:53:30][eventcommands.cpp:88]: Event tutorial.45 added info about event selection. selectedOption 0, human 1, playerEventId 344
[19:05:37][eventcommands.cpp:88]: Event tutorial.555 added info about event selection. selectedOption 0, human -1, playerEventId 345
[19:05:37][eventcommands.cpp:88]: Event tutorial.1337 added info about event selection. selectedOption 0, human -1, playerEventId 346
[19:05:37][eventcommands.cpp:88]: Event tutorial.1340 added info about event selection. selectedOption 0, human -1, playerEventId 347
[19:05:37][eventcommands.cpp:88]: Event tutorial.2111 added info about event selection. selectedOption 0, human -1, playerEventId 348
[19:05:45][eventcommands.cpp:88]: Event tutorial.560 added info about event selection. selectedOption 0, human -1, playerEventId 349
[19:06:02][eventcommands.cpp:88]: Event first_contact_critters.85 added info about event selection. selectedOption 0, human -1, playerEventId 353
[19:06:10][eventcommands.cpp:88]: Event tutorial.2500 added info about event selection. selectedOption 0, human -1, playerEventId 350
[19:20:02][eventcommands.cpp:88]: Event marauder.101 added info about event selection. selectedOption 0, human 1, playerEventId 355
[19:23:40][eventcommands.cpp:88]: Event action.39 added info about event selection. selectedOption 0, human 1, playerEventId 354
[19:28:12][eventcommands.cpp:88]: Event first_contact_critters.15 added info about event selection. selectedOption 0, human -1, playerEventId 357
[19:29:45][eventcommands.cpp:88]: Event galcom.51 added info about event selection. selectedOption 0, human -1, playerEventId 352
[19:34:51][eventcommands.cpp:88]: Event precursor.301 added info about event selection. selectedOption 0, human 1, playerEventId 356
[19:36:10][eventcommands.cpp:88]: Event first_contact_critters.5 added info about event selection. selectedOption 0, human -1, playerEventId 358
[19:36:22][eventcommands.cpp:88]: Event first_contact_critters.5 added info about event selection. selectedOption 0, human -1, playerEventId 359
[19:38:03][eventcommands.cpp:88]: Event first_contact.1 added info about event selection. selectedOption 0, human -1, playerEventId 360
[20:00:34][eventcommands.cpp:88]: Event first_contact.1 added info about event selection. selectedOption 0, human -1, playerEventId 361
[20:00:41][eventcommands.cpp:88]: Event first_contact.1 added info about event selection. selectedOption 0, human -1, playerEventId 362
[20:33:30][eventcommands.cpp:88]: Event first_contact_critters.1 added info about event selection. selectedOption 0, human -1, playerEventId 364
[20:34:21][eventcommands.cpp:88]: Event grand_archive.2000 added info about event selection. selectedOption 0, human -1, playerEventId 365
[20:34:49][eventcommands.cpp:88]: Event first_contact_critters.1 added info about event selection. selectedOption 0, human -1, playerEventId 366
[20:37:39][eventcommands.cpp:88]: Event first_contact_critters.5 added info about event selection. selectedOption 0, human -1, playerEventId 367
[20:52:31][eventcommands.cpp:88]: Event eep.13 added info about event selection. selectedOption 0, human 1, playerEventId 368
[20:52:32][eventcommands.cpp:88]: Event first_contact_critters.5 added info about event selection. selectedOption 0, human -1, playerEventId 369
[20:52:36][effect_impl.cpp:22217]: [2290.3.4] Log effect, file: events/caravaneer_events.txt line: 2973. fleet 3 >=6 countries found, tag 2
[20:52:36][effect_impl.cpp:22217]: [2290.3.4] Log effect, file: events/caravaneer_events.txt line: 2985. 1 fleet3_capital_destination set
[20:53:08][effect_impl.cpp:22217]: [2290.9.16] Log effect, common/scripted_effects/caravaneer_scripted_effects.txt:1928 @ scripted effect fleet3_continue_journey at. triggered fleet3_continue_journey
[20:53:08][effect_impl.cpp:22217]: [2290.9.16] Log effect, common/scripted_effects/caravaneer_scripted_effects.txt:1931 @ scripted effect fleet3_continue_journey at. fleet 3 untagged planet
[20:53:08][effect_impl.cpp:22217]: [2290.9.17] Log effect, file: events/caravaneer_events.txt line: 3696. fleet 3 set next destination
[20:53:08][effect_impl.cpp:22217]: [2290.9.17] Log effect, file: events/caravaneer_events.txt line: 3705. fleet 3 engaged auto_move
[20:53:42][effect_impl.cpp:22217]: [2291.4.26] Log effect, file: events/caravaneer_events.txt line: 2134. fleet 2 >=6 countries found, tag 2
[20:53:42][effect_impl.cpp:22217]: [2291.4.26] Log effect, file: events/caravaneer_events.txt line: 2146. 1 fleet2_capital_destination set
[20:53:57][eventcommands.cpp:88]: Event grand_archive.2005 added info about event selection. selectedOption 0, human -1, playerEventId 370
[20:53:58][eventcommands.cpp:88]: Event first_contact.1 added info about event selection. selectedOption 0, human -1, playerEventId 371
[20:54:11][effect_impl.cpp:22217]: [2291.11.10] Log effect, common/scripted_effects/caravaneer_scripted_effects.txt:1875 @ scripted effect fleet2_continue_journey at. triggered fleet2_continue_journey
[20:54:11][effect_impl.cpp:22217]: [2291.11.10] Log effect, common/scripted_effects/caravaneer_scripted_effects.txt:1878 @ scripted effect fleet2_continue_journey at. fleet 2 untagged planet
[20:54:11][effect_impl.cpp:22217]: [2291.11.11] Log effect, file: events/caravaneer_events.txt line: 2815. fleet 2 set next destination
[20:54:11][effect_impl.cpp:22217]: [2291.11.11] Log effect, file: events/caravaneer_events.txt line: 2824. fleet 2 engaged auto_move
[20:54:37][eventcommands.cpp:88]: Event astral_rift.1700 added info about event selection. selectedOption 1, human -1, playerEventId 372
[20:54:56][eventcommands.cpp:88]: Event cstorms.1845 added info about event selection. selectedOption 0, human -1, playerEventId 373
[20:55:01][eventcommands.cpp:88]: Event first_contact_critters.70 added info about event selection. selectedOption 0, human -1, playerEventId 374
[20:55:33][eventcommands.cpp:88]: Event first_contact.5050 added info about event selection. selectedOption 0, human -1, playerEventId 375
[20:55:57][effect_impl.cpp:22217]: [2293.10.28] Log effect, common/scripted_effects/caravaneer_scripted_effects.txt:1928 @ scripted effect fleet3_continue_journey at. triggered fleet3_continue_journey
[20:55:57][effect_impl.cpp:22217]: [2293.10.28] Log effect, common/scripted_effects/caravaneer_scripted_effects.txt:1931 @ scripted effect fleet3_continue_journey at. fleet 3 untagged planet
[20:55:57][effect_impl.cpp:22217]: [2293.10.28] Log effect, common/scripted_effects/caravaneer_scripted_effects.txt:1956 @ scripted effect fleet3_continue_journey at. fleet 3 returning home
[20:56:11][eventcommands.cpp:88]: Event astral_rift.1600 added info about event selection. selectedOption 1, human -1, playerEventId 376
[20:56:26][eventcommands.cpp:88]: Event astral_rift.1710 added info about event selection. selectedOption 1, human -1, playerEventId 377
[20:57:04][effect_impl.cpp:22217]: [2295.1.12] Log effect, common/scripted_effects/caravaneer_scripted_effects.txt:1875 @ scripted effect fleet2_continue_journey at. triggered fleet2_continue_journey
[20:57:04][effect_impl.cpp:22217]: [2295.1.12] Log effect, common/scripted_effects/caravaneer_scripted_effects.txt:1878 @ scripted effect fleet2_continue_journey at. fleet 2 untagged planet
[20:57:04][effect_impl.cpp:22217]: [2295.1.12] Log effect, common/scripted_effects/caravaneer_scripted_effects.txt:1903 @ scripted effect fleet2_continue_journey at. fleet 2 returning home
[21:34:52][effect_impl.cpp:22217]: [2290.6.10] Log effect, common/scripted_effects/caravaneer_scripted_effects.txt:1928 @ scripted effect fleet3_continue_journey at. triggered fleet3_continue_journey
[21:34:52][effect_impl.cpp:22217]: [2290.6.10] Log effect, common/scripted_effects/caravaneer_scripted_effects.txt:1931 @ scripted effect fleet3_continue_journey at. fleet 3 untagged planet
[21:34:53][effect_impl.cpp:22217]: [2290.6.11] Log effect, file: events/caravaneer_events.txt line: 3696. fleet 3 set next destination
[21:34:53][effect_impl.cpp:22217]: [2290.6.11] Log effect, file: events/caravaneer_events.txt line: 3705. fleet 3 engaged auto_move
[21:35:23][eventcommands.cpp:88]: Event cstorms.1845 added info about event selection. selectedOption 0, human -1, playerEventId 371
[21:37:43][eventcommands.cpp:88]: Event first_contact.1 added info about event selection. selectedOption 0, human -1, playerEventId 372
[21:46:26][effect_impl.cpp:22217]: [2291.8.4] Log effect, common/scripted_effects/caravaneer_scripted_effects.txt:1875 @ scripted effect fleet2_continue_journey at. triggered fleet2_continue_journey
[21:46:26][effect_impl.cpp:22217]: [2291.8.4] Log effect, common/scripted_effects/caravaneer_scripted_effects.txt:1878 @ scripted effect fleet2_continue_journey at. fleet 2 untagged planet
[21:46:26][effect_impl.cpp:22217]: [2291.8.5] Log effect, file: events/caravaneer_events.txt line: 2815. fleet 2 set next destination
[21:46:26][effect_impl.cpp:22217]: [2291.8.5] Log effect, file: events/caravaneer_events.txt line: 2824. fleet 2 engaged auto_move
[21:58:14][effect_impl.cpp:22217]: [2291.12.11] Log effect, common/scripted_effects/caravaneer_scripted_effects.txt:1928 @ scripted effect fleet3_continue_journey at. triggered fleet3_continue_journey
[21:58:14][effect_impl.cpp:22217]: [2291.12.11] Log effect, common/scripted_effects/caravaneer_scripted_effects.txt:1931 @ scripted effect fleet3_continue_journey at. fleet 3 untagged planet
[21:58:14][effect_impl.cpp:22217]: [2291.12.11] Log effect, common/scripted_effects/caravaneer_scripted_effects.txt:1956 @ scripted effect fleet3_continue_journey at. fleet 3 returning home
[22:00:44][eventcommands.cpp:88]: Event operation.1000 added info about event selection. selectedOption 0, human -1, playerEventId 375
[22:02:29][effect_impl.cpp:22217]: [2293.2.26] Log effect, common/scripted_effects/caravaneer_scripted_effects.txt:1875 @ scripted effect fleet2_continue_journey at. triggered fleet2_continue_journey
[22:02:29][effect_impl.cpp:22217]: [2293.2.26] Log effect, common/scripted_effects/caravaneer_scripted_effects.txt:1878 @ scripted effect fleet2_continue_journey at. fleet 2 untagged planet
[22:02:29][effect_impl.cpp:22217]: [2293.2.26] Log effect, common/scripted_effects/caravaneer_scripted_effects.txt:1903 @ scripted effect fleet2_continue_journey at. fleet 2 returning home
[22:03:39][eventcommands.cpp:88]: Event cstorms.1850 added info about event selection. selectedOption 0, human -1, playerEventId 376
[22:05:40][eventcommands.cpp:88]: Event tutorial.15 added info about event selection. selectedOption 0, human -1, playerEventId 373
[22:56:41][eventcommands.cpp:88]: Event operation.1000 added info about event selection. selectedOption 0, human -1, playerEventId 379
[23:05:37][eventcommands.cpp:88]: Event marauder.101 added info about event selection. selectedOption 0, human 1, playerEventId 378
[23:18:28][eventcommands.cpp:88]: Event operation.1001 added info about event selection. selectedOption 0, human -1, playerEventId 380
[23:18:33][eventcommands.cpp:88]: Event cstorms.1855 added info about event selection. selectedOption 0, human -1, playerEventId 381
[23:19:20][eventcommands.cpp:88]: Event operation.1000 added info about event selection. selectedOption 0, human -1, playerEventId 382
[23:32:08][eventcommands.cpp:88]: Event shroud.2750 added info about event selection. selectedOption 0, human 1, playerEventId 383
[00:11:07][eventcommands.cpp:88]: Event operation.1001 added info about event selection. selectedOption 0, human -1, playerEventId 384
[00:22:35][eventcommands.cpp:88]: Event operation.1000 added info about event selection. selectedOption 0, human -1, playerEventId 387
[00:23:31][eventcommands.cpp:88]: Event operation.1001 added info about event selection. selectedOption 0, human -1, playerEventId 388
[00:24:41][eventcommands.cpp:88]: Event operation.1020 added info about event selection. selectedOption 1, human -1, playerEventId 389
[00:24:45][eventcommands.cpp:88]: Event operation.1002 added info about event selection. selectedOption 0, human -1, playerEventId 390
[00:25:32][eventcommands.cpp:88]: Event first_contact.1 added info about event selection. selectedOption 0, human -1, playerEventId 392
[00:25:42][eventcommands.cpp:88]: Event first_contact.1 added info about event selection. selectedOption 0, human -1, playerEventId 393
[00:26:20][eventcommands.cpp:88]: Event operation.1021 added info about event selection. selectedOption 0, human -1, playerEventId 395
[00:28:15][eventcommands.cpp:88]: Event first_contact_critters.100 added info about event selection. selectedOption 0, human -1, playerEventId 398
[00:29:02][eventcommands.cpp:88]: Event operation.7000 added info about event selection. selectedOption 15, human -1, playerEventId 399
[00:29:05][eventcommands.cpp:88]: Event first_contact_critters.40 added info about event selection. selectedOption 0, human -1, playerEventId 400
[00:29:23][eventcommands.cpp:88]: Event operation.1022 added info about event selection. selectedOption 0, human -1, playerEventId 401
[00:29:36][eventcommands.cpp:88]: Event first_contact_critters.105 added info about event selection. selectedOption 0, human -1, playerEventId 403
[00:29:49][effect_impl.cpp:22217]: [2301.1.1] Log effect, file: events/astral_planes_events.txt line: 161. Splitting Astral Scar to an Astral Rift in system 匹亚 for country 伊思拉瓦纳独存实体.
[00:44:13][eventcommands.cpp:88]: Event shroud.2621 added info about event selection. selectedOption 0, human 1, playerEventId 397
[01:06:01][eventcommands.cpp:88]: Event operation.1000 added info about event selection. selectedOption 0, human -1, playerEventId 405
[01:07:18][eventcommands.cpp:88]: Event first_contact_critters.45 added info about event selection. selectedOption 0, human -1, playerEventId 409
[01:07:32][effect_impl.cpp:22217]: [2302.1.1] Log effect, file: events/astral_planes_events.txt line: 179. Spawning Astral Scar in system 天市左垣十一 for country 天选民.
[01:12:56][eventcommands.cpp:88]: Event shroud.2305 added info about event selection. selectedOption 1, human 1, playerEventId 410
[01:14:26][eventcommands.cpp:88]: Event marauder.111 added info about event selection. selectedOption 0, human 1, playerEventId 408
[01:16:44][eventcommands.cpp:88]: Event marauder.105 added info about event selection. selectedOption 0, human 1, playerEventId 406
[01:19:13][eventcommands.cpp:88]: Event marauder.101 added info about event selection. selectedOption 3, human 1, playerEventId 404
[01:24:10][eventcommands.cpp:88]: Event operation.1001 added info about event selection. selectedOption 0, human -1, playerEventId 412
[02:03:18][effect_impl.cpp:22217]: [2303.9.25] Log effect, file: events/caravaneer_events.txt line: 2973. fleet 3 >=6 countries found, tag 2
[02:03:18][effect_impl.cpp:22217]: [2303.9.25] Log effect, file: events/caravaneer_events.txt line: 2985. 1 fleet3_capital_destination set
[02:09:48][eventcommands.cpp:88]: Event operation.1002 added info about event selection. selectedOption 0, human -1, playerEventId 417
[02:10:05][effect_impl.cpp:22217]: [2304.1.1] Log effect, file: events/astral_planes_events.txt line: 161. Splitting Astral Scar to an Astral Rift in system 多噶尔斯兰 for country 佩奇奇提.
[02:10:05][effect_impl.cpp:22217]: [2304.1.1] Log effect, file: events/astral_planes_events.txt line: 161. Splitting Astral Scar to an Astral Rift in system 奇米诺 for country 星海摩拉诺克统治集团.
[02:13:02][effect_impl.cpp:22217]: [2304.11.17] Log effect, common/scripted_effects/caravaneer_scripted_effects.txt:1928 @ scripted effect fleet3_continue_journey at. triggered fleet3_continue_journey
[02:13:02][effect_impl.cpp:22217]: [2304.11.17] Log effect, common/scripted_effects/caravaneer_scripted_effects.txt:1931 @ scripted effect fleet3_continue_journey at. fleet 3 untagged planet
[02:13:02][effect_impl.cpp:22217]: [2304.11.18] Log effect, file: events/caravaneer_events.txt line: 3696. fleet 3 set next destination
[02:13:02][effect_impl.cpp:22217]: [2304.11.18] Log effect, file: events/caravaneer_events.txt line: 3705. fleet 3 engaged auto_move
[02:13:11][effect_impl.cpp:22217]: [2304.12.12] Log effect, file: events/caravaneer_events.txt line: 2134. fleet 2 >=6 countries found, tag 2
[02:13:11][effect_impl.cpp:22217]: [2304.12.12] Log effect, file: events/caravaneer_events.txt line: 2146. 1 fleet2_capital_destination set
[02:15:55][eventcommands.cpp:88]: Event crime.40 added info about event selection. selectedOption 0, human 1, playerEventId 420
[02:20:59][eventcommands.cpp:88]: Event eep.100 added info about event selection. selectedOption 0, human 1, playerEventId 423
[02:23:48][effect_impl.cpp:22217]: [2305.3.20] Log effect, common/scripted_effects/caravaneer_scripted_effects.txt:1875 @ scripted effect fleet2_continue_journey at. triggered fleet2_continue_journey
[02:23:48][effect_impl.cpp:22217]: [2305.3.20] Log effect, common/scripted_effects/caravaneer_scripted_effects.txt:1878 @ scripted effect fleet2_continue_journey at. fleet 2 untagged planet
[02:23:49][effect_impl.cpp:22217]: [2305.3.21] Log effect, file: events/caravaneer_events.txt line: 2815. fleet 2 set next destination
[02:23:49][effect_impl.cpp:22217]: [2305.3.21] Log effect, file: events/caravaneer_events.txt line: 2824. fleet 2 engaged auto_move
[03:03:44][eventcommands.cpp:88]: Event shroud.2760 added info about event selection. selectedOption 0, human 1, playerEventId 424
[03:08:27][effect_impl.cpp:22217]: [2305.8.23] Log effect, common/scripted_effects/caravaneer_scripted_effects.txt:1928 @ scripted effect fleet3_continue_journey at. triggered fleet3_continue_journey
[03:08:27][effect_impl.cpp:22217]: [2305.8.23] Log effect, common/scripted_effects/caravaneer_scripted_effects.txt:1931 @ scripted effect fleet3_continue_journey at. fleet 3 untagged planet
[03:08:27][effect_impl.cpp:22217]: [2305.8.23] Log effect, common/scripted_effects/caravaneer_scripted_effects.txt:1956 @ scripted effect fleet3_continue_journey at. fleet 3 returning home
[03:09:05][eventcommands.cpp:88]: Event first_contact.1 added info about event selection. selectedOption 0, human -1, playerEventId 427
[03:09:57][effect_impl.cpp:22217]: [2306.4.30] Log effect, common/scripted_effects/caravaneer_scripted_effects.txt:1875 @ scripted effect fleet2_continue_journey at. triggered fleet2_continue_journey
[03:09:57][effect_impl.cpp:22217]: [2306.4.30] Log effect, common/scripted_effects/caravaneer_scripted_effects.txt:1878 @ scripted effect fleet2_continue_journey at. fleet 2 untagged planet
[03:09:57][effect_impl.cpp:22217]: [2306.4.30] Log effect, common/scripted_effects/caravaneer_scripted_effects.txt:1903 @ scripted effect fleet2_continue_journey at. fleet 2 returning home
[03:29:55][effect_impl.cpp:22217]: [2307.1.1] Log effect, file: events/astral_planes_events.txt line: 161. Splitting Astral Scar to an Astral Rift in system 希萨罗斯 for country EEP 04 种族洁癖.
[03:48:31][eventcommands.cpp:88]: Event first_contact_critters.20 added info about event selection. selectedOption 0, human -1, playerEventId 431
[03:49:46][eventcommands.cpp:88]: Event first_contact_critters.25 added info about event selection. selectedOption 1, human -1, playerEventId 434
[04:08:47][eventcommands.cpp:88]: Event marauder.101 added info about event selection. selectedOption 3, human 1, playerEventId 433
[04:12:16][eventcommands.cpp:88]: Event utopia.2606 added info about event selection. selectedOption 0, human 1, playerEventId 432
[04:28:37][eventcommands.cpp:88]: Event marauder.111 added info about event selection. selectedOption 0, human 1, playerEventId 438
[04:33:12][eventcommands.cpp:88]: Event cstorms.1735 added info about event selection. selectedOption 0, human 1, playerEventId 437
[12:19:54][eventcommands.cpp:88]: Event marauder.104 added info about event selection. selectedOption 0, human 1, playerEventId 435
