[22:48:14][dlc.cpp:1847]: Could not find files for mod: C:\SteamLibrary\steamapps\workshop\content\281990\3797257579
[22:48:14][dlc.cpp:1847]: Could not find files for mod: C:\SteamLibrary\steamapps\workshop\content\281990\3710613857
[22:48:14][dlc.cpp:1847]: Could not find files for mod: C:\SteamLibrary\steamapps\workshop\content\281990\2660548454
[22:48:14][dlc.cpp:1847]: Could not find files for mod: C:\SteamLibrary\steamapps\workshop\content\281990\2411818376
[22:48:14][dlc.cpp:1847]: Could not find files for mod: C:\SteamLibrary\steamapps\workshop\content\281990\2409044128
[22:48:14][dlc.cpp:1847]: Could not find files for mod: C:\SteamLibrary\steamapps\workshop\content\281990\3484461951
[22:48:14][dlc.cpp:1847]: Could not find files for mod: C:\SteamLibrary\steamapps\workshop\content\281990\1199002146
[22:48:14][dlc.cpp:1847]: Could not find files for mod: C:\SteamLibrary\steamapps\workshop\content\281990\2946000546
[22:48:14][dlc.cpp:1847]: Could not find files for mod: C:\SteamLibrary\steamapps\workshop\content\281990\3053655313
[22:48:14][dlc.cpp:1847]: Could not find files for mod: C:\SteamLibrary\steamapps\workshop\content\281990\2956750257
[22:48:14][dlc.cpp:1847]: Could not find files for mod: C:\SteamLibrary\steamapps\workshop\content\281990\1539624733
[22:48:14][dlc.cpp:1847]: Could not find files for mod: C:\SteamLibrary\steamapps\workshop\content\281990\1890399946
[22:48:14][dlc.cpp:1847]: Could not find files for mod: C:\SteamLibrary\steamapps\workshop\content\281990\3357143726
[22:48:14][dlc.cpp:1847]: Could not find files for mod: C:\SteamLibrary\steamapps\workshop\content\281990\3415581160
[22:48:14][dlc.cpp:1847]: Could not find files for mod: C:\SteamLibrary\steamapps\workshop\content\281990\2438313459
[22:48:14][dlc.cpp:1847]: Could not find files for mod: C:\SteamLibrary\steamapps\workshop\content\281990\2407436476
[22:48:14][dlc.cpp:1847]: Could not find files for mod: C:\SteamLibrary\steamapps\workshop\content\281990\1623423360
[22:48:14][dlc.cpp:1847]: Could not find files for mod: C:\SteamLibrary\steamapps\workshop\content\281990\3339549399
[22:48:14][dlc.cpp:1847]: Could not find files for mod: C:\SteamLibrary\steamapps\workshop\content\281990\3090328185
[22:48:14][dlc.cpp:1847]: Could not find files for mod: C:\SteamLibrary\steamapps\workshop\content\281990\2948301103
[22:48:14][dlc.cpp:1847]: Could not find files for mod: C:\SteamLibrary\steamapps\workshop\content\281990\2976454692
[22:49:30][game_singleobjectdatabase.h:170]: Object with key: decision_lithoid_swarm_consume_world already exists, using the one at  file: common/decisions/zz_eep_native_decision.txt line: 2
[22:53:27][eventtarget.cpp:3849]: Undefined event target: ERROR_FLAG_INDEX, location:  file: common/deposits/eep_deposits.txt line: 12
[22:58:52][game_text.cpp:1287]: Unknown property `eep_q` in text: eep_q] T=[This.eep_months]
[22:58:52][game_text.cpp:1287]: Unknown property `eep_months` in text: eep_months]
[23:02:10][metascript.cpp:166]: Compiling source for  failed for missing args: eep_begin, if, limit, is_colony

[23:02:10][effect_impl.cpp:825]: Script Error: Invalid scripted effect: vent_target:eep_probe_source at  file:  line: 1

[23:02:47][variable_values.cpp:236]: Variable eep_old_damage is not set for scoped planet '旺通' at  common/scripted_effects/eep_effects.txt:48 @ scripted effect eep_begin at file:  line: 1
[23:13:54][trigger_impl.cpp:1706]: Scripted Trigger st_fyorweard is invalid at  file:  line: 1
[23:13:55][trigger_impl.cpp:1677]: [ file:  line: 1]: Error in scripted trigger, cannot find: st_fyorweard
