[22:48:15][game_application.cpp:250]: Game Version: Cygnus v4.5.2
[22:48:15][defines.cpp:162]: 2132 defines loaded
[22:48:15][defines.cpp:196]: 254 interface defines loaded
[22:53:18][gamecontrolcommands.cpp:415]: Sending sync response, machine id: 1
[22:53:18][galaxy_generator.cpp:4536]: Generating World! Specified Seed: 411816776
[22:55:21][effect_impl.cpp:22217]: [2200.1.1] Log effect, file: events/eep_probe_events.txt line: 31. EEP_PROBE country EEP 02 有机吞噬蜂群: C=0 G=0 D=2 manufactured=0 worlds=0
[22:55:21][effect_impl.cpp:22217]: [2200.1.1] Log effect, file: events/eep_probe_events.txt line: 32. EEP_PROBE qualified=YES
[22:55:21][effect_impl.cpp:22217]: [2200.1.1] Log effect, file: events/eep_probe_events.txt line: 34. EEP_PROBE core_available=YES
[22:57:35][eventcommands.cpp:88]: Event eep.100 added info about event selection. selectedOption 0, human 1, playerEventId 1
[22:58:52][effect_impl.cpp:22217]: [2200.1.1] Log effect, file: events/eep_probe_events.txt line: 18. EEP_PROBE source EEP-20 colony created; beginning real task
[22:58:52][effect_impl.cpp:22217]: [2200.1.1] Log effect, file: events/eep_probe_events.txt line: 37. EEP_PROBE source Q= T=
[22:58:52][effect_impl.cpp:22217]: [2200.1.1] Log effect, file: events/eep_probe_events.txt line: 39. EEP_PROBE active=NO
[22:58:52][effect_impl.cpp:22217]: [2200.1.1] Log effect, file: events/eep_probe_events.txt line: 41. EEP_PROBE shattered=NO
[22:59:49][effect_impl.cpp:22217]: [2200.1.1] Log effect, file:  line: 1. PROBE source_valid NO
[22:59:49][effect_impl.cpp:22217]: [2200.1.1] Log effect, file:  line: 1. PROBE seed YES
[22:59:49][effect_impl.cpp:22217]: [2200.1.1] Log effect, file:  line: 1. PROBE colony NO
[23:01:28][effect_impl.cpp:22217]: [2200.1.1] Log effect, file:  line: 1. PROBE alive
[23:01:28][effect_impl.cpp:22217]: [2200.1.1] Log effect, file:  line: 1. PROBE still empty
[23:02:10][effect_impl.cpp:22217]: [2200.1.1] Log effect, file:  line: 1. PROBE colony after real resettle YES
[23:02:50][effect_impl.cpp:22217]: [2200.1.1] Log effect, file: events/eep_probe_events.txt line: 37. EEP_PROBE source Q=20 T=48
[23:02:50][effect_impl.cpp:22217]: [2200.1.1] Log effect, file: events/eep_probe_events.txt line: 38. EEP_PROBE active=YES
[23:08:05][eventcommands.cpp:88]: Event eep.10 added info about event selection. selectedOption 0, human -1, playerEventId 2
[23:12:44][effect_impl.cpp:22217]: [2204.1.1] Log effect, file: events/eep_probe_events.txt line: 31. EEP_PROBE country EEP 02 有机吞噬蜂群: C=0 G=0 D=2 manufactured=0 worlds=0
[23:12:44][effect_impl.cpp:22217]: [2204.1.1] Log effect, file: events/eep_probe_events.txt line: 32. EEP_PROBE qualified=YES
[23:12:44][effect_impl.cpp:22217]: [2204.1.1] Log effect, file: events/eep_probe_events.txt line: 34. EEP_PROBE core_available=YES
[23:12:44][effect_impl.cpp:22217]: [2204.1.1] Log effect, file: events/eep_probe_events.txt line: 37. EEP_PROBE source Q=20 T=48
[23:12:44][effect_impl.cpp:22217]: [2204.1.1] Log effect, file: events/eep_probe_events.txt line: 38. EEP_PROBE active=YES
[23:12:44][effect_impl.cpp:22217]: [2204.1.1] Log effect, file: events/eep_probe_events.txt line: 41. EEP_PROBE shattered=NO
[23:13:55][effect_impl.cpp:22217]: [2204.1.1] Log effect, file:  line: 1. EEP_REAL_PROGRESS 48
[23:15:58][effect_impl.cpp:22217]: [2204.1.3] Log effect, file:  line: 1. PENDING_NO
