[08:56:57][effect.cpp:529]: Wrong scope for effect 'country_event' at  file:  line: 1
Current Scope: planet
Supported Scopes: country
[08:56:57][eventtarget.cpp:3849]: Undefined event target: ERROR_FLAG_INDEX, location:  file:  line: 1
[08:56:57][effect_impl.cpp:242]: Script Error: Invalid context switch [event_target:eep_core@this] from EEP-Core [planet], file:  line: 1, Scope: 
type=planet
id=1
opener_id=4294967295
random={ 0 1615613851 }
random_allowed=yes
root=
{
	type=country
	id=0
	opener_id=4294967295
	random={ 0 256498963 }
	random_allowed=yes
}

[08:56:57][effect.cpp:723]: Wrong scope for effect 'country_event' at  file:  line: 1
Current Scope: planet
Supported Scopes: country
