[23:36:54][dlc.cpp:1847]: Could not find files for mod: C:\SteamLibrary\steamapps\workshop\content\281990\3797257579
[23:36:54][dlc.cpp:1847]: Could not find files for mod: C:\SteamLibrary\steamapps\workshop\content\281990\3710613857
[23:36:54][dlc.cpp:1847]: Could not find files for mod: C:\SteamLibrary\steamapps\workshop\content\281990\2660548454
[23:36:54][dlc.cpp:1847]: Could not find files for mod: C:\SteamLibrary\steamapps\workshop\content\281990\2411818376
[23:36:54][dlc.cpp:1847]: Could not find files for mod: C:\SteamLibrary\steamapps\workshop\content\281990\2409044128
[23:36:54][dlc.cpp:1847]: Could not find files for mod: C:\SteamLibrary\steamapps\workshop\content\281990\3484461951
[23:36:54][dlc.cpp:1847]: Could not find files for mod: C:\SteamLibrary\steamapps\workshop\content\281990\1199002146
[23:36:54][dlc.cpp:1847]: Could not find files for mod: C:\SteamLibrary\steamapps\workshop\content\281990\2946000546
[23:36:54][dlc.cpp:1847]: Could not find files for mod: C:\SteamLibrary\steamapps\workshop\content\281990\3053655313
[23:36:54][dlc.cpp:1847]: Could not find files for mod: C:\SteamLibrary\steamapps\workshop\content\281990\2956750257
[23:36:54][dlc.cpp:1847]: Could not find files for mod: C:\SteamLibrary\steamapps\workshop\content\281990\1539624733
[23:36:54][dlc.cpp:1847]: Could not find files for mod: C:\SteamLibrary\steamapps\workshop\content\281990\1890399946
[23:36:54][dlc.cpp:1847]: Could not find files for mod: C:\SteamLibrary\steamapps\workshop\content\281990\3357143726
[23:36:54][dlc.cpp:1847]: Could not find files for mod: C:\SteamLibrary\steamapps\workshop\content\281990\3415581160
[23:36:54][dlc.cpp:1847]: Could not find files for mod: C:\SteamLibrary\steamapps\workshop\content\281990\2438313459
[23:36:54][dlc.cpp:1847]: Could not find files for mod: C:\SteamLibrary\steamapps\workshop\content\281990\2407436476
[23:36:54][dlc.cpp:1847]: Could not find files for mod: C:\SteamLibrary\steamapps\workshop\content\281990\1623423360
[23:36:54][dlc.cpp:1847]: Could not find files for mod: C:\SteamLibrary\steamapps\workshop\content\281990\3339549399
[23:36:54][dlc.cpp:1847]: Could not find files for mod: C:\SteamLibrary\steamapps\workshop\content\281990\3090328185
[23:36:54][dlc.cpp:1847]: Could not find files for mod: C:\SteamLibrary\steamapps\workshop\content\281990\2948301103
[23:36:54][dlc.cpp:1847]: Could not find files for mod: C:\SteamLibrary\steamapps\workshop\content\281990\2976454692
[23:38:09][game_singleobjectdatabase.h:170]: Object with key: decision_lithoid_swarm_consume_world already exists, using the one at  file: common/decisions/zz_eep_native_decision.txt line: 2
[23:47:05][trigger_impl.cpp:1218]: Script Error: Invalid context switch [owner] from 旺通 [planet], common/scripted_effects/eep_effects.txt:258 @ scripted effect eep_report at file: events/eep_probe_events.txt line: 59, Scope: 
type=planet
id=2
opener_id=4294967295
random={ 0 3277324680 }
random_allowed=yes
root=
{
	type=country
	id=0
	opener_id=4294967295
	random={ 0 2445190120 }
	random_allowed=yes
	from=
	{
		type=none
		id=0
		opener_id=4294967295
		random={ 0 3608133423 }
		random_allowed=yes
		saved_event_target=
		{
			type=country
			id=0
			opener_id=4294967295
			name="eep_actor"
		}
		saved_event_target=
		{
			type=colony
			id=0
			opener_id=4294967295
			name="eep_report_core"
		}
	}
}
from=
{
	type=none
	id=0
	opener_id=4294967295
	random={ 0 3608133423 }
	random_allowed=yes
	saved_event_target=
	{
		type=country
		id=0
		opener_id=4294967295
		name="eep_actor"
	}
	saved_event_target=
	{
		type=colony
		id=0
		opener_id=4294967295
		name="eep_report_core"
	}
}
prev=
{
	type=situation
	id=6
	opener_id=4294967295
	random={ 0 3277324680 }
	random_allowed=yes
	root=
	{
		type=country
		id=0
		opener_id=4294967295
		random={ 0 2445190120 }
		random_allowed=yes
		from=
		{
			type=none
			id=0
			opener_id=4294967295
			random={ 0 3608133423 }
			random_allowed=yes
			saved_event_target=
			{
				type=country
				id=0
				opener_id=4294967295
				name="eep_actor"
			}
			saved_event_target=
			{
				type=colony
				id=0
				opener_id=4294967295
				name="eep_report_core"
			}
		}
	}
	from=
	{
		type=none
		id=0
		opener_id=4294967295
		random={ 0 3608133423 }
		random_allowed=yes
		saved_event_target=
		{
			type=country
			id=0
			opener_id=4294967295
			name="eep_actor"
		}
		saved_event_target=
		{
			type=colony
			id=0
			opener_id=4294967295
			name="eep_report_core"
		}
	}
	prev=
	{
		type=country
		id=0
		opener_id=4294967295
		random={ 0 2445190120 }
		random_allowed=yes
		from=
		{
			type=none
			id=0
			opener_id=4294967295
			random={ 0 3608133423 }
			random_allowed=yes
			saved_event_target=
			{
				type=country
				id=0
				opener_id=4294967295
				name="eep_actor"
			}
			saved_event_target=
			{
				type=colony
				id=0
				opener_id=4294967295
				name="eep_report_core"
			}
		}
	}
}

[23:47:05][game_text.cpp:1287]: Unknown property `eep_free_districts` in text: eep_free_districts]
母星当前人口：[eep_report_core.eep_actual_pop]；历史制造：[Root.eep_made]
已吞噬世界：[Root.eep_worlds]；活动任务：[Root.eep_tasks]；末期待结算：[Root.eep_waiting]
最近一颗：新增容量 [Root.eep_last_capacity]，回迁 [Root.eep_last_return]，制造 [Root.eep_last_manufactured]
王座状态：[Root.eep_core_state]（0 可用，1 失联，2 永久终止）
合法灵能传统完成：[Root.eep_psi]（0 否，1 是）
实际武灾阶段：[Root.eep_crisis]（2 护卫舰，3 驱逐舰，4 巡洋舰）

报告只读。区划、住房、岗位和维护仍需正常经营。
[23:47:05][game_text.cpp:1287]: Unknown property `eep_actual_pop` in text: eep_actual_pop]；历史制造：[Root.eep_made]
已吞噬世界：[Root.eep_worlds]；活动任务：[Root.eep_tasks]；末期待结算：[Root.eep_waiting]
最近一颗：新增容量 [Root.eep_last_capacity]，回迁 [Root.eep_last_return]，制造 [Root.eep_last_manufactured]
王座状态：[Root.eep_core_state]（0 可用，1 失联，2 永久终止）
合法灵能传统完成：[Root.eep_psi]（0 否，1 是）
实际武灾阶段：[Root.eep_crisis]（2 护卫舰，3 驱逐舰，4 巡洋舰）

报告只读。区划、住房、岗位和维护仍需正常经营。
[23:50:47][game_text.cpp:1287]: Unknown property `eep_actual_pop` in text: eep_actual_pop] F=[This.eep_free_districts]
[23:50:47][game_text.cpp:1287]: Unknown property `eep_free_districts` in text: eep_free_districts]
