[00:40:12][dlc.cpp:1847]: Could not find files for mod: C:\SteamLibrary\steamapps\workshop\content\281990\3797257579
[00:40:12][dlc.cpp:1847]: Could not find files for mod: C:\SteamLibrary\steamapps\workshop\content\281990\3710613857
[00:40:12][dlc.cpp:1847]: Could not find files for mod: C:\SteamLibrary\steamapps\workshop\content\281990\2660548454
[00:40:12][dlc.cpp:1847]: Could not find files for mod: C:\SteamLibrary\steamapps\workshop\content\281990\2411818376
[00:40:12][dlc.cpp:1847]: Could not find files for mod: C:\SteamLibrary\steamapps\workshop\content\281990\2409044128
[00:40:12][dlc.cpp:1847]: Could not find files for mod: C:\SteamLibrary\steamapps\workshop\content\281990\3484461951
[00:40:12][dlc.cpp:1847]: Could not find files for mod: C:\SteamLibrary\steamapps\workshop\content\281990\1199002146
[00:40:12][dlc.cpp:1847]: Could not find files for mod: C:\SteamLibrary\steamapps\workshop\content\281990\2946000546
[00:40:12][dlc.cpp:1847]: Could not find files for mod: C:\SteamLibrary\steamapps\workshop\content\281990\3053655313
[00:40:12][dlc.cpp:1847]: Could not find files for mod: C:\SteamLibrary\steamapps\workshop\content\281990\2956750257
[00:40:12][dlc.cpp:1847]: Could not find files for mod: C:\SteamLibrary\steamapps\workshop\content\281990\1539624733
[00:40:12][dlc.cpp:1847]: Could not find files for mod: C:\SteamLibrary\steamapps\workshop\content\281990\1890399946
[00:40:12][dlc.cpp:1847]: Could not find files for mod: C:\SteamLibrary\steamapps\workshop\content\281990\3357143726
[00:40:12][dlc.cpp:1847]: Could not find files for mod: C:\SteamLibrary\steamapps\workshop\content\281990\3415581160
[00:40:12][dlc.cpp:1847]: Could not find files for mod: C:\SteamLibrary\steamapps\workshop\content\281990\2438313459
[00:40:12][dlc.cpp:1847]: Could not find files for mod: C:\SteamLibrary\steamapps\workshop\content\281990\2407436476
[00:40:12][dlc.cpp:1847]: Could not find files for mod: C:\SteamLibrary\steamapps\workshop\content\281990\1623423360
[00:40:12][dlc.cpp:1847]: Could not find files for mod: C:\SteamLibrary\steamapps\workshop\content\281990\3339549399
[00:40:12][dlc.cpp:1847]: Could not find files for mod: C:\SteamLibrary\steamapps\workshop\content\281990\3090328185
[00:40:12][dlc.cpp:1847]: Could not find files for mod: C:\SteamLibrary\steamapps\workshop\content\281990\2948301103
[00:40:12][dlc.cpp:1847]: Could not find files for mod: C:\SteamLibrary\steamapps\workshop\content\281990\2976454692
[00:41:27][game_singleobjectdatabase.h:170]: Object with key: decision_lithoid_swarm_consume_world already exists, using the one at  file: common/decisions/zz_eep_native_decision.txt line: 2
[00:45:53][game_text.cpp:1531]: Unknown promotion `eep_report_core` in text: eep_report_core.GetName]；王庭：[Root.GetEEPCourtStage]
累计物质 C：[Root.eep_c]；容量余料：[Root.eep_c_remainder]/4
通用物质 G：[Root.eep_g]；人口余料：[Root.eep_g_remainder]/6
额外总容量 D：[Root.eep_d]；实际空余：[eep_report_core.eep_free_districts]
母星当前人口：[eep_report_core.eep_actual_pop]；历史制造：[Root.eep_made]
已吞噬世界：[Root.eep_worlds]；活动任务：[Root.eep_tasks]；末期待结算：[Root.eep_waiting]
最近一颗：新增容量 [Root.eep_last_capacity]，回迁 [Root.eep_last_return]，制造 [Root.eep_last_manufactured]
王座状态：[Root.eep_core_state]（0 可用，1 失联，2 永久终止）
合法灵能传统完成：[Root.eep_psi]（0 否，1 是）
实际武灾阶段：[Root.eep_crisis]（2 护卫舰，3 驱逐舰，4 巡洋舰）

报告只读。区划、住房、岗位和维护仍需正常经营。
[00:45:53][game_text.cpp:1287]: Unknown property `GetName` in text: GetName]；王庭：[Root.GetEEPCourtStage]
累计物质 C：[Root.eep_c]；容量余料：[Root.eep_c_remainder]/4
通用物质 G：[Root.eep_g]；人口余料：[Root.eep_g_remainder]/6
额外总容量 D：[Root.eep_d]；实际空余：[eep_report_core.eep_free_districts]
母星当前人口：[eep_report_core.eep_actual_pop]；历史制造：[Root.eep_made]
已吞噬世界：[Root.eep_worlds]；活动任务：[Root.eep_tasks]；末期待结算：[Root.eep_waiting]
最近一颗：新增容量 [Root.eep_last_capacity]，回迁 [Root.eep_last_return]，制造 [Root.eep_last_manufactured]
王座状态：[Root.eep_core_state]（0 可用，1 失联，2 永久终止）
合法灵能传统完成：[Root.eep_psi]（0 否，1 是）
实际武灾阶段：[Root.eep_crisis]（2 护卫舰，3 驱逐舰，4 巡洋舰）

报告只读。区划、住房、岗位和维护仍需正常经营。
[00:45:53][game_text.cpp:1531]: Unknown promotion `eep_report_core` in text: eep_report_core.eep_free_districts]
母星当前人口：[eep_report_core.eep_actual_pop]；历史制造：[Root.eep_made]
已吞噬世界：[Root.eep_worlds]；活动任务：[Root.eep_tasks]；末期待结算：[Root.eep_waiting]
最近一颗：新增容量 [Root.eep_last_capacity]，回迁 [Root.eep_last_return]，制造 [Root.eep_last_manufactured]
王座状态：[Root.eep_core_state]（0 可用，1 失联，2 永久终止）
合法灵能传统完成：[Root.eep_psi]（0 否，1 是）
实际武灾阶段：[Root.eep_crisis]（2 护卫舰，3 驱逐舰，4 巡洋舰）

报告只读。区划、住房、岗位和维护仍需正常经营。
[00:45:53][game_text.cpp:1287]: Unknown property `eep_free_districts` in text: eep_free_districts]
母星当前人口：[eep_report_core.eep_actual_pop]；历史制造：[Root.eep_made]
已吞噬世界：[Root.eep_worlds]；活动任务：[Root.eep_tasks]；末期待结算：[Root.eep_waiting]
最近一颗：新增容量 [Root.eep_last_capacity]，回迁 [Root.eep_last_return]，制造 [Root.eep_last_manufactured]
王座状态：[Root.eep_core_state]（0 可用，1 失联，2 永久终止）
合法灵能传统完成：[Root.eep_psi]（0 否，1 是）
实际武灾阶段：[Root.eep_crisis]（2 护卫舰，3 驱逐舰，4 巡洋舰）

报告只读。区划、住房、岗位和维护仍需正常经营。
[00:45:53][game_text.cpp:1531]: Unknown promotion `eep_report_core` in text: eep_report_core.eep_actual_pop]；历史制造：[Root.eep_made]
已吞噬世界：[Root.eep_worlds]；活动任务：[Root.eep_tasks]；末期待结算：[Root.eep_waiting]
最近一颗：新增容量 [Root.eep_last_capacity]，回迁 [Root.eep_last_return]，制造 [Root.eep_last_manufactured]
王座状态：[Root.eep_core_state]（0 可用，1 失联，2 永久终止）
合法灵能传统完成：[Root.eep_psi]（0 否，1 是）
实际武灾阶段：[Root.eep_crisis]（2 护卫舰，3 驱逐舰，4 巡洋舰）

报告只读。区划、住房、岗位和维护仍需正常经营。
[00:45:53][game_text.cpp:1287]: Unknown property `eep_actual_pop` in text: eep_actual_pop]；历史制造：[Root.eep_made]
已吞噬世界：[Root.eep_worlds]；活动任务：[Root.eep_tasks]；末期待结算：[Root.eep_waiting]
最近一颗：新增容量 [Root.eep_last_capacity]，回迁 [Root.eep_last_return]，制造 [Root.eep_last_manufactured]
王座状态：[Root.eep_core_state]（0 可用，1 失联，2 永久终止）
合法灵能传统完成：[Root.eep_psi]（0 否，1 是）
实际武灾阶段：[Root.eep_crisis]（2 护卫舰，3 驱逐舰，4 巡洋舰）

报告只读。区划、住房、岗位和维护仍需正常经营。
