[00:40:13][game_application.cpp:250]: Game Version: Cygnus v4.5.2
[00:40:13][defines.cpp:162]: 2132 defines loaded
[00:40:13][defines.cpp:196]: 254 interface defines loaded
[00:45:02][effect_impl.cpp:22217]: [2205.1.3] Log effect, file: events/eep_probe_events.txt line: 94. EEP_PROBE country EEP 02 有机吞噬蜂群: C=60 G=60 D=17 manufactured=1000 worlds=3
[00:45:02][effect_impl.cpp:22217]: [2205.1.3] Log effect, file: events/eep_probe_events.txt line: 95. EEP_PROBE qualified=YES
[00:45:02][effect_impl.cpp:22217]: [2205.1.3] Log effect, file: events/eep_probe_events.txt line: 97. EEP_PROBE core_available=YES
[00:45:02][effect_impl.cpp:22217]: [2205.1.3] Log effect, file: events/eep_probe_events.txt line: 100. EEP_PROBE source Q=20 T=48
[00:45:02][effect_impl.cpp:22217]: [2205.1.3] Log effect, file: events/eep_probe_events.txt line: 102. EEP_PROBE active=NO
[00:45:02][effect_impl.cpp:22217]: [2205.1.3] Log effect, file: events/eep_probe_events.txt line: 103. EEP_PROBE shattered=YES
[00:45:47][eventcommands.cpp:88]: Event eep.100 added info about event selection. selectedOption 0, human 1, playerEventId 14
[00:45:58][eventcommands.cpp:88]: Event eep.100 added info about event selection. selectedOption 0, human 1, playerEventId 15
[00:46:08][eventcommands.cpp:88]: Event eep.100 added info about event selection. selectedOption 0, human 1, playerEventId 16
[00:46:45][eventcommands.cpp:88]: Event eep.100 added info about event selection. selectedOption 0, human 1, playerEventId 17
[00:46:56][eventcommands.cpp:88]: Event eep.100 added info about event selection. selectedOption 0, human 1, playerEventId 18
[00:47:07][eventcommands.cpp:88]: Event eep.100 added info about event selection. selectedOption 0, human 1, playerEventId 19
[00:47:18][eventcommands.cpp:88]: Event eep.100 added info about event selection. selectedOption 0, human 1, playerEventId 20
[00:47:28][eventcommands.cpp:88]: Event eep.100 added info about event selection. selectedOption 0, human 1, playerEventId 21
[00:48:54][eventcommands.cpp:88]: Event eep.100 added info about event selection. selectedOption 0, human 1, playerEventId 22
[00:49:10][effect_impl.cpp:22217]: [2205.2.3] Log effect, file: events/eep_probe_events.txt line: 63. EEP_MONTH country=EEP 02 有机吞噬蜂群 C=60 G=60 D=17 made=1000 worlds=3
[00:49:10][effect_impl.cpp:22217]: [2205.2.3] Log effect, file: events/eep_probe_events.txt line: 76. EEP_DLC Nemesis=YES
[00:49:10][effect_impl.cpp:22217]: [2205.2.3] Log effect, file: events/eep_probe_events.txt line: 78. EEP_DLC Shroud=YES
[00:49:10][eventcommands.cpp:88]: Event first_contact.5030 added info about event selection. selectedOption 0, human -1, playerEventId 23
