[08:35:26][game_application.cpp:250]: Game Version: Cygnus v4.5.2
[08:35:26][defines.cpp:162]: 2132 defines loaded
[08:35:26][defines.cpp:196]: 254 interface defines loaded
[09:09:21][eventcommands.cpp:88]: Event astral_rift.1700 added info about event selection. selectedOption 1, human -1, playerEventId 665
[09:09:29][eventcommands.cpp:88]: Event astral_rift.900 added info about event selection. selectedOption 0, human -1, playerEventId 666
[09:09:37][eventcommands.cpp:88]: Event astral_rift.1915 added info about event selection. selectedOption 1, human -1, playerEventId 667
[09:09:48][effect_impl.cpp:22217]: [2319.6.28] Log effect, common/scripted_effects/caravaneer_scripted_effects.txt:1822 @ scripted effect fleet1_continue_journey at. triggered fleet1_continue_journey
[09:09:48][effect_impl.cpp:22217]: [2319.6.28] Log effect, common/scripted_effects/caravaneer_scripted_effects.txt:1825 @ scripted effect fleet1_continue_journey at. fleet 1 untagged planet
[09:09:48][effect_impl.cpp:22217]: [2319.6.28] Log effect, common/scripted_effects/caravaneer_scripted_effects.txt:1850 @ scripted effect fleet1_continue_journey at. fleet 1 returning home
[09:28:15][effect_impl.cpp:22217]: [2223.1.2] Log effect, file:  line: 1. RC9_DIAG_country-qualified_YES
[09:28:22][effect_impl.cpp:22217]: [2223.1.2] Log effect, file:  line: 1. RC9_DIAG_core-available_YES
[09:28:31][effect_impl.cpp:22217]: [2223.1.2] Log effect, file:  line: 1. RC9_DIAG_source-valid-physical_NO
[09:28:41][effect_impl.cpp:22217]: [2223.1.2] Log effect, file:  line: 1. RC9_DIAG_seed-available-physical_YES
[09:28:51][effect_impl.cpp:22217]: [2223.1.2] Log effect, file:  line: 1. RC9_DIAG_source-valid-colony_NO
[09:29:01][effect_impl.cpp:22217]: [2223.1.2] Log effect, file:  line: 1. RC9_DIAG_seed-available-colony_YES
[09:31:39][effect_impl.cpp:22217]: [2223.1.2] Log effect, file:  line: 1. RC9_SRC_colony_YES
[09:31:39][effect_impl.cpp:22217]: [2223.1.2] Log effect, file:  line: 1. RC9_SRC_natural_YES
[09:31:39][effect_impl.cpp:22217]: [2223.1.2] Log effect, file:  line: 1. RC9_SRC_finished_NO
[09:31:39][effect_impl.cpp:22217]: [2223.1.2] Log effect, file:  line: 1. RC9_SRC_unoccupied_YES
[09:31:39][effect_impl.cpp:22217]: [2223.1.2] Log effect, file:  line: 1. RC9_SRC_peace_YES
[09:31:39][effect_impl.cpp:22217]: [2223.1.2] Log effect, file:  line: 1. RC9_SRC_notmother_YES
[09:31:39][effect_impl.cpp:22217]: [2223.1.2] Log effect, file:  line: 1. RC9_SRC_inactive_YES
[09:31:39][effect_impl.cpp:22217]: [2223.1.2] Log effect, file:  line: 1. RC9_SRC_notnativeeat_YES
[09:31:39][effect_impl.cpp:22217]: [2223.1.2] Log effect, file:  line: 1. RC9_SRC_notnanotech_YES
[09:31:39][effect_impl.cpp:22217]: [2223.1.2] Log effect, file:  line: 1. RC9_SRC_notcosmo_YES
[09:31:39][effect_impl.cpp:22217]: [2223.1.2] Log effect, file:  line: 1. RC9_SRC_deposits_YES
[09:36:35][eventcommands.cpp:88]: Event grand_archive.2800 added info about event selection. selectedOption 0, human -1, playerEventId 182
[09:41:20][effect_impl.cpp:22217]: [2223.12.2] Log effect, file:  line: 1. RC9_DEVELOPED_SOURCE_VALID_YES
[10:03:19][eventcommands.cpp:88]: Event first_contact.1 added info about event selection. selectedOption 0, human -1, playerEventId 194
[10:03:19][eventcommands.cpp:88]: Event first_contact.1 added info about event selection. selectedOption 0, human -1, playerEventId 195
[10:03:19][eventcommands.cpp:88]: Event first_contact.1 added info about event selection. selectedOption 0, human -1, playerEventId 197
[10:03:19][eventcommands.cpp:88]: Event first_contact.1 added info about event selection. selectedOption 0, human -1, playerEventId 199
[10:03:19][eventcommands.cpp:88]: Event first_contact.1 added info about event selection. selectedOption 0, human -1, playerEventId 196
[10:03:19][eventcommands.cpp:88]: Event first_contact.1 added info about event selection. selectedOption 0, human -1, playerEventId 198
[10:03:47][eventcommands.cpp:88]: Event grand_archive.2800 added info about event selection. selectedOption 0, human -1, playerEventId 200
[10:04:18][eventcommands.cpp:88]: Event first_contact.5010 added info about event selection. selectedOption 0, human -1, playerEventId 201
[10:04:20][eventcommands.cpp:88]: Event first_contact.5005 added info about event selection. selectedOption 0, human -1, playerEventId 202
[10:04:37][eventcommands.cpp:88]: Event first_contact.5 added info about event selection. selectedOption 1, human -1, playerEventId 203
[10:05:05][eventcommands.cpp:88]: Event first_contact_critters.75 added info about event selection. selectedOption 1, human -1, playerEventId 191
[10:05:11][eventcommands.cpp:88]: Event first_contact.15 added info about event selection. selectedOption 0, human -1, playerEventId 206
[10:05:22][effect_impl.cpp:22217]: [2225.1.1] Log effect, file: events/caravaneer_events.txt line: 1433. fleet 1 >=6 countries found, tag 2
[10:05:22][effect_impl.cpp:22217]: [2225.1.1] Log effect, file: events/caravaneer_events.txt line: 1445. 1 fleet1_capital_destination set
[10:09:13][eventcommands.cpp:88]: Event eep.11 added info about event selection. selectedOption 0, human 1, playerEventId 207
[10:09:14][eventcommands.cpp:88]: Event cara.1020 added info about event selection. selectedOption 3, human 1, playerEventId 205
[10:47:39][eventcommands.cpp:88]: Event first_contact.5 added info about event selection. selectedOption 1, human -1, playerEventId 201
[10:47:44][eventcommands.cpp:88]: Event first_contact.5025 added info about event selection. selectedOption 0, human -1, playerEventId 202
[12:15:00][eventcommands.cpp:88]: Event action.13 added info about event selection. selectedOption 0, human -1, playerEventId 194
[12:15:07][eventcommands.cpp:88]: Event first_contact.1 added info about event selection. selectedOption 0, human -1, playerEventId 200
[12:15:30][eventcommands.cpp:88]: Event grand_archive.2800 added info about event selection. selectedOption 0, human -1, playerEventId 202
[12:24:10][eventcommands.cpp:88]: Event advisor.20 added info about event selection. selectedOption 0, human -1, playerEventId 201
[12:24:12][eventcommands.cpp:88]: Event first_contact.5010 added info about event selection. selectedOption 0, human -1, playerEventId 203
[12:44:32][eventcommands.cpp:88]: Event tutorial.1340 added info about event selection. selectedOption 0, human 1, playerEventId 501
[12:47:02][eventcommands.cpp:88]: Event astral_rift.1615 added info about event selection. selectedOption 1, human -1, playerEventId 503
[12:47:02][eventcommands.cpp:88]: Event operation.7000 added info about event selection. selectedOption 15, human -1, playerEventId 504
[12:48:09][eventcommands.cpp:88]: Event operation.7000 added info about event selection. selectedOption 15, human -1, playerEventId 506
[12:53:40][eventcommands.cpp:88]: Event shroud.4015 added info about event selection. selectedOption 4, human 1, playerEventId 505
[12:54:32][eventcommands.cpp:88]: Event utopia.2652 added info about event selection. selectedOption 3, human 1, playerEventId 502
[13:14:06][eventcommands.cpp:88]: Event astral_rift.1625 added info about event selection. selectedOption 0, human -1, playerEventId 508
[13:14:09][eventcommands.cpp:88]: Event operation.7000 added info about event selection. selectedOption 15, human -1, playerEventId 509
[13:17:21][eventcommands.cpp:88]: Event cybernetics.5048 added info about event selection. selectedOption 0, human 1, playerEventId 507
[13:25:27][eventcommands.cpp:88]: Event astral_rift.1300 added info about event selection. selectedOption 1, human -1, playerEventId 510
[13:26:19][eventcommands.cpp:88]: Event operation.7000 added info about event selection. selectedOption 15, human -1, playerEventId 512
[13:26:30][effect_impl.cpp:22217]: [2282.8.26] Log effect, file: events/caravaneer_events.txt line: 1433. fleet 1 >=6 countries found, tag 2
[13:26:30][effect_impl.cpp:22217]: [2282.8.26] Log effect, file: events/caravaneer_events.txt line: 1445. 1 fleet1_capital_destination set
[13:29:35][eventcommands.cpp:88]: Event astral_rift.1310 added info about event selection. selectedOption 0, human -1, playerEventId 513
[13:29:41][eventcommands.cpp:88]: Event fedev.9430 added info about event selection. selectedOption 0, human -1, playerEventId 514
[13:30:14][effect_impl.cpp:22217]: [2283.3.19] Log effect, common/scripted_effects/caravaneer_scripted_effects.txt:1822 @ scripted effect fleet1_continue_journey at. triggered fleet1_continue_journey
[13:30:14][effect_impl.cpp:22217]: [2283.3.19] Log effect, common/scripted_effects/caravaneer_scripted_effects.txt:1825 @ scripted effect fleet1_continue_journey at. fleet 1 untagged planet
[13:30:14][effect_impl.cpp:22217]: [2283.3.20] Log effect, file: events/caravaneer_events.txt line: 1976. fleet 1 set next destination
[13:30:14][effect_impl.cpp:22217]: [2283.3.20] Log effect, file: events/caravaneer_events.txt line: 1985. fleet 1 engaged auto_move
[13:31:18][effect_impl.cpp:22217]: [2283.8.30] Log effect, common/scripted_effects/caravaneer_scripted_effects.txt:1822 @ scripted effect fleet1_continue_journey at. triggered fleet1_continue_journey
[13:31:18][effect_impl.cpp:22217]: [2283.8.30] Log effect, common/scripted_effects/caravaneer_scripted_effects.txt:1825 @ scripted effect fleet1_continue_journey at. fleet 1 untagged planet
[13:31:18][effect_impl.cpp:22217]: [2283.8.30] Log effect, common/scripted_effects/caravaneer_scripted_effects.txt:1850 @ scripted effect fleet1_continue_journey at. fleet 1 returning home
[13:34:13][eventcommands.cpp:88]: Event astral_rift.1315 added info about event selection. selectedOption 1, human -1, playerEventId 517
[13:45:42][eventcommands.cpp:88]: Event eep.31 added info about event selection. selectedOption 0, human 1, playerEventId 521
[14:03:55][eventcommands.cpp:88]: Event eep.11 added info about event selection. selectedOption 0, human 1, playerEventId 10
[14:05:26][eventcommands.cpp:88]: Event eep.100 added info about event selection. selectedOption 0, human 1, playerEventId 9
[14:07:59][eventcommands.cpp:88]: Event eep.10 added info about event selection. selectedOption 0, human 1, playerEventId 12
[14:09:45][eventcommands.cpp:88]: Event story.7 added info about event selection. selectedOption 10, human 1, playerEventId 11
[14:19:06][eventcommands.cpp:88]: Event eep.100 added info about event selection. selectedOption 0, human 1, playerEventId 13
[14:24:07][eventcommands.cpp:88]: Event eep.100 added info about event selection. selectedOption 0, human 1, playerEventId 14
