[08:36:59][main.cpp:1710]: [Thread 19512] Startup real time: 93919 ms
[08:36:59][main.cpp:1715]: - start: 453 ms
[08:36:59][main.cpp:1715]: - main task: 1006 ms
[08:36:59][main.cpp:1715]: - create application: 26 ms
[08:36:59][main.cpp:1715]: - init application: 92433 ms
[08:36:59][main.cpp:1715]: - await verification: 0 ms
[08:39:50][gamestate.cpp:4047]: Recalc cached data real time: 496 ms
[09:01:59][gamestate.cpp:4047]: Recalc cached data real time: 450 ms
[09:13:16][gamestate.cpp:4047]: Recalc cached data real time: 480 ms
[09:17:01][gamestate.cpp:4047]: Recalc cached data real time: 184 ms
[09:22:13][gamestate.cpp:4047]: Recalc cached data real time: 281 ms
[09:33:57][gamestate.cpp:4047]: Recalc cached data real time: 268 ms
[09:56:23][gamestate.cpp:4047]: Recalc cached data real time: 286 ms
[10:13:30][gamestate.cpp:4047]: Recalc cached data real time: 279 ms
[10:20:24][gamestate.cpp:4047]: Recalc cached data real time: 254 ms
[10:26:06][gamestate.cpp:4047]: Recalc cached data real time: 286 ms
[10:33:22][gamestate.cpp:4047]: Recalc cached data real time: 256 ms
[10:51:21][gamestate.cpp:4047]: Recalc cached data real time: 285 ms
[11:12:30][gamestate.cpp:4047]: Recalc cached data real time: 289 ms
[11:35:38][gamestate.cpp:4047]: Recalc cached data real time: 274 ms
[11:44:54][gamestate.cpp:4047]: Recalc cached data real time: 259 ms
[12:29:26][gamestate.cpp:4047]: Recalc cached data real time: 498 ms
[13:41:23][gamestate.cpp:4047]: Recalc cached data real time: 541 ms
[13:59:16][gamestate.cpp:4047]: Recalc cached data real time: 187 ms
[14:20:41][gamestate.cpp:4047]: Recalc cached data real time: 197 ms
[14:22:45][gamestate.cpp:4047]: Recalc cached data real time: 187 ms
