[05:48:47][game_application.cpp:250]: Game Version: Cygnus v4.5.2
[05:48:47][defines.cpp:162]: 2132 defines loaded
[05:48:47][defines.cpp:196]: 254 interface defines loaded
[05:54:20][gamecontrolcommands.cpp:415]: Sending sync response, machine id: 1
[05:54:21][galaxy_generator.cpp:4536]: Generating World! Specified Seed: 1054887526
[05:57:27][eventcommands.cpp:88]: Event advisor.1 added info about event selection. selectedOption 3, human -1, playerEventId 1
[05:57:27][eventcommands.cpp:88]: Event first_contact.1 added info about event selection. selectedOption 0, human -1, playerEventId 2
[05:57:32][eventcommands.cpp:88]: Event first_contact_critters.1 added info about event selection. selectedOption 0, human -1, playerEventId 3
[05:57:41][eventcommands.cpp:88]: Event first_contact_critters.5 added info about event selection. selectedOption 3, human -1, playerEventId 4
[05:58:44][eventcommands.cpp:88]: Event first_contact.1 added info about event selection. selectedOption 0, human -1, playerEventId 5
[05:58:48][eventcommands.cpp:88]: Event first_contact.1 added info about event selection. selectedOption 0, human -1, playerEventId 6
[05:58:50][eventcommands.cpp:88]: Event first_contact.1 added info about event selection. selectedOption 0, human -1, playerEventId 7
[05:58:51][eventcommands.cpp:88]: Event first_contact_critters.1 added info about event selection. selectedOption 0, human -1, playerEventId 8
[05:58:54][eventcommands.cpp:88]: Event first_contact.1 added info about event selection. selectedOption 0, human -1, playerEventId 9
[05:58:56][eventcommands.cpp:88]: Event first_contact.1 added info about event selection. selectedOption 0, human -1, playerEventId 10
[05:58:58][eventcommands.cpp:88]: Event first_contact.5075 added info about event selection. selectedOption 0, human -1, playerEventId 11
[06:00:18][effect_impl.cpp:22217]: [2210.3.1] Log effect, common/scripted_effects/00_scripted_effects.txt:6256 @ scripted effect country_defaulted_effect at file: events/situation_deficit_events.txt line: 702. AI  in  defaulted as a result of 
[06:00:21][eventcommands.cpp:88]: Event first_contact_critters.20 added info about event selection. selectedOption 0, human -1, playerEventId 12
[06:00:22][eventcommands.cpp:88]: Event first_contact.1 added info about event selection. selectedOption 0, human -1, playerEventId 13
[06:00:22][eventcommands.cpp:88]: Event first_contact.1 added info about event selection. selectedOption 0, human -1, playerEventId 14
[06:00:23][eventcommands.cpp:88]: Event first_contact_critters.40 added info about event selection. selectedOption 0, human -1, playerEventId 15
[06:00:24][eventcommands.cpp:88]: Event first_contact.1 added info about event selection. selectedOption 0, human -1, playerEventId 16
[06:00:27][eventcommands.cpp:88]: Event first_contact_critters.5 added info about event selection. selectedOption 3, human -1, playerEventId 17
[06:00:28][eventcommands.cpp:88]: Event first_contact_critters.1 added info about event selection. selectedOption 0, human -1, playerEventId 18
[06:00:29][eventcommands.cpp:88]: Event first_contact_critters.20 added info about event selection. selectedOption 0, human -1, playerEventId 19
[06:00:31][eventcommands.cpp:88]: Event first_contact.1 added info about event selection. selectedOption 0, human -1, playerEventId 20
[06:00:31][eventcommands.cpp:88]: Event first_contact_critters.1 added info about event selection. selectedOption 0, human -1, playerEventId 21
[06:00:32][eventcommands.cpp:88]: Event first_contact_critters.25 added info about event selection. selectedOption 1, human -1, playerEventId 22
[06:00:33][eventcommands.cpp:88]: Event first_contact_critters.1 added info about event selection. selectedOption 0, human -1, playerEventId 23
[06:00:36][eventcommands.cpp:88]: Event first_contact.5050 added info about event selection. selectedOption 0, human -1, playerEventId 24
[06:00:39][eventcommands.cpp:88]: Event first_contact_critters.5 added info about event selection. selectedOption 3, human -1, playerEventId 25
[06:00:41][eventcommands.cpp:88]: Event grand_archive.2000 added info about event selection. selectedOption 0, human -1, playerEventId 26
[06:00:43][eventcommands.cpp:88]: Event first_contact_critters.45 added info about event selection. selectedOption 0, human -1, playerEventId 27
[06:00:43][eventcommands.cpp:88]: Event first_contact_critters.1 added info about event selection. selectedOption 0, human -1, playerEventId 28
[06:00:43][eventcommands.cpp:88]: Event first_contact_critters.25 added info about event selection. selectedOption 1, human -1, playerEventId 29
[06:00:47][eventcommands.cpp:88]: Event first_contact_critters.5 added info about event selection. selectedOption 3, human -1, playerEventId 30
[06:00:51][eventcommands.cpp:88]: Event first_contact.1 added info about event selection. selectedOption 0, human -1, playerEventId 31
[06:00:51][eventcommands.cpp:88]: Event first_contact.1 added info about event selection. selectedOption 0, human -1, playerEventId 32
[06:00:51][eventcommands.cpp:88]: Event first_contact_critters.5 added info about event selection. selectedOption 3, human -1, playerEventId 33
[06:00:52][eventcommands.cpp:88]: Event first_contact_critters.5 added info about event selection. selectedOption 3, human -1, playerEventId 34
[06:00:53][eventcommands.cpp:88]: Event grand_archive.2005 added info about event selection. selectedOption 0, human -1, playerEventId 36
[06:00:53][eventcommands.cpp:88]: Event first_contact_critters.100 added info about event selection. selectedOption 0, human -1, playerEventId 35
[06:00:57][eventcommands.cpp:88]: Event first_contact.1 added info about event selection. selectedOption 0, human -1, playerEventId 37
[06:00:58][eventcommands.cpp:88]: Event first_contact.1 added info about event selection. selectedOption 0, human -1, playerEventId 38
[06:00:59][eventcommands.cpp:88]: Event first_contact.1 added info about event selection. selectedOption 0, human -1, playerEventId 39
[06:01:01][eventcommands.cpp:88]: Event first_contact_critters.1 added info about event selection. selectedOption 0, human -1, playerEventId 40
[06:01:05][eventcommands.cpp:88]: Event grand_archive.2000 added info about event selection. selectedOption 0, human -1, playerEventId 41
[06:01:06][eventcommands.cpp:88]: Event first_contact_critters.10 added info about event selection. selectedOption 0, human -1, playerEventId 42
[06:01:10][eventcommands.cpp:88]: Event first_contact.1 added info about event selection. selectedOption 0, human -1, playerEventId 43
[06:02:56][eventcommands.cpp:88]: Event first_contact_critters.105 added info about event selection. selectedOption 0, human -1, playerEventId 44
[06:02:57][eventcommands.cpp:88]: Event first_contact_critters.15 added info about event selection. selectedOption 1, human -1, playerEventId 45
[06:02:58][eventcommands.cpp:88]: Event first_contact_critters.5 added info about event selection. selectedOption 3, human -1, playerEventId 46
[06:02:59][eventcommands.cpp:88]: Event first_contact.1 added info about event selection. selectedOption 0, human -1, playerEventId 47
[06:03:01][eventcommands.cpp:88]: Event first_contact.1 added info about event selection. selectedOption 0, human -1, playerEventId 48
[06:03:01][eventcommands.cpp:88]: Event first_contact_critters.20 added info about event selection. selectedOption 0, human -1, playerEventId 49
[06:03:03][eventcommands.cpp:88]: Event first_contact_critters.40 added info about event selection. selectedOption 0, human -1, playerEventId 50
[06:03:03][eventcommands.cpp:88]: Event first_contact_critters.25 added info about event selection. selectedOption 1, human -1, playerEventId 51
[06:03:04][eventcommands.cpp:88]: Event grand_archive.2005 added info about event selection. selectedOption 1, human -1, playerEventId 52
[06:03:10][eventcommands.cpp:88]: Event first_contact_critters.10 added info about event selection. selectedOption 0, human -1, playerEventId 53
[06:03:10][eventcommands.cpp:88]: Event first_contact.1 added info about event selection. selectedOption 0, human -1, playerEventId 54
[06:03:11][eventcommands.cpp:88]: Event first_contact.1 added info about event selection. selectedOption 0, human -1, playerEventId 55
[06:03:14][eventcommands.cpp:88]: Event first_contact_critters.45 added info about event selection. selectedOption 0, human -1, playerEventId 56
[06:03:14][eventcommands.cpp:88]: Event first_contact_critters.40 added info about event selection. selectedOption 0, human -1, playerEventId 57
[06:03:15][eventcommands.cpp:88]: Event first_contact.1 added info about event selection. selectedOption 0, human -1, playerEventId 58
[06:03:15][eventcommands.cpp:88]: Event first_contact_critters.15 added info about event selection. selectedOption 1, human -1, playerEventId 59
[06:03:17][eventcommands.cpp:88]: Event first_contact.1 added info about event selection. selectedOption 0, human -1, playerEventId 60
[06:03:17][eventcommands.cpp:88]: Event first_contact.1 added info about event selection. selectedOption 0, human -1, playerEventId 61
[06:03:17][eventcommands.cpp:88]: Event first_contact_critters.1 added info about event selection. selectedOption 0, human -1, playerEventId 62
[06:03:19][eventcommands.cpp:88]: Event grand_archive.2800 added info about event selection. selectedOption 0, human -1, playerEventId 63
[06:03:20][eventcommands.cpp:88]: Event first_contact_critters.10 added info about event selection. selectedOption 0, human -1, playerEventId 64
[06:03:24][eventcommands.cpp:88]: Event first_contact.1 added info about event selection. selectedOption 0, human -1, playerEventId 65
[06:03:25][eventcommands.cpp:88]: Event grand_archive.2901 added info about event selection. selectedOption 0, human -1, playerEventId 66
[06:03:25][eventcommands.cpp:88]: Event first_contact_critters.5 added info about event selection. selectedOption 3, human -1, playerEventId 67
[06:03:26][effect_impl.cpp:22217]: [2225.1.1] Log effect, file: events/caravaneer_events.txt line: 2992. fleet 3 <3 countries found, tag 1
[06:03:26][effect_impl.cpp:22217]: [2225.1.1] Log effect, file: events/caravaneer_events.txt line: 3002. 1 fleet3_capital_destination set
[06:03:26][eventcommands.cpp:88]: Event first_contact_critters.80 added info about event selection. selectedOption 0, human -1, playerEventId 68
[06:03:26][eventcommands.cpp:88]: Event first_contact.1 added info about event selection. selectedOption 0, human -1, playerEventId 69
[06:03:26][eventcommands.cpp:88]: Event first_contact.15 added info about event selection. selectedOption 1, human -1, playerEventId 70
[06:03:29][eventcommands.cpp:88]: Event first_contact_critters.15 added info about event selection. selectedOption 0, human -1, playerEventId 71
[06:03:29][eventcommands.cpp:88]: Event first_contact.1 added info about event selection. selectedOption 0, human -1, playerEventId 72
[06:03:29][eventcommands.cpp:88]: Event first_contact.15 added info about event selection. selectedOption 0, human -1, playerEventId 73
[06:03:30][eventcommands.cpp:88]: Event first_contact.1 added info about event selection. selectedOption 0, human -1, playerEventId 74
[06:03:31][eventcommands.cpp:88]: Event first_contact.1 added info about event selection. selectedOption 0, human -1, playerEventId 75
[06:03:33][eventcommands.cpp:88]: Event first_contact.1 added info about event selection. selectedOption 0, human -1, playerEventId 76
[06:03:33][eventcommands.cpp:88]: Event first_contact_critters.50 added info about event selection. selectedOption 0, human -1, playerEventId 77
[06:03:33][eventcommands.cpp:88]: Event first_contact_critters.85 added info about event selection. selectedOption 0, human -1, playerEventId 78
[06:03:33][eventcommands.cpp:88]: Event first_contact_critters.70 added info about event selection. selectedOption 0, human -1, playerEventId 79
[06:03:35][eventcommands.cpp:88]: Event first_contact_critters.30 added info about event selection. selectedOption 0, human -1, playerEventId 80
[06:03:36][eventcommands.cpp:88]: Event first_contact_critters.70 added info about event selection. selectedOption 0, human -1, playerEventId 81
[06:03:37][eventcommands.cpp:88]: Event first_contact.330 added info about event selection. selectedOption 0, human -1, playerEventId 82
[06:03:39][eventcommands.cpp:88]: Event first_contact_critters.10 added info about event selection. selectedOption 0, human -1, playerEventId 83
[06:03:39][eventcommands.cpp:88]: Event first_contact.1 added info about event selection. selectedOption 0, human -1, playerEventId 84
[06:03:39][eventcommands.cpp:88]: Event first_contact.1 added info about event selection. selectedOption 0, human -1, playerEventId 85
[06:03:39][effect_impl.cpp:22217]: [2226.11.20] Log effect, common/scripted_effects/caravaneer_scripted_effects.txt:1928 @ scripted effect fleet3_continue_journey at. triggered fleet3_continue_journey
[06:03:39][effect_impl.cpp:22217]: [2226.11.20] Log effect, common/scripted_effects/caravaneer_scripted_effects.txt:1931 @ scripted effect fleet3_continue_journey at. fleet 3 untagged planet
[06:03:39][effect_impl.cpp:22217]: [2226.11.20] Log effect, common/scripted_effects/caravaneer_scripted_effects.txt:1956 @ scripted effect fleet3_continue_journey at. fleet 3 returning home
[06:03:39][eventcommands.cpp:88]: Event first_contact_critters.35 added info about event selection. selectedOption 0, human -1, playerEventId 86
[06:03:39][eventcommands.cpp:88]: Event first_contact_critters.55 added info about event selection. selectedOption 0, human -1, playerEventId 87
[06:03:39][eventcommands.cpp:88]: Event first_contact_critters.45 added info about event selection. selectedOption 0, human -1, playerEventId 88
[06:03:43][eventcommands.cpp:88]: Event first_contact.5 added info about event selection. selectedOption 0, human -1, playerEventId 89
[06:03:45][eventcommands.cpp:88]: Event first_contact_critters.75 added info about event selection. selectedOption 0, human -1, playerEventId 90
[06:03:47][eventcommands.cpp:88]: Event first_contact_critters.75 added info about event selection. selectedOption 1, human -1, playerEventId 91
[06:03:47][eventcommands.cpp:88]: Event first_contact_critters.80 added info about event selection. selectedOption 0, human -1, playerEventId 92
[06:03:47][eventcommands.cpp:88]: Event first_contact.280 added info about event selection. selectedOption 0, human -1, playerEventId 93
[06:03:49][eventcommands.cpp:88]: Event first_contact.103 added info about event selection. selectedOption 2, human -1, playerEventId 94
[06:03:55][eventcommands.cpp:88]: Event first_contact.5050 added info about event selection. selectedOption 0, human -1, playerEventId 95
[06:03:56][eventcommands.cpp:88]: Event first_contact_critters.15 added info about event selection. selectedOption 3, human -1, playerEventId 96
[06:03:57][eventcommands.cpp:88]: Event first_contact.100 added info about event selection. selectedOption 0, human -1, playerEventId 97
[06:04:01][eventcommands.cpp:88]: Event first_contact_critters.85 added info about event selection. selectedOption 1, human -1, playerEventId 98
[06:04:05][eventcommands.cpp:88]: Event first_contact.1 added info about event selection. selectedOption 0, human -1, playerEventId 99
[06:04:10][eventcommands.cpp:88]: Event first_contact.1 added info about event selection. selectedOption 0, human -1, playerEventId 100
[06:04:10][eventcommands.cpp:88]: Event first_contact.1 added info about event selection. selectedOption 0, human -1, playerEventId 102
[06:04:10][eventcommands.cpp:88]: Event first_contact.1 added info about event selection. selectedOption 0, human -1, playerEventId 101
[06:04:12][eventcommands.cpp:88]: Event first_contact_critters.1 added info about event selection. selectedOption 0, human -1, playerEventId 103
[06:04:14][eventcommands.cpp:88]: Event first_contact_critters.1 added info about event selection. selectedOption 0, human -1, playerEventId 104
[06:04:16][eventcommands.cpp:88]: Event first_contact.1 added info about event selection. selectedOption 0, human -1, playerEventId 105
[06:04:18][eventcommands.cpp:88]: Event fedev.9430 added info about event selection. selectedOption 0, human -1, playerEventId 106
[06:04:20][eventcommands.cpp:88]: Event first_contact.5 added info about event selection. selectedOption 1, human -1, playerEventId 107
[06:04:22][eventcommands.cpp:88]: Event first_contact_critters.1 added info about event selection. selectedOption 0, human -1, playerEventId 108
[06:04:23][eventcommands.cpp:88]: Event first_contact.5 added info about event selection. selectedOption 1, human -1, playerEventId 109
[06:04:26][eventcommands.cpp:88]: Event first_contact.1 added info about event selection. selectedOption 0, human -1, playerEventId 110
[06:04:27][eventcommands.cpp:88]: Event first_contact_critters.5 added info about event selection. selectedOption 3, human -1, playerEventId 111
[06:04:28][eventcommands.cpp:88]: Event first_contact.1 added info about event selection. selectedOption 0, human -1, playerEventId 114
[06:04:28][eventcommands.cpp:88]: Event first_contact_critters.5 added info about event selection. selectedOption 3, human -1, playerEventId 112
[06:04:28][eventcommands.cpp:88]: Event first_contact.1 added info about event selection. selectedOption 0, human -1, playerEventId 113
[06:04:30][effect_impl.cpp:22217]: [2233.3.1] Log effect, common/scripted_effects/00_scripted_effects.txt:6256 @ scripted effect country_defaulted_effect at file: events/situation_deficit_events.txt line: 702. AI  in  defaulted as a result of 
[06:04:37][eventcommands.cpp:88]: Event first_contact_critters.40 added info about event selection. selectedOption 0, human -1, playerEventId 116
[06:04:37][eventcommands.cpp:88]: Event first_contact_critters.5 added info about event selection. selectedOption 3, human -1, playerEventId 117
[06:04:37][eventcommands.cpp:88]: Event first_contact.5000 added info about event selection. selectedOption 0, human -1, playerEventId 118
[06:04:39][eventcommands.cpp:88]: Event first_contact.105 added info about event selection. selectedOption 0, human -1, playerEventId 119
[06:04:40][eventcommands.cpp:88]: Event first_contact.5 added info about event selection. selectedOption 1, human -1, playerEventId 120
[06:04:49][eventcommands.cpp:88]: Event first_contact.15 added info about event selection. selectedOption 0, human -1, playerEventId 121
[06:04:54][eventcommands.cpp:88]: Event fedev.9435 added info about event selection. selectedOption 0, human -1, playerEventId 122
[06:04:56][eventcommands.cpp:88]: Event strange_worlds.2000 added info about event selection. selectedOption 0, human -1, playerEventId 124
[06:04:57][eventcommands.cpp:88]: Event first_contact.50 added info about event selection. selectedOption 2, human -1, playerEventId 125
[06:04:58][eventcommands.cpp:88]: Event first_contact_critters.45 added info about event selection. selectedOption 0, human -1, playerEventId 126
[06:05:03][eventcommands.cpp:88]: Event first_contact.1 added info about event selection. selectedOption 0, human -1, playerEventId 127
[06:05:05][eventcommands.cpp:88]: Event first_contact.215 added info about event selection. selectedOption 0, human -1, playerEventId 128
[06:05:08][eventcommands.cpp:88]: Event first_contact.320 added info about event selection. selectedOption 1, human -1, playerEventId 129
[06:05:11][eventcommands.cpp:88]: Event grand_archive.2000 added info about event selection. selectedOption 0, human -1, playerEventId 130
[06:05:11][eventcommands.cpp:88]: Event first_contact.1 added info about event selection. selectedOption 0, human -1, playerEventId 131
[06:05:14][eventcommands.cpp:88]: Event first_contact_critters.1 added info about event selection. selectedOption 0, human -1, playerEventId 132
[06:05:18][eventcommands.cpp:88]: Event first_contact.103 added info about event selection. selectedOption 2, human -1, playerEventId 134
[06:05:22][effect_impl.cpp:22217]: [2238.10.8] Log effect, file: events/caravaneer_events.txt line: 2992. fleet 3 <3 countries found, tag 1
[06:05:22][effect_impl.cpp:22217]: [2238.10.8] Log effect, file: events/caravaneer_events.txt line: 3002. 1 fleet3_capital_destination set
[06:05:23][eventcommands.cpp:88]: Event grand_archive.2800 added info about event selection. selectedOption 0, human -1, playerEventId 135
[06:05:23][eventcommands.cpp:88]: Event strange_worlds.2005 added info about event selection. selectedOption 0, human -1, playerEventId 136
[06:05:25][eventcommands.cpp:88]: Event first_contact_critters.5 added info about event selection. selectedOption 3, human -1, playerEventId 137
[06:05:30][eventcommands.cpp:88]: Event operation.1000 added info about event selection. selectedOption 0, human -1, playerEventId 138
[06:05:31][eventcommands.cpp:88]: Event grand_archive.2005 added info about event selection. selectedOption 1, human -1, playerEventId 139
[06:05:32][eventcommands.cpp:88]: Event fedev.9440 added info about event selection. selectedOption 0, human -1, playerEventId 140
[06:05:34][effect_impl.cpp:22217]: [2240.1.1] Log effect, file: events/caravaneer_events.txt line: 1452. fleet 1 <3 countries found, tag 1
[06:05:34][effect_impl.cpp:22217]: [2240.1.1] Log effect, file: events/caravaneer_events.txt line: 1462. 1 fleet1_capital_destination set
[06:06:24][effect_impl.cpp:22217]: [2240.8.25] Log effect, common/scripted_effects/caravaneer_scripted_effects.txt:1928 @ scripted effect fleet3_continue_journey at. triggered fleet3_continue_journey
[06:06:24][effect_impl.cpp:22217]: [2240.8.25] Log effect, common/scripted_effects/caravaneer_scripted_effects.txt:1931 @ scripted effect fleet3_continue_journey at. fleet 3 untagged planet
[06:06:24][effect_impl.cpp:22217]: [2240.8.25] Log effect, common/scripted_effects/caravaneer_scripted_effects.txt:1956 @ scripted effect fleet3_continue_journey at. fleet 3 returning home
[06:06:25][eventcommands.cpp:88]: Event first_contact.1 added info about event selection. selectedOption 0, human -1, playerEventId 142
[06:06:28][eventcommands.cpp:88]: Event grand_archive.2901 added info about event selection. selectedOption 1, human -1, playerEventId 143
[06:06:31][eventcommands.cpp:88]: Event operation.1001 added info about event selection. selectedOption 0, human -1, playerEventId 144
[06:06:33][effect_impl.cpp:22217]: [2241.7.18] Log effect, common/scripted_effects/caravaneer_scripted_effects.txt:1822 @ scripted effect fleet1_continue_journey at. triggered fleet1_continue_journey
[06:06:33][effect_impl.cpp:22217]: [2241.7.18] Log effect, common/scripted_effects/caravaneer_scripted_effects.txt:1825 @ scripted effect fleet1_continue_journey at. fleet 1 untagged planet
[06:06:33][effect_impl.cpp:22217]: [2241.7.18] Log effect, common/scripted_effects/caravaneer_scripted_effects.txt:1850 @ scripted effect fleet1_continue_journey at. fleet 1 returning home
[06:06:34][eventcommands.cpp:88]: Event first_contact.1 added info about event selection. selectedOption 0, human -1, playerEventId 145
[06:06:37][eventcommands.cpp:88]: Event first_contact_critters.70 added info about event selection. selectedOption 0, human -1, playerEventId 146
[06:06:40][eventcommands.cpp:88]: Event first_contact_critters.100 added info about event selection. selectedOption 0, human -1, playerEventId 147
[06:06:41][eventcommands.cpp:88]: Event first_contact.1 added info about event selection. selectedOption 0, human -1, playerEventId 148
[06:06:49][eventcommands.cpp:88]: Event first_contact.1 added info about event selection. selectedOption 0, human -1, playerEventId 149
[06:06:49][eventcommands.cpp:88]: Event first_contact.1 added info about event selection. selectedOption 0, human -1, playerEventId 150
[06:06:50][eventcommands.cpp:88]: Event strange_worlds.2010 added info about event selection. selectedOption 0, human -1, playerEventId 151
[06:06:51][eventcommands.cpp:88]: Event first_contact.5005 added info about event selection. selectedOption 0, human -1, playerEventId 152
[06:06:52][eventcommands.cpp:88]: Event first_contact.5 added info about event selection. selectedOption 1, human -1, playerEventId 153
[06:06:52][eventcommands.cpp:88]: Event first_contact_critters.40 added info about event selection. selectedOption 0, human -1, playerEventId 154
[06:06:53][eventcommands.cpp:88]: Event grand_archive.2800 added info about event selection. selectedOption 0, human -1, playerEventId 155
[06:06:55][eventcommands.cpp:88]: Event first_contact.50 added info about event selection. selectedOption 1, human -1, playerEventId 156
[06:06:56][eventcommands.cpp:88]: Event first_contact_critters.105 added info about event selection. selectedOption 0, human -1, playerEventId 157
[06:07:01][eventcommands.cpp:88]: Event first_contact.1 added info about event selection. selectedOption 0, human -1, playerEventId 159
[06:07:01][eventcommands.cpp:88]: Event first_contact.1 added info about event selection. selectedOption 0, human -1, playerEventId 158
[06:07:01][eventcommands.cpp:88]: Event first_contact.100 added info about event selection. selectedOption 0, human -1, playerEventId 160
[06:07:04][eventcommands.cpp:88]: Event grand_archive.2901 added info about event selection. selectedOption 1, human -1, playerEventId 161
[06:07:09][eventcommands.cpp:88]: Event first_contact.1 added info about event selection. selectedOption 0, human -1, playerEventId 162
[06:07:09][eventcommands.cpp:88]: Event first_contact.1 added info about event selection. selectedOption 0, human -1, playerEventId 163
[06:07:12][eventcommands.cpp:88]: Event operation.1000 added info about event selection. selectedOption 0, human -1, playerEventId 164
[06:07:13][eventcommands.cpp:88]: Event first_contact_critters.45 added info about event selection. selectedOption 0, human -1, playerEventId 165
[06:07:16][eventcommands.cpp:88]: Event first_contact.10 added info about event selection. selectedOption 0, human -1, playerEventId 166
[06:07:17][eventcommands.cpp:88]: Event first_contact.15 added info about event selection. selectedOption 1, human -1, playerEventId 167
[06:07:18][eventcommands.cpp:88]: Event first_contact.5 added info about event selection. selectedOption 1, human -1, playerEventId 168
[06:07:18][eventcommands.cpp:88]: Event first_contact.280 added info about event selection. selectedOption 0, human -1, playerEventId 169
[06:07:18][effect_impl.cpp:22217]: [2245.12.1] Log effect, common/scripted_effects/00_scripted_effects.txt:6256 @ scripted effect country_defaulted_effect at file: events/situation_deficit_events.txt line: 702. AI  in  defaulted as a result of 
[06:07:21][eventcommands.cpp:88]: Event operation.1001 added info about event selection. selectedOption 0, human -1, playerEventId 170
[06:07:21][eventcommands.cpp:88]: Event first_contact.1 added info about event selection. selectedOption 0, human -1, playerEventId 171
[06:07:28][eventcommands.cpp:88]: Event first_contact.415 added info about event selection. selectedOption 1, human -1, playerEventId 172
[06:07:30][eventcommands.cpp:88]: Event first_contact_critters.1 added info about event selection. selectedOption 0, human -1, playerEventId 173
[06:07:31][eventcommands.cpp:88]: Event first_contact.420 added info about event selection. selectedOption 0, human -1, playerEventId 174
[06:07:32][eventcommands.cpp:88]: Event first_contact.1 added info about event selection. selectedOption 0, human -1, playerEventId 176
[06:07:32][eventcommands.cpp:88]: Event strange_worlds.2015 added info about event selection. selectedOption 1, human -1, playerEventId 177
[06:07:33][eventcommands.cpp:88]: Event first_contact.1 added info about event selection. selectedOption 0, human -1, playerEventId 178
[06:07:36][eventcommands.cpp:88]: Event first_contact_critters.1 added info about event selection. selectedOption 0, human -1, playerEventId 179
[06:07:37][eventcommands.cpp:88]: Event operation.1020 added info about event selection. selectedOption 1, human -1, playerEventId 180
[06:07:42][eventcommands.cpp:88]: Event first_contact.1 added info about event selection. selectedOption 0, human -1, playerEventId 181
[06:07:43][eventcommands.cpp:88]: Event first_contact.50 added info about event selection. selectedOption 0, human -1, playerEventId 182
[06:07:46][eventcommands.cpp:88]: Event first_contact_critters.1 added info about event selection. selectedOption 0, human -1, playerEventId 183
[06:07:48][eventcommands.cpp:88]: Event first_contact.100 added info about event selection. selectedOption 0, human -1, playerEventId 184
[06:07:51][eventcommands.cpp:88]: Event first_contact_critters.80 added info about event selection. selectedOption 0, human -1, playerEventId 185
[06:07:52][eventcommands.cpp:88]: Event first_contact_critters.5 added info about event selection. selectedOption 3, human -1, playerEventId 186
[06:07:54][eventcommands.cpp:88]: Event first_contact_critters.5 added info about event selection. selectedOption 3, human -1, playerEventId 187
[06:08:00][eventcommands.cpp:88]: Event first_contact_critters.5 added info about event selection. selectedOption 3, human -1, playerEventId 188
[06:08:03][eventcommands.cpp:88]: Event operation.1000 added info about event selection. selectedOption 0, human -1, playerEventId 189
[06:08:05][eventcommands.cpp:88]: Event first_contact.1 added info about event selection. selectedOption 0, human -1, playerEventId 190
[06:08:06][eventcommands.cpp:88]: Event operation.1001 added info about event selection. selectedOption 0, human -1, playerEventId 191
[06:08:06][eventcommands.cpp:88]: Event first_contact_critters.85 added info about event selection. selectedOption 1, human -1, playerEventId 192
[06:08:15][eventcommands.cpp:88]: Event first_contact.1 added info about event selection. selectedOption 0, human -1, playerEventId 194
[06:08:18][eventcommands.cpp:88]: Event first_contact_critters.1 added info about event selection. selectedOption 0, human -1, playerEventId 195
[06:08:23][eventcommands.cpp:88]: Event operation.7000 added info about event selection. selectedOption 17, human -1, playerEventId 196
[06:08:24][eventcommands.cpp:88]: Event first_contact_critters.5 added info about event selection. selectedOption 0, human -1, playerEventId 198
[06:08:24][eventcommands.cpp:88]: Event first_contact_critters.40 added info about event selection. selectedOption 0, human -1, playerEventId 197
[06:08:24][effect_impl.cpp:22217]: [2251.10.1] Log effect, common/scripted_effects/00_scripted_effects.txt:6256 @ scripted effect country_defaulted_effect at file: events/situation_deficit_events.txt line: 702. AI  in  defaulted as a result of 
[06:08:34][eventcommands.cpp:88]: Event first_contact.1 added info about event selection. selectedOption 0, human -1, playerEventId 200
[06:08:34][effect_impl.cpp:22217]: [2252.7.13] Log effect, file: events/caravaneer_events.txt line: 2992. fleet 3 <3 countries found, tag 1
[06:08:34][effect_impl.cpp:22217]: [2252.7.13] Log effect, file: events/caravaneer_events.txt line: 3002. 1 fleet3_capital_destination set
[06:08:41][eventcommands.cpp:88]: Event ancrel.9120 added info about event selection. selectedOption 0, human -1, playerEventId 203
[06:08:41][effect_impl.cpp:22217]: [2253.2.6] Log effect, file: events/caravaneer_events.txt line: 1452. fleet 1 <3 countries found, tag 1
[06:08:41][effect_impl.cpp:22217]: [2253.2.6] Log effect, file: events/caravaneer_events.txt line: 1462. 1 fleet1_capital_destination set
[06:08:42][eventcommands.cpp:88]: Event first_contact.1 added info about event selection. selectedOption 0, human -1, playerEventId 204
[06:08:42][eventcommands.cpp:88]: Event first_contact.1 added info about event selection. selectedOption 0, human -1, playerEventId 205
[06:08:44][eventcommands.cpp:88]: Event first_contact_critters.1 added info about event selection. selectedOption 0, human -1, playerEventId 206
[06:08:51][eventcommands.cpp:88]: Event first_contact.5010 added info about event selection. selectedOption 0, human -1, playerEventId 207
[06:08:54][effect_impl.cpp:22217]: [2254.1.28] Log effect, common/scripted_effects/caravaneer_scripted_effects.txt:1928 @ scripted effect fleet3_continue_journey at. triggered fleet3_continue_journey
[06:08:54][effect_impl.cpp:22217]: [2254.1.28] Log effect, common/scripted_effects/caravaneer_scripted_effects.txt:1931 @ scripted effect fleet3_continue_journey at. fleet 3 untagged planet
[06:08:54][effect_impl.cpp:22217]: [2254.1.28] Log effect, common/scripted_effects/caravaneer_scripted_effects.txt:1956 @ scripted effect fleet3_continue_journey at. fleet 3 returning home
[06:08:55][eventcommands.cpp:88]: Event first_contact_critters.70 added info about event selection. selectedOption 0, human -1, playerEventId 208
[06:08:59][eventcommands.cpp:88]: Event first_contact_critters.5 added info about event selection. selectedOption 3, human -1, playerEventId 209
[06:09:05][effect_impl.cpp:22217]: [2254.12.23] Log effect, common/scripted_effects/caravaneer_scripted_effects.txt:1822 @ scripted effect fleet1_continue_journey at. triggered fleet1_continue_journey
[06:09:05][effect_impl.cpp:22217]: [2254.12.23] Log effect, common/scripted_effects/caravaneer_scripted_effects.txt:1825 @ scripted effect fleet1_continue_journey at. fleet 1 untagged planet
[06:09:05][effect_impl.cpp:22217]: [2254.12.23] Log effect, common/scripted_effects/caravaneer_scripted_effects.txt:1850 @ scripted effect fleet1_continue_journey at. fleet 1 returning home
[06:09:07][eventcommands.cpp:88]: Event first_contact_critters.40 added info about event selection. selectedOption 0, human -1, playerEventId 210
[06:09:19][eventcommands.cpp:88]: Event ancrel.9125 added info about event selection. selectedOption 0, human -1, playerEventId 212
[06:09:19][eventcommands.cpp:88]: Event first_contact_critters.45 added info about event selection. selectedOption 0, human -1, playerEventId 213
[06:09:28][eventcommands.cpp:88]: Event ancrel.4001 added info about event selection. selectedOption 0, human -1, playerEventId 214
[06:09:33][eventcommands.cpp:88]: Event operation.7000 added info about event selection. selectedOption 16, human -1, playerEventId 215
[06:09:37][eventcommands.cpp:88]: Event ancrel.9130 added info about event selection. selectedOption 0, human -1, playerEventId 216
[06:09:37][eventcommands.cpp:352]: Event ancrel.9126 added info about event selection. human -1, playerEventId 217
[06:09:48][eventcommands.cpp:88]: Event operation.7000 added info about event selection. selectedOption 15, human -1, playerEventId 218
[06:09:50][eventcommands.cpp:88]: Event cstorms.1845 added info about event selection. selectedOption 0, human -1, playerEventId 219
[06:09:52][eventcommands.cpp:88]: Event ancrel.4002 added info about event selection. selectedOption 0, human -1, playerEventId 220
[06:10:23][eventcommands.cpp:88]: Event first_contact.1 added info about event selection. selectedOption 0, human -1, playerEventId 221
[06:10:24][eventcommands.cpp:88]: Event ancrel.4003 added info about event selection. selectedOption 0, human -1, playerEventId 222
[06:10:28][eventcommands.cpp:88]: Event cstorms.1850 added info about event selection. selectedOption 0, human -1, playerEventId 223
[06:10:28][eventcommands.cpp:88]: Event arcsite.2500 added info about event selection. selectedOption 0, human -1, playerEventId 224
[06:10:31][eventcommands.cpp:88]: Event first_contact.1 added info about event selection. selectedOption 0, human -1, playerEventId 226
[06:10:36][eventcommands.cpp:88]: Event grand_archive.2000 added info about event selection. selectedOption 0, human -1, playerEventId 227
[06:10:42][eventcommands.cpp:88]: Event first_contact_critters.20 added info about event selection. selectedOption 0, human -1, playerEventId 228
[06:10:44][eventcommands.cpp:88]: Event grand_archive.2005 added info about event selection. selectedOption 0, human -1, playerEventId 230
[06:10:52][eventcommands.cpp:88]: Event first_contact.1 added info about event selection. selectedOption 0, human -1, playerEventId 231
[06:10:54][eventcommands.cpp:88]: Event first_contact_critters.25 added info about event selection. selectedOption 0, human -1, playerEventId 232
[06:10:55][eventcommands.cpp:88]: Event first_contact_critters.1 added info about event selection. selectedOption 0, human -1, playerEventId 233
[06:11:03][eventcommands.cpp:88]: Event first_contact_critters.5 added info about event selection. selectedOption 0, human -1, playerEventId 235
[06:11:10][eventcommands.cpp:88]: Event cstorms.1855 added info about event selection. selectedOption 0, human -1, playerEventId 237
[06:11:12][eventcommands.cpp:88]: Event ancrel.4004 added info about event selection. selectedOption 0, human -1, playerEventId 238
[06:11:16][eventcommands.cpp:88]: Event operation.1020 added info about event selection. selectedOption 1, human -1, playerEventId 239
[06:11:20][effect_impl.cpp:22217]: [2265.8.14] Log effect, file: events/caravaneer_events.txt line: 2992. fleet 3 <3 countries found, tag 1
[06:11:20][effect_impl.cpp:22217]: [2265.8.14] Log effect, file: events/caravaneer_events.txt line: 3002. 1 fleet3_capital_destination set
[06:11:33][eventcommands.cpp:88]: Event astral_rift.200 added info about event selection. selectedOption 1, human -1, playerEventId 242
[06:11:34][eventcommands.cpp:88]: Event operation.7000 added info about event selection. selectedOption 16, human -1, playerEventId 244
[06:11:37][effect_impl.cpp:22217]: [2266.11.13] Log effect, file: events/caravaneer_events.txt line: 1452. fleet 1 <3 countries found, tag 1
[06:11:37][effect_impl.cpp:22217]: [2266.11.13] Log effect, file: events/caravaneer_events.txt line: 1462. 1 fleet1_capital_destination set
[06:11:39][eventcommands.cpp:88]: Event astral_rift.500 added info about event selection. selectedOption 1, human -1, playerEventId 246
[06:11:39][eventcommands.cpp:88]: Event operation.1021 added info about event selection. selectedOption 0, human -1, playerEventId 245
[06:11:40][effect_impl.cpp:22217]: [2267.2.3] Log effect, common/scripted_effects/caravaneer_scripted_effects.txt:1928 @ scripted effect fleet3_continue_journey at. triggered fleet3_continue_journey
[06:11:40][effect_impl.cpp:22217]: [2267.2.3] Log effect, common/scripted_effects/caravaneer_scripted_effects.txt:1931 @ scripted effect fleet3_continue_journey at. fleet 3 untagged planet
[06:11:40][effect_impl.cpp:22217]: [2267.2.3] Log effect, common/scripted_effects/caravaneer_scripted_effects.txt:1956 @ scripted effect fleet3_continue_journey at. fleet 3 returning home
[06:11:46][eventcommands.cpp:88]: Event ancrel.4005 added info about event selection. selectedOption 0, human -1, playerEventId 247
[06:11:49][eventcommands.cpp:88]: Event astral_rift.505 added info about event selection. selectedOption 0, human -1, playerEventId 249
[06:11:50][eventcommands.cpp:88]: Event first_contact.1 added info about event selection. selectedOption 0, human -1, playerEventId 250
[06:11:50][eventcommands.cpp:88]: Event operation.7000 added info about event selection. selectedOption 16, human -1, playerEventId 251
[06:11:53][eventcommands.cpp:88]: Event first_contact_critters.70 added info about event selection. selectedOption 0, human -1, playerEventId 252
[06:11:54][eventcommands.cpp:88]: Event operation.1000 added info about event selection. selectedOption 0, human -1, playerEventId 253
[06:11:55][eventcommands.cpp:88]: Event astral_rift.210 added info about event selection. selectedOption 1, human -1, playerEventId 254
[06:11:57][eventcommands.cpp:88]: Event first_contact.1 added info about event selection. selectedOption 0, human -1, playerEventId 255
[06:11:57][effect_impl.cpp:22217]: [2268.5.2] Log effect, common/scripted_effects/caravaneer_scripted_effects.txt:1822 @ scripted effect fleet1_continue_journey at. triggered fleet1_continue_journey
[06:11:57][effect_impl.cpp:22217]: [2268.5.2] Log effect, common/scripted_effects/caravaneer_scripted_effects.txt:1825 @ scripted effect fleet1_continue_journey at. fleet 1 untagged planet
[06:11:57][effect_impl.cpp:22217]: [2268.5.2] Log effect, common/scripted_effects/caravaneer_scripted_effects.txt:1850 @ scripted effect fleet1_continue_journey at. fleet 1 returning home
[06:12:02][eventcommands.cpp:88]: Event first_contact_critters.75 added info about event selection. selectedOption 1, human -1, playerEventId 256
[06:12:03][eventcommands.cpp:88]: Event astral_rift.510 added info about event selection. selectedOption 0, human -1, playerEventId 258
[06:12:03][eventcommands.cpp:88]: Event operation.1001 added info about event selection. selectedOption 0, human -1, playerEventId 257
[06:12:05][eventcommands.cpp:88]: Event astral_rift.215 added info about event selection. selectedOption 0, human -1, playerEventId 259
[06:12:06][eventcommands.cpp:88]: Event astral_rift.520 added info about event selection. selectedOption 1, human -1, playerEventId 260
[06:12:07][eventcommands.cpp:88]: Event first_contact.1 added info about event selection. selectedOption 0, human -1, playerEventId 261
[06:12:07][eventcommands.cpp:88]: Event arcsite.2505 added info about event selection. selectedOption 0, human -1, playerEventId 262
[06:12:12][eventcommands.cpp:88]: Event first_contact_critters.10 added info about event selection. selectedOption 0, human -1, playerEventId 264
[06:12:15][eventcommands.cpp:88]: Event first_contact_critters.15 added info about event selection. selectedOption 1, human -1, playerEventId 265
[06:12:17][eventcommands.cpp:88]: Event astral_rift.530 added info about event selection. selectedOption 0, human -1, playerEventId 267
[06:12:19][eventcommands.cpp:88]: Event first_contact.1 added info about event selection. selectedOption 0, human -1, playerEventId 268
[06:12:31][eventcommands.cpp:88]: Event ancrel.6250 added info about event selection. selectedOption 0, human -1, playerEventId 270
[06:12:34][eventcommands.cpp:88]: Event first_contact.1 added info about event selection. selectedOption 0, human -1, playerEventId 271
[06:12:35][eventcommands.cpp:88]: Event operation.1000 added info about event selection. selectedOption 0, human -1, playerEventId 272
[06:12:39][eventcommands.cpp:88]: Event operation.1001 added info about event selection. selectedOption 0, human -1, playerEventId 273
[06:12:41][eventcommands.cpp:88]: Event astral_rift.535 added info about event selection. selectedOption 0, human -1, playerEventId 274
[06:12:41][eventcommands.cpp:88]: Event first_contact_critters.70 added info about event selection. selectedOption 0, human -1, playerEventId 275
[06:12:45][eventcommands.cpp:88]: Event operation.1002 added info about event selection. selectedOption 0, human -1, playerEventId 276
[06:12:46][eventcommands.cpp:88]: Event astral_rift.220 added info about event selection. selectedOption 0, human -1, playerEventId 277
[06:12:49][eventcommands.cpp:88]: Event ancrel.8012 added info about event selection. selectedOption 0, human -1, playerEventId 278
[06:12:54][eventcommands.cpp:88]: Event first_contact_critters.75 added info about event selection. selectedOption 0, human -1, playerEventId 279
[06:12:54][eventcommands.cpp:88]: Event ancrel.6255 added info about event selection. selectedOption 0, human -1, playerEventId 280
[06:13:11][eventcommands.cpp:88]: Event arcsite.2515 added info about event selection. selectedOption 0, human -1, playerEventId 282
[06:13:21][eventcommands.cpp:88]: Event ancrel.8210 added info about event selection. selectedOption 0, human -1, playerEventId 283
[06:13:49][eventcommands.cpp:88]: Event ancrel.4052 added info about event selection. selectedOption 0, human -1, playerEventId 284
[06:13:50][eventcommands.cpp:88]: Event ancrel.4065 added info about event selection. selectedOption 0, human -1, playerEventId 285
[06:13:50][eventcommands.cpp:88]: Event ancrel.6260 added info about event selection. selectedOption 0, human -1, playerEventId 286
[06:13:50][eventcommands.cpp:88]: Event ancrel.4065 added info about event selection. selectedOption 0, human -1, playerEventId 287
[06:13:53][eventcommands.cpp:88]: Event ancrel.9095 added info about event selection. selectedOption 0, human -1, playerEventId 288
[06:13:55][eventcommands.cpp:88]: Event arcsite.2520 added info about event selection. selectedOption 0, human -1, playerEventId 289
[06:14:14][eventcommands.cpp:88]: Event ancrel.9100 added info about event selection. selectedOption 0, human -1, playerEventId 290
[06:14:18][eventcommands.cpp:88]: Event astral_rift.2900 added info about event selection. selectedOption 0, human -1, playerEventId 291
[06:14:18][effect_impl.cpp:22217]: [2278.8.8] Log effect, file: events/caravaneer_events.txt line: 2992. fleet 3 <3 countries found, tag 1
[06:14:18][effect_impl.cpp:22217]: [2278.8.8] Log effect, file: events/caravaneer_events.txt line: 3002. 1 fleet3_capital_destination set
[06:14:28][eventcommands.cpp:88]: Event ancrel.8065 added info about event selection. selectedOption 0, human -1, playerEventId 292
[06:14:31][eventcommands.cpp:88]: Event astral_rift.2905 added info about event selection. selectedOption 0, human -1, playerEventId 294
[06:14:35][effect_impl.cpp:22217]: [2279.11.9] Log effect, file: events/caravaneer_events.txt line: 1452. fleet 1 <3 countries found, tag 1
[06:14:35][effect_impl.cpp:22217]: [2279.11.9] Log effect, file: events/caravaneer_events.txt line: 1462. 1 fleet1_capital_destination set
