[12:40:24][game_application.cpp:250]: Game Version: Cygnus v4.5.2
[12:40:25][defines.cpp:162]: 2132 defines loaded
[12:40:25][defines.cpp:196]: 254 interface defines loaded
[12:49:00][gamecontrolcommands.cpp:415]: Sending sync response, machine id: 1
[12:49:00][galaxy_generator.cpp:4536]: Generating World! Specified Seed: 1714976059
[12:59:01][eventcommands.cpp:88]: Event eep.10 added info about event selection. selectedOption 0, human 1, playerEventId 1
[13:33:00][eventcommands.cpp:88]: Event first_contact.1 added info about event selection. selectedOption 0, human -1, playerEventId 2
[13:45:18][eventcommands.cpp:88]: Event aianom.8 added info about event selection. selectedOption 0, human 1, playerEventId 3
[14:10:42][eventcommands.cpp:88]: Event cstorms.205 added info about event selection. selectedOption 0, human 1, playerEventId 4
[14:19:13][eventcommands.cpp:88]: Event first_contact.1 added info about event selection. selectedOption 0, human -1, playerEventId 7
[14:19:45][eventcommands.cpp:88]: Event first_contact.1 added info about event selection. selectedOption 0, human -1, playerEventId 8
[14:24:14][eventcommands.cpp:88]: Event first_contact_critters.80 added info about event selection. selectedOption 0, human 1, playerEventId 5
[14:25:25][eventcommands.cpp:88]: Event first_contact.1 added info about event selection. selectedOption 0, human 1, playerEventId 6
[14:30:33][eventcommands.cpp:88]: Event first_contact.1 added info about event selection. selectedOption 0, human -1, playerEventId 9
[14:43:47][eventcommands.cpp:88]: Event first_contact.5000 added info about event selection. selectedOption 0, human -1, playerEventId 10
[14:44:24][eventcommands.cpp:88]: Event first_contact.1 added info about event selection. selectedOption 0, human -1, playerEventId 11
[14:44:24][eventcommands.cpp:88]: Event first_contact_critters.1 added info about event selection. selectedOption 0, human -1, playerEventId 12
[14:51:45][eventcommands.cpp:88]: Event first_contact_critters.85 added info about event selection. selectedOption 1, human 1, playerEventId 13
[14:54:32][eventcommands.cpp:88]: Event first_contact.1 added info about event selection. selectedOption 0, human -1, playerEventId 14
[14:55:19][eventcommands.cpp:88]: Event first_contact_critters.1 added info about event selection. selectedOption 0, human -1, playerEventId 15
[14:57:49][eventcommands.cpp:88]: Event first_contact.5050 added info about event selection. selectedOption 0, human -1, playerEventId 16
[14:58:03][eventcommands.cpp:88]: Event grand_archive.2000 added info about event selection. selectedOption 0, human -1, playerEventId 17
[15:14:49][eventcommands.cpp:88]: Event eep.11 added info about event selection. selectedOption 0, human 1, playerEventId 18
[15:40:49][eventcommands.cpp:88]: Event grand_archive.2000 added info about event selection. selectedOption 0, human -1, playerEventId 19
[15:46:32][eventcommands.cpp:88]: Event first_contact_critters.5 added info about event selection. selectedOption 3, human -1, playerEventId 20
[15:48:05][eventcommands.cpp:88]: Event first_contact_critters.5 added info about event selection. selectedOption 3, human -1, playerEventId 21
[16:47:39][eventcommands.cpp:88]: Event grand_archive.2005 added info about event selection. selectedOption 1, human -1, playerEventId 22
[16:47:39][eventcommands.cpp:88]: Event first_contact_critters.20 added info about event selection. selectedOption 0, human -1, playerEventId 23
[16:56:07][eventcommands.cpp:88]: Event first_contact.1 added info about event selection. selectedOption 0, human -1, playerEventId 25
[16:56:07][eventcommands.cpp:88]: Event first_contact.1 added info about event selection. selectedOption 0, human -1, playerEventId 24
[16:56:14][eventcommands.cpp:88]: Event first_contact.1 added info about event selection. selectedOption 0, human -1, playerEventId 26
[16:57:00][eventcommands.cpp:88]: Event grand_archive.2005 added info about event selection. selectedOption 0, human -1, playerEventId 27
[16:57:19][eventcommands.cpp:88]: Event first_contact.1 added info about event selection. selectedOption 0, human -1, playerEventId 28
[17:06:21][eventcommands.cpp:88]: Event first_contact_critters.25 added info about event selection. selectedOption 3, human -1, playerEventId 29
[17:15:16][eventcommands.cpp:88]: Event first_contact_critters.40 added info about event selection. selectedOption 0, human -1, playerEventId 30
[17:16:11][eventcommands.cpp:88]: Event first_contact_critters.20 added info about event selection. selectedOption 0, human -1, playerEventId 31
[17:16:23][eventcommands.cpp:88]: Event first_contact.15 added info about event selection. selectedOption 1, human -1, playerEventId 32
[17:25:04][eventcommands.cpp:88]: Event first_contact.1 added info about event selection. selectedOption 0, human -1, playerEventId 33
[17:29:37][eventcommands.cpp:88]: Event first_contact.15 added info about event selection. selectedOption 0, human -1, playerEventId 34
[17:45:15][eventcommands.cpp:88]: Event first_contact_critters.40 added info about event selection. selectedOption 0, human -1, playerEventId 35
[17:54:44][eventcommands.cpp:88]: Event first_contact.1 added info about event selection. selectedOption 0, human -1, playerEventId 36
[17:54:45][eventcommands.cpp:88]: Event first_contact_critters.25 added info about event selection. selectedOption 1, human -1, playerEventId 37
[17:55:14][eventcommands.cpp:88]: Event first_contact.330 added info about event selection. selectedOption 0, human -1, playerEventId 38
[17:55:16][eventcommands.cpp:88]: Event first_contact.105 added info about event selection. selectedOption 0, human -1, playerEventId 39
[17:56:04][eventcommands.cpp:88]: Event unique.50 added info about event selection. selectedOption 0, human -1, playerEventId 40
[17:56:11][eventcommands.cpp:88]: Event first_contact.1 added info about event selection. selectedOption 0, human -1, playerEventId 41
[17:56:21][eventcommands.cpp:88]: Event first_contact.1 added info about event selection. selectedOption 0, human -1, playerEventId 42
[17:56:23][eventcommands.cpp:88]: Event first_contact_critters.1 added info about event selection. selectedOption 0, human -1, playerEventId 43
[17:58:58][eventcommands.cpp:88]: Event first_contact.1 added info about event selection. selectedOption 0, human -1, playerEventId 44
[17:59:01][eventcommands.cpp:88]: Event first_contact_critters.10 added info about event selection. selectedOption 0, human -1, playerEventId 45
[17:59:04][eventcommands.cpp:88]: Event first_contact.1 added info about event selection. selectedOption 0, human -1, playerEventId 48
[17:59:06][eventcommands.cpp:88]: Event first_contact.5000 added info about event selection. selectedOption 0, human -1, playerEventId 46
[17:59:06][eventcommands.cpp:88]: Event first_contact.1 added info about event selection. selectedOption 0, human -1, playerEventId 47
[17:59:41][eventcommands.cpp:88]: Event first_contact_critters.1 added info about event selection. selectedOption 0, human -1, playerEventId 49
[18:13:46][eventcommands.cpp:88]: Event first_contact_critters.45 added info about event selection. selectedOption 0, human -1, playerEventId 50
[18:13:46][eventcommands.cpp:88]: Event first_contact_critters.1 added info about event selection. selectedOption 0, human -1, playerEventId 51
[18:14:38][eventcommands.cpp:88]: Event first_contact_critters.5 added info about event selection. selectedOption 3, human -1, playerEventId 52
[18:14:43][eventcommands.cpp:88]: Event first_contact_critters.5 added info about event selection. selectedOption 3, human -1, playerEventId 53
[18:17:19][eventcommands.cpp:88]: Event unique.55 added info about event selection. selectedOption 0, human -1, playerEventId 56
[18:17:20][eventcommands.cpp:88]: Event first_contact_critters.45 added info about event selection. selectedOption 0, human -1, playerEventId 55
[18:17:47][eventcommands.cpp:88]: Event grand_archive.2800 added info about event selection. selectedOption 0, human -1, playerEventId 57
[18:17:52][eventcommands.cpp:88]: Event first_contact.1 added info about event selection. selectedOption 0, human -1, playerEventId 58
[18:17:59][eventcommands.cpp:88]: Event first_contact_critters.15 added info about event selection. selectedOption 1, human -1, playerEventId 59
[18:26:02][eventcommands.cpp:88]: Event anomaly.6660 added info about event selection. selectedOption 0, human 1, playerEventId 54
[18:26:27][eventcommands.cpp:88]: Event advisor.15 added info about event selection. selectedOption 0, human 1, playerEventId 61
[18:28:05][eventcommands.cpp:88]: Event first_contact.1 added info about event selection. selectedOption 0, human 1, playerEventId 62
[18:31:07][eventcommands.cpp:88]: Event toxoids.500 added info about event selection. selectedOption 0, human 1, playerEventId 60
[18:34:21][eventcommands.cpp:88]: Event first_contact_critters.5 added info about event selection. selectedOption 3, human -1, playerEventId 63
[18:34:31][eventcommands.cpp:88]: Event grand_archive.2901 added info about event selection. selectedOption 0, human -1, playerEventId 64
[18:48:22][eventcommands.cpp:88]: Event first_contact.1 added info about event selection. selectedOption 0, human -1, playerEventId 65
[18:48:46][eventcommands.cpp:88]: Event first_contact.1 added info about event selection. selectedOption 0, human -1, playerEventId 66
[18:48:51][eventcommands.cpp:88]: Event first_contact_critters.50 added info about event selection. selectedOption 0, human -1, playerEventId 67
[18:49:07][eventcommands.cpp:88]: Event first_contact.1 added info about event selection. selectedOption 0, human -1, playerEventId 68
[18:49:50][eventcommands.cpp:88]: Event first_contact.1 added info about event selection. selectedOption 0, human -1, playerEventId 69
[18:50:03][eventcommands.cpp:88]: Event first_contact_critters.55 added info about event selection. selectedOption 0, human -1, playerEventId 70
[19:00:26][eventcommands.cpp:88]: Event first_contact_critters.30 added info about event selection. selectedOption 0, human -1, playerEventId 71
[19:00:56][eventcommands.cpp:88]: Event first_contact_critters.40 added info about event selection. selectedOption 0, human -1, playerEventId 72
[19:01:39][eventcommands.cpp:88]: Event unique.60 added info about event selection. selectedOption 0, human -1, playerEventId 73
[19:02:01][effect_impl.cpp:22217]: [2225.1.1] Log effect, file: events/caravaneer_events.txt line: 2992. fleet 3 <3 countries found, tag 1
[19:02:01][effect_impl.cpp:22217]: [2225.1.1] Log effect, file: events/caravaneer_events.txt line: 3002. 1 fleet3_capital_destination set
