[12:40:20][dlc.cpp:1847]: Could not find files for mod: C:\SteamLibrary\steamapps\workshop\content\281990\3797257579
[12:40:20][dlc.cpp:1847]: Could not find files for mod: C:\SteamLibrary\steamapps\workshop\content\281990\3710613857
[12:40:20][dlc.cpp:1847]: Could not find files for mod: C:\SteamLibrary\steamapps\workshop\content\281990\2660548454
[12:40:20][dlc.cpp:1847]: Could not find files for mod: C:\SteamLibrary\steamapps\workshop\content\281990\2411818376
[12:40:20][dlc.cpp:1847]: Could not find files for mod: C:\SteamLibrary\steamapps\workshop\content\281990\2409044128
[12:40:20][dlc.cpp:1847]: Could not find files for mod: C:\SteamLibrary\steamapps\workshop\content\281990\3484461951
[12:40:20][dlc.cpp:1847]: Could not find files for mod: C:\SteamLibrary\steamapps\workshop\content\281990\1199002146
[12:40:20][dlc.cpp:1847]: Could not find files for mod: C:\SteamLibrary\steamapps\workshop\content\281990\2946000546
[12:40:20][dlc.cpp:1847]: Could not find files for mod: C:\SteamLibrary\steamapps\workshop\content\281990\3053655313
[12:40:20][dlc.cpp:1847]: Could not find files for mod: C:\SteamLibrary\steamapps\workshop\content\281990\2956750257
[12:40:20][dlc.cpp:1847]: Could not find files for mod: C:\SteamLibrary\steamapps\workshop\content\281990\1539624733
[12:40:20][dlc.cpp:1847]: Could not find files for mod: C:\SteamLibrary\steamapps\workshop\content\281990\1890399946
[12:40:20][dlc.cpp:1847]: Could not find files for mod: C:\SteamLibrary\steamapps\workshop\content\281990\3357143726
[12:40:20][dlc.cpp:1847]: Could not find files for mod: C:\SteamLibrary\steamapps\workshop\content\281990\3415581160
[12:40:20][dlc.cpp:1847]: Could not find files for mod: C:\SteamLibrary\steamapps\workshop\content\281990\2438313459
[12:40:20][dlc.cpp:1847]: Could not find files for mod: C:\SteamLibrary\steamapps\workshop\content\281990\2407436476
[12:40:20][dlc.cpp:1847]: Could not find files for mod: C:\SteamLibrary\steamapps\workshop\content\281990\1623423360
[12:40:20][dlc.cpp:1847]: Could not find files for mod: C:\SteamLibrary\steamapps\workshop\content\281990\3339549399
[12:40:20][dlc.cpp:1847]: Could not find files for mod: C:\SteamLibrary\steamapps\workshop\content\281990\3090328185
[12:40:20][dlc.cpp:1847]: Could not find files for mod: C:\SteamLibrary\steamapps\workshop\content\281990\2948301103
[12:40:20][dlc.cpp:1847]: Could not find files for mod: C:\SteamLibrary\steamapps\workshop\content\281990\2976454692
[12:42:20][game_singleobjectdatabase.h:170]: Object with key: decision_lithoid_swarm_consume_world already exists, using the one at  file: common/decisions/zz_eep_native_decision.txt line: 2
[12:43:58][containerwindow.h:88]: interface/select_empire_design.gui: Could not find containerWindowType "portrait_container" in window "user_empire_design_entry_narrow".
[21:57:08][government_restrictions_solver.cpp:1452]: change_government at  common/scripted_effects/pre_ftl_scripted_effects.txt:1767 @ scripted effect set_pre_ftl_age_effect at file: events/first_contact_dlc_situation_events.txt line: 534: Result origin [origin_post_apocalyptic] is not valid
=== Debug Data ===
Country Type: primitive
Origin: origin_post_apocalyptic
Authority: auth_hive_mind
Civics: civic_hive_secret_of_fire civic_hive_the_wheel
Ethics: ethic_gestalt_consciousness
Species Class: FUN
Species Traits: trait_organic trait_pc_tropical_preference trait_communal trait_enduring trait_slow_breeders trait_strong trait_conservational trait_hive_mind
[21:57:08][effect_impl.cpp:12240]: change_government effect failed to calculate configuration for country '甘拉瑞弗文明'[29] at  common/scripted_effects/pre_ftl_scripted_effects.txt:1767 @ scripted effect set_pre_ftl_age_effect at file: events/first_contact_dlc_situation_events.txt line: 534
