[05:55:42][game_application.cpp:250]: Game Version: Cygnus v4.5.2
[05:55:42][defines.cpp:162]: 2132 defines loaded
[05:55:42][defines.cpp:196]: 254 interface defines loaded
[06:00:56][eventcommands.cpp:88]: Event eep.100 added info about event selection. selectedOption 0, human 1, playerEventId 17
[06:02:18][eventcommands.cpp:88]: Event eep.100 added info about event selection. selectedOption 0, human 1, playerEventId 18
[06:42:55][eventcommands.cpp:88]: Event first_contact.1 added info about event selection. selectedOption 0, human -1, playerEventId 554
[06:43:34][eventcommands.cpp:88]: Event operation.7000 added info about event selection. selectedOption 15, human -1, playerEventId 566
[06:44:00][eventcommands.cpp:88]: Event astral_rift.215 added info about event selection. selectedOption 1, human -1, playerEventId 568
[06:44:09][eventcommands.cpp:88]: Event astral_rift.1900 added info about event selection. selectedOption 0, human -1, playerEventId 569
[06:44:25][eventcommands.cpp:88]: Event operation.1000 added info about event selection. selectedOption 0, human -1, playerEventId 570
[06:47:28][eventcommands.cpp:88]: Event operation.1001 added info about event selection. selectedOption 0, human -1, playerEventId 571
[06:48:30][eventcommands.cpp:88]: Event ancrel.6205 added info about event selection. selectedOption 0, human -1, playerEventId 573
[06:51:55][eventcommands.cpp:88]: Event tutorial.2120 added info about event selection. selectedOption 0, human 1, playerEventId 567
[06:55:29][eventcommands.cpp:88]: Event astral_rift.1905 added info about event selection. selectedOption 1, human -1, playerEventId 574
[06:56:07][eventcommands.cpp:88]: Event astral_rift.225 added info about event selection. selectedOption 0, human -1, playerEventId 575
[06:56:46][eventcommands.cpp:88]: Event ancrel.4021 added info about event selection. selectedOption 0, human -1, playerEventId 576
[06:57:38][eventcommands.cpp:88]: Event operation.1000 added info about event selection. selectedOption 0, human -1, playerEventId 578
[06:59:46][eventcommands.cpp:88]: Event operation.1001 added info about event selection. selectedOption 0, human -1, playerEventId 580
[07:00:12][eventcommands.cpp:88]: Event ancrel.6210 added info about event selection. selectedOption 0, human -1, playerEventId 581
[07:00:53][eventcommands.cpp:88]: Event operation.1000 added info about event selection. selectedOption 0, human -1, playerEventId 582
[07:01:16][effect_impl.cpp:22217]: [2301.11.10] Log effect, file: events/caravaneer_events.txt line: 2134. fleet 2 >=6 countries found, tag 2
[07:01:16][effect_impl.cpp:22217]: [2301.11.10] Log effect, file: events/caravaneer_events.txt line: 2146. 1 fleet2_capital_destination set
[07:02:09][effect_impl.cpp:22217]: [2302.3.25] Log effect, common/scripted_effects/caravaneer_scripted_effects.txt:1875 @ scripted effect fleet2_continue_journey at. triggered fleet2_continue_journey
[07:02:09][effect_impl.cpp:22217]: [2302.3.25] Log effect, common/scripted_effects/caravaneer_scripted_effects.txt:1878 @ scripted effect fleet2_continue_journey at. fleet 2 untagged planet
[07:02:10][effect_impl.cpp:22217]: [2302.3.26] Log effect, file: events/caravaneer_events.txt line: 2815. fleet 2 set next destination
[07:02:10][effect_impl.cpp:22217]: [2302.3.26] Log effect, file: events/caravaneer_events.txt line: 2824. fleet 2 engaged auto_move
[07:02:12][eventcommands.cpp:88]: Event envoy_events.220 added info about event selection. selectedOption 0, human -1, playerEventId 577
[07:02:40][eventcommands.cpp:88]: Event operation.1000 added info about event selection. selectedOption 0, human -1, playerEventId 585
[07:03:05][eventcommands.cpp:88]: Event operation.1001 added info about event selection. selectedOption 0, human -1, playerEventId 587
[07:03:07][eventcommands.cpp:88]: Event astral_rift.1915 added info about event selection. selectedOption 0, human -1, playerEventId 586
[07:03:26][eventcommands.cpp:88]: Event first_contact.1 added info about event selection. selectedOption 0, human -1, playerEventId 588
[07:03:36][effect_impl.cpp:22217]: [2302.11.7] Log effect, common/scripted_effects/caravaneer_scripted_effects.txt:1875 @ scripted effect fleet2_continue_journey at. triggered fleet2_continue_journey
[07:03:36][effect_impl.cpp:22217]: [2302.11.7] Log effect, common/scripted_effects/caravaneer_scripted_effects.txt:1878 @ scripted effect fleet2_continue_journey at. fleet 2 untagged planet
[07:03:36][effect_impl.cpp:22217]: [2302.11.7] Log effect, common/scripted_effects/caravaneer_scripted_effects.txt:1903 @ scripted effect fleet2_continue_journey at. fleet 2 returning home
[07:04:52][eventcommands.cpp:88]: Event operation.1001 added info about event selection. selectedOption 0, human -1, playerEventId 590
[07:05:22][eventcommands.cpp:88]: Event astral_rift.2400 added info about event selection. selectedOption 0, human -1, playerEventId 591
[07:05:27][eventcommands.cpp:88]: Event astral_rift.1925 added info about event selection. selectedOption 0, human -1, playerEventId 592
[07:05:43][eventcommands.cpp:88]: Event first_contact_critters.70 added info about event selection. selectedOption 0, human -1, playerEventId 593
[07:06:24][eventcommands.cpp:88]: Event ancrel.6215 added info about event selection. selectedOption 0, human -1, playerEventId 594
[07:14:31][eventcommands.cpp:88]: Event first_contact_critters.75 added info about event selection. selectedOption 0, human -1, playerEventId 595
[07:14:35][eventcommands.cpp:88]: Event operation.1002 added info about event selection. selectedOption 0, human -1, playerEventId 596
[07:14:48][eventcommands.cpp:88]: Event astral_rift.2405 added info about event selection. selectedOption 0, human -1, playerEventId 597
[07:15:26][eventcommands.cpp:88]: Event astral_rift.1920 added info about event selection. selectedOption 0, human -1, playerEventId 600
[07:16:29][eventcommands.cpp:88]: Event operation.7000 added info about event selection. selectedOption 16, human -1, playerEventId 601
[07:16:31][eventcommands.cpp:88]: Event astral_rift.2425 added info about event selection. selectedOption 0, human -1, playerEventId 602
[07:20:58][eventcommands.cpp:88]: Event operation.7000 added info about event selection. selectedOption 15, human -1, playerEventId 606
[07:21:03][effect_impl.cpp:22217]: [2307.1.1] Log effect, file: events/astral_planes_events.txt line: 179. Spawning Astral Scar in system 巴西木 for country EEP 06 焦土蜂巢.
[07:21:03][effect_impl.cpp:22217]: [2307.1.1] Log effect, file: events/astral_planes_events.txt line: 179. Spawning Astral Scar in system 卡诺尔 for country 库瓦布星系群.
[07:21:03][effect_impl.cpp:22217]: [2307.1.1] Log effect, file: events/astral_planes_events.txt line: 161. Splitting Astral Scar to an Astral Rift in system 拉伊玛 for country 星海艾卜西安邦.
[07:21:03][effect_impl.cpp:22217]: [2307.1.1] Log effect, file: events/astral_planes_events.txt line: 161. Splitting Astral Scar to an Astral Rift in system 联邦之终 for country 玛格莫里国度.
[07:21:43][eventcommands.cpp:88]: Event cstorms.1845 added info about event selection. selectedOption 0, human -1, playerEventId 607
[07:21:45][effect_impl.cpp:22217]: [2307.4.12] Log effect, file: events/caravaneer_events.txt line: 1433. fleet 1 >=6 countries found, tag 2
[07:21:45][effect_impl.cpp:22217]: [2307.4.12] Log effect, file: events/caravaneer_events.txt line: 1445. 1 fleet1_capital_destination set
[07:22:39][effect_impl.cpp:22217]: [2307.8.27] Log effect, common/scripted_effects/caravaneer_scripted_effects.txt:1822 @ scripted effect fleet1_continue_journey at. triggered fleet1_continue_journey
[07:22:39][effect_impl.cpp:22217]: [2307.8.27] Log effect, common/scripted_effects/caravaneer_scripted_effects.txt:1825 @ scripted effect fleet1_continue_journey at. fleet 1 untagged planet
[07:22:39][effect_impl.cpp:22217]: [2307.8.28] Log effect, file: events/caravaneer_events.txt line: 1976. fleet 1 set next destination
[07:22:39][effect_impl.cpp:22217]: [2307.8.28] Log effect, file: events/caravaneer_events.txt line: 1985. fleet 1 engaged auto_move
[07:22:51][eventcommands.cpp:88]: Event operation.7000 added info about event selection. selectedOption 15, human -1, playerEventId 608
[07:24:00][effect_impl.cpp:22217]: [2308.3.26] Log effect, common/scripted_effects/caravaneer_scripted_effects.txt:1822 @ scripted effect fleet1_continue_journey at. triggered fleet1_continue_journey
[07:24:00][effect_impl.cpp:22217]: [2308.3.26] Log effect, common/scripted_effects/caravaneer_scripted_effects.txt:1825 @ scripted effect fleet1_continue_journey at. fleet 1 untagged planet
[07:24:00][effect_impl.cpp:22217]: [2308.3.26] Log effect, common/scripted_effects/caravaneer_scripted_effects.txt:1850 @ scripted effect fleet1_continue_journey at. fleet 1 returning home
[07:24:06][eventcommands.cpp:88]: Event marauder.120 added info about event selection. selectedOption 0, human -1, playerEventId 604
[07:24:12][eventcommands.cpp:88]: Event astral_rift.3100 added info about event selection. selectedOption 0, human -1, playerEventId 610
[07:25:18][eventcommands.cpp:88]: Event marauder.116 added info about event selection. selectedOption 0, human -1, playerEventId 605
[07:26:14][eventcommands.cpp:88]: Event astral_rift.2300 added info about event selection. selectedOption 1, human -1, playerEventId 613
[07:30:37][eventcommands.cpp:88]: Event astral_rift.3105 added info about event selection. selectedOption 2, human -1, playerEventId 614
[07:32:29][eventcommands.cpp:88]: Event operation.7000 added info about event selection. selectedOption 15, human -1, playerEventId 616
[07:33:28][eventcommands.cpp:88]: Event marauder.121 added info about event selection. selectedOption 0, human -1, playerEventId 609
[07:33:59][eventcommands.cpp:88]: Event operation.7000 added info about event selection. selectedOption 15, human -1, playerEventId 617
[07:34:04][eventcommands.cpp:88]: Event cstorms.1850 added info about event selection. selectedOption 0, human -1, playerEventId 618
[07:34:12][eventcommands.cpp:88]: Event astral_rift.3115 added info about event selection. selectedOption 1, human -1, playerEventId 619
[07:36:10][eventcommands.cpp:88]: Event astral_rift.2310 added info about event selection. selectedOption 0, human -1, playerEventId 623
[07:36:45][eventcommands.cpp:88]: Event paragon.571 added info about event selection. selectedOption 0, human -1, playerEventId 615
[07:38:30][eventcommands.cpp:88]: Event operation.7000 added info about event selection. selectedOption 16, human -1, playerEventId 625
[07:39:35][eventcommands.cpp:88]: Event operation.7000 added info about event selection. selectedOption 15, human -1, playerEventId 628
[07:40:00][effect_impl.cpp:22217]: [2313.4.14] Log effect, file: events/caravaneer_events.txt line: 2134. fleet 2 >=6 countries found, tag 2
[07:40:00][effect_impl.cpp:22217]: [2313.4.14] Log effect, file: events/caravaneer_events.txt line: 2146. 1 fleet2_capital_destination set
[07:40:30][eventcommands.cpp:88]: Event eep.40 added info about event selection. selectedOption 0, human -1, playerEventId 621
[07:40:37][effect_impl.cpp:22217]: [2313.7.19] Log effect, common/scripted_effects/caravaneer_scripted_effects.txt:1875 @ scripted effect fleet2_continue_journey at. triggered fleet2_continue_journey
[07:40:37][effect_impl.cpp:22217]: [2313.7.19] Log effect, common/scripted_effects/caravaneer_scripted_effects.txt:1878 @ scripted effect fleet2_continue_journey at. fleet 2 untagged planet
[07:40:37][effect_impl.cpp:22217]: [2313.7.20] Log effect, file: events/caravaneer_events.txt line: 2815. fleet 2 set next destination
[07:40:37][effect_impl.cpp:22217]: [2313.7.20] Log effect, file: events/caravaneer_events.txt line: 2824. fleet 2 engaged auto_move
[07:40:52][effect_impl.cpp:22217]: [2313.8.27] Log effect, common/scripted_effects/caravaneer_scripted_effects.txt:1875 @ scripted effect fleet2_continue_journey at. triggered fleet2_continue_journey
[07:40:52][effect_impl.cpp:22217]: [2313.8.27] Log effect, common/scripted_effects/caravaneer_scripted_effects.txt:1878 @ scripted effect fleet2_continue_journey at. fleet 2 untagged planet
[07:40:52][effect_impl.cpp:22217]: [2313.8.27] Log effect, common/scripted_effects/caravaneer_scripted_effects.txt:1903 @ scripted effect fleet2_continue_journey at. fleet 2 returning home
[07:41:15][eventcommands.cpp:88]: Event astral_rift.3120 added info about event selection. selectedOption 0, human -1, playerEventId 630
[07:41:17][eventcommands.cpp:88]: Event eep.41 added info about event selection. selectedOption 0, human -1, playerEventId 622
[07:49:42][eventcommands.cpp:88]: Event grand_archive.2310 added info about event selection. selectedOption 0, human 1, playerEventId 626
[07:51:40][eventcommands.cpp:88]: Event marauder.86 added info about event selection. selectedOption 0, human 1, playerEventId 624
[08:13:51][eventcommands.cpp:88]: Event astral_rift.2320 added info about event selection. selectedOption 1, human -1, playerEventId 631
[08:14:36][effect_impl.cpp:22217]: [2315.1.1] Log effect, file: events/astral_planes_events.txt line: 161. Splitting Astral Scar to an Astral Rift in system 安帕尔德 for country 沃萨里公民联合政府.
[08:15:13][eventcommands.cpp:88]: Event cstorms.1855 added info about event selection. selectedOption 0, human -1, playerEventId 632
[08:15:42][eventcommands.cpp:88]: Event operation.7000 added info about event selection. selectedOption 16, human -1, playerEventId 633
[08:16:25][eventcommands.cpp:88]: Event first_contact.1 added info about event selection. selectedOption 0, human -1, playerEventId 635
[08:16:27][eventcommands.cpp:88]: Event first_contact.1 added info about event selection. selectedOption 0, human -1, playerEventId 636
[08:16:30][eventcommands.cpp:88]: Event first_contact.1 added info about event selection. selectedOption 0, human -1, playerEventId 637
[08:16:34][eventcommands.cpp:88]: Event astral_rift.2000 added info about event selection. selectedOption 0, human -1, playerEventId 638
[08:17:09][eventcommands.cpp:88]: Event operation.7000 added info about event selection. selectedOption 15, human -1, playerEventId 640
[08:17:40][eventcommands.cpp:88]: Event astral_rift.3125 added info about event selection. selectedOption 0, human -1, playerEventId 641
[08:18:13][eventcommands.cpp:88]: Event first_contact_critters.1 added info about event selection. selectedOption 0, human -1, playerEventId 642
[08:18:16][eventcommands.cpp:88]: Event astral_rift.2015 added info about event selection. selectedOption 0, human -1, playerEventId 643
[08:18:46][eventcommands.cpp:88]: Event first_contact_critters.1 added info about event selection. selectedOption 0, human -1, playerEventId 644
[08:18:46][eventcommands.cpp:88]: Event first_contact_critters.5 added info about event selection. selectedOption 3, human -1, playerEventId 645
[08:19:10][eventcommands.cpp:88]: Event first_contact_critters.100 added info about event selection. selectedOption 0, human -1, playerEventId 646
[08:19:18][eventcommands.cpp:88]: Event first_contact_critters.5 added info about event selection. selectedOption 3, human -1, playerEventId 647
[08:19:45][eventcommands.cpp:88]: Event first_contact_critters.105 added info about event selection. selectedOption 0, human -1, playerEventId 648
[08:20:16][eventcommands.cpp:88]: Event astral_rift.2330 added info about event selection. selectedOption 0, human -1, playerEventId 649
[08:20:51][eventcommands.cpp:88]: Event astral_rift.1900 added info about event selection. selectedOption 0, human -1, playerEventId 650
[08:21:59][eventcommands.cpp:88]: Event astral_rift.1905 added info about event selection. selectedOption 1, human -1, playerEventId 651
[08:22:13][eventcommands.cpp:88]: Event espionage.1085 added info about event selection. selectedOption 0, human -1, playerEventId 639
[08:22:21][eventcommands.cpp:88]: Event astral_rift.3145 added info about event selection. selectedOption 0, human -1, playerEventId 652
[08:22:57][eventcommands.cpp:88]: Event astral_rift.2010 added info about event selection. selectedOption 1, human -1, playerEventId 653
[08:23:03][eventcommands.cpp:88]: Event operation.7000 added info about event selection. selectedOption 15, human -1, playerEventId 654
[08:23:12][effect_impl.cpp:22217]: [2318.9.3] Log effect, file: events/caravaneer_events.txt line: 1433. fleet 1 >=6 countries found, tag 2
[08:23:12][effect_impl.cpp:22217]: [2318.9.3] Log effect, file: events/caravaneer_events.txt line: 1445. 1 fleet1_capital_destination set
[08:24:12][effect_impl.cpp:22217]: [2319.2.9] Log effect, common/scripted_effects/caravaneer_scripted_effects.txt:1822 @ scripted effect fleet1_continue_journey at. triggered fleet1_continue_journey
[08:24:12][effect_impl.cpp:22217]: [2319.2.9] Log effect, common/scripted_effects/caravaneer_scripted_effects.txt:1825 @ scripted effect fleet1_continue_journey at. fleet 1 untagged planet
[08:24:12][effect_impl.cpp:22217]: [2319.2.10] Log effect, file: events/caravaneer_events.txt line: 1976. fleet 1 set next destination
[08:24:12][effect_impl.cpp:22217]: [2319.2.10] Log effect, file: events/caravaneer_events.txt line: 1985. fleet 1 engaged auto_move
[08:24:19][eventcommands.cpp:88]: Event operation.7000 added info about event selection. selectedOption 15, human -1, playerEventId 655
