[17:31:04][dlc.cpp:1840]: Could not find files for mod: C:\Program Files (x86)\Steam\steamapps\workshop\content\281990\3797257579
[17:31:04][dlc.cpp:1840]: Could not find files for mod: C:\Program Files (x86)\Steam\steamapps\workshop\content\281990\3710613857
[17:31:04][dlc.cpp:1840]: Could not find files for mod: C:\Program Files (x86)\Steam\steamapps\workshop\content\281990\2660548454
[17:31:04][dlc.cpp:1840]: Could not find files for mod: C:\Program Files (x86)\Steam\steamapps\workshop\content\281990\2411818376
[17:31:04][dlc.cpp:1840]: Could not find files for mod: C:\Program Files (x86)\Steam\steamapps\workshop\content\281990\2409044128
[17:31:04][dlc.cpp:1840]: Could not find files for mod: C:\Program Files (x86)\Steam\steamapps\workshop\content\281990\3484461951
[17:31:04][dlc.cpp:1840]: Could not find files for mod: C:\Program Files (x86)\Steam\steamapps\workshop\content\281990\1199002146
[17:31:04][dlc.cpp:1840]: Could not find files for mod: C:\Program Files (x86)\Steam\steamapps\workshop\content\281990\2946000546
[17:31:04][dlc.cpp:1840]: Could not find files for mod: C:\Program Files (x86)\Steam\steamapps\workshop\content\281990\3053655313
[17:31:04][dlc.cpp:1840]: Could not find files for mod: C:\Program Files (x86)\Steam\steamapps\workshop\content\281990\2956750257
[17:31:04][dlc.cpp:1840]: Could not find files for mod: C:\Program Files (x86)\Steam\steamapps\workshop\content\281990\1539624733
[17:31:04][dlc.cpp:1840]: Could not find files for mod: C:\Program Files (x86)\Steam\steamapps\workshop\content\281990\1890399946
[17:31:04][dlc.cpp:1840]: Could not find files for mod: C:\Program Files (x86)\Steam\steamapps\workshop\content\281990\3357143726
[17:31:04][dlc.cpp:1840]: Could not find files for mod: C:\Program Files (x86)\Steam\steamapps\workshop\content\281990\3415581160
[17:31:04][dlc.cpp:1840]: Could not find files for mod: C:\Program Files (x86)\Steam\steamapps\workshop\content\281990\2438313459
[17:31:04][dlc.cpp:1840]: Could not find files for mod: C:\Program Files (x86)\Steam\steamapps\workshop\content\281990\2407436476
[17:31:04][dlc.cpp:1840]: Could not find files for mod: C:\Program Files (x86)\Steam\steamapps\workshop\content\281990\1623423360
[17:31:04][dlc.cpp:1840]: Could not find files for mod: C:\Program Files (x86)\Steam\steamapps\workshop\content\281990\3339549399
[17:31:04][dlc.cpp:1840]: Could not find files for mod: C:\Program Files (x86)\Steam\steamapps\workshop\content\281990\3090328185
[17:31:04][dlc.cpp:1840]: Could not find files for mod: C:\Program Files (x86)\Steam\steamapps\workshop\content\281990\2948301103
[17:44:03][game_text.cpp:1549]: Unknown promotion `gray_homeworld` in text: gray_homeworld.GetName]上的田园生活感到有些无聊了。既然L-星团已经再次开放了，或许我该接触一些新的事物。

你有什么建议吗？
[17:44:03][game_text.cpp:1291]: Unknown property `GetName` in text: GetName]上的田园生活感到有些无聊了。既然L-星团已经再次开放了，或许我该接触一些新的事物。

你有什么建议吗？
[17:53:21][effect_impl.cpp:239]: Script Error: Invalid context switch [from] from 俄克拉行星际同盟 [country], file: events/gray_goo_events.txt line: 2157, Scope: 
type=country
id=1
opener_id=4294967295
random={ 0 2440819507 }
random_allowed=yes
from=
{
	type=none
	id=0
	opener_id=4294967295
	random={ 0 1991660680 }
	random_allowed=yes
}

[19:35:29][trigger_impl.cpp:1213]: Script Error: Invalid context switch [from] from 地球联合国 [country], file: events/gray_goo_events.txt line: 2515, Scope: 
type=country
id=0
opener_id=4294967295
random={ 0 2929124831 }
random_allowed=yes
from=
{
	type=none
	id=0
	opener_id=4294967295
	random={ 0 1693956827 }
	random_allowed=yes
}

[19:35:29][trigger_impl.cpp:1455]: Can't localize context switch trigger! [from] at  file: events/gray_goo_events.txt line: 2515
