[03:28:42][game_application.cpp:250]: Game Version: Cygnus v4.5.2
[03:28:42][defines.cpp:162]: 2132 defines loaded
[03:28:42][defines.cpp:196]: 254 interface defines loaded
[03:32:07][effect_impl.cpp:22217]: [2200.1.2] Log effect, file: events/eep_probe_events.txt line: 63. EEP_MONTH country=EEP 03 铁心灭绝者 C=0 G=0 D=2 made=0 worlds=0
[03:32:07][effect_impl.cpp:22217]: [2200.1.2] Log effect, file: events/eep_probe_events.txt line: 70. EEP_MONTH source=EEP-UI-Q20 Q=20 T=48 progress=0
[03:32:07][effect_impl.cpp:22217]: [2200.1.2] Log effect, file: events/eep_probe_events.txt line: 72. EEP_MONTH operational=YES
[03:32:07][effect_impl.cpp:22217]: [2200.1.2] Log effect, file: events/eep_probe_events.txt line: 76. EEP_DLC Nemesis=YES
[03:32:07][effect_impl.cpp:22217]: [2200.1.2] Log effect, file: events/eep_probe_events.txt line: 78. EEP_DLC Shroud=YES
[03:37:33][effect_impl.cpp:22217]: [2200.1.2] Log effect, file: events/eep_probe_events.txt line: 63. EEP_MONTH country=EEP 03 铁心灭绝者 C=4 G=4 D=3 made=0 worlds=1
[03:37:33][effect_impl.cpp:22217]: [2200.1.2] Log effect, file: events/eep_probe_events.txt line: 70. EEP_MONTH source=新考文垂 Q=4 T=10 progress=10
[03:37:33][effect_impl.cpp:22217]: [2200.1.2] Log effect, file: events/eep_probe_events.txt line: 73. EEP_MONTH operational=NO
[03:38:34][effect_impl.cpp:22217]: [2200.1.2] Log effect, file: events/eep_probe_events.txt line: 63. EEP_MONTH country=EEP 03 铁心灭绝者 C=40 G=40 D=12 made=600 worlds=1
[03:38:34][effect_impl.cpp:22217]: [2200.1.2] Log effect, file: events/eep_probe_events.txt line: 70. EEP_MONTH source=希望 Q=40 T=96 progress=96
[03:39:00][effect_impl.cpp:22217]: [2200.1.2] Log effect, file: events/eep_probe_events.txt line: 63. EEP_MONTH country=EEP 03 铁心灭绝者 C=400 G=400 D=102 made=6600 worlds=10
[03:39:00][effect_impl.cpp:22217]: [2200.1.2] Log effect, file: events/eep_probe_events.txt line: 70. EEP_MONTH source=望 Q=40 T=96 progress=96
[03:39:00][effect_impl.cpp:22217]: [2200.1.2] Log effect, file: events/eep_probe_events.txt line: 70. EEP_MONTH source=春天 Q=40 T=96 progress=96
[03:39:00][effect_impl.cpp:22217]: [2200.1.2] Log effect, file: events/eep_probe_events.txt line: 70. EEP_MONTH source=伊莎贝拉 Q=40 T=96 progress=96
[03:39:00][effect_impl.cpp:22217]: [2200.1.2] Log effect, file: events/eep_probe_events.txt line: 70. EEP_MONTH source=努恰拉 Q=40 T=96 progress=96
[03:39:00][effect_impl.cpp:22217]: [2200.1.2] Log effect, file: events/eep_probe_events.txt line: 70. EEP_MONTH source=希尼斯 Q=40 T=96 progress=96
[03:39:00][effect_impl.cpp:22217]: [2200.1.2] Log effect, file: events/eep_probe_events.txt line: 70. EEP_MONTH source=吉萨 Q=40 T=96 progress=96
[03:39:00][effect_impl.cpp:22217]: [2200.1.2] Log effect, file: events/eep_probe_events.txt line: 70. EEP_MONTH source=圣叶戈罗夫 Q=40 T=96 progress=96
[03:39:00][effect_impl.cpp:22217]: [2200.1.2] Log effect, file: events/eep_probe_events.txt line: 70. EEP_MONTH source=拉斯维达斯 Q=40 T=96 progress=96
[03:39:26][effect_impl.cpp:22217]: [2200.1.2] Log effect, file: events/eep_probe_events.txt line: 63. EEP_MONTH country=EEP 03 铁心灭绝者 C=4000 G=4000 D=1002 made=66600 worlds=100
[03:39:26][effect_impl.cpp:22217]: [2200.1.2] Log effect, file: events/eep_probe_events.txt line: 70. EEP_MONTH source=宁静 Q=40 T=96 progress=96
[03:39:26][effect_impl.cpp:22217]: [2200.1.2] Log effect, file: events/eep_probe_events.txt line: 70. EEP_MONTH source=贡萨雷斯港 Q=40 T=96 progress=96
[03:39:26][effect_impl.cpp:22217]: [2200.1.2] Log effect, file: events/eep_probe_events.txt line: 70. EEP_MONTH source=托斯卡纳 Q=40 T=96 progress=96
[03:39:26][effect_impl.cpp:22217]: [2200.1.2] Log effect, file: events/eep_probe_events.txt line: 70. EEP_MONTH source=新特洛伊 Q=40 T=96 progress=96
[03:39:26][effect_impl.cpp:22217]: [2200.1.2] Log effect, file: events/eep_probe_events.txt line: 70. EEP_MONTH source=新耶路撒冷 Q=40 T=96 progress=96
[03:39:26][effect_impl.cpp:22217]: [2200.1.2] Log effect, file: events/eep_probe_events.txt line: 70. EEP_MONTH source=新詹姆斯顿 Q=40 T=96 progress=96
[03:39:26][effect_impl.cpp:22217]: [2200.1.2] Log effect, file: events/eep_probe_events.txt line: 70. EEP_MONTH source=咸阳 Q=40 T=96 progress=96
[03:39:26][effect_impl.cpp:22217]: [2200.1.2] Log effect, file: events/eep_probe_events.txt line: 70. EEP_MONTH source=卡拉克 Q=40 T=96 progress=96
[03:39:26][effect_impl.cpp:22217]: [2200.1.2] Log effect, file: events/eep_probe_events.txt line: 70. EEP_MONTH source=新罗阿诺克 Q=40 T=96 progress=96
[03:39:26][effect_impl.cpp:22217]: [2200.1.2] Log effect, file: events/eep_probe_events.txt line: 70. EEP_MONTH source=马达因 Q=40 T=96 progress=96
[03:39:26][effect_impl.cpp:22217]: [2200.1.2] Log effect, file: events/eep_probe_events.txt line: 70. EEP_MONTH source=阿瓦隆 Q=40 T=96 progress=96
[03:39:26][effect_impl.cpp:22217]: [2200.1.2] Log effect, file: events/eep_probe_events.txt line: 70. EEP_MONTH source=忒伊亚 Q=40 T=96 progress=96
[03:39:26][effect_impl.cpp:22217]: [2200.1.2] Log effect, file: events/eep_probe_events.txt line: 70. EEP_MONTH source=奥林匹亚 Q=40 T=96 progress=96
[03:39:26][effect_impl.cpp:22217]: [2200.1.2] Log effect, file: events/eep_probe_events.txt line: 70. EEP_MONTH source=协和 Q=40 T=96 progress=96
[03:39:26][effect_impl.cpp:22217]: [2200.1.2] Log effect, file: events/eep_probe_events.txt line: 70. EEP_MONTH source=新加的斯 Q=40 T=96 progress=96
[03:39:26][effect_impl.cpp:22217]: [2200.1.2] Log effect, file: events/eep_probe_events.txt line: 70. EEP_MONTH source=萨拉姆 Q=40 T=96 progress=96
[03:39:26][effect_impl.cpp:22217]: [2200.1.2] Log effect, file: events/eep_probe_events.txt line: 70. EEP_MONTH source=卡拉科索夫港 Q=40 T=96 progress=96
[03:39:26][effect_impl.cpp:22217]: [2200.1.2] Log effect, file: events/eep_probe_events.txt line: 70. EEP_MONTH source=锚 Q=40 T=96 progress=96
[03:39:26][effect_impl.cpp:22217]: [2200.1.2] Log effect, file: events/eep_probe_events.txt line: 70. EEP_MONTH source=新考文垂 Q=40 T=96 progress=96
[03:39:26][effect_impl.cpp:22217]: [2200.1.2] Log effect, file: events/eep_probe_events.txt line: 70. EEP_MONTH source=马塔巴赫 Q=40 T=96 progress=96
[03:39:26][effect_impl.cpp:22217]: [2200.1.2] Log effect, file: events/eep_probe_events.txt line: 70. EEP_MONTH source=晓 Q=40 T=96 progress=96
[03:39:26][effect_impl.cpp:22217]: [2200.1.2] Log effect, file: events/eep_probe_events.txt line: 70. EEP_MONTH source=得尔格维希亚 Q=40 T=96 progress=96
[03:39:26][effect_impl.cpp:22217]: [2200.1.2] Log effect, file: events/eep_probe_events.txt line: 70. EEP_MONTH source=圣克里斯多弗 Q=40 T=96 progress=96
[03:39:26][effect_impl.cpp:22217]: [2200.1.2] Log effect, file: events/eep_probe_events.txt line: 70. EEP_MONTH source=温州 Q=40 T=96 progress=96
[03:39:26][effect_impl.cpp:22217]: [2200.1.2] Log effect, file: events/eep_probe_events.txt line: 70. EEP_MONTH source=旺通 Q=40 T=96 progress=96
[03:39:26][effect_impl.cpp:22217]: [2200.1.2] Log effect, file: events/eep_probe_events.txt line: 70. EEP_MONTH source=圣费尔南多 Q=40 T=96 progress=96
[03:39:26][effect_impl.cpp:22217]: [2200.1.2] Log effect, file: events/eep_probe_events.txt line: 70. EEP_MONTH source=圣波默罗伊 Q=40 T=96 progress=96
[03:39:26][effect_impl.cpp:22217]: [2200.1.2] Log effect, file: events/eep_probe_events.txt line: 70. EEP_MONTH source=新索诺拉 Q=40 T=96 progress=96
[03:39:26][effect_impl.cpp:22217]: [2200.1.2] Log effect, file: events/eep_probe_events.txt line: 70. EEP_MONTH source=圣卢卡斯 Q=40 T=96 progress=96
[03:39:26][effect_impl.cpp:22217]: [2200.1.2] Log effect, file: events/eep_probe_events.txt line: 70. EEP_MONTH source=邦蒂 Q=40 T=96 progress=96
[03:46:35][effect_impl.cpp:22217]: [2200.2.3] Log effect, file: events/eep_probe_events.txt line: 63. EEP_MONTH country=EEP 03 铁心灭绝者 C=4000 G=4000 D=1002 made=66600 worlds=100
[03:46:35][effect_impl.cpp:22217]: [2200.2.3] Log effect, file: events/eep_probe_events.txt line: 76. EEP_DLC Nemesis=YES
[03:46:35][effect_impl.cpp:22217]: [2200.2.3] Log effect, file: events/eep_probe_events.txt line: 78. EEP_DLC Shroud=YES
[03:51:04][effect_impl.cpp:22217]: [2200.1.3] Log effect, file: events/eep_probe_events.txt line: 63. EEP_MONTH country=EEP 03 铁心灭绝者 C=4000 G=4000 D=1002 made=66600 worlds=100
[03:51:04][effect_impl.cpp:22217]: [2200.1.3] Log effect, file: events/eep_probe_events.txt line: 70. EEP_MONTH source=拉斯维达斯 Q=20 T=48 progress=0
[03:51:04][effect_impl.cpp:22217]: [2200.1.3] Log effect, file: events/eep_probe_events.txt line: 72. EEP_MONTH operational=YES
[03:51:04][effect_impl.cpp:22217]: [2200.1.3] Log effect, file: events/eep_probe_events.txt line: 76. EEP_DLC Nemesis=YES
[03:51:04][effect_impl.cpp:22217]: [2200.1.3] Log effect, file: events/eep_probe_events.txt line: 78. EEP_DLC Shroud=YES
[03:51:43][effect_impl.cpp:22217]: [2200.2.3] Log effect, file: events/eep_probe_events.txt line: 70. EEP_MONTH source=拉斯维达斯 Q=20 T=48 progress=1
[03:51:43][effect_impl.cpp:22217]: [2200.2.3] Log effect, file: events/eep_probe_events.txt line: 72. EEP_MONTH operational=YES
[03:52:51][effect_impl.cpp:22217]: [2200.1.3] Log effect, file: events/eep_probe_events.txt line: 70. EEP_MONTH source=旺通 Q=20 T=48 progress=0
[03:52:54][effect_impl.cpp:22217]: [2200.1.3] Log effect, file: events/eep_probe_events.txt line: 70. EEP_MONTH source=马达因 Q=20 T=48 progress=0
[03:52:54][effect_impl.cpp:22217]: [2200.1.3] Log effect, file: events/eep_probe_events.txt line: 70. EEP_MONTH source=新詹姆斯顿 Q=20 T=48 progress=0
[03:52:54][effect_impl.cpp:22217]: [2200.1.3] Log effect, file: events/eep_probe_events.txt line: 70. EEP_MONTH source=托斯卡纳 Q=20 T=48 progress=0
[03:52:54][effect_impl.cpp:22217]: [2200.1.3] Log effect, file: events/eep_probe_events.txt line: 70. EEP_MONTH source=圣费尔南多 Q=20 T=48 progress=0
[03:52:54][effect_impl.cpp:22217]: [2200.1.3] Log effect, file: events/eep_probe_events.txt line: 70. EEP_MONTH source=忒伊亚 Q=20 T=48 progress=0
[03:52:54][effect_impl.cpp:22217]: [2200.1.3] Log effect, file: events/eep_probe_events.txt line: 70. EEP_MONTH source=晓 Q=20 T=48 progress=0
[03:52:54][effect_impl.cpp:22217]: [2200.1.3] Log effect, file: events/eep_probe_events.txt line: 70. EEP_MONTH source=咸阳 Q=20 T=48 progress=0
[03:53:33][eventcommands.cpp:88]: Event first_contact.1 added info about event selection. selectedOption 0, human -1, playerEventId 25
[03:53:33][effect_impl.cpp:22217]: [2200.2.3] Log effect, file: events/eep_probe_events.txt line: 70. EEP_MONTH source=旺通 Q=20 T=48 progress=1
[03:53:33][effect_impl.cpp:22217]: [2200.2.3] Log effect, file: events/eep_probe_events.txt line: 70. EEP_MONTH source=马达因 Q=20 T=48 progress=1
[03:53:33][effect_impl.cpp:22217]: [2200.2.3] Log effect, file: events/eep_probe_events.txt line: 70. EEP_MONTH source=新詹姆斯顿 Q=20 T=48 progress=1
[03:53:33][effect_impl.cpp:22217]: [2200.2.3] Log effect, file: events/eep_probe_events.txt line: 70. EEP_MONTH source=托斯卡纳 Q=20 T=48 progress=1
[03:53:33][effect_impl.cpp:22217]: [2200.2.3] Log effect, file: events/eep_probe_events.txt line: 70. EEP_MONTH source=圣费尔南多 Q=20 T=48 progress=1
[03:53:33][effect_impl.cpp:22217]: [2200.2.3] Log effect, file: events/eep_probe_events.txt line: 70. EEP_MONTH source=忒伊亚 Q=20 T=48 progress=1
[03:53:33][effect_impl.cpp:22217]: [2200.2.3] Log effect, file: events/eep_probe_events.txt line: 70. EEP_MONTH source=晓 Q=20 T=48 progress=1
[03:53:33][effect_impl.cpp:22217]: [2200.2.3] Log effect, file: events/eep_probe_events.txt line: 70. EEP_MONTH source=咸阳 Q=20 T=48 progress=1
[03:54:44][effect_impl.cpp:22217]: [2200.1.3] Log effect, file: events/eep_probe_events.txt line: 70. EEP_MONTH source=圣波默罗伊 Q=20 T=48 progress=0
[03:54:44][effect_impl.cpp:22217]: [2200.1.3] Log effect, file: events/eep_probe_events.txt line: 70. EEP_MONTH source=希尼斯 Q=20 T=48 progress=0
[03:54:44][effect_impl.cpp:22217]: [2200.1.3] Log effect, file: events/eep_probe_events.txt line: 70. EEP_MONTH source=新加的斯 Q=20 T=48 progress=0
[03:54:44][effect_impl.cpp:22217]: [2200.1.3] Log effect, file: events/eep_probe_events.txt line: 70. EEP_MONTH source=得尔格维希亚 Q=20 T=48 progress=0
[03:54:44][effect_impl.cpp:22217]: [2200.1.3] Log effect, file: events/eep_probe_events.txt line: 70. EEP_MONTH source=圣叶戈罗夫 Q=20 T=48 progress=0
[03:54:44][effect_impl.cpp:22217]: [2200.1.3] Log effect, file: events/eep_probe_events.txt line: 70. EEP_MONTH source=阿瓦隆 Q=20 T=48 progress=0
[03:54:44][effect_impl.cpp:22217]: [2200.1.3] Log effect, file: events/eep_probe_events.txt line: 70. EEP_MONTH source=春天 Q=20 T=48 progress=0
[03:54:44][effect_impl.cpp:22217]: [2200.1.3] Log effect, file: events/eep_probe_events.txt line: 70. EEP_MONTH source=宁静 Q=20 T=48 progress=0
[03:54:48][effect_impl.cpp:22217]: [2200.1.3] Log effect, file: events/eep_probe_events.txt line: 70. EEP_MONTH source=协和 Q=20 T=48 progress=0
[03:54:48][effect_impl.cpp:22217]: [2200.1.3] Log effect, file: events/eep_probe_events.txt line: 70. EEP_MONTH source=温州 Q=20 T=48 progress=0
[03:54:48][effect_impl.cpp:22217]: [2200.1.3] Log effect, file: events/eep_probe_events.txt line: 70. EEP_MONTH source=新特洛伊 Q=20 T=48 progress=0
[03:54:48][effect_impl.cpp:22217]: [2200.1.3] Log effect, file: events/eep_probe_events.txt line: 70. EEP_MONTH source=新耶路撒冷 Q=20 T=48 progress=0
[03:54:48][effect_impl.cpp:22217]: [2200.1.3] Log effect, file: events/eep_probe_events.txt line: 70. EEP_MONTH source=努恰拉 Q=20 T=48 progress=0
[03:54:48][effect_impl.cpp:22217]: [2200.1.3] Log effect, file: events/eep_probe_events.txt line: 70. EEP_MONTH source=萨拉姆 Q=20 T=48 progress=0
[03:54:48][effect_impl.cpp:22217]: [2200.1.3] Log effect, file: events/eep_probe_events.txt line: 70. EEP_MONTH source=圣卢卡斯 Q=20 T=48 progress=0
[03:54:48][effect_impl.cpp:22217]: [2200.1.3] Log effect, file: events/eep_probe_events.txt line: 70. EEP_MONTH source=望 Q=20 T=48 progress=0
[03:54:48][effect_impl.cpp:22217]: [2200.1.3] Log effect, file: events/eep_probe_events.txt line: 70. EEP_MONTH source=锚 Q=20 T=48 progress=0
[03:54:48][effect_impl.cpp:22217]: [2200.1.3] Log effect, file: events/eep_probe_events.txt line: 70. EEP_MONTH source=贡萨雷斯港 Q=20 T=48 progress=0
[03:54:48][effect_impl.cpp:22217]: [2200.1.3] Log effect, file: events/eep_probe_events.txt line: 70. EEP_MONTH source=卡拉克 Q=20 T=48 progress=0
[03:54:48][effect_impl.cpp:22217]: [2200.1.3] Log effect, file: events/eep_probe_events.txt line: 70. EEP_MONTH source=新考文垂 Q=20 T=48 progress=0
[03:54:48][effect_impl.cpp:22217]: [2200.1.3] Log effect, file: events/eep_probe_events.txt line: 70. EEP_MONTH source=奥林匹亚 Q=20 T=48 progress=0
[03:54:48][effect_impl.cpp:22217]: [2200.1.3] Log effect, file: events/eep_probe_events.txt line: 70. EEP_MONTH source=新罗阿诺克 Q=20 T=48 progress=0
[03:55:27][effect_impl.cpp:22217]: [2200.2.3] Log effect, file: events/eep_probe_events.txt line: 70. EEP_MONTH source=圣波默罗伊 Q=20 T=48 progress=1
[03:55:27][effect_impl.cpp:22217]: [2200.2.3] Log effect, file: events/eep_probe_events.txt line: 70. EEP_MONTH source=希尼斯 Q=20 T=48 progress=1
[03:55:27][effect_impl.cpp:22217]: [2200.2.3] Log effect, file: events/eep_probe_events.txt line: 70. EEP_MONTH source=新加的斯 Q=20 T=48 progress=1
[03:55:27][effect_impl.cpp:22217]: [2200.2.3] Log effect, file: events/eep_probe_events.txt line: 70. EEP_MONTH source=得尔格维希亚 Q=20 T=48 progress=1
[03:55:27][effect_impl.cpp:22217]: [2200.2.3] Log effect, file: events/eep_probe_events.txt line: 70. EEP_MONTH source=圣叶戈罗夫 Q=20 T=48 progress=1
[03:55:27][effect_impl.cpp:22217]: [2200.2.3] Log effect, file: events/eep_probe_events.txt line: 70. EEP_MONTH source=阿瓦隆 Q=20 T=48 progress=1
[03:55:27][effect_impl.cpp:22217]: [2200.2.3] Log effect, file: events/eep_probe_events.txt line: 70. EEP_MONTH source=春天 Q=20 T=48 progress=1
[03:55:27][effect_impl.cpp:22217]: [2200.2.3] Log effect, file: events/eep_probe_events.txt line: 70. EEP_MONTH source=宁静 Q=20 T=48 progress=1
[03:55:27][effect_impl.cpp:22217]: [2200.2.3] Log effect, file: events/eep_probe_events.txt line: 70. EEP_MONTH source=协和 Q=20 T=48 progress=1
[03:55:27][effect_impl.cpp:22217]: [2200.2.3] Log effect, file: events/eep_probe_events.txt line: 70. EEP_MONTH source=温州 Q=20 T=48 progress=1
[03:55:27][effect_impl.cpp:22217]: [2200.2.3] Log effect, file: events/eep_probe_events.txt line: 70. EEP_MONTH source=新特洛伊 Q=20 T=48 progress=1
[03:55:27][effect_impl.cpp:22217]: [2200.2.3] Log effect, file: events/eep_probe_events.txt line: 70. EEP_MONTH source=新耶路撒冷 Q=20 T=48 progress=1
[03:55:27][effect_impl.cpp:22217]: [2200.2.3] Log effect, file: events/eep_probe_events.txt line: 70. EEP_MONTH source=努恰拉 Q=20 T=48 progress=1
[03:55:27][effect_impl.cpp:22217]: [2200.2.3] Log effect, file: events/eep_probe_events.txt line: 70. EEP_MONTH source=萨拉姆 Q=20 T=48 progress=1
[03:55:27][effect_impl.cpp:22217]: [2200.2.3] Log effect, file: events/eep_probe_events.txt line: 70. EEP_MONTH source=圣卢卡斯 Q=20 T=48 progress=1
[03:55:27][effect_impl.cpp:22217]: [2200.2.3] Log effect, file: events/eep_probe_events.txt line: 70. EEP_MONTH source=望 Q=20 T=48 progress=1
[03:55:27][effect_impl.cpp:22217]: [2200.2.3] Log effect, file: events/eep_probe_events.txt line: 70. EEP_MONTH source=锚 Q=20 T=48 progress=1
[03:55:27][effect_impl.cpp:22217]: [2200.2.3] Log effect, file: events/eep_probe_events.txt line: 70. EEP_MONTH source=贡萨雷斯港 Q=20 T=48 progress=1
[03:55:27][effect_impl.cpp:22217]: [2200.2.3] Log effect, file: events/eep_probe_events.txt line: 70. EEP_MONTH source=卡拉克 Q=20 T=48 progress=1
[03:55:27][effect_impl.cpp:22217]: [2200.2.3] Log effect, file: events/eep_probe_events.txt line: 70. EEP_MONTH source=新考文垂 Q=20 T=48 progress=1
[03:55:27][effect_impl.cpp:22217]: [2200.2.3] Log effect, file: events/eep_probe_events.txt line: 70. EEP_MONTH source=奥林匹亚 Q=20 T=48 progress=1
[03:55:27][effect_impl.cpp:22217]: [2200.2.3] Log effect, file: events/eep_probe_events.txt line: 70. EEP_MONTH source=新罗阿诺克 Q=20 T=48 progress=1
[03:58:15][eventcommands.cpp:88]: Event first_contact.1 added info about event selection. selectedOption 0, human -1, playerEventId 57
[03:58:17][eventcommands.cpp:88]: Event first_contact.1 added info about event selection. selectedOption 0, human -1, playerEventId 52
[04:00:51][effect_impl.cpp:22217]: [2200.1.2] Log effect, file: events/eep_probe_events.txt line: 70. EEP_MONTH source=EEP-Q3 Q=3 T=8 progress=0
[04:00:51][effect_impl.cpp:22217]: [2200.1.2] Log effect, file: events/eep_probe_events.txt line: 70. EEP_MONTH source=EEP-Q5 Q=5 T=12 progress=0
[04:01:27][effect_impl.cpp:22217]: [2200.2.3] Log effect, file: events/eep_probe_events.txt line: 63. EEP_MONTH country=EEP 03 铁心灭绝者 C=0 G=0 D=2 made=0 worlds=0
[04:01:27][effect_impl.cpp:22217]: [2200.2.3] Log effect, file: events/eep_probe_events.txt line: 70. EEP_MONTH source=EEP-Q3 Q=3 T=8 progress=1
[04:01:27][effect_impl.cpp:22217]: [2200.2.3] Log effect, file: events/eep_probe_events.txt line: 70. EEP_MONTH source=EEP-Q5 Q=5 T=12 progress=1
[04:01:37][effect_impl.cpp:22217]: [2200.3.3] Log effect, file: events/eep_probe_events.txt line: 63. EEP_MONTH country=EEP 03 铁心灭绝者 C=0 G=0 D=2 made=0 worlds=0
[04:01:37][effect_impl.cpp:22217]: [2200.3.3] Log effect, file: events/eep_probe_events.txt line: 70. EEP_MONTH source=EEP-Q3 Q=3 T=8 progress=2
[04:01:37][effect_impl.cpp:22217]: [2200.3.3] Log effect, file: events/eep_probe_events.txt line: 72. EEP_MONTH operational=YES
[04:01:37][effect_impl.cpp:22217]: [2200.3.3] Log effect, file: events/eep_probe_events.txt line: 70. EEP_MONTH source=EEP-Q5 Q=5 T=12 progress=2
[04:01:37][effect_impl.cpp:22217]: [2200.3.3] Log effect, file: events/eep_probe_events.txt line: 76. EEP_DLC Nemesis=YES
[04:01:37][effect_impl.cpp:22217]: [2200.3.3] Log effect, file: events/eep_probe_events.txt line: 78. EEP_DLC Shroud=YES
[04:01:47][effect_impl.cpp:22217]: [2200.4.3] Log effect, file: events/eep_probe_events.txt line: 63. EEP_MONTH country=EEP 03 铁心灭绝者 C=0 G=0 D=2 made=0 worlds=0
[04:01:47][effect_impl.cpp:22217]: [2200.4.3] Log effect, file: events/eep_probe_events.txt line: 70. EEP_MONTH source=EEP-Q3 Q=3 T=8 progress=3
[04:01:47][effect_impl.cpp:22217]: [2200.4.3] Log effect, file: events/eep_probe_events.txt line: 72. EEP_MONTH operational=YES
[04:01:47][effect_impl.cpp:22217]: [2200.4.3] Log effect, file: events/eep_probe_events.txt line: 70. EEP_MONTH source=EEP-Q5 Q=5 T=12 progress=3
[04:01:47][effect_impl.cpp:22217]: [2200.4.3] Log effect, file: events/eep_probe_events.txt line: 76. EEP_DLC Nemesis=YES
[04:01:47][effect_impl.cpp:22217]: [2200.4.3] Log effect, file: events/eep_probe_events.txt line: 78. EEP_DLC Shroud=YES
[04:01:56][effect_impl.cpp:22217]: [2200.5.3] Log effect, file: events/eep_probe_events.txt line: 63. EEP_MONTH country=EEP 03 铁心灭绝者 C=0 G=0 D=2 made=0 worlds=0
[04:01:56][effect_impl.cpp:22217]: [2200.5.3] Log effect, file: events/eep_probe_events.txt line: 70. EEP_MONTH source=EEP-Q3 Q=3 T=8 progress=4
[04:01:56][effect_impl.cpp:22217]: [2200.5.3] Log effect, file: events/eep_probe_events.txt line: 72. EEP_MONTH operational=YES
[04:01:56][effect_impl.cpp:22217]: [2200.5.3] Log effect, file: events/eep_probe_events.txt line: 70. EEP_MONTH source=EEP-Q5 Q=5 T=12 progress=4
[04:01:56][effect_impl.cpp:22217]: [2200.5.3] Log effect, file: events/eep_probe_events.txt line: 76. EEP_DLC Nemesis=YES
[04:01:56][effect_impl.cpp:22217]: [2200.5.3] Log effect, file: events/eep_probe_events.txt line: 78. EEP_DLC Shroud=YES
[04:02:06][effect_impl.cpp:22217]: [2200.6.3] Log effect, file: events/eep_probe_events.txt line: 63. EEP_MONTH country=EEP 03 铁心灭绝者 C=0 G=0 D=2 made=0 worlds=0
[04:02:06][effect_impl.cpp:22217]: [2200.6.3] Log effect, file: events/eep_probe_events.txt line: 70. EEP_MONTH source=EEP-Q3 Q=3 T=8 progress=5
[04:02:06][effect_impl.cpp:22217]: [2200.6.3] Log effect, file: events/eep_probe_events.txt line: 72. EEP_MONTH operational=YES
[04:02:06][effect_impl.cpp:22217]: [2200.6.3] Log effect, file: events/eep_probe_events.txt line: 70. EEP_MONTH source=EEP-Q5 Q=5 T=12 progress=5
[04:02:06][effect_impl.cpp:22217]: [2200.6.3] Log effect, file: events/eep_probe_events.txt line: 76. EEP_DLC Nemesis=YES
[04:02:06][effect_impl.cpp:22217]: [2200.6.3] Log effect, file: events/eep_probe_events.txt line: 78. EEP_DLC Shroud=YES
[04:02:16][effect_impl.cpp:22217]: [2200.7.3] Log effect, file: events/eep_probe_events.txt line: 63. EEP_MONTH country=EEP 03 铁心灭绝者 C=0 G=0 D=2 made=0 worlds=0
[04:02:16][effect_impl.cpp:22217]: [2200.7.3] Log effect, file: events/eep_probe_events.txt line: 70. EEP_MONTH source=EEP-Q3 Q=3 T=8 progress=6
[04:02:16][effect_impl.cpp:22217]: [2200.7.3] Log effect, file: events/eep_probe_events.txt line: 72. EEP_MONTH operational=YES
[04:02:16][effect_impl.cpp:22217]: [2200.7.3] Log effect, file: events/eep_probe_events.txt line: 70. EEP_MONTH source=EEP-Q5 Q=5 T=12 progress=6
[04:02:16][effect_impl.cpp:22217]: [2200.7.3] Log effect, file: events/eep_probe_events.txt line: 76. EEP_DLC Nemesis=YES
[04:02:16][effect_impl.cpp:22217]: [2200.7.3] Log effect, file: events/eep_probe_events.txt line: 78. EEP_DLC Shroud=YES
[04:02:26][effect_impl.cpp:22217]: [2200.8.3] Log effect, file: events/eep_probe_events.txt line: 63. EEP_MONTH country=EEP 03 铁心灭绝者 C=0 G=0 D=2 made=0 worlds=0
[04:02:26][effect_impl.cpp:22217]: [2200.8.3] Log effect, file: events/eep_probe_events.txt line: 70. EEP_MONTH source=EEP-Q3 Q=3 T=8 progress=7
[04:02:26][effect_impl.cpp:22217]: [2200.8.3] Log effect, file: events/eep_probe_events.txt line: 72. EEP_MONTH operational=YES
[04:02:26][effect_impl.cpp:22217]: [2200.8.3] Log effect, file: events/eep_probe_events.txt line: 70. EEP_MONTH source=EEP-Q5 Q=5 T=12 progress=7
[04:02:26][effect_impl.cpp:22217]: [2200.8.3] Log effect, file: events/eep_probe_events.txt line: 76. EEP_DLC Nemesis=YES
[04:02:26][effect_impl.cpp:22217]: [2200.8.3] Log effect, file: events/eep_probe_events.txt line: 78. EEP_DLC Shroud=YES
[04:03:08][effect_impl.cpp:22217]: [2200.9.3] Log effect, file: events/eep_probe_events.txt line: 63. EEP_MONTH country=EEP 03 铁心灭绝者 C=3 G=3 D=2 made=0 worlds=1
[04:03:08][effect_impl.cpp:22217]: [2200.9.3] Log effect, file: events/eep_probe_events.txt line: 70. EEP_MONTH source=EEP-Q3 Q=3 T=8 progress=8
[04:03:08][effect_impl.cpp:22217]: [2200.9.3] Log effect, file: events/eep_probe_events.txt line: 73. EEP_MONTH operational=NO
[04:03:08][effect_impl.cpp:22217]: [2200.9.3] Log effect, file: events/eep_probe_events.txt line: 70. EEP_MONTH source=EEP-Q5 Q=5 T=12 progress=8
[04:03:08][effect_impl.cpp:22217]: [2200.9.3] Log effect, file: events/eep_probe_events.txt line: 72. EEP_MONTH operational=YES
[04:03:08][effect_impl.cpp:22217]: [2200.9.3] Log effect, file: events/eep_probe_events.txt line: 76. EEP_DLC Nemesis=YES
[04:03:08][effect_impl.cpp:22217]: [2200.9.3] Log effect, file: events/eep_probe_events.txt line: 78. EEP_DLC Shroud=YES
[04:03:17][effect_impl.cpp:22217]: [2200.10.3] Log effect, file: events/eep_probe_events.txt line: 63. EEP_MONTH country=EEP 03 铁心灭绝者 C=3 G=3 D=2 made=0 worlds=1
[04:03:17][effect_impl.cpp:22217]: [2200.10.3] Log effect, file: events/eep_probe_events.txt line: 70. EEP_MONTH source=EEP-Q5 Q=5 T=12 progress=9
[04:03:17][effect_impl.cpp:22217]: [2200.10.3] Log effect, file: events/eep_probe_events.txt line: 72. EEP_MONTH operational=YES
[04:03:17][effect_impl.cpp:22217]: [2200.10.3] Log effect, file: events/eep_probe_events.txt line: 76. EEP_DLC Nemesis=YES
[04:03:17][effect_impl.cpp:22217]: [2200.10.3] Log effect, file: events/eep_probe_events.txt line: 78. EEP_DLC Shroud=YES
[04:03:27][effect_impl.cpp:22217]: [2200.11.3] Log effect, file: events/eep_probe_events.txt line: 63. EEP_MONTH country=EEP 03 铁心灭绝者 C=3 G=3 D=2 made=0 worlds=1
[04:03:27][effect_impl.cpp:22217]: [2200.11.3] Log effect, file: events/eep_probe_events.txt line: 70. EEP_MONTH source=EEP-Q5 Q=5 T=12 progress=10
[04:03:27][effect_impl.cpp:22217]: [2200.11.3] Log effect, file: events/eep_probe_events.txt line: 72. EEP_MONTH operational=YES
[04:03:27][effect_impl.cpp:22217]: [2200.11.3] Log effect, file: events/eep_probe_events.txt line: 76. EEP_DLC Nemesis=YES
[04:03:27][effect_impl.cpp:22217]: [2200.11.3] Log effect, file: events/eep_probe_events.txt line: 78. EEP_DLC Shroud=YES
[04:03:37][effect_impl.cpp:22217]: [2200.12.3] Log effect, file: events/eep_probe_events.txt line: 63. EEP_MONTH country=EEP 03 铁心灭绝者 C=3 G=3 D=2 made=0 worlds=1
[04:03:37][effect_impl.cpp:22217]: [2200.12.3] Log effect, file: events/eep_probe_events.txt line: 70. EEP_MONTH source=EEP-Q5 Q=5 T=12 progress=11
[04:03:37][effect_impl.cpp:22217]: [2200.12.3] Log effect, file: events/eep_probe_events.txt line: 72. EEP_MONTH operational=YES
[04:03:37][effect_impl.cpp:22217]: [2200.12.3] Log effect, file: events/eep_probe_events.txt line: 76. EEP_DLC Nemesis=YES
[04:03:37][effect_impl.cpp:22217]: [2200.12.3] Log effect, file: events/eep_probe_events.txt line: 78. EEP_DLC Shroud=YES
[04:06:19][eventcommands.cpp:88]: Event eep.11 added info about event selection. selectedOption 0, human 1, playerEventId 3
[04:06:24][eventcommands.cpp:88]: Event eep.10 added info about event selection. selectedOption 0, human 1, playerEventId 2
[04:10:48][effect_impl.cpp:22217]: [2201.1.3] Log effect, file: events/eep_probe_events.txt line: 63. EEP_MONTH country=EEP 03 铁心灭绝者 C=8 G=8 D=4 made=100 worlds=2
[04:10:48][effect_impl.cpp:22217]: [2201.1.3] Log effect, file: events/eep_probe_events.txt line: 70. EEP_MONTH source=EEP-Q5 Q=5 T=12 progress=12
[04:10:48][effect_impl.cpp:22217]: [2201.1.3] Log effect, file: events/eep_probe_events.txt line: 73. EEP_MONTH operational=NO
[04:10:48][effect_impl.cpp:22217]: [2201.1.3] Log effect, file: events/eep_probe_events.txt line: 76. EEP_DLC Nemesis=YES
[04:10:48][effect_impl.cpp:22217]: [2201.1.3] Log effect, file: events/eep_probe_events.txt line: 78. EEP_DLC Shroud=YES
[04:10:58][effect_impl.cpp:22217]: [2201.2.3] Log effect, file: events/eep_probe_events.txt line: 63. EEP_MONTH country=EEP 03 铁心灭绝者 C=8 G=8 D=4 made=100 worlds=2
[04:10:58][effect_impl.cpp:22217]: [2201.2.3] Log effect, file: events/eep_probe_events.txt line: 76. EEP_DLC Nemesis=YES
[04:10:58][effect_impl.cpp:22217]: [2201.2.3] Log effect, file: events/eep_probe_events.txt line: 78. EEP_DLC Shroud=YES
[04:11:08][effect_impl.cpp:22217]: [2201.3.3] Log effect, file: events/eep_probe_events.txt line: 63. EEP_MONTH country=EEP 03 铁心灭绝者 C=8 G=8 D=4 made=100 worlds=2
[04:11:08][effect_impl.cpp:22217]: [2201.3.3] Log effect, file: events/eep_probe_events.txt line: 76. EEP_DLC Nemesis=YES
[04:11:08][effect_impl.cpp:22217]: [2201.3.3] Log effect, file: events/eep_probe_events.txt line: 78. EEP_DLC Shroud=YES
[04:11:18][effect_impl.cpp:22217]: [2201.4.3] Log effect, file: events/eep_probe_events.txt line: 63. EEP_MONTH country=EEP 03 铁心灭绝者 C=8 G=8 D=4 made=100 worlds=2
[04:11:18][effect_impl.cpp:22217]: [2201.4.3] Log effect, file: events/eep_probe_events.txt line: 76. EEP_DLC Nemesis=YES
[04:11:18][effect_impl.cpp:22217]: [2201.4.3] Log effect, file: events/eep_probe_events.txt line: 78. EEP_DLC Shroud=YES
[04:11:28][effect_impl.cpp:22217]: [2201.5.3] Log effect, file: events/eep_probe_events.txt line: 63. EEP_MONTH country=EEP 03 铁心灭绝者 C=8 G=8 D=4 made=100 worlds=2
[04:11:28][effect_impl.cpp:22217]: [2201.5.3] Log effect, file: events/eep_probe_events.txt line: 76. EEP_DLC Nemesis=YES
[04:11:28][effect_impl.cpp:22217]: [2201.5.3] Log effect, file: events/eep_probe_events.txt line: 78. EEP_DLC Shroud=YES
[04:11:38][effect_impl.cpp:22217]: [2201.6.3] Log effect, file: events/eep_probe_events.txt line: 63. EEP_MONTH country=EEP 03 铁心灭绝者 C=8 G=8 D=4 made=100 worlds=2
[04:11:38][effect_impl.cpp:22217]: [2201.6.3] Log effect, file: events/eep_probe_events.txt line: 76. EEP_DLC Nemesis=YES
[04:11:38][effect_impl.cpp:22217]: [2201.6.3] Log effect, file: events/eep_probe_events.txt line: 78. EEP_DLC Shroud=YES
[04:11:47][effect_impl.cpp:22217]: [2201.7.3] Log effect, file: events/eep_probe_events.txt line: 63. EEP_MONTH country=EEP 03 铁心灭绝者 C=8 G=8 D=4 made=100 worlds=2
[04:11:47][effect_impl.cpp:22217]: [2201.7.3] Log effect, file: events/eep_probe_events.txt line: 76. EEP_DLC Nemesis=YES
[04:11:47][effect_impl.cpp:22217]: [2201.7.3] Log effect, file: events/eep_probe_events.txt line: 78. EEP_DLC Shroud=YES
[04:11:57][effect_impl.cpp:22217]: [2201.8.3] Log effect, file: events/eep_probe_events.txt line: 63. EEP_MONTH country=EEP 03 铁心灭绝者 C=8 G=8 D=4 made=100 worlds=2
[04:11:57][effect_impl.cpp:22217]: [2201.8.3] Log effect, file: events/eep_probe_events.txt line: 76. EEP_DLC Nemesis=YES
[04:11:57][effect_impl.cpp:22217]: [2201.8.3] Log effect, file: events/eep_probe_events.txt line: 78. EEP_DLC Shroud=YES
[04:12:07][effect_impl.cpp:22217]: [2201.9.3] Log effect, file: events/eep_probe_events.txt line: 63. EEP_MONTH country=EEP 03 铁心灭绝者 C=8 G=8 D=4 made=100 worlds=2
[04:12:07][effect_impl.cpp:22217]: [2201.9.3] Log effect, file: events/eep_probe_events.txt line: 76. EEP_DLC Nemesis=YES
[04:12:07][effect_impl.cpp:22217]: [2201.9.3] Log effect, file: events/eep_probe_events.txt line: 78. EEP_DLC Shroud=YES
[04:14:06][effect_impl.cpp:22217]: [2201.10.3] Log effect, file: events/eep_probe_events.txt line: 63. EEP_MONTH country=EEP 03 铁心灭绝者 C=8 G=8 D=4 made=100 worlds=2
[04:14:06][effect_impl.cpp:22217]: [2201.10.3] Log effect, file: events/eep_probe_events.txt line: 76. EEP_DLC Nemesis=YES
[04:14:06][effect_impl.cpp:22217]: [2201.10.3] Log effect, file: events/eep_probe_events.txt line: 78. EEP_DLC Shroud=YES
[04:23:09][effect_impl.cpp:22217]: [2200.1.2] Log effect, file: events/eep_probe_events.txt line: 70. EEP_MONTH source=EEP-Q20-A Q=20 T=48 progress=0
[04:23:09][effect_impl.cpp:22217]: [2200.1.2] Log effect, file: events/eep_probe_events.txt line: 70. EEP_MONTH source=EEP-Q20-B Q=20 T=48 progress=0
[04:23:35][effect_impl.cpp:22217]: [2200.1.2] Log effect, file: events/eep_probe_events.txt line: 63. EEP_MONTH country=EEP 03 铁心灭绝者 C=40 G=40 D=12 made=600 worlds=2
[04:23:35][effect_impl.cpp:22217]: [2200.1.2] Log effect, file: events/eep_probe_events.txt line: 70. EEP_MONTH source=EEP-Q20-A Q=20 T=48 progress=48
[04:23:35][effect_impl.cpp:22217]: [2200.1.2] Log effect, file: events/eep_probe_events.txt line: 70. EEP_MONTH source=EEP-Q20-B Q=20 T=48 progress=48
[04:24:49][effect_impl.cpp:22217]: [2200.1.2] Log effect, file: events/eep_probe_events.txt line: 70. EEP_MONTH source=EEP-UI-Q20 Q=20 T=48 progress=48
[04:25:21][effect_impl.cpp:22217]: [2200.1.2] Log effect, file: events/eep_probe_events.txt line: 63. EEP_MONTH country=EEP 03 铁心灭绝者 C=20 G=20 D=7 made=300 worlds=1
