[06:41:10][game_application.cpp:250]: Game Version: Cygnus v4.5.2
[06:41:10][defines.cpp:162]: 2132 defines loaded
[06:41:10][defines.cpp:196]: 254 interface defines loaded
[06:43:30][gamecontrolcommands.cpp:415]: Sending sync response, machine id: 1
[06:43:31][galaxy_generator.cpp:4536]: Generating World! Specified Seed: 1386408197
[06:59:09][eventcommands.cpp:88]: Event advisor.1 added info about event selection. selectedOption 3, human 1, playerEventId 1
[07:07:23][eventcommands.cpp:88]: Event eep.10 added info about event selection. selectedOption 0, human 1, playerEventId 3
[07:07:49][effect_impl.cpp:22217]: [2200.1.5] Log effect, file: events/eep_probe_events.txt line: 63. EEP_MONTH country=EEP 05 焦土帝国 C=0 G=0 D=2 made=0 worlds=0
[07:07:49][effect_impl.cpp:22217]: [2200.1.5] Log effect, file: events/eep_probe_events.txt line: 70. EEP_MONTH source=EEP-Q15 Q=15 T=36 progress=0
[07:07:49][effect_impl.cpp:22217]: [2200.1.5] Log effect, file: events/eep_probe_events.txt line: 72. EEP_MONTH operational=YES
[07:07:49][effect_impl.cpp:22217]: [2200.1.5] Log effect, file: events/eep_probe_events.txt line: 70. EEP_MONTH source=EEP-Q20 Q=20 T=48 progress=0
[07:07:49][effect_impl.cpp:22217]: [2200.1.5] Log effect, file: events/eep_probe_events.txt line: 70. EEP_MONTH source=EEP-Q25 Q=25 T=60 progress=0
[07:07:49][effect_impl.cpp:22217]: [2200.1.5] Log effect, file: events/eep_probe_events.txt line: 76. EEP_DLC Nemesis=YES
[07:07:49][effect_impl.cpp:22217]: [2200.1.5] Log effect, file: events/eep_probe_events.txt line: 78. EEP_DLC Shroud=YES
[07:08:17][effect_impl.cpp:22217]: [2200.2.3] Log effect, file: events/eep_probe_events.txt line: 63. EEP_MONTH country=EEP 05 焦土帝国 C=0 G=0 D=2 made=0 worlds=0
[07:08:17][effect_impl.cpp:22217]: [2200.2.3] Log effect, file: events/eep_probe_events.txt line: 70. EEP_MONTH source=EEP-Q15 Q=15 T=36 progress=1
[07:08:17][effect_impl.cpp:22217]: [2200.2.3] Log effect, file: events/eep_probe_events.txt line: 72. EEP_MONTH operational=YES
[07:08:17][effect_impl.cpp:22217]: [2200.2.3] Log effect, file: events/eep_probe_events.txt line: 70. EEP_MONTH source=EEP-Q20 Q=20 T=48 progress=1
[07:08:17][effect_impl.cpp:22217]: [2200.2.3] Log effect, file: events/eep_probe_events.txt line: 70. EEP_MONTH source=EEP-Q25 Q=25 T=60 progress=1
[07:08:17][effect_impl.cpp:22217]: [2200.2.3] Log effect, file: events/eep_probe_events.txt line: 76. EEP_DLC Nemesis=YES
[07:08:17][effect_impl.cpp:22217]: [2200.2.3] Log effect, file: events/eep_probe_events.txt line: 78. EEP_DLC Shroud=YES
[07:08:17][effect_impl.cpp:22217]: [2200.3.3] Log effect, file: events/eep_probe_events.txt line: 63. EEP_MONTH country=EEP 05 焦土帝国 C=0 G=0 D=2 made=0 worlds=0
[07:08:17][effect_impl.cpp:22217]: [2200.3.3] Log effect, file: events/eep_probe_events.txt line: 70. EEP_MONTH source=EEP-Q15 Q=15 T=36 progress=2
[07:08:17][effect_impl.cpp:22217]: [2200.3.3] Log effect, file: events/eep_probe_events.txt line: 72. EEP_MONTH operational=YES
[07:08:17][effect_impl.cpp:22217]: [2200.3.3] Log effect, file: events/eep_probe_events.txt line: 70. EEP_MONTH source=EEP-Q20 Q=20 T=48 progress=2
[07:08:17][effect_impl.cpp:22217]: [2200.3.3] Log effect, file: events/eep_probe_events.txt line: 70. EEP_MONTH source=EEP-Q25 Q=25 T=60 progress=2
[07:08:17][effect_impl.cpp:22217]: [2200.3.3] Log effect, file: events/eep_probe_events.txt line: 76. EEP_DLC Nemesis=YES
[07:08:17][effect_impl.cpp:22217]: [2200.3.3] Log effect, file: events/eep_probe_events.txt line: 78. EEP_DLC Shroud=YES
[07:08:17][effect_impl.cpp:22217]: [2200.4.3] Log effect, file: events/eep_probe_events.txt line: 63. EEP_MONTH country=EEP 05 焦土帝国 C=0 G=0 D=2 made=0 worlds=0
[07:08:17][effect_impl.cpp:22217]: [2200.4.3] Log effect, file: events/eep_probe_events.txt line: 70. EEP_MONTH source=EEP-Q15 Q=15 T=36 progress=3
[07:08:17][effect_impl.cpp:22217]: [2200.4.3] Log effect, file: events/eep_probe_events.txt line: 72. EEP_MONTH operational=YES
[07:08:17][effect_impl.cpp:22217]: [2200.4.3] Log effect, file: events/eep_probe_events.txt line: 70. EEP_MONTH source=EEP-Q20 Q=20 T=48 progress=3
[07:08:17][effect_impl.cpp:22217]: [2200.4.3] Log effect, file: events/eep_probe_events.txt line: 70. EEP_MONTH source=EEP-Q25 Q=25 T=60 progress=3
[07:08:17][effect_impl.cpp:22217]: [2200.4.3] Log effect, file: events/eep_probe_events.txt line: 76. EEP_DLC Nemesis=YES
[07:08:17][effect_impl.cpp:22217]: [2200.4.3] Log effect, file: events/eep_probe_events.txt line: 78. EEP_DLC Shroud=YES
[07:08:18][effect_impl.cpp:22217]: [2200.5.3] Log effect, file: events/eep_probe_events.txt line: 63. EEP_MONTH country=EEP 05 焦土帝国 C=0 G=0 D=2 made=0 worlds=0
[07:08:18][effect_impl.cpp:22217]: [2200.5.3] Log effect, file: events/eep_probe_events.txt line: 70. EEP_MONTH source=EEP-Q15 Q=15 T=36 progress=4
[07:08:18][effect_impl.cpp:22217]: [2200.5.3] Log effect, file: events/eep_probe_events.txt line: 72. EEP_MONTH operational=YES
[07:08:18][effect_impl.cpp:22217]: [2200.5.3] Log effect, file: events/eep_probe_events.txt line: 70. EEP_MONTH source=EEP-Q20 Q=20 T=48 progress=4
[07:08:18][effect_impl.cpp:22217]: [2200.5.3] Log effect, file: events/eep_probe_events.txt line: 70. EEP_MONTH source=EEP-Q25 Q=25 T=60 progress=4
[07:08:18][effect_impl.cpp:22217]: [2200.5.3] Log effect, file: events/eep_probe_events.txt line: 76. EEP_DLC Nemesis=YES
[07:08:18][effect_impl.cpp:22217]: [2200.5.3] Log effect, file: events/eep_probe_events.txt line: 78. EEP_DLC Shroud=YES
[07:08:18][effect_impl.cpp:22217]: [2200.6.3] Log effect, file: events/eep_probe_events.txt line: 63. EEP_MONTH country=EEP 05 焦土帝国 C=0 G=0 D=2 made=0 worlds=0
[07:08:18][effect_impl.cpp:22217]: [2200.6.3] Log effect, file: events/eep_probe_events.txt line: 70. EEP_MONTH source=EEP-Q15 Q=15 T=36 progress=5
[07:08:18][effect_impl.cpp:22217]: [2200.6.3] Log effect, file: events/eep_probe_events.txt line: 72. EEP_MONTH operational=YES
[07:08:18][effect_impl.cpp:22217]: [2200.6.3] Log effect, file: events/eep_probe_events.txt line: 70. EEP_MONTH source=EEP-Q20 Q=20 T=48 progress=5
[07:08:18][effect_impl.cpp:22217]: [2200.6.3] Log effect, file: events/eep_probe_events.txt line: 70. EEP_MONTH source=EEP-Q25 Q=25 T=60 progress=5
[07:08:18][effect_impl.cpp:22217]: [2200.6.3] Log effect, file: events/eep_probe_events.txt line: 76. EEP_DLC Nemesis=YES
[07:08:18][effect_impl.cpp:22217]: [2200.6.3] Log effect, file: events/eep_probe_events.txt line: 78. EEP_DLC Shroud=YES
[07:08:18][eventcommands.cpp:88]: Event first_contact.1 added info about event selection. selectedOption 0, human -1, playerEventId 4
[07:08:18][effect_impl.cpp:22217]: [2200.7.3] Log effect, file: events/eep_probe_events.txt line: 63. EEP_MONTH country=EEP 05 焦土帝国 C=0 G=0 D=2 made=0 worlds=0
[07:08:18][effect_impl.cpp:22217]: [2200.7.3] Log effect, file: events/eep_probe_events.txt line: 70. EEP_MONTH source=EEP-Q15 Q=15 T=36 progress=6
[07:08:18][effect_impl.cpp:22217]: [2200.7.3] Log effect, file: events/eep_probe_events.txt line: 72. EEP_MONTH operational=YES
[07:08:18][effect_impl.cpp:22217]: [2200.7.3] Log effect, file: events/eep_probe_events.txt line: 70. EEP_MONTH source=EEP-Q20 Q=20 T=48 progress=6
[07:08:18][effect_impl.cpp:22217]: [2200.7.3] Log effect, file: events/eep_probe_events.txt line: 70. EEP_MONTH source=EEP-Q25 Q=25 T=60 progress=6
[07:08:18][effect_impl.cpp:22217]: [2200.7.3] Log effect, file: events/eep_probe_events.txt line: 76. EEP_DLC Nemesis=YES
[07:08:18][effect_impl.cpp:22217]: [2200.7.3] Log effect, file: events/eep_probe_events.txt line: 78. EEP_DLC Shroud=YES
[07:08:19][effect_impl.cpp:22217]: [2200.8.3] Log effect, file: events/eep_probe_events.txt line: 63. EEP_MONTH country=EEP 05 焦土帝国 C=0 G=0 D=2 made=0 worlds=0
[07:08:19][effect_impl.cpp:22217]: [2200.8.3] Log effect, file: events/eep_probe_events.txt line: 70. EEP_MONTH source=EEP-Q15 Q=15 T=36 progress=7
[07:08:19][effect_impl.cpp:22217]: [2200.8.3] Log effect, file: events/eep_probe_events.txt line: 72. EEP_MONTH operational=YES
[07:08:19][effect_impl.cpp:22217]: [2200.8.3] Log effect, file: events/eep_probe_events.txt line: 70. EEP_MONTH source=EEP-Q20 Q=20 T=48 progress=7
[07:08:19][effect_impl.cpp:22217]: [2200.8.3] Log effect, file: events/eep_probe_events.txt line: 70. EEP_MONTH source=EEP-Q25 Q=25 T=60 progress=7
[07:08:19][effect_impl.cpp:22217]: [2200.8.3] Log effect, file: events/eep_probe_events.txt line: 76. EEP_DLC Nemesis=YES
[07:08:19][effect_impl.cpp:22217]: [2200.8.3] Log effect, file: events/eep_probe_events.txt line: 78. EEP_DLC Shroud=YES
[07:08:19][effect_impl.cpp:22217]: [2200.9.3] Log effect, file: events/eep_probe_events.txt line: 63. EEP_MONTH country=EEP 05 焦土帝国 C=0 G=0 D=2 made=0 worlds=0
[07:08:19][effect_impl.cpp:22217]: [2200.9.3] Log effect, file: events/eep_probe_events.txt line: 70. EEP_MONTH source=EEP-Q15 Q=15 T=36 progress=8
[07:08:19][effect_impl.cpp:22217]: [2200.9.3] Log effect, file: events/eep_probe_events.txt line: 72. EEP_MONTH operational=YES
[07:08:19][effect_impl.cpp:22217]: [2200.9.3] Log effect, file: events/eep_probe_events.txt line: 70. EEP_MONTH source=EEP-Q20 Q=20 T=48 progress=8
[07:08:19][effect_impl.cpp:22217]: [2200.9.3] Log effect, file: events/eep_probe_events.txt line: 70. EEP_MONTH source=EEP-Q25 Q=25 T=60 progress=8
[07:08:19][effect_impl.cpp:22217]: [2200.9.3] Log effect, file: events/eep_probe_events.txt line: 76. EEP_DLC Nemesis=YES
[07:08:19][effect_impl.cpp:22217]: [2200.9.3] Log effect, file: events/eep_probe_events.txt line: 78. EEP_DLC Shroud=YES
[07:08:19][effect_impl.cpp:22217]: [2200.10.3] Log effect, file: events/eep_probe_events.txt line: 63. EEP_MONTH country=EEP 05 焦土帝国 C=0 G=0 D=2 made=0 worlds=0
[07:08:19][effect_impl.cpp:22217]: [2200.10.3] Log effect, file: events/eep_probe_events.txt line: 70. EEP_MONTH source=EEP-Q15 Q=15 T=36 progress=9
[07:08:19][effect_impl.cpp:22217]: [2200.10.3] Log effect, file: events/eep_probe_events.txt line: 72. EEP_MONTH operational=YES
[07:08:19][effect_impl.cpp:22217]: [2200.10.3] Log effect, file: events/eep_probe_events.txt line: 70. EEP_MONTH source=EEP-Q20 Q=20 T=48 progress=9
[07:08:19][effect_impl.cpp:22217]: [2200.10.3] Log effect, file: events/eep_probe_events.txt line: 70. EEP_MONTH source=EEP-Q25 Q=25 T=60 progress=9
[07:08:19][effect_impl.cpp:22217]: [2200.10.3] Log effect, file: events/eep_probe_events.txt line: 76. EEP_DLC Nemesis=YES
[07:08:19][effect_impl.cpp:22217]: [2200.10.3] Log effect, file: events/eep_probe_events.txt line: 78. EEP_DLC Shroud=YES
[07:08:19][effect_impl.cpp:22217]: [2200.11.3] Log effect, file: events/eep_probe_events.txt line: 63. EEP_MONTH country=EEP 05 焦土帝国 C=0 G=0 D=2 made=0 worlds=0
[07:08:19][effect_impl.cpp:22217]: [2200.11.3] Log effect, file: events/eep_probe_events.txt line: 70. EEP_MONTH source=EEP-Q15 Q=15 T=36 progress=10
[07:08:19][effect_impl.cpp:22217]: [2200.11.3] Log effect, file: events/eep_probe_events.txt line: 72. EEP_MONTH operational=YES
[07:08:19][effect_impl.cpp:22217]: [2200.11.3] Log effect, file: events/eep_probe_events.txt line: 70. EEP_MONTH source=EEP-Q20 Q=20 T=48 progress=10
[07:08:19][effect_impl.cpp:22217]: [2200.11.3] Log effect, file: events/eep_probe_events.txt line: 70. EEP_MONTH source=EEP-Q25 Q=25 T=60 progress=10
[07:08:19][effect_impl.cpp:22217]: [2200.11.3] Log effect, file: events/eep_probe_events.txt line: 76. EEP_DLC Nemesis=YES
[07:08:19][effect_impl.cpp:22217]: [2200.11.3] Log effect, file: events/eep_probe_events.txt line: 78. EEP_DLC Shroud=YES
[07:08:20][effect_impl.cpp:22217]: [2200.12.3] Log effect, file: events/eep_probe_events.txt line: 63. EEP_MONTH country=EEP 05 焦土帝国 C=0 G=0 D=2 made=0 worlds=0
[07:08:20][effect_impl.cpp:22217]: [2200.12.3] Log effect, file: events/eep_probe_events.txt line: 70. EEP_MONTH source=EEP-Q15 Q=15 T=36 progress=11
[07:08:20][effect_impl.cpp:22217]: [2200.12.3] Log effect, file: events/eep_probe_events.txt line: 72. EEP_MONTH operational=YES
[07:08:20][effect_impl.cpp:22217]: [2200.12.3] Log effect, file: events/eep_probe_events.txt line: 70. EEP_MONTH source=EEP-Q20 Q=20 T=48 progress=11
[07:08:20][effect_impl.cpp:22217]: [2200.12.3] Log effect, file: events/eep_probe_events.txt line: 70. EEP_MONTH source=EEP-Q25 Q=25 T=60 progress=11
[07:08:20][effect_impl.cpp:22217]: [2200.12.3] Log effect, file: events/eep_probe_events.txt line: 76. EEP_DLC Nemesis=YES
[07:08:20][effect_impl.cpp:22217]: [2200.12.3] Log effect, file: events/eep_probe_events.txt line: 78. EEP_DLC Shroud=YES
[07:08:20][effect_impl.cpp:22217]: [2201.1.3] Log effect, file: events/eep_probe_events.txt line: 63. EEP_MONTH country=EEP 05 焦土帝国 C=0 G=0 D=2 made=0 worlds=0
[07:08:20][effect_impl.cpp:22217]: [2201.1.3] Log effect, file: events/eep_probe_events.txt line: 70. EEP_MONTH source=EEP-Q15 Q=15 T=36 progress=12
[07:08:20][effect_impl.cpp:22217]: [2201.1.3] Log effect, file: events/eep_probe_events.txt line: 72. EEP_MONTH operational=YES
[07:08:20][effect_impl.cpp:22217]: [2201.1.3] Log effect, file: events/eep_probe_events.txt line: 70. EEP_MONTH source=EEP-Q20 Q=20 T=48 progress=12
[07:08:20][effect_impl.cpp:22217]: [2201.1.3] Log effect, file: events/eep_probe_events.txt line: 70. EEP_MONTH source=EEP-Q25 Q=25 T=60 progress=12
[07:08:20][effect_impl.cpp:22217]: [2201.1.3] Log effect, file: events/eep_probe_events.txt line: 76. EEP_DLC Nemesis=YES
[07:08:20][effect_impl.cpp:22217]: [2201.1.3] Log effect, file: events/eep_probe_events.txt line: 78. EEP_DLC Shroud=YES
[07:08:20][effect_impl.cpp:22217]: [2201.2.3] Log effect, file: events/eep_probe_events.txt line: 63. EEP_MONTH country=EEP 05 焦土帝国 C=0 G=0 D=2 made=0 worlds=0
[07:08:20][effect_impl.cpp:22217]: [2201.2.3] Log effect, file: events/eep_probe_events.txt line: 70. EEP_MONTH source=EEP-Q15 Q=15 T=36 progress=13
[07:08:20][effect_impl.cpp:22217]: [2201.2.3] Log effect, file: events/eep_probe_events.txt line: 72. EEP_MONTH operational=YES
[07:08:20][effect_impl.cpp:22217]: [2201.2.3] Log effect, file: events/eep_probe_events.txt line: 70. EEP_MONTH source=EEP-Q20 Q=20 T=48 progress=13
[07:08:20][effect_impl.cpp:22217]: [2201.2.3] Log effect, file: events/eep_probe_events.txt line: 70. EEP_MONTH source=EEP-Q25 Q=25 T=60 progress=13
[07:08:20][effect_impl.cpp:22217]: [2201.2.3] Log effect, file: events/eep_probe_events.txt line: 76. EEP_DLC Nemesis=YES
[07:08:20][effect_impl.cpp:22217]: [2201.2.3] Log effect, file: events/eep_probe_events.txt line: 78. EEP_DLC Shroud=YES
[07:08:21][effect_impl.cpp:22217]: [2201.3.3] Log effect, file: events/eep_probe_events.txt line: 63. EEP_MONTH country=EEP 05 焦土帝国 C=0 G=0 D=2 made=0 worlds=0
[07:08:21][effect_impl.cpp:22217]: [2201.3.3] Log effect, file: events/eep_probe_events.txt line: 70. EEP_MONTH source=EEP-Q15 Q=15 T=36 progress=14
[07:08:21][effect_impl.cpp:22217]: [2201.3.3] Log effect, file: events/eep_probe_events.txt line: 72. EEP_MONTH operational=YES
[07:08:21][effect_impl.cpp:22217]: [2201.3.3] Log effect, file: events/eep_probe_events.txt line: 70. EEP_MONTH source=EEP-Q20 Q=20 T=48 progress=14
[07:08:21][effect_impl.cpp:22217]: [2201.3.3] Log effect, file: events/eep_probe_events.txt line: 70. EEP_MONTH source=EEP-Q25 Q=25 T=60 progress=14
[07:08:21][effect_impl.cpp:22217]: [2201.3.3] Log effect, file: events/eep_probe_events.txt line: 76. EEP_DLC Nemesis=YES
[07:08:21][effect_impl.cpp:22217]: [2201.3.3] Log effect, file: events/eep_probe_events.txt line: 78. EEP_DLC Shroud=YES
[07:08:21][effect_impl.cpp:22217]: [2201.4.3] Log effect, file: events/eep_probe_events.txt line: 63. EEP_MONTH country=EEP 05 焦土帝国 C=0 G=0 D=2 made=0 worlds=0
[07:08:21][effect_impl.cpp:22217]: [2201.4.3] Log effect, file: events/eep_probe_events.txt line: 70. EEP_MONTH source=EEP-Q15 Q=15 T=36 progress=15
[07:08:21][effect_impl.cpp:22217]: [2201.4.3] Log effect, file: events/eep_probe_events.txt line: 72. EEP_MONTH operational=YES
[07:08:21][effect_impl.cpp:22217]: [2201.4.3] Log effect, file: events/eep_probe_events.txt line: 70. EEP_MONTH source=EEP-Q20 Q=20 T=48 progress=15
[07:08:21][effect_impl.cpp:22217]: [2201.4.3] Log effect, file: events/eep_probe_events.txt line: 70. EEP_MONTH source=EEP-Q25 Q=25 T=60 progress=15
[07:08:21][effect_impl.cpp:22217]: [2201.4.3] Log effect, file: events/eep_probe_events.txt line: 76. EEP_DLC Nemesis=YES
[07:08:21][effect_impl.cpp:22217]: [2201.4.3] Log effect, file: events/eep_probe_events.txt line: 78. EEP_DLC Shroud=YES
[07:08:21][effect_impl.cpp:22217]: [2201.5.3] Log effect, file: events/eep_probe_events.txt line: 63. EEP_MONTH country=EEP 05 焦土帝国 C=0 G=0 D=2 made=0 worlds=0
[07:08:21][effect_impl.cpp:22217]: [2201.5.3] Log effect, file: events/eep_probe_events.txt line: 70. EEP_MONTH source=EEP-Q15 Q=15 T=36 progress=16
[07:08:21][effect_impl.cpp:22217]: [2201.5.3] Log effect, file: events/eep_probe_events.txt line: 72. EEP_MONTH operational=YES
[07:08:21][effect_impl.cpp:22217]: [2201.5.3] Log effect, file: events/eep_probe_events.txt line: 70. EEP_MONTH source=EEP-Q20 Q=20 T=48 progress=16
[07:08:21][effect_impl.cpp:22217]: [2201.5.3] Log effect, file: events/eep_probe_events.txt line: 70. EEP_MONTH source=EEP-Q25 Q=25 T=60 progress=16
[07:08:21][effect_impl.cpp:22217]: [2201.5.3] Log effect, file: events/eep_probe_events.txt line: 76. EEP_DLC Nemesis=YES
[07:08:21][effect_impl.cpp:22217]: [2201.5.3] Log effect, file: events/eep_probe_events.txt line: 78. EEP_DLC Shroud=YES
[07:08:22][effect_impl.cpp:22217]: [2201.6.3] Log effect, file: events/eep_probe_events.txt line: 63. EEP_MONTH country=EEP 05 焦土帝国 C=0 G=0 D=2 made=0 worlds=0
[07:08:22][effect_impl.cpp:22217]: [2201.6.3] Log effect, file: events/eep_probe_events.txt line: 70. EEP_MONTH source=EEP-Q15 Q=15 T=36 progress=17
[07:08:22][effect_impl.cpp:22217]: [2201.6.3] Log effect, file: events/eep_probe_events.txt line: 72. EEP_MONTH operational=YES
[07:08:22][effect_impl.cpp:22217]: [2201.6.3] Log effect, file: events/eep_probe_events.txt line: 70. EEP_MONTH source=EEP-Q20 Q=20 T=48 progress=17
[07:08:22][effect_impl.cpp:22217]: [2201.6.3] Log effect, file: events/eep_probe_events.txt line: 70. EEP_MONTH source=EEP-Q25 Q=25 T=60 progress=17
[07:08:22][effect_impl.cpp:22217]: [2201.6.3] Log effect, file: events/eep_probe_events.txt line: 76. EEP_DLC Nemesis=YES
[07:08:22][effect_impl.cpp:22217]: [2201.6.3] Log effect, file: events/eep_probe_events.txt line: 78. EEP_DLC Shroud=YES
[07:08:22][effect_impl.cpp:22217]: [2201.7.3] Log effect, file: events/eep_probe_events.txt line: 63. EEP_MONTH country=EEP 05 焦土帝国 C=0 G=0 D=2 made=0 worlds=0
[07:08:22][effect_impl.cpp:22217]: [2201.7.3] Log effect, file: events/eep_probe_events.txt line: 70. EEP_MONTH source=EEP-Q15 Q=15 T=36 progress=18
[07:08:22][effect_impl.cpp:22217]: [2201.7.3] Log effect, file: events/eep_probe_events.txt line: 72. EEP_MONTH operational=YES
[07:08:22][effect_impl.cpp:22217]: [2201.7.3] Log effect, file: events/eep_probe_events.txt line: 70. EEP_MONTH source=EEP-Q20 Q=20 T=48 progress=18
[07:08:22][effect_impl.cpp:22217]: [2201.7.3] Log effect, file: events/eep_probe_events.txt line: 70. EEP_MONTH source=EEP-Q25 Q=25 T=60 progress=18
[07:08:22][effect_impl.cpp:22217]: [2201.7.3] Log effect, file: events/eep_probe_events.txt line: 76. EEP_DLC Nemesis=YES
[07:08:22][effect_impl.cpp:22217]: [2201.7.3] Log effect, file: events/eep_probe_events.txt line: 78. EEP_DLC Shroud=YES
[07:08:22][effect_impl.cpp:22217]: [2201.8.3] Log effect, file: events/eep_probe_events.txt line: 63. EEP_MONTH country=EEP 05 焦土帝国 C=0 G=0 D=2 made=0 worlds=0
[07:08:22][effect_impl.cpp:22217]: [2201.8.3] Log effect, file: events/eep_probe_events.txt line: 70. EEP_MONTH source=EEP-Q15 Q=15 T=36 progress=19
[07:08:22][effect_impl.cpp:22217]: [2201.8.3] Log effect, file: events/eep_probe_events.txt line: 72. EEP_MONTH operational=YES
[07:08:22][effect_impl.cpp:22217]: [2201.8.3] Log effect, file: events/eep_probe_events.txt line: 70. EEP_MONTH source=EEP-Q20 Q=20 T=48 progress=19
[07:08:22][effect_impl.cpp:22217]: [2201.8.3] Log effect, file: events/eep_probe_events.txt line: 70. EEP_MONTH source=EEP-Q25 Q=25 T=60 progress=19
[07:08:22][effect_impl.cpp:22217]: [2201.8.3] Log effect, file: events/eep_probe_events.txt line: 76. EEP_DLC Nemesis=YES
[07:08:22][effect_impl.cpp:22217]: [2201.8.3] Log effect, file: events/eep_probe_events.txt line: 78. EEP_DLC Shroud=YES
[07:08:23][effect_impl.cpp:22217]: [2201.9.3] Log effect, file: events/eep_probe_events.txt line: 63. EEP_MONTH country=EEP 05 焦土帝国 C=0 G=0 D=2 made=0 worlds=0
[07:08:23][effect_impl.cpp:22217]: [2201.9.3] Log effect, file: events/eep_probe_events.txt line: 70. EEP_MONTH source=EEP-Q15 Q=15 T=36 progress=20
[07:08:23][effect_impl.cpp:22217]: [2201.9.3] Log effect, file: events/eep_probe_events.txt line: 72. EEP_MONTH operational=YES
[07:08:23][effect_impl.cpp:22217]: [2201.9.3] Log effect, file: events/eep_probe_events.txt line: 70. EEP_MONTH source=EEP-Q20 Q=20 T=48 progress=20
[07:08:23][effect_impl.cpp:22217]: [2201.9.3] Log effect, file: events/eep_probe_events.txt line: 70. EEP_MONTH source=EEP-Q25 Q=25 T=60 progress=20
[07:08:23][effect_impl.cpp:22217]: [2201.9.3] Log effect, file: events/eep_probe_events.txt line: 76. EEP_DLC Nemesis=YES
[07:08:23][effect_impl.cpp:22217]: [2201.9.3] Log effect, file: events/eep_probe_events.txt line: 78. EEP_DLC Shroud=YES
[07:08:23][effect_impl.cpp:22217]: [2201.10.3] Log effect, file: events/eep_probe_events.txt line: 63. EEP_MONTH country=EEP 05 焦土帝国 C=0 G=0 D=2 made=0 worlds=0
[07:08:23][effect_impl.cpp:22217]: [2201.10.3] Log effect, file: events/eep_probe_events.txt line: 70. EEP_MONTH source=EEP-Q15 Q=15 T=36 progress=21
[07:08:23][effect_impl.cpp:22217]: [2201.10.3] Log effect, file: events/eep_probe_events.txt line: 72. EEP_MONTH operational=YES
[07:08:23][effect_impl.cpp:22217]: [2201.10.3] Log effect, file: events/eep_probe_events.txt line: 70. EEP_MONTH source=EEP-Q20 Q=20 T=48 progress=21
[07:08:23][effect_impl.cpp:22217]: [2201.10.3] Log effect, file: events/eep_probe_events.txt line: 70. EEP_MONTH source=EEP-Q25 Q=25 T=60 progress=21
[07:08:23][effect_impl.cpp:22217]: [2201.10.3] Log effect, file: events/eep_probe_events.txt line: 76. EEP_DLC Nemesis=YES
[07:08:23][effect_impl.cpp:22217]: [2201.10.3] Log effect, file: events/eep_probe_events.txt line: 78. EEP_DLC Shroud=YES
[07:08:23][effect_impl.cpp:22217]: [2201.11.3] Log effect, file: events/eep_probe_events.txt line: 63. EEP_MONTH country=EEP 05 焦土帝国 C=0 G=0 D=2 made=0 worlds=0
[07:08:23][effect_impl.cpp:22217]: [2201.11.3] Log effect, file: events/eep_probe_events.txt line: 70. EEP_MONTH source=EEP-Q15 Q=15 T=36 progress=22
[07:08:23][effect_impl.cpp:22217]: [2201.11.3] Log effect, file: events/eep_probe_events.txt line: 72. EEP_MONTH operational=YES
[07:08:23][effect_impl.cpp:22217]: [2201.11.3] Log effect, file: events/eep_probe_events.txt line: 70. EEP_MONTH source=EEP-Q20 Q=20 T=48 progress=22
[07:08:23][effect_impl.cpp:22217]: [2201.11.3] Log effect, file: events/eep_probe_events.txt line: 70. EEP_MONTH source=EEP-Q25 Q=25 T=60 progress=22
[07:08:23][effect_impl.cpp:22217]: [2201.11.3] Log effect, file: events/eep_probe_events.txt line: 76. EEP_DLC Nemesis=YES
[07:08:23][effect_impl.cpp:22217]: [2201.11.3] Log effect, file: events/eep_probe_events.txt line: 78. EEP_DLC Shroud=YES
[07:08:24][effect_impl.cpp:22217]: [2201.12.3] Log effect, file: events/eep_probe_events.txt line: 63. EEP_MONTH country=EEP 05 焦土帝国 C=0 G=0 D=2 made=0 worlds=0
[07:08:24][effect_impl.cpp:22217]: [2201.12.3] Log effect, file: events/eep_probe_events.txt line: 70. EEP_MONTH source=EEP-Q15 Q=15 T=36 progress=23
[07:08:24][effect_impl.cpp:22217]: [2201.12.3] Log effect, file: events/eep_probe_events.txt line: 72. EEP_MONTH operational=YES
[07:08:24][effect_impl.cpp:22217]: [2201.12.3] Log effect, file: events/eep_probe_events.txt line: 70. EEP_MONTH source=EEP-Q20 Q=20 T=48 progress=23
[07:08:24][effect_impl.cpp:22217]: [2201.12.3] Log effect, file: events/eep_probe_events.txt line: 70. EEP_MONTH source=EEP-Q25 Q=25 T=60 progress=23
[07:08:24][effect_impl.cpp:22217]: [2201.12.3] Log effect, file: events/eep_probe_events.txt line: 76. EEP_DLC Nemesis=YES
[07:08:24][effect_impl.cpp:22217]: [2201.12.3] Log effect, file: events/eep_probe_events.txt line: 78. EEP_DLC Shroud=YES
[07:08:24][effect_impl.cpp:22217]: [2202.1.3] Log effect, file: events/eep_probe_events.txt line: 63. EEP_MONTH country=EEP 05 焦土帝国 C=0 G=0 D=2 made=0 worlds=0
[07:08:24][effect_impl.cpp:22217]: [2202.1.3] Log effect, file: events/eep_probe_events.txt line: 70. EEP_MONTH source=EEP-Q15 Q=15 T=36 progress=24
[07:08:24][effect_impl.cpp:22217]: [2202.1.3] Log effect, file: events/eep_probe_events.txt line: 72. EEP_MONTH operational=YES
[07:08:24][effect_impl.cpp:22217]: [2202.1.3] Log effect, file: events/eep_probe_events.txt line: 70. EEP_MONTH source=EEP-Q20 Q=20 T=48 progress=24
[07:08:24][effect_impl.cpp:22217]: [2202.1.3] Log effect, file: events/eep_probe_events.txt line: 70. EEP_MONTH source=EEP-Q25 Q=25 T=60 progress=24
[07:08:24][effect_impl.cpp:22217]: [2202.1.3] Log effect, file: events/eep_probe_events.txt line: 76. EEP_DLC Nemesis=YES
[07:08:24][effect_impl.cpp:22217]: [2202.1.3] Log effect, file: events/eep_probe_events.txt line: 78. EEP_DLC Shroud=YES
[07:08:24][effect_impl.cpp:22217]: [2202.2.3] Log effect, file: events/eep_probe_events.txt line: 63. EEP_MONTH country=EEP 05 焦土帝国 C=0 G=0 D=2 made=0 worlds=0
[07:08:24][effect_impl.cpp:22217]: [2202.2.3] Log effect, file: events/eep_probe_events.txt line: 70. EEP_MONTH source=EEP-Q15 Q=15 T=36 progress=25
[07:08:24][effect_impl.cpp:22217]: [2202.2.3] Log effect, file: events/eep_probe_events.txt line: 72. EEP_MONTH operational=YES
[07:08:24][effect_impl.cpp:22217]: [2202.2.3] Log effect, file: events/eep_probe_events.txt line: 70. EEP_MONTH source=EEP-Q20 Q=20 T=48 progress=25
[07:08:24][effect_impl.cpp:22217]: [2202.2.3] Log effect, file: events/eep_probe_events.txt line: 70. EEP_MONTH source=EEP-Q25 Q=25 T=60 progress=25
[07:08:24][effect_impl.cpp:22217]: [2202.2.3] Log effect, file: events/eep_probe_events.txt line: 76. EEP_DLC Nemesis=YES
[07:08:24][effect_impl.cpp:22217]: [2202.2.3] Log effect, file: events/eep_probe_events.txt line: 78. EEP_DLC Shroud=YES
[07:08:25][effect_impl.cpp:22217]: [2202.3.3] Log effect, file: events/eep_probe_events.txt line: 63. EEP_MONTH country=EEP 05 焦土帝国 C=0 G=0 D=2 made=0 worlds=0
[07:08:25][effect_impl.cpp:22217]: [2202.3.3] Log effect, file: events/eep_probe_events.txt line: 70. EEP_MONTH source=EEP-Q15 Q=15 T=36 progress=26
[07:08:25][effect_impl.cpp:22217]: [2202.3.3] Log effect, file: events/eep_probe_events.txt line: 72. EEP_MONTH operational=YES
[07:08:25][effect_impl.cpp:22217]: [2202.3.3] Log effect, file: events/eep_probe_events.txt line: 70. EEP_MONTH source=EEP-Q20 Q=20 T=48 progress=26
[07:08:25][effect_impl.cpp:22217]: [2202.3.3] Log effect, file: events/eep_probe_events.txt line: 70. EEP_MONTH source=EEP-Q25 Q=25 T=60 progress=26
[07:08:25][effect_impl.cpp:22217]: [2202.3.3] Log effect, file: events/eep_probe_events.txt line: 76. EEP_DLC Nemesis=YES
[07:08:25][effect_impl.cpp:22217]: [2202.3.3] Log effect, file: events/eep_probe_events.txt line: 78. EEP_DLC Shroud=YES
[07:08:25][eventcommands.cpp:88]: Event first_contact_critters.1 added info about event selection. selectedOption 0, human -1, playerEventId 5
[07:08:25][effect_impl.cpp:22217]: [2202.4.3] Log effect, file: events/eep_probe_events.txt line: 63. EEP_MONTH country=EEP 05 焦土帝国 C=0 G=0 D=2 made=0 worlds=0
[07:08:25][effect_impl.cpp:22217]: [2202.4.3] Log effect, file: events/eep_probe_events.txt line: 70. EEP_MONTH source=EEP-Q15 Q=15 T=36 progress=27
[07:08:25][effect_impl.cpp:22217]: [2202.4.3] Log effect, file: events/eep_probe_events.txt line: 72. EEP_MONTH operational=YES
[07:08:25][effect_impl.cpp:22217]: [2202.4.3] Log effect, file: events/eep_probe_events.txt line: 70. EEP_MONTH source=EEP-Q20 Q=20 T=48 progress=27
[07:08:25][effect_impl.cpp:22217]: [2202.4.3] Log effect, file: events/eep_probe_events.txt line: 70. EEP_MONTH source=EEP-Q25 Q=25 T=60 progress=27
[07:08:25][effect_impl.cpp:22217]: [2202.4.3] Log effect, file: events/eep_probe_events.txt line: 76. EEP_DLC Nemesis=YES
[07:08:25][effect_impl.cpp:22217]: [2202.4.3] Log effect, file: events/eep_probe_events.txt line: 78. EEP_DLC Shroud=YES
[07:08:25][effect_impl.cpp:22217]: [2202.5.3] Log effect, file: events/eep_probe_events.txt line: 63. EEP_MONTH country=EEP 05 焦土帝国 C=0 G=0 D=2 made=0 worlds=0
[07:08:25][effect_impl.cpp:22217]: [2202.5.3] Log effect, file: events/eep_probe_events.txt line: 70. EEP_MONTH source=EEP-Q15 Q=15 T=36 progress=28
[07:08:25][effect_impl.cpp:22217]: [2202.5.3] Log effect, file: events/eep_probe_events.txt line: 72. EEP_MONTH operational=YES
[07:08:25][effect_impl.cpp:22217]: [2202.5.3] Log effect, file: events/eep_probe_events.txt line: 70. EEP_MONTH source=EEP-Q20 Q=20 T=48 progress=28
[07:08:25][effect_impl.cpp:22217]: [2202.5.3] Log effect, file: events/eep_probe_events.txt line: 70. EEP_MONTH source=EEP-Q25 Q=25 T=60 progress=28
[07:08:25][effect_impl.cpp:22217]: [2202.5.3] Log effect, file: events/eep_probe_events.txt line: 76. EEP_DLC Nemesis=YES
[07:08:25][effect_impl.cpp:22217]: [2202.5.3] Log effect, file: events/eep_probe_events.txt line: 78. EEP_DLC Shroud=YES
[07:08:26][effect_impl.cpp:22217]: [2202.6.3] Log effect, file: events/eep_probe_events.txt line: 63. EEP_MONTH country=EEP 05 焦土帝国 C=0 G=0 D=2 made=0 worlds=0
[07:08:26][effect_impl.cpp:22217]: [2202.6.3] Log effect, file: events/eep_probe_events.txt line: 70. EEP_MONTH source=EEP-Q15 Q=15 T=36 progress=29
[07:08:26][effect_impl.cpp:22217]: [2202.6.3] Log effect, file: events/eep_probe_events.txt line: 72. EEP_MONTH operational=YES
[07:08:26][effect_impl.cpp:22217]: [2202.6.3] Log effect, file: events/eep_probe_events.txt line: 70. EEP_MONTH source=EEP-Q20 Q=20 T=48 progress=29
[07:08:26][effect_impl.cpp:22217]: [2202.6.3] Log effect, file: events/eep_probe_events.txt line: 70. EEP_MONTH source=EEP-Q25 Q=25 T=60 progress=29
[07:08:26][effect_impl.cpp:22217]: [2202.6.3] Log effect, file: events/eep_probe_events.txt line: 76. EEP_DLC Nemesis=YES
[07:08:26][effect_impl.cpp:22217]: [2202.6.3] Log effect, file: events/eep_probe_events.txt line: 78. EEP_DLC Shroud=YES
[07:08:26][effect_impl.cpp:22217]: [2202.7.3] Log effect, file: events/eep_probe_events.txt line: 63. EEP_MONTH country=EEP 05 焦土帝国 C=0 G=0 D=2 made=0 worlds=0
[07:08:26][effect_impl.cpp:22217]: [2202.7.3] Log effect, file: events/eep_probe_events.txt line: 70. EEP_MONTH source=EEP-Q15 Q=15 T=36 progress=30
[07:08:26][effect_impl.cpp:22217]: [2202.7.3] Log effect, file: events/eep_probe_events.txt line: 72. EEP_MONTH operational=YES
[07:08:26][effect_impl.cpp:22217]: [2202.7.3] Log effect, file: events/eep_probe_events.txt line: 70. EEP_MONTH source=EEP-Q20 Q=20 T=48 progress=30
[07:08:26][effect_impl.cpp:22217]: [2202.7.3] Log effect, file: events/eep_probe_events.txt line: 70. EEP_MONTH source=EEP-Q25 Q=25 T=60 progress=30
[07:08:26][effect_impl.cpp:22217]: [2202.7.3] Log effect, file: events/eep_probe_events.txt line: 76. EEP_DLC Nemesis=YES
[07:08:26][effect_impl.cpp:22217]: [2202.7.3] Log effect, file: events/eep_probe_events.txt line: 78. EEP_DLC Shroud=YES
[07:08:26][effect_impl.cpp:22217]: [2202.8.3] Log effect, file: events/eep_probe_events.txt line: 63. EEP_MONTH country=EEP 05 焦土帝国 C=0 G=0 D=2 made=0 worlds=0
[07:08:26][effect_impl.cpp:22217]: [2202.8.3] Log effect, file: events/eep_probe_events.txt line: 70. EEP_MONTH source=EEP-Q15 Q=15 T=36 progress=31
[07:08:26][effect_impl.cpp:22217]: [2202.8.3] Log effect, file: events/eep_probe_events.txt line: 72. EEP_MONTH operational=YES
[07:08:26][effect_impl.cpp:22217]: [2202.8.3] Log effect, file: events/eep_probe_events.txt line: 70. EEP_MONTH source=EEP-Q20 Q=20 T=48 progress=31
[07:08:26][effect_impl.cpp:22217]: [2202.8.3] Log effect, file: events/eep_probe_events.txt line: 70. EEP_MONTH source=EEP-Q25 Q=25 T=60 progress=31
[07:08:26][effect_impl.cpp:22217]: [2202.8.3] Log effect, file: events/eep_probe_events.txt line: 76. EEP_DLC Nemesis=YES
[07:08:26][effect_impl.cpp:22217]: [2202.8.3] Log effect, file: events/eep_probe_events.txt line: 78. EEP_DLC Shroud=YES
[07:08:27][effect_impl.cpp:22217]: [2202.9.3] Log effect, file: events/eep_probe_events.txt line: 63. EEP_MONTH country=EEP 05 焦土帝国 C=0 G=0 D=2 made=0 worlds=0
[07:08:27][effect_impl.cpp:22217]: [2202.9.3] Log effect, file: events/eep_probe_events.txt line: 70. EEP_MONTH source=EEP-Q15 Q=15 T=36 progress=32
[07:08:27][effect_impl.cpp:22217]: [2202.9.3] Log effect, file: events/eep_probe_events.txt line: 72. EEP_MONTH operational=YES
[07:08:27][effect_impl.cpp:22217]: [2202.9.3] Log effect, file: events/eep_probe_events.txt line: 70. EEP_MONTH source=EEP-Q20 Q=20 T=48 progress=32
[07:08:27][effect_impl.cpp:22217]: [2202.9.3] Log effect, file: events/eep_probe_events.txt line: 70. EEP_MONTH source=EEP-Q25 Q=25 T=60 progress=32
[07:08:27][effect_impl.cpp:22217]: [2202.9.3] Log effect, file: events/eep_probe_events.txt line: 76. EEP_DLC Nemesis=YES
[07:08:27][effect_impl.cpp:22217]: [2202.9.3] Log effect, file: events/eep_probe_events.txt line: 78. EEP_DLC Shroud=YES
[07:08:27][effect_impl.cpp:22217]: [2202.10.3] Log effect, file: events/eep_probe_events.txt line: 63. EEP_MONTH country=EEP 05 焦土帝国 C=0 G=0 D=2 made=0 worlds=0
[07:08:27][effect_impl.cpp:22217]: [2202.10.3] Log effect, file: events/eep_probe_events.txt line: 70. EEP_MONTH source=EEP-Q15 Q=15 T=36 progress=33
[07:08:27][effect_impl.cpp:22217]: [2202.10.3] Log effect, file: events/eep_probe_events.txt line: 72. EEP_MONTH operational=YES
[07:08:27][effect_impl.cpp:22217]: [2202.10.3] Log effect, file: events/eep_probe_events.txt line: 70. EEP_MONTH source=EEP-Q20 Q=20 T=48 progress=33
[07:08:27][effect_impl.cpp:22217]: [2202.10.3] Log effect, file: events/eep_probe_events.txt line: 70. EEP_MONTH source=EEP-Q25 Q=25 T=60 progress=33
[07:08:27][effect_impl.cpp:22217]: [2202.10.3] Log effect, file: events/eep_probe_events.txt line: 76. EEP_DLC Nemesis=YES
[07:08:27][effect_impl.cpp:22217]: [2202.10.3] Log effect, file: events/eep_probe_events.txt line: 78. EEP_DLC Shroud=YES
[07:08:27][effect_impl.cpp:22217]: [2202.11.3] Log effect, file: events/eep_probe_events.txt line: 63. EEP_MONTH country=EEP 05 焦土帝国 C=0 G=0 D=2 made=0 worlds=0
[07:08:27][effect_impl.cpp:22217]: [2202.11.3] Log effect, file: events/eep_probe_events.txt line: 70. EEP_MONTH source=EEP-Q15 Q=15 T=36 progress=34
[07:08:27][effect_impl.cpp:22217]: [2202.11.3] Log effect, file: events/eep_probe_events.txt line: 72. EEP_MONTH operational=YES
[07:08:27][effect_impl.cpp:22217]: [2202.11.3] Log effect, file: events/eep_probe_events.txt line: 70. EEP_MONTH source=EEP-Q20 Q=20 T=48 progress=34
[07:08:27][effect_impl.cpp:22217]: [2202.11.3] Log effect, file: events/eep_probe_events.txt line: 70. EEP_MONTH source=EEP-Q25 Q=25 T=60 progress=34
[07:08:27][effect_impl.cpp:22217]: [2202.11.3] Log effect, file: events/eep_probe_events.txt line: 76. EEP_DLC Nemesis=YES
[07:08:27][effect_impl.cpp:22217]: [2202.11.3] Log effect, file: events/eep_probe_events.txt line: 78. EEP_DLC Shroud=YES
[07:08:28][effect_impl.cpp:22217]: [2202.12.3] Log effect, file: events/eep_probe_events.txt line: 63. EEP_MONTH country=EEP 05 焦土帝国 C=0 G=0 D=2 made=0 worlds=0
[07:08:28][effect_impl.cpp:22217]: [2202.12.3] Log effect, file: events/eep_probe_events.txt line: 70. EEP_MONTH source=EEP-Q15 Q=15 T=36 progress=35
[07:08:28][effect_impl.cpp:22217]: [2202.12.3] Log effect, file: events/eep_probe_events.txt line: 72. EEP_MONTH operational=YES
[07:08:28][effect_impl.cpp:22217]: [2202.12.3] Log effect, file: events/eep_probe_events.txt line: 70. EEP_MONTH source=EEP-Q20 Q=20 T=48 progress=35
[07:08:28][effect_impl.cpp:22217]: [2202.12.3] Log effect, file: events/eep_probe_events.txt line: 70. EEP_MONTH source=EEP-Q25 Q=25 T=60 progress=35
[07:08:28][effect_impl.cpp:22217]: [2202.12.3] Log effect, file: events/eep_probe_events.txt line: 76. EEP_DLC Nemesis=YES
[07:08:28][effect_impl.cpp:22217]: [2202.12.3] Log effect, file: events/eep_probe_events.txt line: 78. EEP_DLC Shroud=YES
[07:12:56][effect_impl.cpp:22217]: [2203.1.3] Log effect, file: events/eep_probe_events.txt line: 63. EEP_MONTH country=EEP 05 焦土帝国 C=15 G=15 D=5 made=200 worlds=1
[07:12:56][effect_impl.cpp:22217]: [2203.1.3] Log effect, file: events/eep_probe_events.txt line: 70. EEP_MONTH source=EEP-Q15 Q=15 T=36 progress=36
[07:12:56][effect_impl.cpp:22217]: [2203.1.3] Log effect, file: events/eep_probe_events.txt line: 73. EEP_MONTH operational=NO
[07:12:56][effect_impl.cpp:22217]: [2203.1.3] Log effect, file: events/eep_probe_events.txt line: 70. EEP_MONTH source=EEP-Q20 Q=20 T=48 progress=36
[07:12:56][effect_impl.cpp:22217]: [2203.1.3] Log effect, file: events/eep_probe_events.txt line: 72. EEP_MONTH operational=YES
[07:12:56][effect_impl.cpp:22217]: [2203.1.3] Log effect, file: events/eep_probe_events.txt line: 70. EEP_MONTH source=EEP-Q25 Q=25 T=60 progress=36
[07:12:56][effect_impl.cpp:22217]: [2203.1.3] Log effect, file: events/eep_probe_events.txt line: 76. EEP_DLC Nemesis=YES
[07:12:56][effect_impl.cpp:22217]: [2203.1.3] Log effect, file: events/eep_probe_events.txt line: 78. EEP_DLC Shroud=YES
[07:12:56][effect_impl.cpp:22217]: [2203.2.3] Log effect, file: events/eep_probe_events.txt line: 63. EEP_MONTH country=EEP 05 焦土帝国 C=15 G=15 D=5 made=200 worlds=1
[07:12:56][effect_impl.cpp:22217]: [2203.2.3] Log effect, file: events/eep_probe_events.txt line: 70. EEP_MONTH source=EEP-Q20 Q=20 T=48 progress=37
[07:12:56][effect_impl.cpp:22217]: [2203.2.3] Log effect, file: events/eep_probe_events.txt line: 72. EEP_MONTH operational=YES
[07:12:56][effect_impl.cpp:22217]: [2203.2.3] Log effect, file: events/eep_probe_events.txt line: 70. EEP_MONTH source=EEP-Q25 Q=25 T=60 progress=37
[07:12:56][effect_impl.cpp:22217]: [2203.2.3] Log effect, file: events/eep_probe_events.txt line: 76. EEP_DLC Nemesis=YES
[07:12:56][effect_impl.cpp:22217]: [2203.2.3] Log effect, file: events/eep_probe_events.txt line: 78. EEP_DLC Shroud=YES
[07:12:57][effect_impl.cpp:22217]: [2203.3.3] Log effect, file: events/eep_probe_events.txt line: 63. EEP_MONTH country=EEP 05 焦土帝国 C=15 G=15 D=5 made=200 worlds=1
[07:12:57][effect_impl.cpp:22217]: [2203.3.3] Log effect, file: events/eep_probe_events.txt line: 70. EEP_MONTH source=EEP-Q20 Q=20 T=48 progress=38
[07:12:57][effect_impl.cpp:22217]: [2203.3.3] Log effect, file: events/eep_probe_events.txt line: 72. EEP_MONTH operational=YES
[07:12:57][effect_impl.cpp:22217]: [2203.3.3] Log effect, file: events/eep_probe_events.txt line: 70. EEP_MONTH source=EEP-Q25 Q=25 T=60 progress=38
[07:12:57][effect_impl.cpp:22217]: [2203.3.3] Log effect, file: events/eep_probe_events.txt line: 76. EEP_DLC Nemesis=YES
[07:12:57][effect_impl.cpp:22217]: [2203.3.3] Log effect, file: events/eep_probe_events.txt line: 78. EEP_DLC Shroud=YES
[07:12:57][effect_impl.cpp:22217]: [2203.4.3] Log effect, file: events/eep_probe_events.txt line: 63. EEP_MONTH country=EEP 05 焦土帝国 C=15 G=15 D=5 made=200 worlds=1
[07:12:57][effect_impl.cpp:22217]: [2203.4.3] Log effect, file: events/eep_probe_events.txt line: 70. EEP_MONTH source=EEP-Q20 Q=20 T=48 progress=39
[07:12:57][effect_impl.cpp:22217]: [2203.4.3] Log effect, file: events/eep_probe_events.txt line: 72. EEP_MONTH operational=YES
[07:12:57][effect_impl.cpp:22217]: [2203.4.3] Log effect, file: events/eep_probe_events.txt line: 70. EEP_MONTH source=EEP-Q25 Q=25 T=60 progress=39
[07:12:57][effect_impl.cpp:22217]: [2203.4.3] Log effect, file: events/eep_probe_events.txt line: 76. EEP_DLC Nemesis=YES
[07:12:57][effect_impl.cpp:22217]: [2203.4.3] Log effect, file: events/eep_probe_events.txt line: 78. EEP_DLC Shroud=YES
[07:12:57][effect_impl.cpp:22217]: [2203.5.3] Log effect, file: events/eep_probe_events.txt line: 63. EEP_MONTH country=EEP 05 焦土帝国 C=15 G=15 D=5 made=200 worlds=1
[07:12:57][effect_impl.cpp:22217]: [2203.5.3] Log effect, file: events/eep_probe_events.txt line: 70. EEP_MONTH source=EEP-Q20 Q=20 T=48 progress=40
[07:12:57][effect_impl.cpp:22217]: [2203.5.3] Log effect, file: events/eep_probe_events.txt line: 72. EEP_MONTH operational=YES
[07:12:57][effect_impl.cpp:22217]: [2203.5.3] Log effect, file: events/eep_probe_events.txt line: 70. EEP_MONTH source=EEP-Q25 Q=25 T=60 progress=40
[07:12:57][effect_impl.cpp:22217]: [2203.5.3] Log effect, file: events/eep_probe_events.txt line: 76. EEP_DLC Nemesis=YES
[07:12:57][effect_impl.cpp:22217]: [2203.5.3] Log effect, file: events/eep_probe_events.txt line: 78. EEP_DLC Shroud=YES
[07:12:58][effect_impl.cpp:22217]: [2203.6.3] Log effect, file: events/eep_probe_events.txt line: 63. EEP_MONTH country=EEP 05 焦土帝国 C=15 G=15 D=5 made=200 worlds=1
[07:12:58][effect_impl.cpp:22217]: [2203.6.3] Log effect, file: events/eep_probe_events.txt line: 70. EEP_MONTH source=EEP-Q20 Q=20 T=48 progress=41
[07:12:58][effect_impl.cpp:22217]: [2203.6.3] Log effect, file: events/eep_probe_events.txt line: 72. EEP_MONTH operational=YES
[07:12:58][effect_impl.cpp:22217]: [2203.6.3] Log effect, file: events/eep_probe_events.txt line: 70. EEP_MONTH source=EEP-Q25 Q=25 T=60 progress=41
[07:12:58][effect_impl.cpp:22217]: [2203.6.3] Log effect, file: events/eep_probe_events.txt line: 76. EEP_DLC Nemesis=YES
[07:12:58][effect_impl.cpp:22217]: [2203.6.3] Log effect, file: events/eep_probe_events.txt line: 78. EEP_DLC Shroud=YES
[07:12:58][effect_impl.cpp:22217]: [2203.7.3] Log effect, file: events/eep_probe_events.txt line: 63. EEP_MONTH country=EEP 05 焦土帝国 C=15 G=15 D=5 made=200 worlds=1
[07:12:58][effect_impl.cpp:22217]: [2203.7.3] Log effect, file: events/eep_probe_events.txt line: 70. EEP_MONTH source=EEP-Q20 Q=20 T=48 progress=42
[07:12:58][effect_impl.cpp:22217]: [2203.7.3] Log effect, file: events/eep_probe_events.txt line: 72. EEP_MONTH operational=YES
[07:12:58][effect_impl.cpp:22217]: [2203.7.3] Log effect, file: events/eep_probe_events.txt line: 70. EEP_MONTH source=EEP-Q25 Q=25 T=60 progress=42
[07:12:58][effect_impl.cpp:22217]: [2203.7.3] Log effect, file: events/eep_probe_events.txt line: 76. EEP_DLC Nemesis=YES
[07:12:58][effect_impl.cpp:22217]: [2203.7.3] Log effect, file: events/eep_probe_events.txt line: 78. EEP_DLC Shroud=YES
[07:12:58][effect_impl.cpp:22217]: [2203.8.3] Log effect, file: events/eep_probe_events.txt line: 63. EEP_MONTH country=EEP 05 焦土帝国 C=15 G=15 D=5 made=200 worlds=1
[07:12:58][effect_impl.cpp:22217]: [2203.8.3] Log effect, file: events/eep_probe_events.txt line: 70. EEP_MONTH source=EEP-Q20 Q=20 T=48 progress=43
[07:12:58][effect_impl.cpp:22217]: [2203.8.3] Log effect, file: events/eep_probe_events.txt line: 72. EEP_MONTH operational=YES
[07:12:58][effect_impl.cpp:22217]: [2203.8.3] Log effect, file: events/eep_probe_events.txt line: 70. EEP_MONTH source=EEP-Q25 Q=25 T=60 progress=43
[07:12:58][effect_impl.cpp:22217]: [2203.8.3] Log effect, file: events/eep_probe_events.txt line: 76. EEP_DLC Nemesis=YES
[07:12:58][effect_impl.cpp:22217]: [2203.8.3] Log effect, file: events/eep_probe_events.txt line: 78. EEP_DLC Shroud=YES
[07:12:59][effect_impl.cpp:22217]: [2203.9.3] Log effect, file: events/eep_probe_events.txt line: 63. EEP_MONTH country=EEP 05 焦土帝国 C=15 G=15 D=5 made=200 worlds=1
[07:12:59][effect_impl.cpp:22217]: [2203.9.3] Log effect, file: events/eep_probe_events.txt line: 70. EEP_MONTH source=EEP-Q20 Q=20 T=48 progress=44
[07:12:59][effect_impl.cpp:22217]: [2203.9.3] Log effect, file: events/eep_probe_events.txt line: 72. EEP_MONTH operational=YES
[07:12:59][effect_impl.cpp:22217]: [2203.9.3] Log effect, file: events/eep_probe_events.txt line: 70. EEP_MONTH source=EEP-Q25 Q=25 T=60 progress=44
[07:12:59][effect_impl.cpp:22217]: [2203.9.3] Log effect, file: events/eep_probe_events.txt line: 76. EEP_DLC Nemesis=YES
[07:12:59][effect_impl.cpp:22217]: [2203.9.3] Log effect, file: events/eep_probe_events.txt line: 78. EEP_DLC Shroud=YES
[07:12:59][effect_impl.cpp:22217]: [2203.10.3] Log effect, file: events/eep_probe_events.txt line: 63. EEP_MONTH country=EEP 05 焦土帝国 C=15 G=15 D=5 made=200 worlds=1
[07:12:59][effect_impl.cpp:22217]: [2203.10.3] Log effect, file: events/eep_probe_events.txt line: 70. EEP_MONTH source=EEP-Q20 Q=20 T=48 progress=45
[07:12:59][effect_impl.cpp:22217]: [2203.10.3] Log effect, file: events/eep_probe_events.txt line: 72. EEP_MONTH operational=YES
[07:12:59][effect_impl.cpp:22217]: [2203.10.3] Log effect, file: events/eep_probe_events.txt line: 70. EEP_MONTH source=EEP-Q25 Q=25 T=60 progress=45
[07:12:59][effect_impl.cpp:22217]: [2203.10.3] Log effect, file: events/eep_probe_events.txt line: 76. EEP_DLC Nemesis=YES
[07:12:59][effect_impl.cpp:22217]: [2203.10.3] Log effect, file: events/eep_probe_events.txt line: 78. EEP_DLC Shroud=YES
[07:12:59][effect_impl.cpp:22217]: [2203.11.3] Log effect, file: events/eep_probe_events.txt line: 63. EEP_MONTH country=EEP 05 焦土帝国 C=15 G=15 D=5 made=200 worlds=1
[07:12:59][effect_impl.cpp:22217]: [2203.11.3] Log effect, file: events/eep_probe_events.txt line: 70. EEP_MONTH source=EEP-Q20 Q=20 T=48 progress=46
[07:12:59][effect_impl.cpp:22217]: [2203.11.3] Log effect, file: events/eep_probe_events.txt line: 72. EEP_MONTH operational=YES
[07:12:59][effect_impl.cpp:22217]: [2203.11.3] Log effect, file: events/eep_probe_events.txt line: 70. EEP_MONTH source=EEP-Q25 Q=25 T=60 progress=46
[07:12:59][effect_impl.cpp:22217]: [2203.11.3] Log effect, file: events/eep_probe_events.txt line: 76. EEP_DLC Nemesis=YES
[07:12:59][effect_impl.cpp:22217]: [2203.11.3] Log effect, file: events/eep_probe_events.txt line: 78. EEP_DLC Shroud=YES
[07:13:00][effect_impl.cpp:22217]: [2203.12.3] Log effect, file: events/eep_probe_events.txt line: 63. EEP_MONTH country=EEP 05 焦土帝国 C=15 G=15 D=5 made=200 worlds=1
[07:13:00][effect_impl.cpp:22217]: [2203.12.3] Log effect, file: events/eep_probe_events.txt line: 70. EEP_MONTH source=EEP-Q20 Q=20 T=48 progress=47
[07:13:00][effect_impl.cpp:22217]: [2203.12.3] Log effect, file: events/eep_probe_events.txt line: 72. EEP_MONTH operational=YES
[07:13:00][effect_impl.cpp:22217]: [2203.12.3] Log effect, file: events/eep_probe_events.txt line: 70. EEP_MONTH source=EEP-Q25 Q=25 T=60 progress=47
[07:13:00][effect_impl.cpp:22217]: [2203.12.3] Log effect, file: events/eep_probe_events.txt line: 76. EEP_DLC Nemesis=YES
[07:13:00][effect_impl.cpp:22217]: [2203.12.3] Log effect, file: events/eep_probe_events.txt line: 78. EEP_DLC Shroud=YES
[07:16:28][effect_impl.cpp:22217]: [2204.1.3] Log effect, file: events/eep_probe_events.txt line: 63. EEP_MONTH country=EEP 05 焦土帝国 C=35 G=35 D=10 made=500 worlds=2
[07:16:28][effect_impl.cpp:22217]: [2204.1.3] Log effect, file: events/eep_probe_events.txt line: 70. EEP_MONTH source=EEP-Q20 Q=20 T=48 progress=48
[07:16:28][effect_impl.cpp:22217]: [2204.1.3] Log effect, file: events/eep_probe_events.txt line: 73. EEP_MONTH operational=NO
[07:16:28][effect_impl.cpp:22217]: [2204.1.3] Log effect, file: events/eep_probe_events.txt line: 70. EEP_MONTH source=EEP-Q25 Q=25 T=60 progress=48
[07:16:28][effect_impl.cpp:22217]: [2204.1.3] Log effect, file: events/eep_probe_events.txt line: 72. EEP_MONTH operational=YES
[07:16:28][effect_impl.cpp:22217]: [2204.1.3] Log effect, file: events/eep_probe_events.txt line: 76. EEP_DLC Nemesis=YES
[07:16:28][effect_impl.cpp:22217]: [2204.1.3] Log effect, file: events/eep_probe_events.txt line: 78. EEP_DLC Shroud=YES
[07:16:29][eventcommands.cpp:88]: Event first_contact_critters.5 added info about event selection. selectedOption 2, human -1, playerEventId 6
[07:16:29][effect_impl.cpp:22217]: [2204.2.3] Log effect, file: events/eep_probe_events.txt line: 63. EEP_MONTH country=EEP 05 焦土帝国 C=35 G=35 D=10 made=500 worlds=2
[07:16:29][effect_impl.cpp:22217]: [2204.2.3] Log effect, file: events/eep_probe_events.txt line: 70. EEP_MONTH source=EEP-Q25 Q=25 T=60 progress=49
[07:16:29][effect_impl.cpp:22217]: [2204.2.3] Log effect, file: events/eep_probe_events.txt line: 72. EEP_MONTH operational=YES
[07:16:29][effect_impl.cpp:22217]: [2204.2.3] Log effect, file: events/eep_probe_events.txt line: 76. EEP_DLC Nemesis=YES
[07:16:29][effect_impl.cpp:22217]: [2204.2.3] Log effect, file: events/eep_probe_events.txt line: 78. EEP_DLC Shroud=YES
[07:16:29][effect_impl.cpp:22217]: [2204.3.3] Log effect, file: events/eep_probe_events.txt line: 63. EEP_MONTH country=EEP 05 焦土帝国 C=35 G=35 D=10 made=500 worlds=2
[07:16:29][effect_impl.cpp:22217]: [2204.3.3] Log effect, file: events/eep_probe_events.txt line: 70. EEP_MONTH source=EEP-Q25 Q=25 T=60 progress=50
[07:16:29][effect_impl.cpp:22217]: [2204.3.3] Log effect, file: events/eep_probe_events.txt line: 72. EEP_MONTH operational=YES
[07:16:29][effect_impl.cpp:22217]: [2204.3.3] Log effect, file: events/eep_probe_events.txt line: 76. EEP_DLC Nemesis=YES
[07:16:29][effect_impl.cpp:22217]: [2204.3.3] Log effect, file: events/eep_probe_events.txt line: 78. EEP_DLC Shroud=YES
[07:16:29][effect_impl.cpp:22217]: [2204.4.3] Log effect, file: events/eep_probe_events.txt line: 63. EEP_MONTH country=EEP 05 焦土帝国 C=35 G=35 D=10 made=500 worlds=2
[07:16:29][effect_impl.cpp:22217]: [2204.4.3] Log effect, file: events/eep_probe_events.txt line: 70. EEP_MONTH source=EEP-Q25 Q=25 T=60 progress=51
[07:16:29][effect_impl.cpp:22217]: [2204.4.3] Log effect, file: events/eep_probe_events.txt line: 72. EEP_MONTH operational=YES
[07:16:29][effect_impl.cpp:22217]: [2204.4.3] Log effect, file: events/eep_probe_events.txt line: 76. EEP_DLC Nemesis=YES
[07:16:29][effect_impl.cpp:22217]: [2204.4.3] Log effect, file: events/eep_probe_events.txt line: 78. EEP_DLC Shroud=YES
[07:16:30][effect_impl.cpp:22217]: [2204.5.3] Log effect, file: events/eep_probe_events.txt line: 63. EEP_MONTH country=EEP 05 焦土帝国 C=35 G=35 D=10 made=500 worlds=2
[07:16:30][effect_impl.cpp:22217]: [2204.5.3] Log effect, file: events/eep_probe_events.txt line: 70. EEP_MONTH source=EEP-Q25 Q=25 T=60 progress=52
[07:16:30][effect_impl.cpp:22217]: [2204.5.3] Log effect, file: events/eep_probe_events.txt line: 72. EEP_MONTH operational=YES
[07:16:30][effect_impl.cpp:22217]: [2204.5.3] Log effect, file: events/eep_probe_events.txt line: 76. EEP_DLC Nemesis=YES
[07:16:30][effect_impl.cpp:22217]: [2204.5.3] Log effect, file: events/eep_probe_events.txt line: 78. EEP_DLC Shroud=YES
[07:16:30][effect_impl.cpp:22217]: [2204.6.3] Log effect, file: events/eep_probe_events.txt line: 63. EEP_MONTH country=EEP 05 焦土帝国 C=35 G=35 D=10 made=500 worlds=2
[07:16:30][effect_impl.cpp:22217]: [2204.6.3] Log effect, file: events/eep_probe_events.txt line: 70. EEP_MONTH source=EEP-Q25 Q=25 T=60 progress=53
[07:16:30][effect_impl.cpp:22217]: [2204.6.3] Log effect, file: events/eep_probe_events.txt line: 72. EEP_MONTH operational=YES
[07:16:30][effect_impl.cpp:22217]: [2204.6.3] Log effect, file: events/eep_probe_events.txt line: 76. EEP_DLC Nemesis=YES
[07:16:30][effect_impl.cpp:22217]: [2204.6.3] Log effect, file: events/eep_probe_events.txt line: 78. EEP_DLC Shroud=YES
[07:16:30][eventcommands.cpp:88]: Event astral_planes.2125 added info about event selection. selectedOption 0, human -1, playerEventId 7
[07:16:30][effect_impl.cpp:22217]: [2204.7.3] Log effect, file: events/eep_probe_events.txt line: 63. EEP_MONTH country=EEP 05 焦土帝国 C=35 G=35 D=10 made=500 worlds=2
[07:16:30][effect_impl.cpp:22217]: [2204.7.3] Log effect, file: events/eep_probe_events.txt line: 70. EEP_MONTH source=EEP-Q25 Q=25 T=60 progress=54
[07:16:30][effect_impl.cpp:22217]: [2204.7.3] Log effect, file: events/eep_probe_events.txt line: 72. EEP_MONTH operational=YES
[07:16:30][effect_impl.cpp:22217]: [2204.7.3] Log effect, file: events/eep_probe_events.txt line: 76. EEP_DLC Nemesis=YES
[07:16:30][effect_impl.cpp:22217]: [2204.7.3] Log effect, file: events/eep_probe_events.txt line: 78. EEP_DLC Shroud=YES
[07:16:31][eventcommands.cpp:88]: Event first_contact.1 added info about event selection. selectedOption 0, human -1, playerEventId 8
[07:16:31][effect_impl.cpp:22217]: [2204.8.3] Log effect, file: events/eep_probe_events.txt line: 63. EEP_MONTH country=EEP 05 焦土帝国 C=35 G=35 D=10 made=500 worlds=2
[07:16:31][effect_impl.cpp:22217]: [2204.8.3] Log effect, file: events/eep_probe_events.txt line: 70. EEP_MONTH source=EEP-Q25 Q=25 T=60 progress=55
[07:16:31][effect_impl.cpp:22217]: [2204.8.3] Log effect, file: events/eep_probe_events.txt line: 72. EEP_MONTH operational=YES
[07:16:31][effect_impl.cpp:22217]: [2204.8.3] Log effect, file: events/eep_probe_events.txt line: 76. EEP_DLC Nemesis=YES
[07:16:31][effect_impl.cpp:22217]: [2204.8.3] Log effect, file: events/eep_probe_events.txt line: 78. EEP_DLC Shroud=YES
[07:16:31][effect_impl.cpp:22217]: [2204.9.3] Log effect, file: events/eep_probe_events.txt line: 63. EEP_MONTH country=EEP 05 焦土帝国 C=35 G=35 D=10 made=500 worlds=2
[07:16:31][effect_impl.cpp:22217]: [2204.9.3] Log effect, file: events/eep_probe_events.txt line: 70. EEP_MONTH source=EEP-Q25 Q=25 T=60 progress=56
[07:16:31][effect_impl.cpp:22217]: [2204.9.3] Log effect, file: events/eep_probe_events.txt line: 72. EEP_MONTH operational=YES
[07:16:31][effect_impl.cpp:22217]: [2204.9.3] Log effect, file: events/eep_probe_events.txt line: 76. EEP_DLC Nemesis=YES
[07:16:31][effect_impl.cpp:22217]: [2204.9.3] Log effect, file: events/eep_probe_events.txt line: 78. EEP_DLC Shroud=YES
[07:16:32][eventcommands.cpp:88]: Event first_contact.1 added info about event selection. selectedOption 0, human -1, playerEventId 9
[07:16:32][eventcommands.cpp:88]: Event first_contact.1 added info about event selection. selectedOption 0, human -1, playerEventId 10
[07:16:32][effect_impl.cpp:22217]: [2204.10.3] Log effect, file: events/eep_probe_events.txt line: 63. EEP_MONTH country=EEP 05 焦土帝国 C=35 G=35 D=10 made=500 worlds=2
[07:16:32][effect_impl.cpp:22217]: [2204.10.3] Log effect, file: events/eep_probe_events.txt line: 70. EEP_MONTH source=EEP-Q25 Q=25 T=60 progress=57
[07:16:32][effect_impl.cpp:22217]: [2204.10.3] Log effect, file: events/eep_probe_events.txt line: 72. EEP_MONTH operational=YES
[07:16:32][effect_impl.cpp:22217]: [2204.10.3] Log effect, file: events/eep_probe_events.txt line: 76. EEP_DLC Nemesis=YES
[07:16:32][effect_impl.cpp:22217]: [2204.10.3] Log effect, file: events/eep_probe_events.txt line: 78. EEP_DLC Shroud=YES
[07:16:32][effect_impl.cpp:22217]: [2204.11.3] Log effect, file: events/eep_probe_events.txt line: 63. EEP_MONTH country=EEP 05 焦土帝国 C=35 G=35 D=10 made=500 worlds=2
[07:16:32][effect_impl.cpp:22217]: [2204.11.3] Log effect, file: events/eep_probe_events.txt line: 70. EEP_MONTH source=EEP-Q25 Q=25 T=60 progress=58
[07:16:32][effect_impl.cpp:22217]: [2204.11.3] Log effect, file: events/eep_probe_events.txt line: 72. EEP_MONTH operational=YES
[07:16:32][effect_impl.cpp:22217]: [2204.11.3] Log effect, file: events/eep_probe_events.txt line: 76. EEP_DLC Nemesis=YES
[07:16:32][effect_impl.cpp:22217]: [2204.11.3] Log effect, file: events/eep_probe_events.txt line: 78. EEP_DLC Shroud=YES
[07:16:32][effect_impl.cpp:22217]: [2204.12.3] Log effect, file: events/eep_probe_events.txt line: 63. EEP_MONTH country=EEP 05 焦土帝国 C=35 G=35 D=10 made=500 worlds=2
[07:16:32][effect_impl.cpp:22217]: [2204.12.3] Log effect, file: events/eep_probe_events.txt line: 70. EEP_MONTH source=EEP-Q25 Q=25 T=60 progress=59
[07:16:32][effect_impl.cpp:22217]: [2204.12.3] Log effect, file: events/eep_probe_events.txt line: 72. EEP_MONTH operational=YES
[07:16:32][effect_impl.cpp:22217]: [2204.12.3] Log effect, file: events/eep_probe_events.txt line: 76. EEP_DLC Nemesis=YES
[07:16:32][effect_impl.cpp:22217]: [2204.12.3] Log effect, file: events/eep_probe_events.txt line: 78. EEP_DLC Shroud=YES
[07:24:05][effect_impl.cpp:22217]: [2205.1.3] Log effect, file: events/eep_probe_events.txt line: 63. EEP_MONTH country=EEP 05 焦土帝国 C=60 G=60 D=17 made=1000 worlds=3
[07:24:05][effect_impl.cpp:22217]: [2205.1.3] Log effect, file: events/eep_probe_events.txt line: 70. EEP_MONTH source=EEP-Q25 Q=25 T=60 progress=60
[07:24:05][effect_impl.cpp:22217]: [2205.1.3] Log effect, file: events/eep_probe_events.txt line: 73. EEP_MONTH operational=NO
[07:24:05][effect_impl.cpp:22217]: [2205.1.3] Log effect, file: events/eep_probe_events.txt line: 76. EEP_DLC Nemesis=YES
[07:24:05][effect_impl.cpp:22217]: [2205.1.3] Log effect, file: events/eep_probe_events.txt line: 78. EEP_DLC Shroud=YES
[07:24:15][effect_impl.cpp:22217]: [2205.2.3] Log effect, file: events/eep_probe_events.txt line: 63. EEP_MONTH country=EEP 05 焦土帝国 C=60 G=60 D=17 made=1000 worlds=3
[07:24:15][effect_impl.cpp:22217]: [2205.2.3] Log effect, file: events/eep_probe_events.txt line: 76. EEP_DLC Nemesis=YES
[07:24:15][effect_impl.cpp:22217]: [2205.2.3] Log effect, file: events/eep_probe_events.txt line: 78. EEP_DLC Shroud=YES
[07:24:57][eventcommands.cpp:88]: Event eep.13 added info about event selection. selectedOption 0, human 1, playerEventId 11
[07:25:08][effect_impl.cpp:22217]: [2205.3.3] Log effect, file: events/eep_probe_events.txt line: 63. EEP_MONTH country=EEP 05 焦土帝国 C=60 G=60 D=17 made=1000 worlds=3
[07:25:08][effect_impl.cpp:22217]: [2205.3.3] Log effect, file: events/eep_probe_events.txt line: 76. EEP_DLC Nemesis=YES
[07:25:08][effect_impl.cpp:22217]: [2205.3.3] Log effect, file: events/eep_probe_events.txt line: 78. EEP_DLC Shroud=YES
[07:25:18][effect_impl.cpp:22217]: [2205.4.3] Log effect, file: events/eep_probe_events.txt line: 63. EEP_MONTH country=EEP 05 焦土帝国 C=60 G=60 D=17 made=1000 worlds=3
[07:25:18][effect_impl.cpp:22217]: [2205.4.3] Log effect, file: events/eep_probe_events.txt line: 76. EEP_DLC Nemesis=YES
[07:25:18][effect_impl.cpp:22217]: [2205.4.3] Log effect, file: events/eep_probe_events.txt line: 78. EEP_DLC Shroud=YES
[07:25:27][effect_impl.cpp:22217]: [2205.5.3] Log effect, file: events/eep_probe_events.txt line: 63. EEP_MONTH country=EEP 05 焦土帝国 C=60 G=60 D=17 made=1000 worlds=3
[07:25:27][effect_impl.cpp:22217]: [2205.5.3] Log effect, file: events/eep_probe_events.txt line: 76. EEP_DLC Nemesis=YES
[07:25:27][effect_impl.cpp:22217]: [2205.5.3] Log effect, file: events/eep_probe_events.txt line: 78. EEP_DLC Shroud=YES
[07:25:37][effect_impl.cpp:22217]: [2205.6.3] Log effect, file: events/eep_probe_events.txt line: 63. EEP_MONTH country=EEP 05 焦土帝国 C=60 G=60 D=17 made=1000 worlds=3
[07:25:37][effect_impl.cpp:22217]: [2205.6.3] Log effect, file: events/eep_probe_events.txt line: 76. EEP_DLC Nemesis=YES
[07:25:37][effect_impl.cpp:22217]: [2205.6.3] Log effect, file: events/eep_probe_events.txt line: 78. EEP_DLC Shroud=YES
[07:25:47][effect_impl.cpp:22217]: [2205.7.3] Log effect, file: events/eep_probe_events.txt line: 63. EEP_MONTH country=EEP 05 焦土帝国 C=60 G=60 D=17 made=1000 worlds=3
[07:25:47][effect_impl.cpp:22217]: [2205.7.3] Log effect, file: events/eep_probe_events.txt line: 76. EEP_DLC Nemesis=YES
[07:25:47][effect_impl.cpp:22217]: [2205.7.3] Log effect, file: events/eep_probe_events.txt line: 78. EEP_DLC Shroud=YES
[07:25:57][effect_impl.cpp:22217]: [2205.8.3] Log effect, file: events/eep_probe_events.txt line: 63. EEP_MONTH country=EEP 05 焦土帝国 C=60 G=60 D=17 made=1000 worlds=3
[07:25:57][effect_impl.cpp:22217]: [2205.8.3] Log effect, file: events/eep_probe_events.txt line: 76. EEP_DLC Nemesis=YES
[07:25:57][effect_impl.cpp:22217]: [2205.8.3] Log effect, file: events/eep_probe_events.txt line: 78. EEP_DLC Shroud=YES
[07:26:07][effect_impl.cpp:22217]: [2205.9.3] Log effect, file: events/eep_probe_events.txt line: 63. EEP_MONTH country=EEP 05 焦土帝国 C=60 G=60 D=17 made=1000 worlds=3
[07:26:07][effect_impl.cpp:22217]: [2205.9.3] Log effect, file: events/eep_probe_events.txt line: 76. EEP_DLC Nemesis=YES
[07:26:07][effect_impl.cpp:22217]: [2205.9.3] Log effect, file: events/eep_probe_events.txt line: 78. EEP_DLC Shroud=YES
[07:26:16][effect_impl.cpp:22217]: [2205.10.3] Log effect, file: events/eep_probe_events.txt line: 63. EEP_MONTH country=EEP 05 焦土帝国 C=60 G=60 D=17 made=1000 worlds=3
[07:26:16][effect_impl.cpp:22217]: [2205.10.3] Log effect, file: events/eep_probe_events.txt line: 76. EEP_DLC Nemesis=YES
[07:26:16][effect_impl.cpp:22217]: [2205.10.3] Log effect, file: events/eep_probe_events.txt line: 78. EEP_DLC Shroud=YES
[07:26:26][effect_impl.cpp:22217]: [2205.11.3] Log effect, file: events/eep_probe_events.txt line: 63. EEP_MONTH country=EEP 05 焦土帝国 C=60 G=60 D=17 made=1000 worlds=3
[07:26:26][effect_impl.cpp:22217]: [2205.11.3] Log effect, file: events/eep_probe_events.txt line: 76. EEP_DLC Nemesis=YES
[07:26:26][effect_impl.cpp:22217]: [2205.11.3] Log effect, file: events/eep_probe_events.txt line: 78. EEP_DLC Shroud=YES
[07:26:36][effect_impl.cpp:22217]: [2205.12.3] Log effect, file: events/eep_probe_events.txt line: 63. EEP_MONTH country=EEP 05 焦土帝国 C=60 G=60 D=17 made=1000 worlds=3
[07:26:36][effect_impl.cpp:22217]: [2205.12.3] Log effect, file: events/eep_probe_events.txt line: 76. EEP_DLC Nemesis=YES
[07:26:36][effect_impl.cpp:22217]: [2205.12.3] Log effect, file: events/eep_probe_events.txt line: 78. EEP_DLC Shroud=YES
