[12:38:08][dlc.cpp:1847]: Could not find files for mod: C:\Program Files (x86)\Steam\steamapps\workshop\content\281990\3797257579
[12:38:08][dlc.cpp:1847]: Could not find files for mod: C:\Program Files (x86)\Steam\steamapps\workshop\content\281990\3710613857
[12:38:08][dlc.cpp:1847]: Could not find files for mod: C:\Program Files (x86)\Steam\steamapps\workshop\content\281990\2660548454
[12:38:08][dlc.cpp:1847]: Could not find files for mod: C:\Program Files (x86)\Steam\steamapps\workshop\content\281990\2411818376
[12:38:08][dlc.cpp:1847]: Could not find files for mod: C:\Program Files (x86)\Steam\steamapps\workshop\content\281990\2409044128
[12:38:08][dlc.cpp:1847]: Could not find files for mod: C:\Program Files (x86)\Steam\steamapps\workshop\content\281990\3484461951
[12:38:08][dlc.cpp:1847]: Could not find files for mod: C:\Program Files (x86)\Steam\steamapps\workshop\content\281990\1199002146
[12:38:08][dlc.cpp:1847]: Could not find files for mod: C:\Program Files (x86)\Steam\steamapps\workshop\content\281990\2946000546
[12:38:08][dlc.cpp:1847]: Could not find files for mod: C:\Program Files (x86)\Steam\steamapps\workshop\content\281990\3053655313
[12:38:08][dlc.cpp:1847]: Could not find files for mod: C:\Program Files (x86)\Steam\steamapps\workshop\content\281990\2956750257
[12:38:08][dlc.cpp:1847]: Could not find files for mod: C:\Program Files (x86)\Steam\steamapps\workshop\content\281990\1539624733
[12:38:08][dlc.cpp:1847]: Could not find files for mod: C:\Program Files (x86)\Steam\steamapps\workshop\content\281990\1890399946
[12:38:08][dlc.cpp:1847]: Could not find files for mod: C:\Program Files (x86)\Steam\steamapps\workshop\content\281990\3357143726
[12:38:08][dlc.cpp:1847]: Could not find files for mod: C:\Program Files (x86)\Steam\steamapps\workshop\content\281990\3415581160
[12:38:08][dlc.cpp:1847]: Could not find files for mod: C:\Program Files (x86)\Steam\steamapps\workshop\content\281990\2438313459
[12:38:08][dlc.cpp:1847]: Could not find files for mod: C:\Program Files (x86)\Steam\steamapps\workshop\content\281990\2407436476
[12:38:08][dlc.cpp:1847]: Could not find files for mod: C:\Program Files (x86)\Steam\steamapps\workshop\content\281990\1623423360
[12:38:08][dlc.cpp:1847]: Could not find files for mod: C:\Program Files (x86)\Steam\steamapps\workshop\content\281990\3339549399
[12:38:08][dlc.cpp:1847]: Could not find files for mod: C:\Program Files (x86)\Steam\steamapps\workshop\content\281990\3090328185
[12:38:08][dlc.cpp:1847]: Could not find files for mod: C:\Program Files (x86)\Steam\steamapps\workshop\content\281990\2948301103
[12:38:08][dlc.cpp:1847]: Could not find files for mod: C:\Program Files (x86)\Steam\steamapps\workshop\content\281990\2976454692
[12:40:14][parser_util.h:48]: Failed to read key reference 'mod_extend_population_development' from database 'common/deposits' at ' file: save games/acceptance-fixtures/jobs451_seed.sav/gamestate line: 936948'
[12:40:14][parser_util.h:48]: Failed to read key reference 'mod_extend_population_development' from database 'common/deposits' at ' file: save games/acceptance-fixtures/jobs451_seed.sav/gamestate line: 936957'
[12:40:14][parser_util.h:48]: Failed to read key reference 'mod_extend_mining_workplace' from database 'common/deposits' at ' file: save games/acceptance-fixtures/jobs451_seed.sav/gamestate line: 936966'
[12:40:14][parser_util.h:48]: Failed to read key reference 'mod_extend_mining_workplace' from database 'common/deposits' at ' file: save games/acceptance-fixtures/jobs451_seed.sav/gamestate line: 936975'
[12:40:15][gamestate.cpp:1839]: Repaired savegame, cleared 4 invalid deposits!
[12:41:48][effect_utils.cpp:96]: Unable to add trait for [reason] councilor_trait_not_allowed [at]  common/scripted_effects/02_machine_age_effects.txt:823 @ scripted effect synth_queen_spawn at file: events/machine_age_crisis_events.txt line: 3970
[12:41:48][effect_utils.cpp:96]: Unable to add trait for [reason] councilor_trait_not_allowed [at]  common/scripted_effects/02_machine_age_effects.txt:838 @ scripted effect synth_queen_spawn at file: events/machine_age_crisis_events.txt line: 3970
[12:41:48][effect_utils.cpp:96]: Unable to add trait for [reason] councilor_trait_not_allowed [at]  common/scripted_effects/02_machine_age_effects.txt:856 @ scripted effect synth_queen_spawn at file: events/machine_age_crisis_events.txt line: 3970
[12:41:48][effect_utils.cpp:96]: Unable to add trait for [reason] councilor_trait_not_allowed [at]  common/scripted_effects/02_machine_age_effects.txt:874 @ scripted effect synth_queen_spawn at file: events/machine_age_crisis_events.txt line: 3970
[12:41:48][effect_utils.cpp:96]: Unable to add trait for [reason] councilor_trait_not_allowed [at]  common/scripted_effects/02_machine_age_effects.txt:892 @ scripted effect synth_queen_spawn at file: events/machine_age_crisis_events.txt line: 3970
[12:41:48][effect_utils.cpp:96]: Unable to add trait for [reason] councilor_trait_not_allowed [at]  common/scripted_effects/02_machine_age_effects.txt:910 @ scripted effect synth_queen_spawn at file: events/machine_age_crisis_events.txt line: 3970
[12:41:48][effect_utils.cpp:96]: Unable to add trait for [reason] councilor_trait_not_allowed [at]  common/scripted_effects/02_machine_age_effects.txt:928 @ scripted effect synth_queen_spawn at file: events/machine_age_crisis_events.txt line: 3970
[12:41:48][effect_utils.cpp:96]: Unable to add trait for [reason] councilor_trait_not_allowed [at]  common/scripted_effects/02_machine_age_effects.txt:946 @ scripted effect synth_queen_spawn at file: events/machine_age_crisis_events.txt line: 3970
[12:41:48][effect_utils.cpp:96]: Unable to add trait for [reason] councilor_trait_not_allowed [at]  common/scripted_effects/02_machine_age_effects.txt:964 @ scripted effect synth_queen_spawn at file: events/machine_age_crisis_events.txt line: 3970
[12:41:48][effect_utils.cpp:96]: Unable to add trait for [reason] councilor_trait_not_allowed [at]  common/scripted_effects/02_machine_age_effects.txt:982 @ scripted effect synth_queen_spawn at file: events/machine_age_crisis_events.txt line: 3970
[12:41:48][galactic_object.cpp:1407]: Creating a primary starbase in system 德尔科 that already has a primary one, deleting old.
