[03:21:13][dlc.cpp:1847]: Could not find files for mod: C:\SteamLibrary\steamapps\workshop\content\281990\3797257579
[03:21:13][dlc.cpp:1847]: Could not find files for mod: C:\SteamLibrary\steamapps\workshop\content\281990\3710613857
[03:21:13][dlc.cpp:1847]: Could not find files for mod: C:\SteamLibrary\steamapps\workshop\content\281990\2660548454
[03:21:13][dlc.cpp:1847]: Could not find files for mod: C:\SteamLibrary\steamapps\workshop\content\281990\2411818376
[03:21:13][dlc.cpp:1847]: Could not find files for mod: C:\SteamLibrary\steamapps\workshop\content\281990\2409044128
[03:21:13][dlc.cpp:1847]: Could not find files for mod: C:\SteamLibrary\steamapps\workshop\content\281990\3484461951
[03:21:13][dlc.cpp:1847]: Could not find files for mod: C:\SteamLibrary\steamapps\workshop\content\281990\1199002146
[03:21:13][dlc.cpp:1847]: Could not find files for mod: C:\SteamLibrary\steamapps\workshop\content\281990\2946000546
[03:21:13][dlc.cpp:1847]: Could not find files for mod: C:\SteamLibrary\steamapps\workshop\content\281990\3053655313
[03:21:13][dlc.cpp:1847]: Could not find files for mod: C:\SteamLibrary\steamapps\workshop\content\281990\2956750257
[03:21:13][dlc.cpp:1847]: Could not find files for mod: C:\SteamLibrary\steamapps\workshop\content\281990\1539624733
[03:21:13][dlc.cpp:1847]: Could not find files for mod: C:\SteamLibrary\steamapps\workshop\content\281990\1890399946
[03:21:13][dlc.cpp:1847]: Could not find files for mod: C:\SteamLibrary\steamapps\workshop\content\281990\3357143726
[03:21:13][dlc.cpp:1847]: Could not find files for mod: C:\SteamLibrary\steamapps\workshop\content\281990\3415581160
[03:21:13][dlc.cpp:1847]: Could not find files for mod: C:\SteamLibrary\steamapps\workshop\content\281990\2438313459
[03:21:13][dlc.cpp:1847]: Could not find files for mod: C:\SteamLibrary\steamapps\workshop\content\281990\2407436476
[03:21:13][dlc.cpp:1847]: Could not find files for mod: C:\SteamLibrary\steamapps\workshop\content\281990\1623423360
[03:21:13][dlc.cpp:1847]: Could not find files for mod: C:\SteamLibrary\steamapps\workshop\content\281990\3339549399
[03:21:13][dlc.cpp:1847]: Could not find files for mod: C:\SteamLibrary\steamapps\workshop\content\281990\3090328185
[03:21:13][dlc.cpp:1847]: Could not find files for mod: C:\SteamLibrary\steamapps\workshop\content\281990\2948301103
[03:21:13][dlc.cpp:1847]: Could not find files for mod: C:\SteamLibrary\steamapps\workshop\content\281990\2976454692
[03:23:24][modifier.cpp:3597]: Invalid timed modifier found in file: save games/acceptance-fixtures/leader13-source.sav/gamestate near line: 38128
[03:23:24][parser_util.h:48]: Failed to read key reference 'origin_heart_of_devouring' from database 'common/governments/civics' at ' file: save games/acceptance-fixtures/leader13-source.sav/gamestate line: 150505'
[03:23:25][parser_util.h:48]: Failed to read key reference 'd_eep_core' from database 'common/deposits' at ' file: save games/acceptance-fixtures/leader13-source.sav/gamestate line: 550406'
[03:23:25][gamestate.cpp:1839]: Repaired savegame, cleared 1 invalid deposits!
[03:24:24][trigger_impl.cpp:1218]: Script Error: Invalid context switch [owner] from  [country], file: events/leader_events_1.txt line: 662, Scope: 
type=country
id=565
opener_id=4294967295
random={ 0 354123384 }
random_allowed=yes
from=
{
	type=none
	id=0
	opener_id=4294967295
	random={ 0 1971282042 }
	random_allowed=yes
}

[03:24:24][trigger_impl.cpp:1218]: Script Error: Invalid context switch [leader] from  [country], file: events/leader_events_1.txt line: 664, Scope: 
type=country
id=565
opener_id=4294967295
random={ 0 354123384 }
random_allowed=yes
from=
{
	type=none
	id=0
	opener_id=4294967295
	random={ 0 1971282042 }
	random_allowed=yes
}

[03:24:24][trigger_impl.cpp:1460]: Can't localize context switch trigger! [leader] at  file: events/leader_events_1.txt line: 664
[03:24:24][eventmanager.cpp:1440]: Firing fleet event leader.13 in the wrong scope, got country!
