[07:29:42][dlc.cpp:1847]: Could not find files for mod: C:\SteamLibrary\steamapps\workshop\content\281990\3797257579
[07:29:42][dlc.cpp:1847]: Could not find files for mod: C:\SteamLibrary\steamapps\workshop\content\281990\3710613857
[07:29:42][dlc.cpp:1847]: Could not find files for mod: C:\SteamLibrary\steamapps\workshop\content\281990\2660548454
[07:29:42][dlc.cpp:1847]: Could not find files for mod: C:\SteamLibrary\steamapps\workshop\content\281990\2411818376
[07:29:42][dlc.cpp:1847]: Could not find files for mod: C:\SteamLibrary\steamapps\workshop\content\281990\2409044128
[07:29:42][dlc.cpp:1847]: Could not find files for mod: C:\SteamLibrary\steamapps\workshop\content\281990\3484461951
[07:29:42][dlc.cpp:1847]: Could not find files for mod: C:\SteamLibrary\steamapps\workshop\content\281990\1199002146
[07:29:42][dlc.cpp:1847]: Could not find files for mod: C:\SteamLibrary\steamapps\workshop\content\281990\2946000546
[07:29:42][dlc.cpp:1847]: Could not find files for mod: C:\SteamLibrary\steamapps\workshop\content\281990\3053655313
[07:29:42][dlc.cpp:1847]: Could not find files for mod: C:\SteamLibrary\steamapps\workshop\content\281990\2956750257
[07:29:42][dlc.cpp:1847]: Could not find files for mod: C:\SteamLibrary\steamapps\workshop\content\281990\1539624733
[07:29:42][dlc.cpp:1847]: Could not find files for mod: C:\SteamLibrary\steamapps\workshop\content\281990\1890399946
[07:29:42][dlc.cpp:1847]: Could not find files for mod: C:\SteamLibrary\steamapps\workshop\content\281990\3357143726
[07:29:42][dlc.cpp:1847]: Could not find files for mod: C:\SteamLibrary\steamapps\workshop\content\281990\3415581160
[07:29:42][dlc.cpp:1847]: Could not find files for mod: C:\SteamLibrary\steamapps\workshop\content\281990\2438313459
[07:29:42][dlc.cpp:1847]: Could not find files for mod: C:\SteamLibrary\steamapps\workshop\content\281990\2407436476
[07:29:42][dlc.cpp:1847]: Could not find files for mod: C:\SteamLibrary\steamapps\workshop\content\281990\1623423360
[07:29:42][dlc.cpp:1847]: Could not find files for mod: C:\SteamLibrary\steamapps\workshop\content\281990\3339549399
[07:29:42][dlc.cpp:1847]: Could not find files for mod: C:\SteamLibrary\steamapps\workshop\content\281990\3090328185
[07:29:42][dlc.cpp:1847]: Could not find files for mod: C:\SteamLibrary\steamapps\workshop\content\281990\2948301103
[07:29:42][dlc.cpp:1847]: Could not find files for mod: C:\SteamLibrary\steamapps\workshop\content\281990\2976454692
[07:30:58][game_singleobjectdatabase.h:170]: Object with key: decision_lithoid_swarm_consume_world already exists, using the one at  file: common/decisions/zz_eep_native_decision.txt line: 2
[07:33:14][effect_impl_spawn_system.cpp:288]: spawn_system/move_system: Failed to find position at minimum distance SPAWN_SYSTEM_BUFFER_DISTANCE = 10 from other systems at  common/scripted_effects/01_start_of_game_effects.txt:3916 @ scripted effect origin_spawn_system_effect at common/scripted_effects/federations_event_effects.txt:573 @ scripted effect spawn_random_home_system at file: events/origin_events_1.txt line: 1477; retrying without checking SPAWN_SYSTEM_BUFFER_DISTANCE
[08:32:15][persistent.cpp:41]: Error: "Invalid ship class: none, near line: 477168
" in file: "save games/eep-test-history/hs-natural23-base.sav/gamestate" near line: 477168
[10:23:17][trigger_impl.cpp:1218]: Script Error: Invalid context switch [from] from EEP 06 焦土蜂巢 [country], file: events/tutorial_events.txt line: 3838, Scope: 
type=country
id=0
opener_id=4294967295
random={ 0 1496441022 }
random_allowed=yes
from=
{
	type=none
	id=0
	opener_id=4294967295
	random={ 0 2415182172 }
	random_allowed=yes
}

[10:23:17][trigger_impl.cpp:1218]: Script Error: Invalid context switch [from] from EEP 06 焦土蜂巢 [country], file: events/tutorial_events.txt line: 3883, Scope: 
type=country
id=0
opener_id=4294967295
random={ 0 172280083 }
random_allowed=yes
from=
{
	type=none
	id=0
	opener_id=4294967295
	random={ 0 283104142 }
	random_allowed=yes
}

[10:53:55][event.cpp:1115]: Event ancrel.9005 has no valid options
[11:07:52][namelist.cpp:848]: Attempted to get random name for invalid Ship size
