[07:29:43][game_application.cpp:250]: Game Version: Cygnus v4.5.2
[07:29:43][defines.cpp:162]: 2132 defines loaded
[07:29:43][defines.cpp:196]: 254 interface defines loaded
[07:33:05][gamecontrolcommands.cpp:415]: Sending sync response, machine id: 1
[07:33:06][galaxy_generator.cpp:4536]: Generating World! Specified Seed: 837866488
[07:35:23][eventcommands.cpp:88]: Event eep.10 added info about event selection. selectedOption 0, human 1, playerEventId 1
[07:35:52][effect_impl.cpp:22217]: [2200.1.5] Log effect, file: events/eep_probe_events.txt line: 63. EEP_MONTH country=EEP 06 焦土蜂巢 C=0 G=0 D=2 made=0 worlds=0
[07:35:52][effect_impl.cpp:22217]: [2200.1.5] Log effect, file: events/eep_probe_events.txt line: 70. EEP_MONTH source=EEP-OBJECT-Q20 Q=20 T=48 progress=0
[07:35:52][effect_impl.cpp:22217]: [2200.1.5] Log effect, file: events/eep_probe_events.txt line: 72. EEP_MONTH operational=YES
[07:35:52][effect_impl.cpp:22217]: [2200.1.5] Log effect, file: events/eep_probe_events.txt line: 76. EEP_DLC Nemesis=YES
[07:35:52][effect_impl.cpp:22217]: [2200.1.5] Log effect, file: events/eep_probe_events.txt line: 78. EEP_DLC Shroud=YES
[07:35:54][effect_impl.cpp:22217]: [2200.1.5] Log effect, file: events/eep_probe_events.txt line: 63. EEP_MONTH country=EEP 06 焦土蜂巢 C=20 G=20 D=7 made=300 worlds=1
[07:35:54][effect_impl.cpp:22217]: [2200.1.5] Log effect, file: events/eep_probe_events.txt line: 70. EEP_MONTH source=EEP-OBJECT-Q20 Q=20 T=48 progress=48
[07:35:54][effect_impl.cpp:22217]: [2200.1.5] Log effect, file: events/eep_probe_events.txt line: 73. EEP_MONTH operational=NO
[07:36:49][effect_impl.cpp:22217]: [2200.1.5] Log effect, file: events/eep_probe_events.txt line: 63. EEP_MONTH country=EEP 06 焦土蜂巢 C=40 G=40 D=12 made=600 worlds=2
[07:37:20][effect_impl.cpp:22217]: [2200.1.5] Log effect, file: events/eep_probe_events.txt line: 63. EEP_MONTH country=EEP 06 焦土蜂巢 C=60 G=60 D=17 made=1000 worlds=3
[07:38:56][eventcommands.cpp:88]: Event first_contact.1 added info about event selection. selectedOption 0, human -1, playerEventId 2
[07:38:56][eventcommands.cpp:88]: Event first_contact.1 added info about event selection. selectedOption 0, human -1, playerEventId 4
[07:38:56][eventcommands.cpp:88]: Event first_contact.1 added info about event selection. selectedOption 0, human -1, playerEventId 3
[07:38:57][eventcommands.cpp:88]: Event first_contact.1 added info about event selection. selectedOption 0, human -1, playerEventId 5
[07:39:02][eventcommands.cpp:88]: Event first_contact.5025 added info about event selection. selectedOption 0, human -1, playerEventId 6
[07:39:02][eventcommands.cpp:88]: Event first_contact_critters.1 added info about event selection. selectedOption 0, human -1, playerEventId 7
[07:39:04][eventcommands.cpp:88]: Event first_contact_critters.1 added info about event selection. selectedOption 0, human -1, playerEventId 8
[07:39:05][eventcommands.cpp:88]: Event first_contact.1 added info about event selection. selectedOption 0, human -1, playerEventId 9
[07:39:05][eventcommands.cpp:88]: Event first_contact.1 added info about event selection. selectedOption 0, human -1, playerEventId 11
[07:39:05][eventcommands.cpp:88]: Event first_contact.1 added info about event selection. selectedOption 0, human -1, playerEventId 10
[07:39:06][eventcommands.cpp:88]: Event first_contact_critters.1 added info about event selection. selectedOption 0, human -1, playerEventId 12
[07:39:11][eventcommands.cpp:88]: Event grand_archive.2000 added info about event selection. selectedOption 0, human -1, playerEventId 13
[07:39:12][eventcommands.cpp:88]: Event grand_archive.2000 added info about event selection. selectedOption 0, human -1, playerEventId 14
[07:39:12][eventcommands.cpp:88]: Event first_contact_critters.1 added info about event selection. selectedOption 0, human -1, playerEventId 15
[07:39:14][eventcommands.cpp:88]: Event grand_archive.2000 added info about event selection. selectedOption 0, human -1, playerEventId 16
[07:39:22][eventcommands.cpp:88]: Event first_contact_critters.5 added info about event selection. selectedOption 3, human -1, playerEventId 17
[07:39:22][eventcommands.cpp:88]: Event first_contact_critters.5 added info about event selection. selectedOption 3, human -1, playerEventId 18
[07:39:25][eventcommands.cpp:88]: Event first_contact.1 added info about event selection. selectedOption 0, human -1, playerEventId 19
[07:39:27][eventcommands.cpp:88]: Event first_contact.1 added info about event selection. selectedOption 0, human -1, playerEventId 22
[07:39:27][eventcommands.cpp:88]: Event first_contact.1 added info about event selection. selectedOption 0, human -1, playerEventId 20
[07:39:27][eventcommands.cpp:88]: Event first_contact.1 added info about event selection. selectedOption 0, human -1, playerEventId 21
[07:39:27][eventcommands.cpp:88]: Event first_contact.1 added info about event selection. selectedOption 0, human -1, playerEventId 25
[07:39:27][eventcommands.cpp:88]: Event first_contact.1 added info about event selection. selectedOption 0, human -1, playerEventId 23
[07:39:27][eventcommands.cpp:88]: Event first_contact.1 added info about event selection. selectedOption 0, human -1, playerEventId 24
[07:43:03][eventcommands.cpp:88]: Event first_contact.1 added info about event selection. selectedOption 0, human -1, playerEventId 26
[07:43:03][eventcommands.cpp:88]: Event first_contact.1 added info about event selection. selectedOption 0, human -1, playerEventId 27
[07:43:03][eventcommands.cpp:88]: Event first_contact.1 added info about event selection. selectedOption 0, human -1, playerEventId 28
[07:45:01][eventcommands.cpp:88]: Event aianom.4 added info about event selection. selectedOption 0, human 1, playerEventId 30
[07:45:05][eventcommands.cpp:88]: Event anomaly.6660 added info about event selection. selectedOption 0, human 1, playerEventId 32
[07:45:06][eventcommands.cpp:88]: Event first_contact.1 added info about event selection. selectedOption 0, human -1, playerEventId 33
[07:45:08][eventcommands.cpp:88]: Event grand_archive.2000 added info about event selection. selectedOption 0, human -1, playerEventId 34
[07:45:11][eventcommands.cpp:88]: Event first_contact_critters.1 added info about event selection. selectedOption 0, human -1, playerEventId 36
[07:45:11][eventcommands.cpp:88]: Event grand_archive.2005 added info about event selection. selectedOption 1, human -1, playerEventId 37
[07:45:12][eventcommands.cpp:88]: Event first_contact_critters.1 added info about event selection. selectedOption 0, human -1, playerEventId 38
[07:45:12][eventcommands.cpp:88]: Event first_contact_critters.1 added info about event selection. selectedOption 0, human -1, playerEventId 40
[07:45:13][eventcommands.cpp:88]: Event first_contact.1 added info about event selection. selectedOption 0, human -1, playerEventId 41
[07:45:13][eventcommands.cpp:88]: Event first_contact.5 added info about event selection. selectedOption 1, human -1, playerEventId 43
[07:45:15][eventcommands.cpp:88]: Event first_contact.5 added info about event selection. selectedOption 1, human -1, playerEventId 44
[07:45:15][eventcommands.cpp:88]: Event ancrel.2001 added info about event selection. selectedOption 0, human -1, playerEventId 29
[07:45:16][eventcommands.cpp:88]: Event first_contact.1 added info about event selection. selectedOption 0, human -1, playerEventId 46
[07:45:16][eventcommands.cpp:88]: Event first_contact.1 added info about event selection. selectedOption 0, human -1, playerEventId 47
[07:45:16][eventcommands.cpp:88]: Event first_contact.1 added info about event selection. selectedOption 0, human -1, playerEventId 49
[07:45:16][eventcommands.cpp:88]: Event first_contact.1 added info about event selection. selectedOption 0, human -1, playerEventId 51
[07:45:16][eventcommands.cpp:88]: Event first_contact.1 added info about event selection. selectedOption 0, human -1, playerEventId 50
[07:45:16][eventcommands.cpp:88]: Event first_contact.1 added info about event selection. selectedOption 0, human -1, playerEventId 48
[07:45:16][eventcommands.cpp:88]: Event first_contact.5 added info about event selection. selectedOption 0, human -1, playerEventId 52
[07:45:17][eventcommands.cpp:88]: Event first_contact.5005 added info about event selection. selectedOption 0, human -1, playerEventId 53
[07:45:18][eventcommands.cpp:88]: Event first_contact.1 added info about event selection. selectedOption 0, human -1, playerEventId 54
[07:45:18][eventcommands.cpp:88]: Event toxoids.500 added info about event selection. selectedOption 0, human -1, playerEventId 31
[07:45:20][eventcommands.cpp:88]: Event first_contact_critters.5 added info about event selection. selectedOption 3, human -1, playerEventId 55
[07:45:22][eventcommands.cpp:88]: Event first_contact.5000 added info about event selection. selectedOption 0, human -1, playerEventId 56
[07:45:22][eventcommands.cpp:88]: Event first_contact.5 added info about event selection. selectedOption 1, human -1, playerEventId 57
[07:45:24][eventcommands.cpp:88]: Event strange_worlds.2000 added info about event selection. selectedOption 0, human -1, playerEventId 58
[07:45:24][eventcommands.cpp:88]: Event first_contact.5025 added info about event selection. selectedOption 0, human -1, playerEventId 59
[07:45:25][eventcommands.cpp:88]: Event advisor.15 added info about event selection. selectedOption 0, human -1, playerEventId 35
[07:45:27][eventcommands.cpp:88]: Event first_contact.1 added info about event selection. selectedOption 0, human -1, playerEventId 39
[07:45:27][eventcommands.cpp:88]: Event first_contact.5005 added info about event selection. selectedOption 0, human -1, playerEventId 60
[07:45:27][eventcommands.cpp:88]: Event first_contact.5 added info about event selection. selectedOption 1, human -1, playerEventId 61
[07:45:28][eventcommands.cpp:88]: Event first_contact.5005 added info about event selection. selectedOption 0, human -1, playerEventId 62
[07:45:28][eventcommands.cpp:88]: Event ancrel.2002 added info about event selection. selectedOption 0, human -1, playerEventId 42
[07:45:28][eventcommands.cpp:88]: Event first_contact.5 added info about event selection. selectedOption 1, human -1, playerEventId 63
[07:45:29][eventcommands.cpp:88]: Event first_contact.15 added info about event selection. selectedOption 1, human -1, playerEventId 64
[07:45:30][eventcommands.cpp:88]: Event first_contact.5 added info about event selection. selectedOption 1, human -1, playerEventId 65
[07:45:31][eventcommands.cpp:88]: Event tutorial.1337 added info about event selection. selectedOption 0, human -1, playerEventId 45
[07:50:04][eventcommands.cpp:88]: Event first_contact.270 added info about event selection. selectedOption 0, human -1, playerEventId 66
[07:50:07][eventcommands.cpp:88]: Event first_contact.1 added info about event selection. selectedOption 0, human -1, playerEventId 67
[07:50:08][eventcommands.cpp:88]: Event first_contact.1 added info about event selection. selectedOption 0, human -1, playerEventId 68
[07:50:08][eventcommands.cpp:88]: Event first_contact.1 added info about event selection. selectedOption 0, human -1, playerEventId 69
[07:50:45][eventcommands.cpp:88]: Event first_contact.1 added info about event selection. selectedOption 0, human -1, playerEventId 70
[07:50:45][eventcommands.cpp:88]: Event first_contact.1 added info about event selection. selectedOption 0, human -1, playerEventId 71
[07:50:46][eventcommands.cpp:88]: Event first_contact.1 added info about event selection. selectedOption 0, human -1, playerEventId 72
[07:50:46][eventcommands.cpp:88]: Event first_contact.1 added info about event selection. selectedOption 0, human -1, playerEventId 73
[07:51:00][eventcommands.cpp:88]: Event first_contact.5000 added info about event selection. selectedOption 0, human -1, playerEventId 74
[07:51:11][eventcommands.cpp:88]: Event first_contact.5010 added info about event selection. selectedOption 0, human -1, playerEventId 75
[07:51:14][eventcommands.cpp:88]: Event first_contact.5 added info about event selection. selectedOption 1, human -1, playerEventId 76
[07:51:17][eventcommands.cpp:88]: Event grand_archive.2005 added info about event selection. selectedOption 1, human -1, playerEventId 77
[07:51:38][eventcommands.cpp:88]: Event first_contact.5000 added info about event selection. selectedOption 0, human -1, playerEventId 78
[07:51:41][eventcommands.cpp:88]: Event first_contact.1 added info about event selection. selectedOption 0, human -1, playerEventId 80
[07:51:41][eventcommands.cpp:88]: Event first_contact.1 added info about event selection. selectedOption 0, human -1, playerEventId 81
[07:51:42][eventcommands.cpp:88]: Event first_contact_critters.40 added info about event selection. selectedOption 0, human -1, playerEventId 85
[07:51:42][eventcommands.cpp:88]: Event first_contact.1 added info about event selection. selectedOption 0, human -1, playerEventId 79
[07:51:42][eventcommands.cpp:88]: Event first_contact.1 added info about event selection. selectedOption 0, human -1, playerEventId 82
[07:58:01][eventcommands.cpp:88]: Event first_contact.1 added info about event selection. selectedOption 0, human -1, playerEventId 1
[07:58:03][eventcommands.cpp:88]: Event first_contact.5025 added info about event selection. selectedOption 0, human -1, playerEventId 4
[07:58:09][eventcommands.cpp:88]: Event first_contact.1 added info about event selection. selectedOption 0, human -1, playerEventId 6
[07:58:11][eventcommands.cpp:88]: Event first_contact.1 added info about event selection. selectedOption 0, human -1, playerEventId 8
[07:58:12][eventcommands.cpp:88]: Event first_contact_critters.1 added info about event selection. selectedOption 0, human -1, playerEventId 11
[07:58:20][eventcommands.cpp:88]: Event first_contact_critters.1 added info about event selection. selectedOption 0, human -1, playerEventId 14
[07:58:23][eventcommands.cpp:88]: Event grand_archive.2000 added info about event selection. selectedOption 0, human -1, playerEventId 15
[07:58:23][eventcommands.cpp:88]: Event first_contact.5055 added info about event selection. selectedOption 0, human -1, playerEventId 16
[07:58:23][eventcommands.cpp:88]: Event grand_archive.2000 added info about event selection. selectedOption 0, human -1, playerEventId 17
[07:58:28][eventcommands.cpp:88]: Event grand_archive.2000 added info about event selection. selectedOption 0, human -1, playerEventId 18
[07:58:29][eventcommands.cpp:88]: Event first_contact_critters.5 added info about event selection. selectedOption 3, human -1, playerEventId 19
[07:58:32][eventcommands.cpp:88]: Event first_contact_critters.5 added info about event selection. selectedOption 3, human -1, playerEventId 20
[08:01:55][eventcommands.cpp:88]: Event first_contact.5025 added info about event selection. selectedOption 0, human -1, playerEventId 24
[08:02:01][eventcommands.cpp:88]: Event first_contact_critters.1 added info about event selection. selectedOption 0, human -1, playerEventId 28
[08:02:02][eventcommands.cpp:88]: Event first_contact.5025 added info about event selection. selectedOption 0, human -1, playerEventId 29
[08:02:03][eventcommands.cpp:88]: Event first_contact.1 added info about event selection. selectedOption 0, human -1, playerEventId 30
[08:02:03][eventcommands.cpp:88]: Event first_contact_critters.1 added info about event selection. selectedOption 0, human -1, playerEventId 31
[08:02:04][eventcommands.cpp:88]: Event grand_archive.2005 added info about event selection. selectedOption 0, human -1, playerEventId 32
[08:02:06][eventcommands.cpp:88]: Event first_contact.1 added info about event selection. selectedOption 0, human -1, playerEventId 38
[08:02:06][eventcommands.cpp:88]: Event first_contact.1 added info about event selection. selectedOption 0, human -1, playerEventId 34
[08:02:06][eventcommands.cpp:88]: Event first_contact.1 added info about event selection. selectedOption 0, human -1, playerEventId 35
[08:02:06][eventcommands.cpp:88]: Event first_contact.1 added info about event selection. selectedOption 0, human -1, playerEventId 37
[08:02:06][eventcommands.cpp:88]: Event first_contact.1 added info about event selection. selectedOption 0, human -1, playerEventId 36
[08:02:10][eventcommands.cpp:88]: Event first_contact.5005 added info about event selection. selectedOption 0, human -1, playerEventId 41
[08:02:12][eventcommands.cpp:88]: Event first_contact_critters.1 added info about event selection. selectedOption 0, human -1, playerEventId 42
[08:02:13][eventcommands.cpp:88]: Event first_contact.5000 added info about event selection. selectedOption 0, human -1, playerEventId 43
[08:02:13][eventcommands.cpp:88]: Event first_contact_critters.1 added info about event selection. selectedOption 0, human -1, playerEventId 44
[08:02:15][eventcommands.cpp:88]: Event first_contact_critters.1 added info about event selection. selectedOption 0, human -1, playerEventId 45
[08:02:16][eventcommands.cpp:88]: Event first_contact.5000 added info about event selection. selectedOption 0, human -1, playerEventId 46
[08:02:17][eventcommands.cpp:88]: Event first_contact_critters.1 added info about event selection. selectedOption 0, human -1, playerEventId 47
[08:02:17][eventcommands.cpp:88]: Event first_contact_critters.5 added info about event selection. selectedOption 3, human -1, playerEventId 48
[08:02:19][eventcommands.cpp:88]: Event first_contact_critters.40 added info about event selection. selectedOption 0, human -1, playerEventId 49
[08:02:19][eventcommands.cpp:88]: Event first_contact.5 added info about event selection. selectedOption 1, human -1, playerEventId 50
[08:02:23][eventcommands.cpp:88]: Event first_contact.1 added info about event selection. selectedOption 0, human -1, playerEventId 52
[08:02:23][eventcommands.cpp:88]: Event first_contact.1 added info about event selection. selectedOption 0, human -1, playerEventId 53
[08:07:42][eventcommands.cpp:88]: Event grand_archive.2005 added info about event selection. selectedOption 0, human -1, playerEventId 54
[08:07:43][eventcommands.cpp:88]: Event first_contact.5010 added info about event selection. selectedOption 0, human -1, playerEventId 55
[08:07:43][eventcommands.cpp:88]: Event first_contact_critters.5 added info about event selection. selectedOption 3, human -1, playerEventId 56
[08:07:44][eventcommands.cpp:88]: Event first_contact.1 added info about event selection. selectedOption 0, human -1, playerEventId 59
[08:07:44][eventcommands.cpp:88]: Event first_contact.1 added info about event selection. selectedOption 0, human -1, playerEventId 57
[08:07:44][eventcommands.cpp:88]: Event first_contact.1 added info about event selection. selectedOption 0, human -1, playerEventId 58
[08:07:45][eventcommands.cpp:88]: Event first_contact.15 added info about event selection. selectedOption 1, human -1, playerEventId 60
[08:07:47][eventcommands.cpp:88]: Event first_contact.5010 added info about event selection. selectedOption 0, human -1, playerEventId 61
[08:07:49][eventcommands.cpp:88]: Event first_contact.15 added info about event selection. selectedOption 1, human -1, playerEventId 62
[08:07:49][eventcommands.cpp:88]: Event first_contact_critters.70 added info about event selection. selectedOption 0, human -1, playerEventId 63
[08:07:50][eventcommands.cpp:88]: Event first_contact.1 added info about event selection. selectedOption 0, human -1, playerEventId 65
[08:07:50][eventcommands.cpp:88]: Event first_contact.1 added info about event selection. selectedOption 0, human -1, playerEventId 64
[08:07:50][eventcommands.cpp:88]: Event first_contact.1 added info about event selection. selectedOption 0, human -1, playerEventId 66
[08:07:51][eventcommands.cpp:88]: Event first_contact_critters.5 added info about event selection. selectedOption 3, human -1, playerEventId 74
[08:07:51][eventcommands.cpp:88]: Event first_contact_critters.70 added info about event selection. selectedOption 0, human -1, playerEventId 75
[08:07:53][eventcommands.cpp:88]: Event first_contact_critters.45 added info about event selection. selectedOption 0, human -1, playerEventId 76
[08:07:53][eventcommands.cpp:88]: Event first_contact.5000 added info about event selection. selectedOption 0, human -1, playerEventId 77
[08:07:53][eventcommands.cpp:88]: Event first_contact.1 added info about event selection. selectedOption 0, human -1, playerEventId 78
[08:07:54][eventcommands.cpp:88]: Event first_contact.10 added info about event selection. selectedOption 0, human -1, playerEventId 81
[08:07:55][eventcommands.cpp:88]: Event first_contact_critters.50 added info about event selection. selectedOption 0, human -1, playerEventId 82
[08:07:55][eventcommands.cpp:88]: Event first_contact.380 added info about event selection. selectedOption 0, human -1, playerEventId 83
[08:07:56][eventcommands.cpp:88]: Event grand_archive.2000 added info about event selection. selectedOption 0, human -1, playerEventId 84
[08:07:57][eventcommands.cpp:88]: Event first_contact.1 added info about event selection. selectedOption 0, human -1, playerEventId 86
[08:07:57][eventcommands.cpp:88]: Event first_contact_critters.1 added info about event selection. selectedOption 0, human -1, playerEventId 85
[08:07:57][eventcommands.cpp:88]: Event first_contact_critters.1 added info about event selection. selectedOption 0, human -1, playerEventId 87
[08:07:57][eventcommands.cpp:88]: Event first_contact_critters.70 added info about event selection. selectedOption 0, human -1, playerEventId 88
[08:08:00][eventcommands.cpp:88]: Event first_contact_critters.50 added info about event selection. selectedOption 0, human -1, playerEventId 89
[08:08:00][eventcommands.cpp:88]: Event first_contact.15 added info about event selection. selectedOption 0, human -1, playerEventId 90
[08:08:01][eventcommands.cpp:88]: Event first_contact.280 added info about event selection. selectedOption 0, human -1, playerEventId 91
[08:08:01][eventcommands.cpp:88]: Event first_contact.5030 added info about event selection. selectedOption 0, human -1, playerEventId 92
[08:08:02][eventcommands.cpp:88]: Event first_contact.5 added info about event selection. selectedOption 1, human -1, playerEventId 93
[08:08:04][eventcommands.cpp:88]: Event first_contact.1 added info about event selection. selectedOption 0, human -1, playerEventId 95
[08:08:04][eventcommands.cpp:88]: Event first_contact.1 added info about event selection. selectedOption 0, human -1, playerEventId 94
[08:08:04][eventcommands.cpp:88]: Event first_contact.385 added info about event selection. selectedOption 0, human -1, playerEventId 96
[08:08:05][eventcommands.cpp:88]: Event first_contact_critters.1 added info about event selection. selectedOption 0, human -1, playerEventId 97
[08:08:05][eventcommands.cpp:88]: Event first_contact_critters.50 added info about event selection. selectedOption 0, human -1, playerEventId 98
[08:08:06][eventcommands.cpp:88]: Event first_contact.1 added info about event selection. selectedOption 0, human -1, playerEventId 99
[08:08:06][eventcommands.cpp:88]: Event first_contact.1 added info about event selection. selectedOption 0, human -1, playerEventId 100
[08:08:06][eventcommands.cpp:88]: Event first_contact_critters.1 added info about event selection. selectedOption 0, human -1, playerEventId 101
[08:08:07][eventcommands.cpp:88]: Event first_contact_critters.40 added info about event selection. selectedOption 0, human -1, playerEventId 102
[08:08:08][eventcommands.cpp:88]: Event first_contact_critters.1 added info about event selection. selectedOption 0, human -1, playerEventId 103
[08:08:08][eventcommands.cpp:88]: Event first_contact_critters.40 added info about event selection. selectedOption 0, human -1, playerEventId 104
[08:08:09][eventcommands.cpp:88]: Event grand_archive.2005 added info about event selection. selectedOption 1, human -1, playerEventId 105
[08:08:10][eventcommands.cpp:88]: Event first_contact_critters.5 added info about event selection. selectedOption 3, human -1, playerEventId 106
[08:08:11][eventcommands.cpp:88]: Event first_contact_critters.75 added info about event selection. selectedOption 1, human -1, playerEventId 107
[08:08:12][eventcommands.cpp:88]: Event first_contact_critters.5 added info about event selection. selectedOption 3, human -1, playerEventId 108
[08:08:13][eventcommands.cpp:88]: Event first_contact.1 added info about event selection. selectedOption 0, human -1, playerEventId 111
[08:08:13][eventcommands.cpp:88]: Event first_contact.1 added info about event selection. selectedOption 0, human -1, playerEventId 109
[08:08:13][eventcommands.cpp:88]: Event first_contact.1 added info about event selection. selectedOption 0, human -1, playerEventId 110
[08:08:14][eventcommands.cpp:88]: Event first_contact_critters.55 added info about event selection. selectedOption 0, human -1, playerEventId 112
[08:08:15][eventcommands.cpp:88]: Event first_contact_critters.40 added info about event selection. selectedOption 0, human -1, playerEventId 113
[08:08:15][eventcommands.cpp:88]: Event first_contact_critters.1 added info about event selection. selectedOption 0, human -1, playerEventId 114
[08:08:18][eventcommands.cpp:88]: Event first_contact_critters.45 added info about event selection. selectedOption 0, human -1, playerEventId 115
[08:08:19][eventcommands.cpp:88]: Event first_contact_critters.100 added info about event selection. selectedOption 0, human -1, playerEventId 116
[08:08:21][eventcommands.cpp:88]: Event first_contact_critters.10 added info about event selection. selectedOption 0, human -1, playerEventId 117
[08:08:22][eventcommands.cpp:88]: Event first_contact.1 added info about event selection. selectedOption 0, human -1, playerEventId 118
[08:08:22][eventcommands.cpp:88]: Event first_contact.1 added info about event selection. selectedOption 0, human -1, playerEventId 119
[08:08:22][eventcommands.cpp:88]: Event first_contact.1 added info about event selection. selectedOption 0, human -1, playerEventId 120
[08:08:23][eventcommands.cpp:88]: Event first_contact.5 added info about event selection. selectedOption 1, human -1, playerEventId 121
[08:08:24][eventcommands.cpp:88]: Event first_contact.5050 added info about event selection. selectedOption 0, human -1, playerEventId 122
[08:08:24][eventcommands.cpp:88]: Event first_contact.1 added info about event selection. selectedOption 0, human -1, playerEventId 123
[08:08:24][eventcommands.cpp:88]: Event first_contact.1 added info about event selection. selectedOption 0, human -1, playerEventId 124
[08:08:24][eventcommands.cpp:88]: Event first_contact.1 added info about event selection. selectedOption 0, human -1, playerEventId 125
[08:08:26][eventcommands.cpp:88]: Event first_contact.5030 added info about event selection. selectedOption 0, human -1, playerEventId 126
[08:08:26][eventcommands.cpp:88]: Event first_contact_critters.10 added info about event selection. selectedOption 0, human -1, playerEventId 127
[08:08:28][eventcommands.cpp:88]: Event first_contact_critters.5 added info about event selection. selectedOption 3, human -1, playerEventId 128
[08:08:29][eventcommands.cpp:88]: Event first_contact_critters.80 added info about event selection. selectedOption 0, human -1, playerEventId 129
[08:08:29][eventcommands.cpp:88]: Event first_contact_critters.1 added info about event selection. selectedOption 0, human -1, playerEventId 130
[08:08:31][eventcommands.cpp:88]: Event first_contact_critters.105 added info about event selection. selectedOption 0, human -1, playerEventId 131
[08:08:31][eventcommands.cpp:88]: Event first_contact.1 added info about event selection. selectedOption 0, human -1, playerEventId 132
[08:08:31][eventcommands.cpp:88]: Event first_contact.1 added info about event selection. selectedOption 0, human -1, playerEventId 133
[08:08:31][eventcommands.cpp:88]: Event first_contact.1 added info about event selection. selectedOption 0, human -1, playerEventId 134
[08:08:31][eventcommands.cpp:88]: Event first_contact_critters.80 added info about event selection. selectedOption 0, human -1, playerEventId 135
[08:08:32][eventcommands.cpp:88]: Event first_contact_critters.15 added info about event selection. selectedOption 1, human -1, playerEventId 136
[08:08:32][eventcommands.cpp:88]: Event first_contact_critters.5 added info about event selection. selectedOption 3, human -1, playerEventId 137
[08:08:33][eventcommands.cpp:88]: Event first_contact.15 added info about event selection. selectedOption 0, human -1, playerEventId 138
[08:08:33][eventcommands.cpp:88]: Event first_contact.1 added info about event selection. selectedOption 0, human -1, playerEventId 139
[08:08:36][eventcommands.cpp:88]: Event first_contact_critters.85 added info about event selection. selectedOption 1, human -1, playerEventId 140
[08:08:37][eventcommands.cpp:88]: Event first_contact_critters.30 added info about event selection. selectedOption 0, human -1, playerEventId 141
[08:08:41][eventcommands.cpp:88]: Event first_contact_critters.30 added info about event selection. selectedOption 0, human -1, playerEventId 142
[08:08:41][eventcommands.cpp:88]: Event first_contact.50 added info about event selection. selectedOption 1, human -1, playerEventId 143
[08:08:44][eventcommands.cpp:88]: Event first_contact_critters.35 added info about event selection. selectedOption 2, human -1, playerEventId 144
[08:08:46][eventcommands.cpp:88]: Event first_contact.320 added info about event selection. selectedOption 2, human -1, playerEventId 145
[08:08:46][eventcommands.cpp:88]: Event first_contact.5035 added info about event selection. selectedOption 0, human -1, playerEventId 146
[08:08:47][eventcommands.cpp:88]: Event first_contact_critters.40 added info about event selection. selectedOption 0, human -1, playerEventId 147
[08:08:48][eventcommands.cpp:88]: Event first_contact.1 added info about event selection. selectedOption 0, human -1, playerEventId 148
[08:08:50][eventcommands.cpp:88]: Event first_contact.1 added info about event selection. selectedOption 0, human -1, playerEventId 149
[08:08:51][eventcommands.cpp:88]: Event first_contact.1 added info about event selection. selectedOption 0, human -1, playerEventId 151
[08:08:51][eventcommands.cpp:88]: Event first_contact.1 added info about event selection. selectedOption 0, human -1, playerEventId 150
[08:08:51][eventcommands.cpp:88]: Event first_contact.1 added info about event selection. selectedOption 0, human -1, playerEventId 152
[08:08:53][eventcommands.cpp:88]: Event first_contact_critters.1 added info about event selection. selectedOption 0, human -1, playerEventId 153
[08:08:54][eventcommands.cpp:88]: Event strange_worlds.2000 added info about event selection. selectedOption 0, human -1, playerEventId 154
[08:08:54][eventcommands.cpp:88]: Event first_contact.5030 added info about event selection. selectedOption 0, human -1, playerEventId 155
[08:08:56][eventcommands.cpp:88]: Event first_contact_critters.1 added info about event selection. selectedOption 0, human -1, playerEventId 156
[08:09:00][eventcommands.cpp:88]: Event first_contact_critters.5 added info about event selection. selectedOption 3, human -1, playerEventId 157
[08:09:01][eventcommands.cpp:88]: Event first_contact_critters.70 added info about event selection. selectedOption 0, human -1, playerEventId 158
[08:17:42][eventcommands.cpp:88]: Event first_contact_critters.10 added info about event selection. selectedOption 0, human -1, playerEventId 165
[08:18:02][eventcommands.cpp:88]: Event first_contact.103 added info about event selection. selectedOption 3, human -1, playerEventId 166
[08:18:19][eventcommands.cpp:88]: Event first_contact_critters.45 added info about event selection. selectedOption 0, human -1, playerEventId 173
[08:19:07][eventcommands.cpp:88]: Event first_contact.1 added info about event selection. selectedOption 0, human -1, playerEventId 176
[08:19:10][eventcommands.cpp:88]: Event first_contact.1 added info about event selection. selectedOption 0, human -1, playerEventId 175
[08:19:10][eventcommands.cpp:88]: Event first_contact.1 added info about event selection. selectedOption 0, human -1, playerEventId 174
[08:19:10][eventcommands.cpp:88]: Event grand_archive.2800 added info about event selection. selectedOption 0, human -1, playerEventId 177
[08:19:31][eventcommands.cpp:88]: Event first_contact_critters.20 added info about event selection. selectedOption 0, human -1, playerEventId 180
[08:19:34][eventcommands.cpp:88]: Event first_contact.1 added info about event selection. selectedOption 0, human -1, playerEventId 181
[08:19:50][effect_impl.cpp:22217]: [2221.6.1] Log effect, common/scripted_effects/00_scripted_effects.txt:6256 @ scripted effect country_defaulted_effect at file: events/situation_deficit_events.txt line: 125. AI  in  defaulted as a result of 
[08:20:35][eventcommands.cpp:88]: Event first_contact_critters.15 added info about event selection. selectedOption 3, human -1, playerEventId 186
[08:20:45][eventcommands.cpp:88]: Event grand_archive.2901 added info about event selection. selectedOption 1, human -1, playerEventId 187
[08:21:07][eventcommands.cpp:88]: Event strange_worlds.2005 added info about event selection. selectedOption 0, human -1, playerEventId 188
[08:21:37][eventcommands.cpp:88]: Event first_contact.1 added info about event selection. selectedOption 0, human -1, playerEventId 159
[08:21:47][eventcommands.cpp:88]: Event tutorial.1337 added info about event selection. selectedOption 0, human -1, playerEventId 160
[08:21:55][eventcommands.cpp:88]: Event galactic_features.421 added info about event selection. selectedOption 0, human -1, playerEventId 162
[08:21:56][eventcommands.cpp:88]: Event first_contact_critters.25 added info about event selection. selectedOption 1, human -1, playerEventId 190
[08:22:06][eventcommands.cpp:88]: Event first_contact_critters.15 added info about event selection. selectedOption 1, human -1, playerEventId 163
[08:22:10][eventcommands.cpp:88]: Event first_contact.1 added info about event selection. selectedOption 0, human -1, playerEventId 164
[08:22:47][eventcommands.cpp:88]: Event tutorial.63 added info about event selection. selectedOption 0, human -1, playerEventId 167
[08:22:47][eventcommands.cpp:88]: Event action.13 added info about event selection. selectedOption 0, human -1, playerEventId 168
[08:22:48][eventcommands.cpp:88]: Event tutorial.63 added info about event selection. selectedOption 0, human -1, playerEventId 169
[08:22:58][eventcommands.cpp:88]: Event first_contact.1100 added info about event selection. selectedOption 0, human -1, playerEventId 170
[08:22:59][eventcommands.cpp:88]: Event first_contact.1100 added info about event selection. selectedOption 0, human -1, playerEventId 171
[08:23:02][eventcommands.cpp:88]: Event aianom.4 added info about event selection. selectedOption 0, human -1, playerEventId 172
[08:23:56][eventcommands.cpp:88]: Event action.1 added info about event selection. selectedOption 2, human 1, playerEventId 192
[08:24:30][eventcommands.cpp:88]: Event progress.4 added info about event selection. selectedOption 3, human 1, playerEventId 193
[08:25:27][eventcommands.cpp:88]: Event grand_archive.3020 added info about event selection. selectedOption 0, human 1, playerEventId 184
[08:25:45][eventcommands.cpp:88]: Event progress.3 added info about event selection. selectedOption 8, human 1, playerEventId 179
[08:25:50][eventcommands.cpp:88]: Event advisor.17 added info about event selection. selectedOption 0, human 1, playerEventId 178
[08:26:18][eventcommands.cpp:88]: Event grand_archive.2800 added info about event selection. selectedOption 0, human 1, playerEventId 183
[08:28:10][effect_impl.cpp:22217]: [2223.1.2] Log effect, file:  line: 1. EEP_COLONIZING_PRECONDITION_YES
[08:33:31][eventcommands.cpp:88]: Event grand_archive.2800 added info about event selection. selectedOption 0, human -1, playerEventId 182
[08:33:37][eventcommands.cpp:88]: Event grand_archive.2800 added info about event selection. selectedOption 0, human -1, playerEventId 194
[08:33:38][eventcommands.cpp:88]: Event grand_archive.2901 added info about event selection. selectedOption 1, human -1, playerEventId 195
[08:33:42][eventcommands.cpp:88]: Event first_contact.1 added info about event selection. selectedOption 0, human -1, playerEventId 196
[08:33:42][eventcommands.cpp:88]: Event first_contact.1 added info about event selection. selectedOption 0, human -1, playerEventId 197
[08:33:42][eventcommands.cpp:88]: Event first_contact.1 added info about event selection. selectedOption 0, human -1, playerEventId 199
[08:33:42][eventcommands.cpp:88]: Event first_contact.1 added info about event selection. selectedOption 0, human -1, playerEventId 201
[08:33:42][eventcommands.cpp:88]: Event first_contact.1 added info about event selection. selectedOption 0, human -1, playerEventId 198
[08:33:42][eventcommands.cpp:88]: Event first_contact.1 added info about event selection. selectedOption 0, human -1, playerEventId 200
[08:33:42][eventcommands.cpp:88]: Event first_contact_critters.75 added info about event selection. selectedOption 1, human -1, playerEventId 191
[08:35:22][eventcommands.cpp:88]: Event cara.1020 added info about event selection. selectedOption 3, human 1, playerEventId 203
[08:36:09][eventcommands.cpp:88]: Event cara.2020 added info about event selection. selectedOption 3, human 1, playerEventId 202
[08:36:10][effect_impl.cpp:22217]: [2225.1.1] Log effect, file: events/caravaneer_events.txt line: 1433. fleet 1 >=6 countries found, tag 2
[08:36:10][effect_impl.cpp:22217]: [2225.1.1] Log effect, file: events/caravaneer_events.txt line: 1445. 1 fleet1_capital_destination set
[08:43:44][eventcommands.cpp:88]: Event first_contact.5 added info about event selection. selectedOption 1, human -1, playerEventId 204
[08:43:48][effect_impl.cpp:22217]: [2225.9.27] Log effect, common/scripted_effects/caravaneer_scripted_effects.txt:1822 @ scripted effect fleet1_continue_journey at. triggered fleet1_continue_journey
[08:43:48][effect_impl.cpp:22217]: [2225.9.27] Log effect, common/scripted_effects/caravaneer_scripted_effects.txt:1825 @ scripted effect fleet1_continue_journey at. fleet 1 untagged planet
[08:43:48][effect_impl.cpp:22217]: [2225.9.28] Log effect, file: events/caravaneer_events.txt line: 1976. fleet 1 set next destination
[08:43:48][effect_impl.cpp:22217]: [2225.9.28] Log effect, file: events/caravaneer_events.txt line: 1985. fleet 1 engaged auto_move
[08:43:50][eventcommands.cpp:88]: Event first_contact.5 added info about event selection. selectedOption 1, human -1, playerEventId 205
[08:43:51][eventcommands.cpp:88]: Event strange_worlds.2010 added info about event selection. selectedOption 0, human -1, playerEventId 206
[08:43:54][eventcommands.cpp:88]: Event first_contact.1 added info about event selection. selectedOption 0, human -1, playerEventId 208
[08:46:23][eventcommands.cpp:88]: Event astral_planes.110 added info about event selection. selectedOption 0, human 1, playerEventId 207
[08:46:23][eventcommands.cpp:88]: Event first_contact.1 added info about event selection. selectedOption 0, human -1, playerEventId 209
[08:46:24][eventcommands.cpp:88]: Event first_contact.5 added info about event selection. selectedOption 1, human -1, playerEventId 210
[08:46:26][eventcommands.cpp:88]: Event grand_archive.2800 added info about event selection. selectedOption 0, human -1, playerEventId 213
[08:46:26][eventcommands.cpp:88]: Event grand_archive.2800 added info about event selection. selectedOption 0, human -1, playerEventId 212
[08:46:26][eventcommands.cpp:88]: Event grand_archive.2800 added info about event selection. selectedOption 0, human -1, playerEventId 211
[08:46:27][effect_impl.cpp:22217]: [2226.10.19] Log effect, common/scripted_effects/caravaneer_scripted_effects.txt:1822 @ scripted effect fleet1_continue_journey at. triggered fleet1_continue_journey
[08:46:27][effect_impl.cpp:22217]: [2226.10.19] Log effect, common/scripted_effects/caravaneer_scripted_effects.txt:1825 @ scripted effect fleet1_continue_journey at. fleet 1 untagged planet
[08:46:27][effect_impl.cpp:22217]: [2226.10.19] Log effect, common/scripted_effects/caravaneer_scripted_effects.txt:1850 @ scripted effect fleet1_continue_journey at. fleet 1 returning home
[08:46:30][eventcommands.cpp:88]: Event first_contact.5 added info about event selection. selectedOption 1, human -1, playerEventId 214
[08:46:31][eventcommands.cpp:88]: Event first_contact.50 added info about event selection. selectedOption 0, human -1, playerEventId 215
[08:46:33][eventcommands.cpp:88]: Event first_contact_critters.70 added info about event selection. selectedOption 0, human -1, playerEventId 216
[08:46:35][eventcommands.cpp:88]: Event first_contact.365 added info about event selection. selectedOption 0, human -1, playerEventId 218
[08:46:35][eventcommands.cpp:88]: Event grand_archive.2901 added info about event selection. selectedOption 0, human -1, playerEventId 219
[08:47:27][eventcommands.cpp:88]: Event grand_archive.7210 added info about event selection. selectedOption 0, human 1, playerEventId 217
[08:47:28][eventcommands.cpp:88]: Event first_contact.15 added info about event selection. selectedOption 0, human -1, playerEventId 221
[08:47:29][eventcommands.cpp:88]: Event first_contact.5050 added info about event selection. selectedOption 0, human -1, playerEventId 220
[09:07:24][eventcommands.cpp:88]: Event first_contact.5075 added info about event selection. selectedOption 0, human -1, playerEventId 223
[09:08:30][eventcommands.cpp:88]: Event eep.11 added info about event selection. selectedOption 0, human 1, playerEventId 222
[09:08:31][eventcommands.cpp:88]: Event first_contact.378 added info about event selection. selectedOption 0, human -1, playerEventId 224
[09:08:32][effect_impl.cpp:22217]: [2228.9.1] Log effect, common/scripted_effects/00_scripted_effects.txt:6256 @ scripted effect country_defaulted_effect at file: events/situation_deficit_events.txt line: 125. AI  in  defaulted as a result of 
[09:08:34][eventcommands.cpp:88]: Event first_contact.1 added info about event selection. selectedOption 0, human -1, playerEventId 225
[09:08:35][eventcommands.cpp:88]: Event strange_worlds.2015 added info about event selection. selectedOption 0, human -1, playerEventId 226
[09:08:36][eventcommands.cpp:88]: Event first_contact_critters.75 added info about event selection. selectedOption 0, human -1, playerEventId 227
[09:08:45][eventcommands.cpp:88]: Event first_contact_critters.20 added info about event selection. selectedOption 0, human -1, playerEventId 228
[09:15:21][eventcommands.cpp:88]: Event story.8 added info about event selection. selectedOption 1, human 1, playerEventId 229
[09:15:23][eventcommands.cpp:88]: Event first_contact_critters.25 added info about event selection. selectedOption 0, human -1, playerEventId 230
[09:17:24][eventcommands.cpp:88]: Event first_contact.1 added info about event selection. selectedOption 0, human -1, playerEventId 233
[09:17:24][eventcommands.cpp:88]: Event first_contact.1 added info about event selection. selectedOption 0, human -1, playerEventId 232
[09:17:24][eventcommands.cpp:88]: Event first_contact.1 added info about event selection. selectedOption 0, human -1, playerEventId 235
[09:17:24][eventcommands.cpp:88]: Event first_contact.1 added info about event selection. selectedOption 0, human -1, playerEventId 231
[09:17:24][eventcommands.cpp:88]: Event first_contact.1 added info about event selection. selectedOption 0, human -1, playerEventId 236
[09:17:24][eventcommands.cpp:88]: Event first_contact.1 added info about event selection. selectedOption 0, human -1, playerEventId 237
[09:17:24][eventcommands.cpp:88]: Event first_contact.1 added info about event selection. selectedOption 0, human -1, playerEventId 234
[09:17:29][eventcommands.cpp:88]: Event first_contact.5 added info about event selection. selectedOption 1, human -1, playerEventId 238
[09:17:29][eventcommands.cpp:88]: Event first_contact.5 added info about event selection. selectedOption 1, human -1, playerEventId 239
[09:17:30][eventcommands.cpp:88]: Event first_contact.1 added info about event selection. selectedOption 0, human -1, playerEventId 240
[09:17:31][eventcommands.cpp:88]: Event first_contact.15 added info about event selection. selectedOption 1, human -1, playerEventId 242
[09:17:31][eventcommands.cpp:88]: Event first_contact.15 added info about event selection. selectedOption 0, human -1, playerEventId 243
[09:17:34][eventcommands.cpp:88]: Event first_contact.330 added info about event selection. selectedOption 0, human -1, playerEventId 244
[09:17:35][eventcommands.cpp:88]: Event first_contact.5000 added info about event selection. selectedOption 0, human -1, playerEventId 245
[09:17:37][eventcommands.cpp:88]: Event first_contact.5000 added info about event selection. selectedOption 0, human -1, playerEventId 246
[09:17:40][eventcommands.cpp:88]: Event first_contact.5 added info about event selection. selectedOption 1, human -1, playerEventId 247
[09:17:41][eventcommands.cpp:88]: Event first_contact.400 added info about event selection. selectedOption 1, human -1, playerEventId 248
[09:17:41][eventcommands.cpp:88]: Event first_contact.1 added info about event selection. selectedOption 0, human -1, playerEventId 249
[09:17:43][eventcommands.cpp:88]: Event first_contact_critters.80 added info about event selection. selectedOption 0, human -1, playerEventId 250
[09:17:44][eventcommands.cpp:88]: Event first_contact.15 added info about event selection. selectedOption 1, human -1, playerEventId 251
[09:17:45][eventcommands.cpp:88]: Event first_contact.5030 added info about event selection. selectedOption 0, human -1, playerEventId 252
[09:17:47][eventcommands.cpp:88]: Event first_contact_critters.85 added info about event selection. selectedOption 1, human -1, playerEventId 253
[09:17:47][eventcommands.cpp:88]: Event first_contact.1 added info about event selection. selectedOption 0, human -1, playerEventId 254
[09:17:48][eventcommands.cpp:88]: Event first_contact.100 added info about event selection. selectedOption 0, human -1, playerEventId 255
[09:17:56][eventcommands.cpp:88]: Event first_contact.1 added info about event selection. selectedOption 0, human -1, playerEventId 241
[09:21:23][eventcommands.cpp:88]: Event first_contact.5 added info about event selection. selectedOption 1, human -1, playerEventId 257
[09:21:26][eventcommands.cpp:88]: Event first_contact_critters.1 added info about event selection. selectedOption 0, human -1, playerEventId 258
[09:21:32][eventcommands.cpp:88]: Event first_contact.1 added info about event selection. selectedOption 0, human -1, playerEventId 260
[09:21:32][eventcommands.cpp:88]: Event first_contact.1 added info about event selection. selectedOption 0, human -1, playerEventId 261
[09:21:32][eventcommands.cpp:88]: Event first_contact.1 added info about event selection. selectedOption 0, human -1, playerEventId 259
[09:21:36][eventcommands.cpp:88]: Event tutorial.2550 added info about event selection. selectedOption 0, human -1, playerEventId 256
[09:21:37][eventcommands.cpp:88]: Event first_contact_critters.10 added info about event selection. selectedOption 0, human -1, playerEventId 262
[09:21:37][eventcommands.cpp:88]: Event first_contact_critters.30 added info about event selection. selectedOption 0, human -1, playerEventId 263
[09:21:37][eventcommands.cpp:88]: Event first_contact.1 added info about event selection. selectedOption 0, human -1, playerEventId 264
[09:21:39][effect_impl.cpp:22217]: [2236.9.1] Log effect, common/scripted_effects/00_scripted_effects.txt:6256 @ scripted effect country_defaulted_effect at file: events/situation_deficit_events.txt line: 125. AI  in  defaulted as a result of 
[09:21:40][eventcommands.cpp:88]: Event first_contact.50 added info about event selection. selectedOption 1, human -1, playerEventId 265
[09:21:40][eventcommands.cpp:88]: Event first_contact_critters.10 added info about event selection. selectedOption 0, human -1, playerEventId 266
[09:21:40][eventcommands.cpp:88]: Event first_contact.1 added info about event selection. selectedOption 0, human -1, playerEventId 268
[09:21:40][eventcommands.cpp:88]: Event first_contact.1 added info about event selection. selectedOption 0, human -1, playerEventId 270
[09:21:40][eventcommands.cpp:88]: Event first_contact.1 added info about event selection. selectedOption 0, human -1, playerEventId 272
[09:21:40][eventcommands.cpp:88]: Event first_contact.1 added info about event selection. selectedOption 0, human -1, playerEventId 269
[09:21:40][eventcommands.cpp:88]: Event first_contact.1 added info about event selection. selectedOption 0, human -1, playerEventId 271
[09:21:40][eventcommands.cpp:88]: Event first_contact.1 added info about event selection. selectedOption 0, human -1, playerEventId 267
[09:21:41][eventcommands.cpp:88]: Event first_contact_critters.10 added info about event selection. selectedOption 0, human -1, playerEventId 273
[09:21:42][effect_impl.cpp:22217]: [2236.11.1] Log effect, file: events/unrest_events.txt line: 1497. AI 库瓦布星系群 suffered a rebellion on 比利时I in 2236
[09:21:43][eventcommands.cpp:88]: Event first_contact.5 added info about event selection. selectedOption 1, human -1, playerEventId 274
[09:21:44][eventcommands.cpp:88]: Event first_contact_critters.5 added info about event selection. selectedOption 3, human -1, playerEventId 275
[09:21:46][eventcommands.cpp:88]: Event first_contact.5 added info about event selection. selectedOption 1, human -1, playerEventId 276
[09:21:46][eventcommands.cpp:88]: Event first_contact_critters.15 added info about event selection. selectedOption 0, human -1, playerEventId 277
[09:21:46][eventcommands.cpp:88]: Event first_contact.5 added info about event selection. selectedOption 1, human -1, playerEventId 278
[09:21:46][eventcommands.cpp:88]: Event first_contact.5005 added info about event selection. selectedOption 0, human -1, playerEventId 279
[09:21:49][eventcommands.cpp:88]: Event first_contact.5 added info about event selection. selectedOption 1, human -1, playerEventId 280
[09:21:50][eventcommands.cpp:88]: Event first_contact.1 added info about event selection. selectedOption 0, human -1, playerEventId 281
[09:21:51][eventcommands.cpp:88]: Event first_contact_critters.35 added info about event selection. selectedOption 1, human -1, playerEventId 282
[09:21:52][eventcommands.cpp:88]: Event first_contact.5075 added info about event selection. selectedOption 0, human -1, playerEventId 283
[09:21:52][eventcommands.cpp:88]: Event first_contact.50 added info about event selection. selectedOption 2, human -1, playerEventId 284
[09:21:53][eventcommands.cpp:88]: Event first_contact.5 added info about event selection. selectedOption 1, human -1, playerEventId 285
[09:21:56][eventcommands.cpp:88]: Event grand_archive.2000 added info about event selection. selectedOption 0, human -1, playerEventId 286
[09:21:56][eventcommands.cpp:88]: Event first_contact.50 added info about event selection. selectedOption 0, human -1, playerEventId 287
[09:21:57][eventcommands.cpp:88]: Event first_contact.365 added info about event selection. selectedOption 0, human -1, playerEventId 288
[09:21:58][effect_impl.cpp:22217]: [2238.2.18] Log effect, file: events/caravaneer_events.txt line: 1433. fleet 1 >=6 countries found, tag 2
[09:21:58][effect_impl.cpp:22217]: [2238.2.18] Log effect, file: events/caravaneer_events.txt line: 1445. 1 fleet1_capital_destination set
[09:22:01][eventcommands.cpp:88]: Event grand_archive.2005 added info about event selection. selectedOption 1, human -1, playerEventId 289
[09:22:03][eventcommands.cpp:88]: Event first_contact.5 added info about event selection. selectedOption 1, human -1, playerEventId 290
[09:23:36][eventcommands.cpp:88]: Event action.13 added info about event selection. selectedOption 0, human 1, playerEventId 292
[09:24:21][eventcommands.cpp:88]: Event action.1 added info about event selection. selectedOption 2, human 1, playerEventId 293
[09:24:57][eventcommands.cpp:88]: Event first_contact.103 added info about event selection. selectedOption 3, human -1, playerEventId 291
[09:24:58][eventcommands.cpp:88]: Event first_contact.50 added info about event selection. selectedOption 0, human -1, playerEventId 294
[09:24:59][eventcommands.cpp:88]: Event first_contact.210 added info about event selection. selectedOption 0, human -1, playerEventId 295
[09:25:02][eventcommands.cpp:88]: Event first_contact.50 added info about event selection. selectedOption 1, human -1, playerEventId 296
[09:25:02][effect_impl.cpp:22217]: [2239.1.28] Log effect, common/scripted_effects/caravaneer_scripted_effects.txt:1822 @ scripted effect fleet1_continue_journey at. triggered fleet1_continue_journey
[09:25:02][effect_impl.cpp:22217]: [2239.1.28] Log effect, common/scripted_effects/caravaneer_scripted_effects.txt:1825 @ scripted effect fleet1_continue_journey at. fleet 1 untagged planet
[09:25:02][effect_impl.cpp:22217]: [2239.1.29] Log effect, file: events/caravaneer_events.txt line: 1976. fleet 1 set next destination
[09:25:02][effect_impl.cpp:22217]: [2239.1.29] Log effect, file: events/caravaneer_events.txt line: 1985. fleet 1 engaged auto_move
[09:25:03][eventcommands.cpp:88]: Event first_contact.100 added info about event selection. selectedOption 0, human -1, playerEventId 297
[09:25:13][effect_impl.cpp:22217]: [2240.1.1] Log effect, file: events/caravaneer_events.txt line: 2134. fleet 2 >=6 countries found, tag 2
[09:25:13][effect_impl.cpp:22217]: [2240.1.1] Log effect, file: events/caravaneer_events.txt line: 2146. 1 fleet2_capital_destination set
[09:25:14][eventcommands.cpp:88]: Event first_contact.1 added info about event selection. selectedOption 0, human -1, playerEventId 300
[09:28:51][eventcommands.cpp:88]: Event first_contact.1 added info about event selection. selectedOption 0, human -1, playerEventId 298
[09:28:51][eventcommands.cpp:88]: Event first_contact.1 added info about event selection. selectedOption 0, human -1, playerEventId 299
[09:28:53][eventcommands.cpp:88]: Event first_contact_critters.1 added info about event selection. selectedOption 0, human -1, playerEventId 305
[09:28:56][eventcommands.cpp:88]: Event first_contact_critters.1 added info about event selection. selectedOption 0, human -1, playerEventId 306
[09:28:59][effect_impl.cpp:22217]: [2240.7.25] Log effect, common/scripted_effects/caravaneer_scripted_effects.txt:1822 @ scripted effect fleet1_continue_journey at. triggered fleet1_continue_journey
[09:28:59][effect_impl.cpp:22217]: [2240.7.25] Log effect, common/scripted_effects/caravaneer_scripted_effects.txt:1825 @ scripted effect fleet1_continue_journey at. fleet 1 untagged planet
[09:28:59][effect_impl.cpp:22217]: [2240.7.25] Log effect, common/scripted_effects/caravaneer_scripted_effects.txt:1850 @ scripted effect fleet1_continue_journey at. fleet 1 returning home
[09:29:00][eventcommands.cpp:88]: Event first_contact.1 added info about event selection. selectedOption 0, human -1, playerEventId 308
[09:29:01][eventcommands.cpp:88]: Event first_contact_critters.1 added info about event selection. selectedOption 0, human -1, playerEventId 309
[09:29:01][effect_impl.cpp:22217]: [2240.9.27] Log effect, common/scripted_effects/caravaneer_scripted_effects.txt:1875 @ scripted effect fleet2_continue_journey at. triggered fleet2_continue_journey
[09:29:01][effect_impl.cpp:22217]: [2240.9.27] Log effect, common/scripted_effects/caravaneer_scripted_effects.txt:1878 @ scripted effect fleet2_continue_journey at. fleet 2 untagged planet
[09:29:01][effect_impl.cpp:22217]: [2240.9.28] Log effect, file: events/caravaneer_events.txt line: 2815. fleet 2 set next destination
[09:29:01][effect_impl.cpp:22217]: [2240.9.28] Log effect, file: events/caravaneer_events.txt line: 2824. fleet 2 engaged auto_move
[09:29:02][eventcommands.cpp:88]: Event first_contact_critters.5 added info about event selection. selectedOption 3, human -1, playerEventId 310
[09:29:04][effect_impl.cpp:22217]: [2240.12.21] Log effect, common/scripted_effects/caravaneer_scripted_effects.txt:1875 @ scripted effect fleet2_continue_journey at. triggered fleet2_continue_journey
[09:29:04][effect_impl.cpp:22217]: [2240.12.21] Log effect, common/scripted_effects/caravaneer_scripted_effects.txt:1878 @ scripted effect fleet2_continue_journey at. fleet 2 untagged planet
[09:29:04][effect_impl.cpp:22217]: [2240.12.21] Log effect, common/scripted_effects/caravaneer_scripted_effects.txt:1903 @ scripted effect fleet2_continue_journey at. fleet 2 returning home
[09:29:07][eventcommands.cpp:88]: Event first_contact_critters.1 added info about event selection. selectedOption 0, human -1, playerEventId 311
[09:29:15][eventcommands.cpp:88]: Event first_contact_critters.5 added info about event selection. selectedOption 3, human -1, playerEventId 312
[09:29:20][eventcommands.cpp:88]: Event action.13 added info about event selection. selectedOption 0, human -1, playerEventId 303
[09:29:20][eventcommands.cpp:88]: Event action.13 added info about event selection. selectedOption 0, human -1, playerEventId 302
[09:29:20][eventcommands.cpp:88]: Event communications_spread.2 added info about event selection. selectedOption 0, human -1, playerEventId 304
[09:29:20][eventcommands.cpp:88]: Event galcom.16 added info about event selection. selectedOption 3, human -1, playerEventId 301
[09:30:42][eventcommands.cpp:88]: Event action.1 added info about event selection. selectedOption 2, human 1, playerEventId 315
[09:31:53][eventcommands.cpp:88]: Event action.1 added info about event selection. selectedOption 2, human 1, playerEventId 314
[09:33:28][eventcommands.cpp:88]: Event action.1 added info about event selection. selectedOption 2, human 1, playerEventId 313
[09:33:33][eventcommands.cpp:88]: Event first_contact.1 added info about event selection. selectedOption 0, human -1, playerEventId 307
[09:37:58][eventcommands.cpp:88]: Event marauder.3 added info about event selection. selectedOption 0, human 1, playerEventId 316
[09:39:11][eventcommands.cpp:88]: Event marauder.15 added info about event selection. selectedOption 0, human 1, playerEventId 317
[10:09:50][eventcommands.cpp:88]: Event ancrel.6250 added info about event selection. selectedOption 0, human -1, playerEventId 318
[10:10:17][eventcommands.cpp:88]: Event first_contact.1 added info about event selection. selectedOption 0, human -1, playerEventId 319
[10:10:19][eventcommands.cpp:88]: Event first_contact_critters.1 added info about event selection. selectedOption 0, human -1, playerEventId 320
[10:10:19][eventcommands.cpp:88]: Event ancrel.6255 added info about event selection. selectedOption 0, human -1, playerEventId 321
[10:10:25][eventcommands.cpp:88]: Event first_contact_critters.1 added info about event selection. selectedOption 0, human -1, playerEventId 322
[10:10:27][eventcommands.cpp:88]: Event first_contact_critters.30 added info about event selection. selectedOption 0, human -1, playerEventId 323
[10:10:28][eventcommands.cpp:88]: Event first_contact_critters.5 added info about event selection. selectedOption 3, human -1, playerEventId 324
[10:10:31][eventcommands.cpp:88]: Event first_contact_critters.40 added info about event selection. selectedOption 0, human -1, playerEventId 325
[10:10:35][eventcommands.cpp:88]: Event first_contact.1 added info about event selection. selectedOption 0, human -1, playerEventId 326
[10:10:35][eventcommands.cpp:88]: Event first_contact.1 added info about event selection. selectedOption 0, human -1, playerEventId 327
[10:10:36][eventcommands.cpp:88]: Event ancrel.102 added info about event selection. selectedOption 0, human -1, playerEventId 328
[10:10:39][eventcommands.cpp:88]: Event ancrel.9045 added info about event selection. selectedOption 0, human -1, playerEventId 329
[10:10:42][eventcommands.cpp:88]: Event grand_archive.2901 added info about event selection. selectedOption 1, human -1, playerEventId 330
[10:10:51][eventcommands.cpp:88]: Event first_contact.1 added info about event selection. selectedOption 0, human -1, playerEventId 331
[10:10:52][eventcommands.cpp:88]: Event first_contact.15 added info about event selection. selectedOption 0, human -1, playerEventId 332
[10:10:55][eventcommands.cpp:88]: Event ancrel.9050 added info about event selection. selectedOption 0, human -1, playerEventId 333
[10:13:52][eventcommands.cpp:88]: Event first_contact.320 added info about event selection. selectedOption 0, human -1, playerEventId 334
[10:13:56][eventcommands.cpp:88]: Event first_contact.285 added info about event selection. selectedOption 0, human -1, playerEventId 336
[10:13:59][eventcommands.cpp:88]: Event ancrel.6260 added info about event selection. selectedOption 0, human -1, playerEventId 337
[10:14:02][eventcommands.cpp:88]: Event ancrel.9060 added info about event selection. selectedOption 0, human -1, playerEventId 338
[10:14:02][eventcommands.cpp:352]: Event ancrel.9051 added info about event selection. human -1, playerEventId 339
[10:14:03][eventcommands.cpp:88]: Event first_contact_critters.5 added info about event selection. selectedOption 3, human -1, playerEventId 340
[10:14:05][eventcommands.cpp:88]: Event first_contact_critters.35 added info about event selection. selectedOption 1, human -1, playerEventId 341
[10:14:08][eventcommands.cpp:88]: Event first_contact.1 added info about event selection. selectedOption 0, human -1, playerEventId 343
[10:14:10][eventcommands.cpp:88]: Event first_contact_critters.30 added info about event selection. selectedOption 0, human -1, playerEventId 344
[10:14:11][eventcommands.cpp:88]: Event first_contact.1 added info about event selection. selectedOption 0, human -1, playerEventId 345
[10:14:12][eventcommands.cpp:88]: Event ancrel.103 added info about event selection. selectedOption 0, human -1, playerEventId 346
[10:14:13][effect_impl.cpp:22217]: [2251.10.22] Log effect, file: events/caravaneer_events.txt line: 2134. fleet 2 >=6 countries found, tag 2
[10:14:13][effect_impl.cpp:22217]: [2251.10.22] Log effect, file: events/caravaneer_events.txt line: 2146. 1 fleet2_capital_destination set
[10:14:18][eventcommands.cpp:88]: Event first_contact_critters.20 added info about event selection. selectedOption 0, human -1, playerEventId 347
[10:14:20][eventcommands.cpp:88]: Event first_contact.1 added info about event selection. selectedOption 0, human -1, playerEventId 348
[10:14:23][effect_impl.cpp:22217]: [2252.7.18] Log effect, file: events/caravaneer_events.txt line: 1433. fleet 1 >=6 countries found, tag 2
[10:14:23][effect_impl.cpp:22217]: [2252.7.18] Log effect, file: events/caravaneer_events.txt line: 1445. 1 fleet1_capital_destination set
[10:14:24][eventcommands.cpp:88]: Event operation.7000 added info about event selection. selectedOption 15, human -1, playerEventId 349
[10:14:25][eventcommands.cpp:88]: Event first_contact_critters.45 added info about event selection. selectedOption 0, human -1, playerEventId 350
[10:14:25][eventcommands.cpp:88]: Event first_contact_critters.30 added info about event selection. selectedOption 0, human -1, playerEventId 351
[10:14:25][eventcommands.cpp:88]: Event first_contact_critters.1 added info about event selection. selectedOption 0, human -1, playerEventId 352
[10:14:27][effect_impl.cpp:22217]: [2252.10.16] Log effect, common/scripted_effects/caravaneer_scripted_effects.txt:1875 @ scripted effect fleet2_continue_journey at. triggered fleet2_continue_journey
[10:14:27][effect_impl.cpp:22217]: [2252.10.16] Log effect, common/scripted_effects/caravaneer_scripted_effects.txt:1878 @ scripted effect fleet2_continue_journey at. fleet 2 untagged planet
[10:14:27][effect_impl.cpp:22217]: [2252.10.17] Log effect, file: events/caravaneer_events.txt line: 2815. fleet 2 set next destination
[10:14:27][effect_impl.cpp:22217]: [2252.10.17] Log effect, file: events/caravaneer_events.txt line: 2824. fleet 2 engaged auto_move
[10:14:29][eventcommands.cpp:88]: Event first_contact_critters.5 added info about event selection. selectedOption 3, human -1, playerEventId 353
[10:14:29][eventcommands.cpp:88]: Event extreme_frontiers.1000 added info about event selection. selectedOption 0, human -1, playerEventId 354
[10:14:32][eventcommands.cpp:88]: Event first_contact.1 added info about event selection. selectedOption 0, human -1, playerEventId 355
[10:14:33][eventcommands.cpp:88]: Event first_contact_critters.35 added info about event selection. selectedOption 1, human -1, playerEventId 356
[10:14:37][eventcommands.cpp:88]: Event operation.7000 added info about event selection. selectedOption 0, human -1, playerEventId 357
[10:14:38][effect_impl.cpp:22217]: [2253.7.12] Log effect, common/scripted_effects/caravaneer_scripted_effects.txt:1822 @ scripted effect fleet1_continue_journey at. triggered fleet1_continue_journey
[10:14:38][effect_impl.cpp:22217]: [2253.7.12] Log effect, common/scripted_effects/caravaneer_scripted_effects.txt:1825 @ scripted effect fleet1_continue_journey at. fleet 1 untagged planet
[10:14:38][effect_impl.cpp:22217]: [2253.7.13] Log effect, file: events/caravaneer_events.txt line: 1976. fleet 1 set next destination
[10:14:38][effect_impl.cpp:22217]: [2253.7.13] Log effect, file: events/caravaneer_events.txt line: 1985. fleet 1 engaged auto_move
[10:14:51][eventcommands.cpp:88]: Event operation.7000 added info about event selection. selectedOption 17, human -1, playerEventId 358
[10:14:52][effect_impl.cpp:22217]: [2254.6.16] Log effect, common/scripted_effects/caravaneer_scripted_effects.txt:1875 @ scripted effect fleet2_continue_journey at. triggered fleet2_continue_journey
[10:14:52][effect_impl.cpp:22217]: [2254.6.16] Log effect, common/scripted_effects/caravaneer_scripted_effects.txt:1878 @ scripted effect fleet2_continue_journey at. fleet 2 untagged planet
[10:14:52][effect_impl.cpp:22217]: [2254.6.16] Log effect, common/scripted_effects/caravaneer_scripted_effects.txt:1903 @ scripted effect fleet2_continue_journey at. fleet 2 returning home
[10:14:53][eventcommands.cpp:88]: Event first_contact_critters.1 added info about event selection. selectedOption 0, human -1, playerEventId 359
[10:22:35][eventcommands.cpp:88]: Event anomaly.6660 added info about event selection. selectedOption 0, human 1, playerEventId 361
[10:22:38][eventcommands.cpp:88]: Event extreme_frontiers.1005 added info about event selection. selectedOption 0, human -1, playerEventId 364
[10:22:50][effect_impl.cpp:22217]: [2256.4.1] Log effect, common/scripted_effects/00_scripted_effects.txt:6256 @ scripted effect country_defaulted_effect at file: events/situation_deficit_events.txt line: 1402. AI  in  defaulted as a result of 
[10:22:53][eventcommands.cpp:88]: Event arcsite.2000 added info about event selection. selectedOption 0, human -1, playerEventId 367
[10:22:54][eventcommands.cpp:88]: Event arcsite.2001 added info about event selection. selectedOption 0, human -1, playerEventId 368
[10:22:54][eventcommands.cpp:88]: Event arcsite.2001 added info about event selection. selectedOption 0, human -1, playerEventId 369
[10:22:55][eventcommands.cpp:88]: Event operation.7000 added info about event selection. selectedOption 15, human -1, playerEventId 370
[10:22:56][eventcommands.cpp:88]: Event first_contact_critters.25 added info about event selection. selectedOption 1, human -1, playerEventId 371
[10:23:04][eventcommands.cpp:88]: Event operation.7000 added info about event selection. selectedOption 15, human -1, playerEventId 372
[10:23:05][eventcommands.cpp:88]: Event first_contact.1 added info about event selection. selectedOption 0, human -1, playerEventId 373
[10:23:05][eventcommands.cpp:88]: Event tutorial.560 added info about event selection. selectedOption 0, human -1, playerEventId 360
[10:23:08][eventcommands.cpp:88]: Event tutorial.2131 added info about event selection. selectedOption 0, human -1, playerEventId 362
[10:23:10][eventcommands.cpp:88]: Event ancrel.9000 added info about event selection. selectedOption 0, human -1, playerEventId 363
[10:23:10][effect_impl.cpp:22217]: [2257.7.27] Log effect, common/scripted_effects/caravaneer_scripted_effects.txt:1822 @ scripted effect fleet1_continue_journey at. triggered fleet1_continue_journey
[10:23:10][effect_impl.cpp:22217]: [2257.7.27] Log effect, common/scripted_effects/caravaneer_scripted_effects.txt:1825 @ scripted effect fleet1_continue_journey at. fleet 1 untagged planet
[10:23:10][effect_impl.cpp:22217]: [2257.7.27] Log effect, common/scripted_effects/caravaneer_scripted_effects.txt:1850 @ scripted effect fleet1_continue_journey at. fleet 1 returning home
[10:23:17][eventcommands.cpp:88]: Event first_contact_critters.5 added info about event selection. selectedOption 3, human -1, playerEventId 365
[10:23:22][eventcommands.cpp:88]: Event advisor.10 added info about event selection. selectedOption 0, human -1, playerEventId 366
[10:23:35][eventcommands.cpp:88]: Event extreme_frontiers.1010 added info about event selection. selectedOption 0, human -1, playerEventId 375
[10:23:37][eventcommands.cpp:88]: Event operation.7000 added info about event selection. selectedOption 15, human -1, playerEventId 376
[10:27:11][eventcommands.cpp:88]: Event communications_spread.2 added info about event selection. selectedOption 0, human 1, playerEventId 380
[10:27:59][eventcommands.cpp:88]: Event action.1 added info about event selection. selectedOption 2, human 1, playerEventId 381
[10:28:47][eventcommands.cpp:88]: Event leviathans.502 added info about event selection. selectedOption 0, human 1, playerEventId 374
[10:34:31][eventcommands.cpp:88]: Event shroud.2750 added info about event selection. selectedOption 0, human 1, playerEventId 382
[10:48:05][eventcommands.cpp:88]: Event first_contact.1 added info about event selection. selectedOption 0, human -1, playerEventId 379
[10:48:10][eventcommands.cpp:88]: Event operation.7000 added info about event selection. selectedOption 15, human -1, playerEventId 383
[10:48:19][eventcommands.cpp:88]: Event arcsite.2010 added info about event selection. selectedOption 0, human -1, playerEventId 384
[10:48:20][eventcommands.cpp:88]: Event arcsite.2012 added info about event selection. selectedOption 0, human -1, playerEventId 385
[10:48:21][eventcommands.cpp:88]: Event arcsite.2011 added info about event selection. selectedOption 0, human -1, playerEventId 386
[10:53:42][eventcommands.cpp:88]: Event utopia.2608 added info about event selection. selectedOption 0, human 1, playerEventId 387
[10:53:45][eventcommands.cpp:88]: Event first_contact.1 added info about event selection. selectedOption 0, human -1, playerEventId 388
[10:53:55][eventcommands.cpp:88]: Event ancrel.9015 added info about event selection. selectedOption 0, human -1, playerEventId 377
[10:53:59][eventcommands.cpp:88]: Event ancrel.8060 added info about event selection. selectedOption 0, human -1, playerEventId 389
[10:54:02][eventcommands.cpp:88]: Event operation.7000 added info about event selection. selectedOption 15, human -1, playerEventId 390
[10:54:15][eventcommands.cpp:88]: Event operation.7000 added info about event selection. selectedOption 15, human -1, playerEventId 392
[10:56:47][eventcommands.cpp:88]: Event shroud.2630 added info about event selection. selectedOption 0, human 1, playerEventId 393
[10:56:55][eventcommands.cpp:88]: Event extreme_frontiers.1015 added info about event selection. selectedOption 0, human -1, playerEventId 394
[10:57:02][eventcommands.cpp:88]: Event arcsite.2020 added info about event selection. selectedOption 0, human -1, playerEventId 395
[10:57:03][eventcommands.cpp:88]: Event arcsite.2022 added info about event selection. selectedOption 0, human -1, playerEventId 396
[10:57:03][eventcommands.cpp:88]: Event arcsite.2021 added info about event selection. selectedOption 0, human -1, playerEventId 397
[11:04:47][eventcommands.cpp:88]: Event operation.7000 added info about event selection. selectedOption 16, human -1, playerEventId 399
[11:04:54][effect_impl.cpp:22217]: [2266.7.22] Log effect, file: events/caravaneer_events.txt line: 2134. fleet 2 >=6 countries found, tag 2
[11:04:54][effect_impl.cpp:22217]: [2266.7.22] Log effect, file: events/caravaneer_events.txt line: 2146. 1 fleet2_capital_destination set
[11:05:08][effect_impl.cpp:22217]: [2267.4.16] Log effect, common/scripted_effects/caravaneer_scripted_effects.txt:1875 @ scripted effect fleet2_continue_journey at. triggered fleet2_continue_journey
[11:05:08][effect_impl.cpp:22217]: [2267.4.16] Log effect, common/scripted_effects/caravaneer_scripted_effects.txt:1878 @ scripted effect fleet2_continue_journey at. fleet 2 untagged planet
[11:05:08][effect_impl.cpp:22217]: [2267.4.17] Log effect, file: events/caravaneer_events.txt line: 2815. fleet 2 set next destination
[11:05:08][effect_impl.cpp:22217]: [2267.4.17] Log effect, file: events/caravaneer_events.txt line: 2824. fleet 2 engaged auto_move
[11:05:09][eventcommands.cpp:88]: Event operation.7000 added info about event selection. selectedOption 15, human -1, playerEventId 401
[11:05:11][eventcommands.cpp:88]: Event first_contact.1 added info about event selection. selectedOption 0, human -1, playerEventId 403
[11:05:54][eventcommands.cpp:88]: Event shroud.2320 added info about event selection. selectedOption 2, human 1, playerEventId 400
[11:05:54][effect_impl.cpp:22217]: [2267.7.4] Log effect, common/scripted_effects/caravaneer_scripted_effects.txt:1875 @ scripted effect fleet2_continue_journey at. triggered fleet2_continue_journey
[11:05:54][effect_impl.cpp:22217]: [2267.7.4] Log effect, common/scripted_effects/caravaneer_scripted_effects.txt:1878 @ scripted effect fleet2_continue_journey at. fleet 2 untagged planet
[11:05:54][effect_impl.cpp:22217]: [2267.7.4] Log effect, common/scripted_effects/caravaneer_scripted_effects.txt:1903 @ scripted effect fleet2_continue_journey at. fleet 2 returning home
[11:06:03][eventcommands.cpp:88]: Event first_contact.1 added info about event selection. selectedOption 0, human -1, playerEventId 398
[11:06:54][eventcommands.cpp:88]: Event paragon.571 added info about event selection. selectedOption 0, human 1, playerEventId 404
[11:07:47][eventcommands.cpp:88]: Event cstorms.1816 added info about event selection. selectedOption 0, human 1, playerEventId 405
[11:07:53][eventcommands.cpp:88]: Event operation.7000 added info about event selection. selectedOption 15, human -1, playerEventId 406
[11:07:54][effect_impl.cpp:22217]: [2269.4.21] Log effect, file: events/caravaneer_events.txt line: 1433. fleet 1 >=6 countries found, tag 2
[11:07:54][effect_impl.cpp:22217]: [2269.4.21] Log effect, file: events/caravaneer_events.txt line: 1445. 1 fleet1_capital_destination set
[11:07:55][eventcommands.cpp:88]: Event first_contact.1 added info about event selection. selectedOption 0, human -1, playerEventId 407
[11:07:58][eventcommands.cpp:88]: Event first_contact_critters.1 added info about event selection. selectedOption 0, human -1, playerEventId 408
[11:08:00][eventcommands.cpp:88]: Event astral_rift.800 added info about event selection. selectedOption 0, human -1, playerEventId 409
[11:08:00][eventcommands.cpp:88]: Event tutorial.2500 added info about event selection. selectedOption 0, human -1, playerEventId 402
[11:08:02][eventcommands.cpp:88]: Event first_contact_critters.5 added info about event selection. selectedOption 3, human -1, playerEventId 410
[11:10:11][eventcommands.cpp:88]: Event utopia.2602 added info about event selection. selectedOption 0, human 1, playerEventId 411
[11:11:04][eventcommands.cpp:88]: Event first_contact_critters.10 added info about event selection. selectedOption 0, human -1, playerEventId 412
[11:11:04][effect_impl.cpp:22217]: [2270.1.15] Log effect, common/scripted_effects/caravaneer_scripted_effects.txt:1822 @ scripted effect fleet1_continue_journey at. triggered fleet1_continue_journey
[11:11:04][effect_impl.cpp:22217]: [2270.1.15] Log effect, common/scripted_effects/caravaneer_scripted_effects.txt:1825 @ scripted effect fleet1_continue_journey at. fleet 1 untagged planet
[11:11:04][effect_impl.cpp:22217]: [2270.1.16] Log effect, file: events/caravaneer_events.txt line: 1976. fleet 1 set next destination
[11:11:04][effect_impl.cpp:22217]: [2270.1.16] Log effect, file: events/caravaneer_events.txt line: 1985. fleet 1 engaged auto_move
[11:11:05][eventcommands.cpp:88]: Event operation.7000 added info about event selection. selectedOption 15, human -1, playerEventId 413
[11:11:07][effect_impl.cpp:22217]: [2270.4.3] Log effect, common/scripted_effects/caravaneer_scripted_effects.txt:1822 @ scripted effect fleet1_continue_journey at. triggered fleet1_continue_journey
[11:11:07][effect_impl.cpp:22217]: [2270.4.3] Log effect, common/scripted_effects/caravaneer_scripted_effects.txt:1825 @ scripted effect fleet1_continue_journey at. fleet 1 untagged planet
[11:11:07][effect_impl.cpp:22217]: [2270.4.3] Log effect, common/scripted_effects/caravaneer_scripted_effects.txt:1850 @ scripted effect fleet1_continue_journey at. fleet 1 returning home
[11:11:11][eventcommands.cpp:88]: Event arcsite.2030 added info about event selection. selectedOption 0, human -1, playerEventId 414
[11:11:11][eventcommands.cpp:88]: Event extreme_frontiers.1020 added info about event selection. selectedOption 0, human -1, playerEventId 415
[11:11:19][eventcommands.cpp:88]: Event first_contact.1 added info about event selection. selectedOption 0, human -1, playerEventId 416
[11:11:22][eventcommands.cpp:88]: Event first_contact_critters.70 added info about event selection. selectedOption 0, human -1, playerEventId 417
[11:11:24][eventcommands.cpp:88]: Event astral_rift.805 added info about event selection. selectedOption 0, human -1, playerEventId 419
