[18:53:42][dlc.cpp:1840]: Could not find files for mod: C:\Program Files (x86)\Steam\steamapps\workshop\content\281990\3797257579
[18:53:42][dlc.cpp:1840]: Could not find files for mod: C:\Program Files (x86)\Steam\steamapps\workshop\content\281990\3710613857
[18:53:42][dlc.cpp:1840]: Could not find files for mod: C:\Program Files (x86)\Steam\steamapps\workshop\content\281990\2660548454
[18:53:42][dlc.cpp:1840]: Could not find files for mod: C:\Program Files (x86)\Steam\steamapps\workshop\content\281990\2411818376
[18:53:42][dlc.cpp:1840]: Could not find files for mod: C:\Program Files (x86)\Steam\steamapps\workshop\content\281990\2409044128
[18:53:42][dlc.cpp:1840]: Could not find files for mod: C:\Program Files (x86)\Steam\steamapps\workshop\content\281990\3484461951
[18:53:42][dlc.cpp:1840]: Could not find files for mod: C:\Program Files (x86)\Steam\steamapps\workshop\content\281990\1199002146
[18:53:42][dlc.cpp:1840]: Could not find files for mod: C:\Program Files (x86)\Steam\steamapps\workshop\content\281990\2946000546
[18:53:42][dlc.cpp:1840]: Could not find files for mod: C:\Program Files (x86)\Steam\steamapps\workshop\content\281990\3053655313
[18:53:42][dlc.cpp:1840]: Could not find files for mod: C:\Program Files (x86)\Steam\steamapps\workshop\content\281990\2956750257
[18:53:42][dlc.cpp:1840]: Could not find files for mod: C:\Program Files (x86)\Steam\steamapps\workshop\content\281990\1539624733
[18:53:42][dlc.cpp:1840]: Could not find files for mod: C:\Program Files (x86)\Steam\steamapps\workshop\content\281990\1890399946
[18:53:42][dlc.cpp:1840]: Could not find files for mod: C:\Program Files (x86)\Steam\steamapps\workshop\content\281990\3357143726
[18:53:42][dlc.cpp:1840]: Could not find files for mod: C:\Program Files (x86)\Steam\steamapps\workshop\content\281990\3415581160
[18:53:42][dlc.cpp:1840]: Could not find files for mod: C:\Program Files (x86)\Steam\steamapps\workshop\content\281990\2438313459
[18:53:42][dlc.cpp:1840]: Could not find files for mod: C:\Program Files (x86)\Steam\steamapps\workshop\content\281990\2407436476
[18:53:42][dlc.cpp:1840]: Could not find files for mod: C:\Program Files (x86)\Steam\steamapps\workshop\content\281990\1623423360
[18:53:42][dlc.cpp:1840]: Could not find files for mod: C:\Program Files (x86)\Steam\steamapps\workshop\content\281990\3339549399
[18:53:42][dlc.cpp:1840]: Could not find files for mod: C:\Program Files (x86)\Steam\steamapps\workshop\content\281990\3090328185
[18:53:42][dlc.cpp:1840]: Could not find files for mod: C:\Program Files (x86)\Steam\steamapps\workshop\content\281990\2948301103
[18:53:42][dlc.cpp:1840]: Could not find files for mod: C:\Program Files (x86)\Steam\steamapps\workshop\content\281990\2976454692
[18:59:11][effect_utils.cpp:96]: Unable to add trait for [reason] councilor_trait_not_allowed [at]  file: events/machine_age_crisis_events.txt line: 14496
[18:59:11][portraitobject.cpp:722]: Failed to find portrait selector
[18:59:11][trigger_impl.cpp:1213]: Script Error: Invalid context switch [species] from  [leader], file: gfx/portraits/sprite_configurations/00_sprite_configurations.txt line: 24, Scope:
type=leader
id=4294967295
opener_id=4294967295
random={ 0 3293900352 }
random_allowed=yes

[19:01:19][trigger_impl.cpp:1213]: Script Error: Invalid context switch [from] from 普洛斯纳坎先行帝国 [country], file: events/nomads_events_1.txt line: 2155, Scope:
type=country
id=11
opener_id=4294967295
random={ 0 696629256 }
random_allowed=yes
from=
{
	type=country
	id=4294967295
	opener_id=4294967295
	random={ 0 3190735936 }
	random_allowed=yes
}

[19:01:19][trigger_impl.cpp:1213]: Script Error: Invalid context switch [from] from 伊尔达火种帝国 [country], file: events/nomads_events_1.txt line: 2155, Scope:
type=country
id=16777226
opener_id=4294967295
random={ 0 3302793310 }
random_allowed=yes
from=
{
	type=country
	id=4294967295
	opener_id=4294967295
	random={ 0 105805673 }
	random_allowed=yes
}
