[18:31:50][dlc.cpp:1847]: Could not find files for mod: C:\SteamLibrary\steamapps\workshop\content\281990\3797257579
[18:31:50][dlc.cpp:1847]: Could not find files for mod: C:\SteamLibrary\steamapps\workshop\content\281990\3710613857
[18:31:50][dlc.cpp:1847]: Could not find files for mod: C:\SteamLibrary\steamapps\workshop\content\281990\2660548454
[18:31:50][dlc.cpp:1847]: Could not find files for mod: C:\SteamLibrary\steamapps\workshop\content\281990\2411818376
[18:31:50][dlc.cpp:1847]: Could not find files for mod: C:\SteamLibrary\steamapps\workshop\content\281990\2409044128
[18:31:50][dlc.cpp:1847]: Could not find files for mod: C:\SteamLibrary\steamapps\workshop\content\281990\3484461951
[18:31:50][dlc.cpp:1847]: Could not find files for mod: C:\SteamLibrary\steamapps\workshop\content\281990\1199002146
[18:31:50][dlc.cpp:1847]: Could not find files for mod: C:\SteamLibrary\steamapps\workshop\content\281990\2946000546
[18:31:50][dlc.cpp:1847]: Could not find files for mod: C:\SteamLibrary\steamapps\workshop\content\281990\3053655313
[18:31:50][dlc.cpp:1847]: Could not find files for mod: C:\SteamLibrary\steamapps\workshop\content\281990\2956750257
[18:31:50][dlc.cpp:1847]: Could not find files for mod: C:\SteamLibrary\steamapps\workshop\content\281990\1539624733
[18:31:50][dlc.cpp:1847]: Could not find files for mod: C:\SteamLibrary\steamapps\workshop\content\281990\1890399946
[18:31:50][dlc.cpp:1847]: Could not find files for mod: C:\SteamLibrary\steamapps\workshop\content\281990\3357143726
[18:31:50][dlc.cpp:1847]: Could not find files for mod: C:\SteamLibrary\steamapps\workshop\content\281990\3415581160
[18:31:50][dlc.cpp:1847]: Could not find files for mod: C:\SteamLibrary\steamapps\workshop\content\281990\2438313459
[18:31:50][dlc.cpp:1847]: Could not find files for mod: C:\SteamLibrary\steamapps\workshop\content\281990\2407436476
[18:31:50][dlc.cpp:1847]: Could not find files for mod: C:\SteamLibrary\steamapps\workshop\content\281990\1623423360
[18:31:50][dlc.cpp:1847]: Could not find files for mod: C:\SteamLibrary\steamapps\workshop\content\281990\3339549399
[18:31:50][dlc.cpp:1847]: Could not find files for mod: C:\SteamLibrary\steamapps\workshop\content\281990\3090328185
[18:31:50][dlc.cpp:1847]: Could not find files for mod: C:\SteamLibrary\steamapps\workshop\content\281990\2948301103
[18:31:50][dlc.cpp:1847]: Could not find files for mod: C:\SteamLibrary\steamapps\workshop\content\281990\2976454692
[18:33:06][game_singleobjectdatabase.h:170]: Object with key: decision_lithoid_swarm_consume_world already exists, using the one at  file: common/decisions/zz_eep_native_decision.txt line: 2
[18:34:12][fleet.cpp:2774]: Load Error: Fleet 祖祖扎舰队 cannot leave combat but has disengaged ships, returning them
[18:34:12][fleet.cpp:2774]: Load Error: Fleet 第55运输舰队 cannot leave combat but has disengaged ships, returning them
[18:34:12][gamestate.cpp:1839]: Repaired savegame, cleared 1 invalid deposits!
[19:28:12][trigger_impl.cpp:1218]: Script Error: Invalid context switch [from] from 天选民 [country], file: events/grand_archive_events.txt line: 180, Scope: 
type=country
id=36
opener_id=4294967295
random={ 0 679138550 }
random_allowed=yes
from=
{
	type=none
	id=0
	opener_id=4294967295
	random={ 0 330849054 }
	random_allowed=yes
	from=
	{
		type=galactic_object
		id=61
		opener_id=4294967295
		random={ 0 1171089930 }
		random_allowed=yes
	}
}

[00:26:45][eventscope.cpp:3345]: Script error, set_location: 'event_target:new_location' is invalid at  common/scripted_effects/00_scripted_effects.txt:3334 @ scripted effect create_enigmatic_cache_fleet at file: events/distant_stars_events_2.txt line: 4948
[00:26:45][eventscope.cpp:3345]: Script error, auto_move_to_planet: 'event_target:new_location' is invalid at  common/scripted_effects/00_scripted_effects.txt:3342 @ scripted effect create_enigmatic_cache_fleet at file: events/distant_stars_events_2.txt line: 4948
[00:26:45][fleet_movement.cpp:2451]: Fleet 神秘容器 is in interstellar space without MIA; sending MIA return home
