[23:59:54][game_application.cpp:250]: Game Version: Cygnus v4.5.2
[23:59:54][defines.cpp:162]: 2132 defines loaded
[23:59:54][defines.cpp:196]: 254 interface defines loaded
[00:05:31][gamecontrolcommands.cpp:415]: Sending sync response, machine id: 1
[00:05:31][galaxy_generator.cpp:4536]: Generating World! Specified Seed: 1984769500
[00:07:59][effect_impl.cpp:22217]: [2200.1.1] Log effect, file: events/eep_probe_events.txt line: 86. EEP_PROBE country EEP 02 有机吞噬蜂群: C=0 G=0 D=2 manufactured=0 worlds=0
[00:07:59][effect_impl.cpp:22217]: [2200.1.1] Log effect, file: events/eep_probe_events.txt line: 87. EEP_PROBE qualified=YES
[00:07:59][effect_impl.cpp:22217]: [2200.1.1] Log effect, file: events/eep_probe_events.txt line: 89. EEP_PROBE core_available=YES
[00:08:47][eventcommands.cpp:88]: Event eep.100 added info about event selection. selectedOption 0, human 1, playerEventId 1
[00:10:01][effect_impl.cpp:22217]: [2200.1.1] Log effect, file: events/eep_probe_events.txt line: 55. EEP_MONTH country=EEP 02 有机吞噬蜂群 C=0 G=0 D=2 made=0 worlds=0
[00:10:01][effect_impl.cpp:22217]: [2200.1.1] Log effect, file: events/eep_probe_events.txt line: 62. EEP_MONTH source=EEP-15$ Q=15 T=36 progress=0
[00:10:01][effect_impl.cpp:22217]: [2200.1.1] Log effect, file: events/eep_probe_events.txt line: 64. EEP_MONTH operational=YES
[00:10:01][effect_impl.cpp:22217]: [2200.1.1] Log effect, file: events/eep_probe_events.txt line: 62. EEP_MONTH source=EEP-20$ Q=20 T=48 progress=0
[00:10:01][effect_impl.cpp:22217]: [2200.1.1] Log effect, file: events/eep_probe_events.txt line: 62. EEP_MONTH source=EEP-25$ Q=25 T=60 progress=0
[00:10:01][effect_impl.cpp:22217]: [2200.1.1] Log effect, file: events/eep_probe_events.txt line: 68. EEP_DLC Nemesis=YES
[00:10:01][effect_impl.cpp:22217]: [2200.1.1] Log effect, file: events/eep_probe_events.txt line: 70. EEP_DLC Shroud=YES
[00:10:57][effect_impl.cpp:22217]: [2200.2.2] Log effect, file: events/eep_probe_events.txt line: 55. EEP_MONTH country=EEP 02 有机吞噬蜂群 C=0 G=0 D=2 made=0 worlds=0
[00:10:57][effect_impl.cpp:22217]: [2200.2.2] Log effect, file: events/eep_probe_events.txt line: 62. EEP_MONTH source=EEP-15$ Q=15 T=36 progress=1
[00:10:57][effect_impl.cpp:22217]: [2200.2.2] Log effect, file: events/eep_probe_events.txt line: 64. EEP_MONTH operational=YES
[00:10:57][effect_impl.cpp:22217]: [2200.2.2] Log effect, file: events/eep_probe_events.txt line: 62. EEP_MONTH source=EEP-20$ Q=20 T=48 progress=1
[00:10:57][effect_impl.cpp:22217]: [2200.2.2] Log effect, file: events/eep_probe_events.txt line: 62. EEP_MONTH source=EEP-25$ Q=25 T=60 progress=1
[00:10:57][effect_impl.cpp:22217]: [2200.2.2] Log effect, file: events/eep_probe_events.txt line: 68. EEP_DLC Nemesis=YES
[00:10:57][effect_impl.cpp:22217]: [2200.2.2] Log effect, file: events/eep_probe_events.txt line: 70. EEP_DLC Shroud=YES
[00:11:39][effect_impl.cpp:22217]: [2200.2.3] Log effect, file: events/eep_probe_events.txt line: 55. EEP_MONTH country=EEP 02 有机吞噬蜂群 C=0 G=0 D=2 made=0 worlds=0
[00:11:39][effect_impl.cpp:22217]: [2200.2.3] Log effect, file: events/eep_probe_events.txt line: 62. EEP_MONTH source=EEP-15$ Q=15 T=36 progress=1
[00:11:39][effect_impl.cpp:22217]: [2200.2.3] Log effect, file: events/eep_probe_events.txt line: 64. EEP_MONTH operational=YES
[00:11:39][effect_impl.cpp:22217]: [2200.2.3] Log effect, file: events/eep_probe_events.txt line: 62. EEP_MONTH source=EEP-20$ Q=20 T=48 progress=1
[00:11:39][effect_impl.cpp:22217]: [2200.2.3] Log effect, file: events/eep_probe_events.txt line: 62. EEP_MONTH source=EEP-25$ Q=25 T=60 progress=1
[00:11:39][effect_impl.cpp:22217]: [2200.2.3] Log effect, file: events/eep_probe_events.txt line: 68. EEP_DLC Nemesis=YES
[00:11:39][effect_impl.cpp:22217]: [2200.2.3] Log effect, file: events/eep_probe_events.txt line: 70. EEP_DLC Shroud=YES
[00:11:48][effect_impl.cpp:22217]: [2200.3.3] Log effect, file: events/eep_probe_events.txt line: 55. EEP_MONTH country=EEP 02 有机吞噬蜂群 C=0 G=0 D=2 made=0 worlds=0
[00:11:48][effect_impl.cpp:22217]: [2200.3.3] Log effect, file: events/eep_probe_events.txt line: 62. EEP_MONTH source=EEP-15$ Q=15 T=36 progress=2
[00:11:48][effect_impl.cpp:22217]: [2200.3.3] Log effect, file: events/eep_probe_events.txt line: 64. EEP_MONTH operational=YES
[00:11:48][effect_impl.cpp:22217]: [2200.3.3] Log effect, file: events/eep_probe_events.txt line: 62. EEP_MONTH source=EEP-20$ Q=20 T=48 progress=2
[00:11:48][effect_impl.cpp:22217]: [2200.3.3] Log effect, file: events/eep_probe_events.txt line: 62. EEP_MONTH source=EEP-25$ Q=25 T=60 progress=2
[00:11:48][effect_impl.cpp:22217]: [2200.3.3] Log effect, file: events/eep_probe_events.txt line: 68. EEP_DLC Nemesis=YES
[00:11:48][effect_impl.cpp:22217]: [2200.3.3] Log effect, file: events/eep_probe_events.txt line: 70. EEP_DLC Shroud=YES
[00:11:58][effect_impl.cpp:22217]: [2200.4.3] Log effect, file: events/eep_probe_events.txt line: 55. EEP_MONTH country=EEP 02 有机吞噬蜂群 C=0 G=0 D=2 made=0 worlds=0
[00:11:58][effect_impl.cpp:22217]: [2200.4.3] Log effect, file: events/eep_probe_events.txt line: 62. EEP_MONTH source=EEP-15$ Q=15 T=36 progress=3
[00:11:58][effect_impl.cpp:22217]: [2200.4.3] Log effect, file: events/eep_probe_events.txt line: 64. EEP_MONTH operational=YES
[00:11:58][effect_impl.cpp:22217]: [2200.4.3] Log effect, file: events/eep_probe_events.txt line: 62. EEP_MONTH source=EEP-20$ Q=20 T=48 progress=3
[00:11:58][effect_impl.cpp:22217]: [2200.4.3] Log effect, file: events/eep_probe_events.txt line: 62. EEP_MONTH source=EEP-25$ Q=25 T=60 progress=3
[00:11:58][effect_impl.cpp:22217]: [2200.4.3] Log effect, file: events/eep_probe_events.txt line: 68. EEP_DLC Nemesis=YES
[00:11:58][effect_impl.cpp:22217]: [2200.4.3] Log effect, file: events/eep_probe_events.txt line: 70. EEP_DLC Shroud=YES
[00:12:08][effect_impl.cpp:22217]: [2200.5.3] Log effect, file: events/eep_probe_events.txt line: 55. EEP_MONTH country=EEP 02 有机吞噬蜂群 C=0 G=0 D=2 made=0 worlds=0
[00:12:08][effect_impl.cpp:22217]: [2200.5.3] Log effect, file: events/eep_probe_events.txt line: 62. EEP_MONTH source=EEP-15$ Q=15 T=36 progress=4
[00:12:08][effect_impl.cpp:22217]: [2200.5.3] Log effect, file: events/eep_probe_events.txt line: 64. EEP_MONTH operational=YES
[00:12:08][effect_impl.cpp:22217]: [2200.5.3] Log effect, file: events/eep_probe_events.txt line: 62. EEP_MONTH source=EEP-20$ Q=20 T=48 progress=4
[00:12:08][effect_impl.cpp:22217]: [2200.5.3] Log effect, file: events/eep_probe_events.txt line: 62. EEP_MONTH source=EEP-25$ Q=25 T=60 progress=4
[00:12:08][effect_impl.cpp:22217]: [2200.5.3] Log effect, file: events/eep_probe_events.txt line: 68. EEP_DLC Nemesis=YES
[00:12:08][effect_impl.cpp:22217]: [2200.5.3] Log effect, file: events/eep_probe_events.txt line: 70. EEP_DLC Shroud=YES
[00:12:18][effect_impl.cpp:22217]: [2200.6.3] Log effect, file: events/eep_probe_events.txt line: 55. EEP_MONTH country=EEP 02 有机吞噬蜂群 C=0 G=0 D=2 made=0 worlds=0
[00:12:18][effect_impl.cpp:22217]: [2200.6.3] Log effect, file: events/eep_probe_events.txt line: 62. EEP_MONTH source=EEP-15$ Q=15 T=36 progress=5
[00:12:18][effect_impl.cpp:22217]: [2200.6.3] Log effect, file: events/eep_probe_events.txt line: 64. EEP_MONTH operational=YES
[00:12:18][effect_impl.cpp:22217]: [2200.6.3] Log effect, file: events/eep_probe_events.txt line: 62. EEP_MONTH source=EEP-20$ Q=20 T=48 progress=5
[00:12:18][effect_impl.cpp:22217]: [2200.6.3] Log effect, file: events/eep_probe_events.txt line: 62. EEP_MONTH source=EEP-25$ Q=25 T=60 progress=5
[00:12:18][effect_impl.cpp:22217]: [2200.6.3] Log effect, file: events/eep_probe_events.txt line: 68. EEP_DLC Nemesis=YES
[00:12:18][effect_impl.cpp:22217]: [2200.6.3] Log effect, file: events/eep_probe_events.txt line: 70. EEP_DLC Shroud=YES
[00:12:18][eventcommands.cpp:88]: Event first_contact.1 added info about event selection. selectedOption 0, human -1, playerEventId 3
[00:12:27][effect_impl.cpp:22217]: [2200.7.3] Log effect, file: events/eep_probe_events.txt line: 55. EEP_MONTH country=EEP 02 有机吞噬蜂群 C=0 G=0 D=2 made=0 worlds=0
[00:12:27][effect_impl.cpp:22217]: [2200.7.3] Log effect, file: events/eep_probe_events.txt line: 62. EEP_MONTH source=EEP-15$ Q=15 T=36 progress=6
[00:12:27][effect_impl.cpp:22217]: [2200.7.3] Log effect, file: events/eep_probe_events.txt line: 64. EEP_MONTH operational=YES
[00:12:27][effect_impl.cpp:22217]: [2200.7.3] Log effect, file: events/eep_probe_events.txt line: 62. EEP_MONTH source=EEP-20$ Q=20 T=48 progress=6
[00:12:27][effect_impl.cpp:22217]: [2200.7.3] Log effect, file: events/eep_probe_events.txt line: 62. EEP_MONTH source=EEP-25$ Q=25 T=60 progress=6
[00:12:27][effect_impl.cpp:22217]: [2200.7.3] Log effect, file: events/eep_probe_events.txt line: 68. EEP_DLC Nemesis=YES
[00:12:27][effect_impl.cpp:22217]: [2200.7.3] Log effect, file: events/eep_probe_events.txt line: 70. EEP_DLC Shroud=YES
[00:12:37][effect_impl.cpp:22217]: [2200.8.3] Log effect, file: events/eep_probe_events.txt line: 55. EEP_MONTH country=EEP 02 有机吞噬蜂群 C=0 G=0 D=2 made=0 worlds=0
[00:12:37][effect_impl.cpp:22217]: [2200.8.3] Log effect, file: events/eep_probe_events.txt line: 62. EEP_MONTH source=EEP-15$ Q=15 T=36 progress=7
[00:12:37][effect_impl.cpp:22217]: [2200.8.3] Log effect, file: events/eep_probe_events.txt line: 64. EEP_MONTH operational=YES
[00:12:37][effect_impl.cpp:22217]: [2200.8.3] Log effect, file: events/eep_probe_events.txt line: 62. EEP_MONTH source=EEP-20$ Q=20 T=48 progress=7
[00:12:37][effect_impl.cpp:22217]: [2200.8.3] Log effect, file: events/eep_probe_events.txt line: 62. EEP_MONTH source=EEP-25$ Q=25 T=60 progress=7
[00:12:37][effect_impl.cpp:22217]: [2200.8.3] Log effect, file: events/eep_probe_events.txt line: 68. EEP_DLC Nemesis=YES
[00:12:37][effect_impl.cpp:22217]: [2200.8.3] Log effect, file: events/eep_probe_events.txt line: 70. EEP_DLC Shroud=YES
[00:12:47][effect_impl.cpp:22217]: [2200.9.3] Log effect, file: events/eep_probe_events.txt line: 55. EEP_MONTH country=EEP 02 有机吞噬蜂群 C=0 G=0 D=2 made=0 worlds=0
[00:12:47][effect_impl.cpp:22217]: [2200.9.3] Log effect, file: events/eep_probe_events.txt line: 62. EEP_MONTH source=EEP-15$ Q=15 T=36 progress=8
[00:12:47][effect_impl.cpp:22217]: [2200.9.3] Log effect, file: events/eep_probe_events.txt line: 64. EEP_MONTH operational=YES
[00:12:47][effect_impl.cpp:22217]: [2200.9.3] Log effect, file: events/eep_probe_events.txt line: 62. EEP_MONTH source=EEP-20$ Q=20 T=48 progress=8
[00:12:47][effect_impl.cpp:22217]: [2200.9.3] Log effect, file: events/eep_probe_events.txt line: 62. EEP_MONTH source=EEP-25$ Q=25 T=60 progress=8
[00:12:47][effect_impl.cpp:22217]: [2200.9.3] Log effect, file: events/eep_probe_events.txt line: 68. EEP_DLC Nemesis=YES
[00:12:47][effect_impl.cpp:22217]: [2200.9.3] Log effect, file: events/eep_probe_events.txt line: 70. EEP_DLC Shroud=YES
[00:12:56][effect_impl.cpp:22217]: [2200.10.3] Log effect, file: events/eep_probe_events.txt line: 55. EEP_MONTH country=EEP 02 有机吞噬蜂群 C=0 G=0 D=2 made=0 worlds=0
[00:12:56][effect_impl.cpp:22217]: [2200.10.3] Log effect, file: events/eep_probe_events.txt line: 62. EEP_MONTH source=EEP-15$ Q=15 T=36 progress=9
[00:12:56][effect_impl.cpp:22217]: [2200.10.3] Log effect, file: events/eep_probe_events.txt line: 64. EEP_MONTH operational=YES
[00:12:56][effect_impl.cpp:22217]: [2200.10.3] Log effect, file: events/eep_probe_events.txt line: 62. EEP_MONTH source=EEP-20$ Q=20 T=48 progress=9
[00:12:56][effect_impl.cpp:22217]: [2200.10.3] Log effect, file: events/eep_probe_events.txt line: 62. EEP_MONTH source=EEP-25$ Q=25 T=60 progress=9
[00:12:56][effect_impl.cpp:22217]: [2200.10.3] Log effect, file: events/eep_probe_events.txt line: 68. EEP_DLC Nemesis=YES
[00:12:56][effect_impl.cpp:22217]: [2200.10.3] Log effect, file: events/eep_probe_events.txt line: 70. EEP_DLC Shroud=YES
[00:13:06][effect_impl.cpp:22217]: [2200.11.3] Log effect, file: events/eep_probe_events.txt line: 55. EEP_MONTH country=EEP 02 有机吞噬蜂群 C=0 G=0 D=2 made=0 worlds=0
[00:13:06][effect_impl.cpp:22217]: [2200.11.3] Log effect, file: events/eep_probe_events.txt line: 62. EEP_MONTH source=EEP-15$ Q=15 T=36 progress=10
[00:13:06][effect_impl.cpp:22217]: [2200.11.3] Log effect, file: events/eep_probe_events.txt line: 64. EEP_MONTH operational=YES
[00:13:06][effect_impl.cpp:22217]: [2200.11.3] Log effect, file: events/eep_probe_events.txt line: 62. EEP_MONTH source=EEP-20$ Q=20 T=48 progress=10
[00:13:06][effect_impl.cpp:22217]: [2200.11.3] Log effect, file: events/eep_probe_events.txt line: 62. EEP_MONTH source=EEP-25$ Q=25 T=60 progress=10
[00:13:06][effect_impl.cpp:22217]: [2200.11.3] Log effect, file: events/eep_probe_events.txt line: 68. EEP_DLC Nemesis=YES
[00:13:06][effect_impl.cpp:22217]: [2200.11.3] Log effect, file: events/eep_probe_events.txt line: 70. EEP_DLC Shroud=YES
[00:13:16][effect_impl.cpp:22217]: [2200.12.3] Log effect, file: events/eep_probe_events.txt line: 55. EEP_MONTH country=EEP 02 有机吞噬蜂群 C=0 G=0 D=2 made=0 worlds=0
[00:13:16][effect_impl.cpp:22217]: [2200.12.3] Log effect, file: events/eep_probe_events.txt line: 62. EEP_MONTH source=EEP-15$ Q=15 T=36 progress=11
[00:13:16][effect_impl.cpp:22217]: [2200.12.3] Log effect, file: events/eep_probe_events.txt line: 64. EEP_MONTH operational=YES
[00:13:16][effect_impl.cpp:22217]: [2200.12.3] Log effect, file: events/eep_probe_events.txt line: 62. EEP_MONTH source=EEP-20$ Q=20 T=48 progress=11
[00:13:16][effect_impl.cpp:22217]: [2200.12.3] Log effect, file: events/eep_probe_events.txt line: 62. EEP_MONTH source=EEP-25$ Q=25 T=60 progress=11
[00:13:16][effect_impl.cpp:22217]: [2200.12.3] Log effect, file: events/eep_probe_events.txt line: 68. EEP_DLC Nemesis=YES
[00:13:16][effect_impl.cpp:22217]: [2200.12.3] Log effect, file: events/eep_probe_events.txt line: 70. EEP_DLC Shroud=YES
[00:13:26][effect_impl.cpp:22217]: [2201.1.3] Log effect, file: events/eep_probe_events.txt line: 55. EEP_MONTH country=EEP 02 有机吞噬蜂群 C=0 G=0 D=2 made=0 worlds=0
[00:13:26][effect_impl.cpp:22217]: [2201.1.3] Log effect, file: events/eep_probe_events.txt line: 62. EEP_MONTH source=EEP-15$ Q=15 T=36 progress=12
[00:13:26][effect_impl.cpp:22217]: [2201.1.3] Log effect, file: events/eep_probe_events.txt line: 64. EEP_MONTH operational=YES
[00:13:26][effect_impl.cpp:22217]: [2201.1.3] Log effect, file: events/eep_probe_events.txt line: 62. EEP_MONTH source=EEP-20$ Q=20 T=48 progress=12
[00:13:26][effect_impl.cpp:22217]: [2201.1.3] Log effect, file: events/eep_probe_events.txt line: 62. EEP_MONTH source=EEP-25$ Q=25 T=60 progress=12
[00:13:26][effect_impl.cpp:22217]: [2201.1.3] Log effect, file: events/eep_probe_events.txt line: 68. EEP_DLC Nemesis=YES
[00:13:26][effect_impl.cpp:22217]: [2201.1.3] Log effect, file: events/eep_probe_events.txt line: 70. EEP_DLC Shroud=YES
[00:13:35][effect_impl.cpp:22217]: [2201.2.3] Log effect, file: events/eep_probe_events.txt line: 55. EEP_MONTH country=EEP 02 有机吞噬蜂群 C=0 G=0 D=2 made=0 worlds=0
[00:13:35][effect_impl.cpp:22217]: [2201.2.3] Log effect, file: events/eep_probe_events.txt line: 62. EEP_MONTH source=EEP-15$ Q=15 T=36 progress=13
[00:13:35][effect_impl.cpp:22217]: [2201.2.3] Log effect, file: events/eep_probe_events.txt line: 64. EEP_MONTH operational=YES
[00:13:35][effect_impl.cpp:22217]: [2201.2.3] Log effect, file: events/eep_probe_events.txt line: 62. EEP_MONTH source=EEP-20$ Q=20 T=48 progress=13
[00:13:35][effect_impl.cpp:22217]: [2201.2.3] Log effect, file: events/eep_probe_events.txt line: 62. EEP_MONTH source=EEP-25$ Q=25 T=60 progress=13
[00:13:35][effect_impl.cpp:22217]: [2201.2.3] Log effect, file: events/eep_probe_events.txt line: 68. EEP_DLC Nemesis=YES
[00:13:35][effect_impl.cpp:22217]: [2201.2.3] Log effect, file: events/eep_probe_events.txt line: 70. EEP_DLC Shroud=YES
[00:13:45][effect_impl.cpp:22217]: [2201.3.3] Log effect, file: events/eep_probe_events.txt line: 55. EEP_MONTH country=EEP 02 有机吞噬蜂群 C=0 G=0 D=2 made=0 worlds=0
[00:13:45][effect_impl.cpp:22217]: [2201.3.3] Log effect, file: events/eep_probe_events.txt line: 62. EEP_MONTH source=EEP-15$ Q=15 T=36 progress=14
[00:13:45][effect_impl.cpp:22217]: [2201.3.3] Log effect, file: events/eep_probe_events.txt line: 64. EEP_MONTH operational=YES
[00:13:45][effect_impl.cpp:22217]: [2201.3.3] Log effect, file: events/eep_probe_events.txt line: 62. EEP_MONTH source=EEP-20$ Q=20 T=48 progress=14
[00:13:45][effect_impl.cpp:22217]: [2201.3.3] Log effect, file: events/eep_probe_events.txt line: 62. EEP_MONTH source=EEP-25$ Q=25 T=60 progress=14
[00:13:45][effect_impl.cpp:22217]: [2201.3.3] Log effect, file: events/eep_probe_events.txt line: 68. EEP_DLC Nemesis=YES
[00:13:45][effect_impl.cpp:22217]: [2201.3.3] Log effect, file: events/eep_probe_events.txt line: 70. EEP_DLC Shroud=YES
[00:13:55][effect_impl.cpp:22217]: [2201.4.3] Log effect, file: events/eep_probe_events.txt line: 55. EEP_MONTH country=EEP 02 有机吞噬蜂群 C=0 G=0 D=2 made=0 worlds=0
[00:13:55][effect_impl.cpp:22217]: [2201.4.3] Log effect, file: events/eep_probe_events.txt line: 62. EEP_MONTH source=EEP-15$ Q=15 T=36 progress=15
[00:13:55][effect_impl.cpp:22217]: [2201.4.3] Log effect, file: events/eep_probe_events.txt line: 64. EEP_MONTH operational=YES
[00:13:55][effect_impl.cpp:22217]: [2201.4.3] Log effect, file: events/eep_probe_events.txt line: 62. EEP_MONTH source=EEP-20$ Q=20 T=48 progress=15
[00:13:55][effect_impl.cpp:22217]: [2201.4.3] Log effect, file: events/eep_probe_events.txt line: 62. EEP_MONTH source=EEP-25$ Q=25 T=60 progress=15
[00:13:55][effect_impl.cpp:22217]: [2201.4.3] Log effect, file: events/eep_probe_events.txt line: 68. EEP_DLC Nemesis=YES
[00:13:55][effect_impl.cpp:22217]: [2201.4.3] Log effect, file: events/eep_probe_events.txt line: 70. EEP_DLC Shroud=YES
[00:14:05][effect_impl.cpp:22217]: [2201.5.3] Log effect, file: events/eep_probe_events.txt line: 55. EEP_MONTH country=EEP 02 有机吞噬蜂群 C=0 G=0 D=2 made=0 worlds=0
[00:14:05][effect_impl.cpp:22217]: [2201.5.3] Log effect, file: events/eep_probe_events.txt line: 62. EEP_MONTH source=EEP-15$ Q=15 T=36 progress=16
[00:14:05][effect_impl.cpp:22217]: [2201.5.3] Log effect, file: events/eep_probe_events.txt line: 64. EEP_MONTH operational=YES
[00:14:05][effect_impl.cpp:22217]: [2201.5.3] Log effect, file: events/eep_probe_events.txt line: 62. EEP_MONTH source=EEP-20$ Q=20 T=48 progress=16
[00:14:05][effect_impl.cpp:22217]: [2201.5.3] Log effect, file: events/eep_probe_events.txt line: 62. EEP_MONTH source=EEP-25$ Q=25 T=60 progress=16
[00:14:05][effect_impl.cpp:22217]: [2201.5.3] Log effect, file: events/eep_probe_events.txt line: 68. EEP_DLC Nemesis=YES
[00:14:05][effect_impl.cpp:22217]: [2201.5.3] Log effect, file: events/eep_probe_events.txt line: 70. EEP_DLC Shroud=YES
[00:14:14][effect_impl.cpp:22217]: [2201.6.3] Log effect, file: events/eep_probe_events.txt line: 55. EEP_MONTH country=EEP 02 有机吞噬蜂群 C=0 G=0 D=2 made=0 worlds=0
[00:14:14][effect_impl.cpp:22217]: [2201.6.3] Log effect, file: events/eep_probe_events.txt line: 62. EEP_MONTH source=EEP-15$ Q=15 T=36 progress=17
[00:14:14][effect_impl.cpp:22217]: [2201.6.3] Log effect, file: events/eep_probe_events.txt line: 64. EEP_MONTH operational=YES
[00:14:14][effect_impl.cpp:22217]: [2201.6.3] Log effect, file: events/eep_probe_events.txt line: 62. EEP_MONTH source=EEP-20$ Q=20 T=48 progress=17
[00:14:14][effect_impl.cpp:22217]: [2201.6.3] Log effect, file: events/eep_probe_events.txt line: 62. EEP_MONTH source=EEP-25$ Q=25 T=60 progress=17
[00:14:14][effect_impl.cpp:22217]: [2201.6.3] Log effect, file: events/eep_probe_events.txt line: 68. EEP_DLC Nemesis=YES
[00:14:14][effect_impl.cpp:22217]: [2201.6.3] Log effect, file: events/eep_probe_events.txt line: 70. EEP_DLC Shroud=YES
[00:14:24][effect_impl.cpp:22217]: [2201.7.3] Log effect, file: events/eep_probe_events.txt line: 55. EEP_MONTH country=EEP 02 有机吞噬蜂群 C=0 G=0 D=2 made=0 worlds=0
[00:14:24][effect_impl.cpp:22217]: [2201.7.3] Log effect, file: events/eep_probe_events.txt line: 62. EEP_MONTH source=EEP-15$ Q=15 T=36 progress=18
[00:14:24][effect_impl.cpp:22217]: [2201.7.3] Log effect, file: events/eep_probe_events.txt line: 64. EEP_MONTH operational=YES
[00:14:24][effect_impl.cpp:22217]: [2201.7.3] Log effect, file: events/eep_probe_events.txt line: 62. EEP_MONTH source=EEP-20$ Q=20 T=48 progress=18
[00:14:24][effect_impl.cpp:22217]: [2201.7.3] Log effect, file: events/eep_probe_events.txt line: 62. EEP_MONTH source=EEP-25$ Q=25 T=60 progress=18
[00:14:24][effect_impl.cpp:22217]: [2201.7.3] Log effect, file: events/eep_probe_events.txt line: 68. EEP_DLC Nemesis=YES
[00:14:24][effect_impl.cpp:22217]: [2201.7.3] Log effect, file: events/eep_probe_events.txt line: 70. EEP_DLC Shroud=YES
[00:14:34][effect_impl.cpp:22217]: [2201.8.3] Log effect, file: events/eep_probe_events.txt line: 55. EEP_MONTH country=EEP 02 有机吞噬蜂群 C=0 G=0 D=2 made=0 worlds=0
[00:14:34][effect_impl.cpp:22217]: [2201.8.3] Log effect, file: events/eep_probe_events.txt line: 62. EEP_MONTH source=EEP-15$ Q=15 T=36 progress=19
[00:14:34][effect_impl.cpp:22217]: [2201.8.3] Log effect, file: events/eep_probe_events.txt line: 64. EEP_MONTH operational=YES
[00:14:34][effect_impl.cpp:22217]: [2201.8.3] Log effect, file: events/eep_probe_events.txt line: 62. EEP_MONTH source=EEP-20$ Q=20 T=48 progress=19
[00:14:34][effect_impl.cpp:22217]: [2201.8.3] Log effect, file: events/eep_probe_events.txt line: 62. EEP_MONTH source=EEP-25$ Q=25 T=60 progress=19
[00:14:34][effect_impl.cpp:22217]: [2201.8.3] Log effect, file: events/eep_probe_events.txt line: 68. EEP_DLC Nemesis=YES
[00:14:34][effect_impl.cpp:22217]: [2201.8.3] Log effect, file: events/eep_probe_events.txt line: 70. EEP_DLC Shroud=YES
[00:14:44][effect_impl.cpp:22217]: [2201.9.3] Log effect, file: events/eep_probe_events.txt line: 55. EEP_MONTH country=EEP 02 有机吞噬蜂群 C=0 G=0 D=2 made=0 worlds=0
[00:14:44][effect_impl.cpp:22217]: [2201.9.3] Log effect, file: events/eep_probe_events.txt line: 62. EEP_MONTH source=EEP-15$ Q=15 T=36 progress=20
[00:14:44][effect_impl.cpp:22217]: [2201.9.3] Log effect, file: events/eep_probe_events.txt line: 64. EEP_MONTH operational=YES
[00:14:44][effect_impl.cpp:22217]: [2201.9.3] Log effect, file: events/eep_probe_events.txt line: 62. EEP_MONTH source=EEP-20$ Q=20 T=48 progress=20
[00:14:44][effect_impl.cpp:22217]: [2201.9.3] Log effect, file: events/eep_probe_events.txt line: 62. EEP_MONTH source=EEP-25$ Q=25 T=60 progress=20
[00:14:44][effect_impl.cpp:22217]: [2201.9.3] Log effect, file: events/eep_probe_events.txt line: 68. EEP_DLC Nemesis=YES
[00:14:44][effect_impl.cpp:22217]: [2201.9.3] Log effect, file: events/eep_probe_events.txt line: 70. EEP_DLC Shroud=YES
[00:14:53][effect_impl.cpp:22217]: [2201.10.3] Log effect, file: events/eep_probe_events.txt line: 55. EEP_MONTH country=EEP 02 有机吞噬蜂群 C=0 G=0 D=2 made=0 worlds=0
[00:14:53][effect_impl.cpp:22217]: [2201.10.3] Log effect, file: events/eep_probe_events.txt line: 62. EEP_MONTH source=EEP-15$ Q=15 T=36 progress=21
[00:14:53][effect_impl.cpp:22217]: [2201.10.3] Log effect, file: events/eep_probe_events.txt line: 64. EEP_MONTH operational=YES
[00:14:53][effect_impl.cpp:22217]: [2201.10.3] Log effect, file: events/eep_probe_events.txt line: 62. EEP_MONTH source=EEP-20$ Q=20 T=48 progress=21
[00:14:53][effect_impl.cpp:22217]: [2201.10.3] Log effect, file: events/eep_probe_events.txt line: 62. EEP_MONTH source=EEP-25$ Q=25 T=60 progress=21
[00:14:53][effect_impl.cpp:22217]: [2201.10.3] Log effect, file: events/eep_probe_events.txt line: 68. EEP_DLC Nemesis=YES
[00:14:53][effect_impl.cpp:22217]: [2201.10.3] Log effect, file: events/eep_probe_events.txt line: 70. EEP_DLC Shroud=YES
[00:15:03][effect_impl.cpp:22217]: [2201.11.3] Log effect, file: events/eep_probe_events.txt line: 55. EEP_MONTH country=EEP 02 有机吞噬蜂群 C=0 G=0 D=2 made=0 worlds=0
[00:15:03][effect_impl.cpp:22217]: [2201.11.3] Log effect, file: events/eep_probe_events.txt line: 62. EEP_MONTH source=EEP-15$ Q=15 T=36 progress=22
[00:15:03][effect_impl.cpp:22217]: [2201.11.3] Log effect, file: events/eep_probe_events.txt line: 64. EEP_MONTH operational=YES
[00:15:03][effect_impl.cpp:22217]: [2201.11.3] Log effect, file: events/eep_probe_events.txt line: 62. EEP_MONTH source=EEP-20$ Q=20 T=48 progress=22
[00:15:03][effect_impl.cpp:22217]: [2201.11.3] Log effect, file: events/eep_probe_events.txt line: 62. EEP_MONTH source=EEP-25$ Q=25 T=60 progress=22
[00:15:03][effect_impl.cpp:22217]: [2201.11.3] Log effect, file: events/eep_probe_events.txt line: 68. EEP_DLC Nemesis=YES
[00:15:03][effect_impl.cpp:22217]: [2201.11.3] Log effect, file: events/eep_probe_events.txt line: 70. EEP_DLC Shroud=YES
[00:15:07][eventcommands.cpp:88]: Event first_contact.1 added info about event selection. selectedOption 0, human -1, playerEventId 4
[00:15:13][effect_impl.cpp:22217]: [2201.12.3] Log effect, file: events/eep_probe_events.txt line: 55. EEP_MONTH country=EEP 02 有机吞噬蜂群 C=0 G=0 D=2 made=0 worlds=0
[00:15:13][effect_impl.cpp:22217]: [2201.12.3] Log effect, file: events/eep_probe_events.txt line: 62. EEP_MONTH source=EEP-15$ Q=15 T=36 progress=23
[00:15:13][effect_impl.cpp:22217]: [2201.12.3] Log effect, file: events/eep_probe_events.txt line: 64. EEP_MONTH operational=YES
[00:15:13][effect_impl.cpp:22217]: [2201.12.3] Log effect, file: events/eep_probe_events.txt line: 62. EEP_MONTH source=EEP-20$ Q=20 T=48 progress=23
[00:15:13][effect_impl.cpp:22217]: [2201.12.3] Log effect, file: events/eep_probe_events.txt line: 62. EEP_MONTH source=EEP-25$ Q=25 T=60 progress=23
[00:15:13][effect_impl.cpp:22217]: [2201.12.3] Log effect, file: events/eep_probe_events.txt line: 68. EEP_DLC Nemesis=YES
[00:15:13][effect_impl.cpp:22217]: [2201.12.3] Log effect, file: events/eep_probe_events.txt line: 70. EEP_DLC Shroud=YES
[00:15:22][effect_impl.cpp:22217]: [2202.1.3] Log effect, file: events/eep_probe_events.txt line: 55. EEP_MONTH country=EEP 02 有机吞噬蜂群 C=0 G=0 D=2 made=0 worlds=0
[00:15:22][effect_impl.cpp:22217]: [2202.1.3] Log effect, file: events/eep_probe_events.txt line: 62. EEP_MONTH source=EEP-15$ Q=15 T=36 progress=24
[00:15:22][effect_impl.cpp:22217]: [2202.1.3] Log effect, file: events/eep_probe_events.txt line: 64. EEP_MONTH operational=YES
[00:15:22][effect_impl.cpp:22217]: [2202.1.3] Log effect, file: events/eep_probe_events.txt line: 62. EEP_MONTH source=EEP-20$ Q=20 T=48 progress=24
[00:15:22][effect_impl.cpp:22217]: [2202.1.3] Log effect, file: events/eep_probe_events.txt line: 62. EEP_MONTH source=EEP-25$ Q=25 T=60 progress=24
[00:15:22][effect_impl.cpp:22217]: [2202.1.3] Log effect, file: events/eep_probe_events.txt line: 68. EEP_DLC Nemesis=YES
[00:15:22][effect_impl.cpp:22217]: [2202.1.3] Log effect, file: events/eep_probe_events.txt line: 70. EEP_DLC Shroud=YES
[00:15:32][effect_impl.cpp:22217]: [2202.2.3] Log effect, file: events/eep_probe_events.txt line: 55. EEP_MONTH country=EEP 02 有机吞噬蜂群 C=0 G=0 D=2 made=0 worlds=0
[00:15:32][effect_impl.cpp:22217]: [2202.2.3] Log effect, file: events/eep_probe_events.txt line: 62. EEP_MONTH source=EEP-15$ Q=15 T=36 progress=25
[00:15:32][effect_impl.cpp:22217]: [2202.2.3] Log effect, file: events/eep_probe_events.txt line: 64. EEP_MONTH operational=YES
[00:15:32][effect_impl.cpp:22217]: [2202.2.3] Log effect, file: events/eep_probe_events.txt line: 62. EEP_MONTH source=EEP-20$ Q=20 T=48 progress=25
[00:15:32][effect_impl.cpp:22217]: [2202.2.3] Log effect, file: events/eep_probe_events.txt line: 62. EEP_MONTH source=EEP-25$ Q=25 T=60 progress=25
[00:15:32][effect_impl.cpp:22217]: [2202.2.3] Log effect, file: events/eep_probe_events.txt line: 68. EEP_DLC Nemesis=YES
[00:15:32][effect_impl.cpp:22217]: [2202.2.3] Log effect, file: events/eep_probe_events.txt line: 70. EEP_DLC Shroud=YES
[00:15:42][effect_impl.cpp:22217]: [2202.3.3] Log effect, file: events/eep_probe_events.txt line: 55. EEP_MONTH country=EEP 02 有机吞噬蜂群 C=0 G=0 D=2 made=0 worlds=0
[00:15:42][effect_impl.cpp:22217]: [2202.3.3] Log effect, file: events/eep_probe_events.txt line: 62. EEP_MONTH source=EEP-15$ Q=15 T=36 progress=26
[00:15:42][effect_impl.cpp:22217]: [2202.3.3] Log effect, file: events/eep_probe_events.txt line: 64. EEP_MONTH operational=YES
[00:15:42][effect_impl.cpp:22217]: [2202.3.3] Log effect, file: events/eep_probe_events.txt line: 62. EEP_MONTH source=EEP-20$ Q=20 T=48 progress=26
[00:15:42][effect_impl.cpp:22217]: [2202.3.3] Log effect, file: events/eep_probe_events.txt line: 62. EEP_MONTH source=EEP-25$ Q=25 T=60 progress=26
[00:15:42][effect_impl.cpp:22217]: [2202.3.3] Log effect, file: events/eep_probe_events.txt line: 68. EEP_DLC Nemesis=YES
[00:15:42][effect_impl.cpp:22217]: [2202.3.3] Log effect, file: events/eep_probe_events.txt line: 70. EEP_DLC Shroud=YES
[00:15:52][eventcommands.cpp:88]: Event eep.10 added info about event selection. selectedOption 0, human -1, playerEventId 2
[00:15:52][effect_impl.cpp:22217]: [2202.4.3] Log effect, file: events/eep_probe_events.txt line: 55. EEP_MONTH country=EEP 02 有机吞噬蜂群 C=0 G=0 D=2 made=0 worlds=0
[00:15:52][effect_impl.cpp:22217]: [2202.4.3] Log effect, file: events/eep_probe_events.txt line: 62. EEP_MONTH source=EEP-15$ Q=15 T=36 progress=27
[00:15:52][effect_impl.cpp:22217]: [2202.4.3] Log effect, file: events/eep_probe_events.txt line: 64. EEP_MONTH operational=YES
[00:15:52][effect_impl.cpp:22217]: [2202.4.3] Log effect, file: events/eep_probe_events.txt line: 62. EEP_MONTH source=EEP-20$ Q=20 T=48 progress=27
[00:15:52][effect_impl.cpp:22217]: [2202.4.3] Log effect, file: events/eep_probe_events.txt line: 62. EEP_MONTH source=EEP-25$ Q=25 T=60 progress=27
[00:15:52][effect_impl.cpp:22217]: [2202.4.3] Log effect, file: events/eep_probe_events.txt line: 68. EEP_DLC Nemesis=YES
[00:15:52][effect_impl.cpp:22217]: [2202.4.3] Log effect, file: events/eep_probe_events.txt line: 70. EEP_DLC Shroud=YES
[00:16:01][effect_impl.cpp:22217]: [2202.5.3] Log effect, file: events/eep_probe_events.txt line: 55. EEP_MONTH country=EEP 02 有机吞噬蜂群 C=0 G=0 D=2 made=0 worlds=0
[00:16:01][effect_impl.cpp:22217]: [2202.5.3] Log effect, file: events/eep_probe_events.txt line: 62. EEP_MONTH source=EEP-15$ Q=15 T=36 progress=28
[00:16:01][effect_impl.cpp:22217]: [2202.5.3] Log effect, file: events/eep_probe_events.txt line: 64. EEP_MONTH operational=YES
[00:16:01][effect_impl.cpp:22217]: [2202.5.3] Log effect, file: events/eep_probe_events.txt line: 62. EEP_MONTH source=EEP-20$ Q=20 T=48 progress=28
[00:16:01][effect_impl.cpp:22217]: [2202.5.3] Log effect, file: events/eep_probe_events.txt line: 62. EEP_MONTH source=EEP-25$ Q=25 T=60 progress=28
[00:16:01][effect_impl.cpp:22217]: [2202.5.3] Log effect, file: events/eep_probe_events.txt line: 68. EEP_DLC Nemesis=YES
[00:16:01][effect_impl.cpp:22217]: [2202.5.3] Log effect, file: events/eep_probe_events.txt line: 70. EEP_DLC Shroud=YES
[00:16:11][effect_impl.cpp:22217]: [2202.6.3] Log effect, file: events/eep_probe_events.txt line: 55. EEP_MONTH country=EEP 02 有机吞噬蜂群 C=0 G=0 D=2 made=0 worlds=0
[00:16:11][effect_impl.cpp:22217]: [2202.6.3] Log effect, file: events/eep_probe_events.txt line: 62. EEP_MONTH source=EEP-15$ Q=15 T=36 progress=29
[00:16:11][effect_impl.cpp:22217]: [2202.6.3] Log effect, file: events/eep_probe_events.txt line: 64. EEP_MONTH operational=YES
[00:16:11][effect_impl.cpp:22217]: [2202.6.3] Log effect, file: events/eep_probe_events.txt line: 62. EEP_MONTH source=EEP-20$ Q=20 T=48 progress=29
[00:16:11][effect_impl.cpp:22217]: [2202.6.3] Log effect, file: events/eep_probe_events.txt line: 62. EEP_MONTH source=EEP-25$ Q=25 T=60 progress=29
[00:16:11][effect_impl.cpp:22217]: [2202.6.3] Log effect, file: events/eep_probe_events.txt line: 68. EEP_DLC Nemesis=YES
[00:16:11][effect_impl.cpp:22217]: [2202.6.3] Log effect, file: events/eep_probe_events.txt line: 70. EEP_DLC Shroud=YES
[00:16:21][effect_impl.cpp:22217]: [2202.7.3] Log effect, file: events/eep_probe_events.txt line: 55. EEP_MONTH country=EEP 02 有机吞噬蜂群 C=0 G=0 D=2 made=0 worlds=0
[00:16:21][effect_impl.cpp:22217]: [2202.7.3] Log effect, file: events/eep_probe_events.txt line: 62. EEP_MONTH source=EEP-15$ Q=15 T=36 progress=30
[00:16:21][effect_impl.cpp:22217]: [2202.7.3] Log effect, file: events/eep_probe_events.txt line: 64. EEP_MONTH operational=YES
[00:16:21][effect_impl.cpp:22217]: [2202.7.3] Log effect, file: events/eep_probe_events.txt line: 62. EEP_MONTH source=EEP-20$ Q=20 T=48 progress=30
[00:16:21][effect_impl.cpp:22217]: [2202.7.3] Log effect, file: events/eep_probe_events.txt line: 62. EEP_MONTH source=EEP-25$ Q=25 T=60 progress=30
[00:16:21][effect_impl.cpp:22217]: [2202.7.3] Log effect, file: events/eep_probe_events.txt line: 68. EEP_DLC Nemesis=YES
[00:16:21][effect_impl.cpp:22217]: [2202.7.3] Log effect, file: events/eep_probe_events.txt line: 70. EEP_DLC Shroud=YES
[00:16:31][effect_impl.cpp:22217]: [2202.8.3] Log effect, file: events/eep_probe_events.txt line: 55. EEP_MONTH country=EEP 02 有机吞噬蜂群 C=0 G=0 D=2 made=0 worlds=0
[00:16:31][effect_impl.cpp:22217]: [2202.8.3] Log effect, file: events/eep_probe_events.txt line: 62. EEP_MONTH source=EEP-15$ Q=15 T=36 progress=31
[00:16:31][effect_impl.cpp:22217]: [2202.8.3] Log effect, file: events/eep_probe_events.txt line: 64. EEP_MONTH operational=YES
[00:16:31][effect_impl.cpp:22217]: [2202.8.3] Log effect, file: events/eep_probe_events.txt line: 62. EEP_MONTH source=EEP-20$ Q=20 T=48 progress=31
[00:16:31][effect_impl.cpp:22217]: [2202.8.3] Log effect, file: events/eep_probe_events.txt line: 62. EEP_MONTH source=EEP-25$ Q=25 T=60 progress=31
[00:16:31][effect_impl.cpp:22217]: [2202.8.3] Log effect, file: events/eep_probe_events.txt line: 68. EEP_DLC Nemesis=YES
[00:16:31][effect_impl.cpp:22217]: [2202.8.3] Log effect, file: events/eep_probe_events.txt line: 70. EEP_DLC Shroud=YES
[00:16:40][effect_impl.cpp:22217]: [2202.9.3] Log effect, file: events/eep_probe_events.txt line: 55. EEP_MONTH country=EEP 02 有机吞噬蜂群 C=0 G=0 D=2 made=0 worlds=0
[00:16:40][effect_impl.cpp:22217]: [2202.9.3] Log effect, file: events/eep_probe_events.txt line: 62. EEP_MONTH source=EEP-15$ Q=15 T=36 progress=32
[00:16:40][effect_impl.cpp:22217]: [2202.9.3] Log effect, file: events/eep_probe_events.txt line: 64. EEP_MONTH operational=YES
[00:16:40][effect_impl.cpp:22217]: [2202.9.3] Log effect, file: events/eep_probe_events.txt line: 62. EEP_MONTH source=EEP-20$ Q=20 T=48 progress=32
[00:16:40][effect_impl.cpp:22217]: [2202.9.3] Log effect, file: events/eep_probe_events.txt line: 62. EEP_MONTH source=EEP-25$ Q=25 T=60 progress=32
[00:16:40][effect_impl.cpp:22217]: [2202.9.3] Log effect, file: events/eep_probe_events.txt line: 68. EEP_DLC Nemesis=YES
[00:16:40][effect_impl.cpp:22217]: [2202.9.3] Log effect, file: events/eep_probe_events.txt line: 70. EEP_DLC Shroud=YES
[00:16:50][effect_impl.cpp:22217]: [2202.10.3] Log effect, file: events/eep_probe_events.txt line: 55. EEP_MONTH country=EEP 02 有机吞噬蜂群 C=0 G=0 D=2 made=0 worlds=0
[00:16:50][effect_impl.cpp:22217]: [2202.10.3] Log effect, file: events/eep_probe_events.txt line: 62. EEP_MONTH source=EEP-15$ Q=15 T=36 progress=33
[00:16:50][effect_impl.cpp:22217]: [2202.10.3] Log effect, file: events/eep_probe_events.txt line: 64. EEP_MONTH operational=YES
[00:16:50][effect_impl.cpp:22217]: [2202.10.3] Log effect, file: events/eep_probe_events.txt line: 62. EEP_MONTH source=EEP-20$ Q=20 T=48 progress=33
[00:16:50][effect_impl.cpp:22217]: [2202.10.3] Log effect, file: events/eep_probe_events.txt line: 62. EEP_MONTH source=EEP-25$ Q=25 T=60 progress=33
[00:16:50][effect_impl.cpp:22217]: [2202.10.3] Log effect, file: events/eep_probe_events.txt line: 68. EEP_DLC Nemesis=YES
[00:16:50][effect_impl.cpp:22217]: [2202.10.3] Log effect, file: events/eep_probe_events.txt line: 70. EEP_DLC Shroud=YES
[00:17:00][effect_impl.cpp:22217]: [2202.11.3] Log effect, file: events/eep_probe_events.txt line: 55. EEP_MONTH country=EEP 02 有机吞噬蜂群 C=0 G=0 D=2 made=0 worlds=0
[00:17:00][effect_impl.cpp:22217]: [2202.11.3] Log effect, file: events/eep_probe_events.txt line: 62. EEP_MONTH source=EEP-15$ Q=15 T=36 progress=34
[00:17:00][effect_impl.cpp:22217]: [2202.11.3] Log effect, file: events/eep_probe_events.txt line: 64. EEP_MONTH operational=YES
[00:17:00][effect_impl.cpp:22217]: [2202.11.3] Log effect, file: events/eep_probe_events.txt line: 62. EEP_MONTH source=EEP-20$ Q=20 T=48 progress=34
[00:17:00][effect_impl.cpp:22217]: [2202.11.3] Log effect, file: events/eep_probe_events.txt line: 62. EEP_MONTH source=EEP-25$ Q=25 T=60 progress=34
[00:17:00][effect_impl.cpp:22217]: [2202.11.3] Log effect, file: events/eep_probe_events.txt line: 68. EEP_DLC Nemesis=YES
[00:17:00][effect_impl.cpp:22217]: [2202.11.3] Log effect, file: events/eep_probe_events.txt line: 70. EEP_DLC Shroud=YES
[00:17:10][effect_impl.cpp:22217]: [2202.12.3] Log effect, file: events/eep_probe_events.txt line: 55. EEP_MONTH country=EEP 02 有机吞噬蜂群 C=0 G=0 D=2 made=0 worlds=0
[00:17:10][effect_impl.cpp:22217]: [2202.12.3] Log effect, file: events/eep_probe_events.txt line: 62. EEP_MONTH source=EEP-15$ Q=15 T=36 progress=35
[00:17:10][effect_impl.cpp:22217]: [2202.12.3] Log effect, file: events/eep_probe_events.txt line: 64. EEP_MONTH operational=YES
[00:17:10][effect_impl.cpp:22217]: [2202.12.3] Log effect, file: events/eep_probe_events.txt line: 62. EEP_MONTH source=EEP-20$ Q=20 T=48 progress=35
[00:17:10][effect_impl.cpp:22217]: [2202.12.3] Log effect, file: events/eep_probe_events.txt line: 62. EEP_MONTH source=EEP-25$ Q=25 T=60 progress=35
[00:17:10][effect_impl.cpp:22217]: [2202.12.3] Log effect, file: events/eep_probe_events.txt line: 68. EEP_DLC Nemesis=YES
[00:17:10][effect_impl.cpp:22217]: [2202.12.3] Log effect, file: events/eep_probe_events.txt line: 70. EEP_DLC Shroud=YES
[00:18:57][effect_impl.cpp:22217]: [2202.12.30] Log effect, file: events/eep_probe_events.txt line: 55. EEP_MONTH country=EEP 02 有机吞噬蜂群 C=0 G=0 D=2 made=0 worlds=0
[00:18:57][effect_impl.cpp:22217]: [2202.12.30] Log effect, file: events/eep_probe_events.txt line: 62. EEP_MONTH source=EEP-15$ Q=15 T=36 progress=35
[00:18:57][effect_impl.cpp:22217]: [2202.12.30] Log effect, file: events/eep_probe_events.txt line: 64. EEP_MONTH operational=YES
[00:18:57][effect_impl.cpp:22217]: [2202.12.30] Log effect, file: events/eep_probe_events.txt line: 62. EEP_MONTH source=EEP-20$ Q=20 T=48 progress=35
[00:18:57][effect_impl.cpp:22217]: [2202.12.30] Log effect, file: events/eep_probe_events.txt line: 62. EEP_MONTH source=EEP-25$ Q=25 T=60 progress=35
[00:18:57][effect_impl.cpp:22217]: [2202.12.30] Log effect, file: events/eep_probe_events.txt line: 68. EEP_DLC Nemesis=YES
[00:18:57][effect_impl.cpp:22217]: [2202.12.30] Log effect, file: events/eep_probe_events.txt line: 70. EEP_DLC Shroud=YES
[00:19:04][effect_impl.cpp:22217]: [2203.1.1] Log effect, file: events/eep_probe_events.txt line: 55. EEP_MONTH country=EEP 02 有机吞噬蜂群 C=0 G=0 D=2 made=0 worlds=0
[00:19:04][effect_impl.cpp:22217]: [2203.1.1] Log effect, file: events/eep_probe_events.txt line: 62. EEP_MONTH source=EEP-15$ Q=15 T=36 progress=36
[00:19:04][effect_impl.cpp:22217]: [2203.1.1] Log effect, file: events/eep_probe_events.txt line: 64. EEP_MONTH operational=YES
[00:19:04][effect_impl.cpp:22217]: [2203.1.1] Log effect, file: events/eep_probe_events.txt line: 62. EEP_MONTH source=EEP-20$ Q=20 T=48 progress=36
[00:19:04][effect_impl.cpp:22217]: [2203.1.1] Log effect, file: events/eep_probe_events.txt line: 62. EEP_MONTH source=EEP-25$ Q=25 T=60 progress=36
[00:19:04][effect_impl.cpp:22217]: [2203.1.1] Log effect, file: events/eep_probe_events.txt line: 68. EEP_DLC Nemesis=YES
[00:19:04][effect_impl.cpp:22217]: [2203.1.1] Log effect, file: events/eep_probe_events.txt line: 70. EEP_DLC Shroud=YES
[00:19:56][effect_impl.cpp:22217]: [2203.1.2] Log effect, file: events/eep_probe_events.txt line: 55. EEP_MONTH country=EEP 02 有机吞噬蜂群 C=15 G=15 D=5 made=200 worlds=1
[00:19:56][effect_impl.cpp:22217]: [2203.1.2] Log effect, file: events/eep_probe_events.txt line: 62. EEP_MONTH source=EEP-15$ Q=15 T=36 progress=36
[00:19:56][effect_impl.cpp:22217]: [2203.1.2] Log effect, file: events/eep_probe_events.txt line: 65. EEP_MONTH operational=NO
[00:19:56][effect_impl.cpp:22217]: [2203.1.2] Log effect, file: events/eep_probe_events.txt line: 62. EEP_MONTH source=EEP-20$ Q=20 T=48 progress=36
[00:19:56][effect_impl.cpp:22217]: [2203.1.2] Log effect, file: events/eep_probe_events.txt line: 64. EEP_MONTH operational=YES
[00:19:56][effect_impl.cpp:22217]: [2203.1.2] Log effect, file: events/eep_probe_events.txt line: 62. EEP_MONTH source=EEP-25$ Q=25 T=60 progress=36
[00:19:56][effect_impl.cpp:22217]: [2203.1.2] Log effect, file: events/eep_probe_events.txt line: 68. EEP_DLC Nemesis=YES
[00:19:56][effect_impl.cpp:22217]: [2203.1.2] Log effect, file: events/eep_probe_events.txt line: 70. EEP_DLC Shroud=YES
[00:20:00][effect_impl.cpp:22217]: [2203.1.3] Log effect, file: events/eep_probe_events.txt line: 55. EEP_MONTH country=EEP 02 有机吞噬蜂群 C=15 G=15 D=5 made=200 worlds=1
[00:20:00][effect_impl.cpp:22217]: [2203.1.3] Log effect, file: events/eep_probe_events.txt line: 62. EEP_MONTH source=EEP-15$ Q=15 T=36 progress=36
[00:20:00][effect_impl.cpp:22217]: [2203.1.3] Log effect, file: events/eep_probe_events.txt line: 65. EEP_MONTH operational=NO
[00:20:00][effect_impl.cpp:22217]: [2203.1.3] Log effect, file: events/eep_probe_events.txt line: 62. EEP_MONTH source=EEP-20$ Q=20 T=48 progress=36
[00:20:00][effect_impl.cpp:22217]: [2203.1.3] Log effect, file: events/eep_probe_events.txt line: 64. EEP_MONTH operational=YES
[00:20:00][effect_impl.cpp:22217]: [2203.1.3] Log effect, file: events/eep_probe_events.txt line: 62. EEP_MONTH source=EEP-25$ Q=25 T=60 progress=36
[00:20:00][effect_impl.cpp:22217]: [2203.1.3] Log effect, file: events/eep_probe_events.txt line: 68. EEP_DLC Nemesis=YES
[00:20:00][effect_impl.cpp:22217]: [2203.1.3] Log effect, file: events/eep_probe_events.txt line: 70. EEP_DLC Shroud=YES
[00:20:10][effect_impl.cpp:22217]: [2203.2.3] Log effect, file: events/eep_probe_events.txt line: 55. EEP_MONTH country=EEP 02 有机吞噬蜂群 C=15 G=15 D=5 made=200 worlds=1
[00:20:10][effect_impl.cpp:22217]: [2203.2.3] Log effect, file: events/eep_probe_events.txt line: 62. EEP_MONTH source=EEP-20$ Q=20 T=48 progress=37
[00:20:10][effect_impl.cpp:22217]: [2203.2.3] Log effect, file: events/eep_probe_events.txt line: 64. EEP_MONTH operational=YES
[00:20:10][effect_impl.cpp:22217]: [2203.2.3] Log effect, file: events/eep_probe_events.txt line: 62. EEP_MONTH source=EEP-25$ Q=25 T=60 progress=37
[00:20:10][effect_impl.cpp:22217]: [2203.2.3] Log effect, file: events/eep_probe_events.txt line: 68. EEP_DLC Nemesis=YES
[00:20:10][effect_impl.cpp:22217]: [2203.2.3] Log effect, file: events/eep_probe_events.txt line: 70. EEP_DLC Shroud=YES
[00:20:20][effect_impl.cpp:22217]: [2203.3.3] Log effect, file: events/eep_probe_events.txt line: 55. EEP_MONTH country=EEP 02 有机吞噬蜂群 C=15 G=15 D=5 made=200 worlds=1
[00:20:20][effect_impl.cpp:22217]: [2203.3.3] Log effect, file: events/eep_probe_events.txt line: 62. EEP_MONTH source=EEP-20$ Q=20 T=48 progress=38
[00:20:20][effect_impl.cpp:22217]: [2203.3.3] Log effect, file: events/eep_probe_events.txt line: 64. EEP_MONTH operational=YES
[00:20:20][effect_impl.cpp:22217]: [2203.3.3] Log effect, file: events/eep_probe_events.txt line: 62. EEP_MONTH source=EEP-25$ Q=25 T=60 progress=38
[00:20:20][effect_impl.cpp:22217]: [2203.3.3] Log effect, file: events/eep_probe_events.txt line: 68. EEP_DLC Nemesis=YES
[00:20:20][effect_impl.cpp:22217]: [2203.3.3] Log effect, file: events/eep_probe_events.txt line: 70. EEP_DLC Shroud=YES
[00:20:29][effect_impl.cpp:22217]: [2203.4.3] Log effect, file: events/eep_probe_events.txt line: 55. EEP_MONTH country=EEP 02 有机吞噬蜂群 C=15 G=15 D=5 made=200 worlds=1
[00:20:29][effect_impl.cpp:22217]: [2203.4.3] Log effect, file: events/eep_probe_events.txt line: 62. EEP_MONTH source=EEP-20$ Q=20 T=48 progress=39
[00:20:29][effect_impl.cpp:22217]: [2203.4.3] Log effect, file: events/eep_probe_events.txt line: 64. EEP_MONTH operational=YES
[00:20:29][effect_impl.cpp:22217]: [2203.4.3] Log effect, file: events/eep_probe_events.txt line: 62. EEP_MONTH source=EEP-25$ Q=25 T=60 progress=39
[00:20:29][effect_impl.cpp:22217]: [2203.4.3] Log effect, file: events/eep_probe_events.txt line: 68. EEP_DLC Nemesis=YES
[00:20:29][effect_impl.cpp:22217]: [2203.4.3] Log effect, file: events/eep_probe_events.txt line: 70. EEP_DLC Shroud=YES
[00:20:39][effect_impl.cpp:22217]: [2203.5.3] Log effect, file: events/eep_probe_events.txt line: 55. EEP_MONTH country=EEP 02 有机吞噬蜂群 C=15 G=15 D=5 made=200 worlds=1
[00:20:39][effect_impl.cpp:22217]: [2203.5.3] Log effect, file: events/eep_probe_events.txt line: 62. EEP_MONTH source=EEP-20$ Q=20 T=48 progress=40
[00:20:39][effect_impl.cpp:22217]: [2203.5.3] Log effect, file: events/eep_probe_events.txt line: 64. EEP_MONTH operational=YES
[00:20:39][effect_impl.cpp:22217]: [2203.5.3] Log effect, file: events/eep_probe_events.txt line: 62. EEP_MONTH source=EEP-25$ Q=25 T=60 progress=40
[00:20:39][effect_impl.cpp:22217]: [2203.5.3] Log effect, file: events/eep_probe_events.txt line: 68. EEP_DLC Nemesis=YES
[00:20:39][effect_impl.cpp:22217]: [2203.5.3] Log effect, file: events/eep_probe_events.txt line: 70. EEP_DLC Shroud=YES
[00:20:49][effect_impl.cpp:22217]: [2203.6.3] Log effect, file: events/eep_probe_events.txt line: 55. EEP_MONTH country=EEP 02 有机吞噬蜂群 C=15 G=15 D=5 made=200 worlds=1
[00:20:49][effect_impl.cpp:22217]: [2203.6.3] Log effect, file: events/eep_probe_events.txt line: 62. EEP_MONTH source=EEP-20$ Q=20 T=48 progress=41
[00:20:49][effect_impl.cpp:22217]: [2203.6.3] Log effect, file: events/eep_probe_events.txt line: 64. EEP_MONTH operational=YES
[00:20:49][effect_impl.cpp:22217]: [2203.6.3] Log effect, file: events/eep_probe_events.txt line: 62. EEP_MONTH source=EEP-25$ Q=25 T=60 progress=41
[00:20:49][effect_impl.cpp:22217]: [2203.6.3] Log effect, file: events/eep_probe_events.txt line: 68. EEP_DLC Nemesis=YES
[00:20:49][effect_impl.cpp:22217]: [2203.6.3] Log effect, file: events/eep_probe_events.txt line: 70. EEP_DLC Shroud=YES
[00:20:58][effect_impl.cpp:22217]: [2203.7.3] Log effect, file: events/eep_probe_events.txt line: 55. EEP_MONTH country=EEP 02 有机吞噬蜂群 C=15 G=15 D=5 made=200 worlds=1
[00:20:58][effect_impl.cpp:22217]: [2203.7.3] Log effect, file: events/eep_probe_events.txt line: 62. EEP_MONTH source=EEP-20$ Q=20 T=48 progress=42
[00:20:58][effect_impl.cpp:22217]: [2203.7.3] Log effect, file: events/eep_probe_events.txt line: 64. EEP_MONTH operational=YES
[00:20:58][effect_impl.cpp:22217]: [2203.7.3] Log effect, file: events/eep_probe_events.txt line: 62. EEP_MONTH source=EEP-25$ Q=25 T=60 progress=42
[00:20:58][effect_impl.cpp:22217]: [2203.7.3] Log effect, file: events/eep_probe_events.txt line: 68. EEP_DLC Nemesis=YES
[00:20:58][effect_impl.cpp:22217]: [2203.7.3] Log effect, file: events/eep_probe_events.txt line: 70. EEP_DLC Shroud=YES
[00:21:08][effect_impl.cpp:22217]: [2203.8.3] Log effect, file: events/eep_probe_events.txt line: 55. EEP_MONTH country=EEP 02 有机吞噬蜂群 C=15 G=15 D=5 made=200 worlds=1
[00:21:08][effect_impl.cpp:22217]: [2203.8.3] Log effect, file: events/eep_probe_events.txt line: 62. EEP_MONTH source=EEP-20$ Q=20 T=48 progress=43
[00:21:08][effect_impl.cpp:22217]: [2203.8.3] Log effect, file: events/eep_probe_events.txt line: 64. EEP_MONTH operational=YES
[00:21:08][effect_impl.cpp:22217]: [2203.8.3] Log effect, file: events/eep_probe_events.txt line: 62. EEP_MONTH source=EEP-25$ Q=25 T=60 progress=43
[00:21:08][effect_impl.cpp:22217]: [2203.8.3] Log effect, file: events/eep_probe_events.txt line: 68. EEP_DLC Nemesis=YES
[00:21:08][effect_impl.cpp:22217]: [2203.8.3] Log effect, file: events/eep_probe_events.txt line: 70. EEP_DLC Shroud=YES
[00:21:18][effect_impl.cpp:22217]: [2203.9.3] Log effect, file: events/eep_probe_events.txt line: 55. EEP_MONTH country=EEP 02 有机吞噬蜂群 C=15 G=15 D=5 made=200 worlds=1
[00:21:18][effect_impl.cpp:22217]: [2203.9.3] Log effect, file: events/eep_probe_events.txt line: 62. EEP_MONTH source=EEP-20$ Q=20 T=48 progress=44
[00:21:18][effect_impl.cpp:22217]: [2203.9.3] Log effect, file: events/eep_probe_events.txt line: 64. EEP_MONTH operational=YES
[00:21:18][effect_impl.cpp:22217]: [2203.9.3] Log effect, file: events/eep_probe_events.txt line: 62. EEP_MONTH source=EEP-25$ Q=25 T=60 progress=44
[00:21:18][effect_impl.cpp:22217]: [2203.9.3] Log effect, file: events/eep_probe_events.txt line: 68. EEP_DLC Nemesis=YES
[00:21:18][effect_impl.cpp:22217]: [2203.9.3] Log effect, file: events/eep_probe_events.txt line: 70. EEP_DLC Shroud=YES
[00:21:24][eventcommands.cpp:88]: Event first_contact_critters.50 added info about event selection. selectedOption 0, human -1, playerEventId 6
[00:21:28][effect_impl.cpp:22217]: [2203.10.3] Log effect, file: events/eep_probe_events.txt line: 55. EEP_MONTH country=EEP 02 有机吞噬蜂群 C=15 G=15 D=5 made=200 worlds=1
[00:21:28][effect_impl.cpp:22217]: [2203.10.3] Log effect, file: events/eep_probe_events.txt line: 62. EEP_MONTH source=EEP-20$ Q=20 T=48 progress=45
[00:21:28][effect_impl.cpp:22217]: [2203.10.3] Log effect, file: events/eep_probe_events.txt line: 64. EEP_MONTH operational=YES
[00:21:28][effect_impl.cpp:22217]: [2203.10.3] Log effect, file: events/eep_probe_events.txt line: 62. EEP_MONTH source=EEP-25$ Q=25 T=60 progress=45
[00:21:28][effect_impl.cpp:22217]: [2203.10.3] Log effect, file: events/eep_probe_events.txt line: 68. EEP_DLC Nemesis=YES
[00:21:28][effect_impl.cpp:22217]: [2203.10.3] Log effect, file: events/eep_probe_events.txt line: 70. EEP_DLC Shroud=YES
[00:21:30][eventcommands.cpp:88]: Event first_contact.1 added info about event selection. selectedOption 0, human -1, playerEventId 7
[00:21:37][effect_impl.cpp:22217]: [2203.11.3] Log effect, file: events/eep_probe_events.txt line: 55. EEP_MONTH country=EEP 02 有机吞噬蜂群 C=15 G=15 D=5 made=200 worlds=1
[00:21:37][effect_impl.cpp:22217]: [2203.11.3] Log effect, file: events/eep_probe_events.txt line: 62. EEP_MONTH source=EEP-20$ Q=20 T=48 progress=46
[00:21:37][effect_impl.cpp:22217]: [2203.11.3] Log effect, file: events/eep_probe_events.txt line: 64. EEP_MONTH operational=YES
[00:21:37][effect_impl.cpp:22217]: [2203.11.3] Log effect, file: events/eep_probe_events.txt line: 62. EEP_MONTH source=EEP-25$ Q=25 T=60 progress=46
[00:21:37][effect_impl.cpp:22217]: [2203.11.3] Log effect, file: events/eep_probe_events.txt line: 68. EEP_DLC Nemesis=YES
[00:21:37][effect_impl.cpp:22217]: [2203.11.3] Log effect, file: events/eep_probe_events.txt line: 70. EEP_DLC Shroud=YES
[00:21:47][effect_impl.cpp:22217]: [2203.12.3] Log effect, file: events/eep_probe_events.txt line: 55. EEP_MONTH country=EEP 02 有机吞噬蜂群 C=15 G=15 D=5 made=200 worlds=1
[00:21:47][effect_impl.cpp:22217]: [2203.12.3] Log effect, file: events/eep_probe_events.txt line: 62. EEP_MONTH source=EEP-20$ Q=20 T=48 progress=47
[00:21:47][effect_impl.cpp:22217]: [2203.12.3] Log effect, file: events/eep_probe_events.txt line: 64. EEP_MONTH operational=YES
[00:21:47][effect_impl.cpp:22217]: [2203.12.3] Log effect, file: events/eep_probe_events.txt line: 62. EEP_MONTH source=EEP-25$ Q=25 T=60 progress=47
[00:21:47][effect_impl.cpp:22217]: [2203.12.3] Log effect, file: events/eep_probe_events.txt line: 68. EEP_DLC Nemesis=YES
[00:21:47][effect_impl.cpp:22217]: [2203.12.3] Log effect, file: events/eep_probe_events.txt line: 70. EEP_DLC Shroud=YES
[00:21:50][eventcommands.cpp:88]: Event first_contact_critters.1 added info about event selection. selectedOption 0, human -1, playerEventId 9
[00:22:42][effect_impl.cpp:22217]: [2204.1.1] Log effect, file: events/eep_probe_events.txt line: 55. EEP_MONTH country=EEP 02 有机吞噬蜂群 C=15 G=15 D=5 made=200 worlds=1
[00:22:42][effect_impl.cpp:22217]: [2204.1.1] Log effect, file: events/eep_probe_events.txt line: 62. EEP_MONTH source=EEP-20$ Q=20 T=48 progress=48
[00:22:42][effect_impl.cpp:22217]: [2204.1.1] Log effect, file: events/eep_probe_events.txt line: 64. EEP_MONTH operational=YES
[00:22:42][effect_impl.cpp:22217]: [2204.1.1] Log effect, file: events/eep_probe_events.txt line: 62. EEP_MONTH source=EEP-25$ Q=25 T=60 progress=48
[00:22:42][effect_impl.cpp:22217]: [2204.1.1] Log effect, file: events/eep_probe_events.txt line: 68. EEP_DLC Nemesis=YES
[00:22:42][effect_impl.cpp:22217]: [2204.1.1] Log effect, file: events/eep_probe_events.txt line: 70. EEP_DLC Shroud=YES
[00:22:50][effect_impl.cpp:22217]: [2204.1.2] Log effect, file: events/eep_probe_events.txt line: 86. EEP_PROBE country EEP 02 有机吞噬蜂群: C=35 G=35 D=10 manufactured=500 worlds=2
[00:22:50][effect_impl.cpp:22217]: [2204.1.2] Log effect, file: events/eep_probe_events.txt line: 87. EEP_PROBE qualified=YES
[00:22:50][effect_impl.cpp:22217]: [2204.1.2] Log effect, file: events/eep_probe_events.txt line: 89. EEP_PROBE core_available=YES
[00:22:50][effect_impl.cpp:22217]: [2204.1.2] Log effect, file: events/eep_probe_events.txt line: 92. EEP_PROBE source Q=20 T=48
[00:22:50][effect_impl.cpp:22217]: [2204.1.2] Log effect, file: events/eep_probe_events.txt line: 94. EEP_PROBE active=NO
[00:22:50][effect_impl.cpp:22217]: [2204.1.2] Log effect, file: events/eep_probe_events.txt line: 95. EEP_PROBE shattered=YES
[00:22:54][effect_impl.cpp:22217]: [2204.1.3] Log effect, file: events/eep_probe_events.txt line: 55. EEP_MONTH country=EEP 02 有机吞噬蜂群 C=35 G=35 D=10 made=500 worlds=2
[00:22:54][effect_impl.cpp:22217]: [2204.1.3] Log effect, file: events/eep_probe_events.txt line: 62. EEP_MONTH source=EEP-20$ Q=20 T=48 progress=48
[00:22:54][effect_impl.cpp:22217]: [2204.1.3] Log effect, file: events/eep_probe_events.txt line: 65. EEP_MONTH operational=NO
[00:22:54][effect_impl.cpp:22217]: [2204.1.3] Log effect, file: events/eep_probe_events.txt line: 62. EEP_MONTH source=EEP-25$ Q=25 T=60 progress=48
[00:22:54][effect_impl.cpp:22217]: [2204.1.3] Log effect, file: events/eep_probe_events.txt line: 64. EEP_MONTH operational=YES
[00:22:54][effect_impl.cpp:22217]: [2204.1.3] Log effect, file: events/eep_probe_events.txt line: 68. EEP_DLC Nemesis=YES
[00:22:54][effect_impl.cpp:22217]: [2204.1.3] Log effect, file: events/eep_probe_events.txt line: 70. EEP_DLC Shroud=YES
[00:23:03][effect_impl.cpp:22217]: [2204.2.3] Log effect, file: events/eep_probe_events.txt line: 55. EEP_MONTH country=EEP 02 有机吞噬蜂群 C=35 G=35 D=10 made=500 worlds=2
[00:23:03][effect_impl.cpp:22217]: [2204.2.3] Log effect, file: events/eep_probe_events.txt line: 62. EEP_MONTH source=EEP-25$ Q=25 T=60 progress=49
[00:23:03][effect_impl.cpp:22217]: [2204.2.3] Log effect, file: events/eep_probe_events.txt line: 64. EEP_MONTH operational=YES
[00:23:03][effect_impl.cpp:22217]: [2204.2.3] Log effect, file: events/eep_probe_events.txt line: 68. EEP_DLC Nemesis=YES
[00:23:03][effect_impl.cpp:22217]: [2204.2.3] Log effect, file: events/eep_probe_events.txt line: 70. EEP_DLC Shroud=YES
[00:23:13][effect_impl.cpp:22217]: [2204.3.3] Log effect, file: events/eep_probe_events.txt line: 55. EEP_MONTH country=EEP 02 有机吞噬蜂群 C=35 G=35 D=10 made=500 worlds=2
[00:23:13][effect_impl.cpp:22217]: [2204.3.3] Log effect, file: events/eep_probe_events.txt line: 62. EEP_MONTH source=EEP-25$ Q=25 T=60 progress=50
[00:23:13][effect_impl.cpp:22217]: [2204.3.3] Log effect, file: events/eep_probe_events.txt line: 64. EEP_MONTH operational=YES
[00:23:13][effect_impl.cpp:22217]: [2204.3.3] Log effect, file: events/eep_probe_events.txt line: 68. EEP_DLC Nemesis=YES
[00:23:13][effect_impl.cpp:22217]: [2204.3.3] Log effect, file: events/eep_probe_events.txt line: 70. EEP_DLC Shroud=YES
[00:23:23][effect_impl.cpp:22217]: [2204.4.3] Log effect, file: events/eep_probe_events.txt line: 55. EEP_MONTH country=EEP 02 有机吞噬蜂群 C=35 G=35 D=10 made=500 worlds=2
[00:23:23][effect_impl.cpp:22217]: [2204.4.3] Log effect, file: events/eep_probe_events.txt line: 62. EEP_MONTH source=EEP-25$ Q=25 T=60 progress=51
[00:23:23][effect_impl.cpp:22217]: [2204.4.3] Log effect, file: events/eep_probe_events.txt line: 64. EEP_MONTH operational=YES
[00:23:23][effect_impl.cpp:22217]: [2204.4.3] Log effect, file: events/eep_probe_events.txt line: 68. EEP_DLC Nemesis=YES
[00:23:23][effect_impl.cpp:22217]: [2204.4.3] Log effect, file: events/eep_probe_events.txt line: 70. EEP_DLC Shroud=YES
[00:23:33][effect_impl.cpp:22217]: [2204.5.3] Log effect, file: events/eep_probe_events.txt line: 55. EEP_MONTH country=EEP 02 有机吞噬蜂群 C=35 G=35 D=10 made=500 worlds=2
[00:23:33][effect_impl.cpp:22217]: [2204.5.3] Log effect, file: events/eep_probe_events.txt line: 62. EEP_MONTH source=EEP-25$ Q=25 T=60 progress=52
[00:23:33][effect_impl.cpp:22217]: [2204.5.3] Log effect, file: events/eep_probe_events.txt line: 64. EEP_MONTH operational=YES
[00:23:33][effect_impl.cpp:22217]: [2204.5.3] Log effect, file: events/eep_probe_events.txt line: 68. EEP_DLC Nemesis=YES
[00:23:33][effect_impl.cpp:22217]: [2204.5.3] Log effect, file: events/eep_probe_events.txt line: 70. EEP_DLC Shroud=YES
[00:23:42][effect_impl.cpp:22217]: [2204.6.3] Log effect, file: events/eep_probe_events.txt line: 55. EEP_MONTH country=EEP 02 有机吞噬蜂群 C=35 G=35 D=10 made=500 worlds=2
[00:23:42][effect_impl.cpp:22217]: [2204.6.3] Log effect, file: events/eep_probe_events.txt line: 62. EEP_MONTH source=EEP-25$ Q=25 T=60 progress=53
[00:23:42][effect_impl.cpp:22217]: [2204.6.3] Log effect, file: events/eep_probe_events.txt line: 64. EEP_MONTH operational=YES
[00:23:42][effect_impl.cpp:22217]: [2204.6.3] Log effect, file: events/eep_probe_events.txt line: 68. EEP_DLC Nemesis=YES
[00:23:42][effect_impl.cpp:22217]: [2204.6.3] Log effect, file: events/eep_probe_events.txt line: 70. EEP_DLC Shroud=YES
[00:23:52][effect_impl.cpp:22217]: [2204.7.3] Log effect, file: events/eep_probe_events.txt line: 55. EEP_MONTH country=EEP 02 有机吞噬蜂群 C=35 G=35 D=10 made=500 worlds=2
[00:23:52][effect_impl.cpp:22217]: [2204.7.3] Log effect, file: events/eep_probe_events.txt line: 62. EEP_MONTH source=EEP-25$ Q=25 T=60 progress=54
[00:23:52][effect_impl.cpp:22217]: [2204.7.3] Log effect, file: events/eep_probe_events.txt line: 64. EEP_MONTH operational=YES
[00:23:52][effect_impl.cpp:22217]: [2204.7.3] Log effect, file: events/eep_probe_events.txt line: 68. EEP_DLC Nemesis=YES
[00:23:52][effect_impl.cpp:22217]: [2204.7.3] Log effect, file: events/eep_probe_events.txt line: 70. EEP_DLC Shroud=YES
[00:24:02][effect_impl.cpp:22217]: [2204.8.3] Log effect, file: events/eep_probe_events.txt line: 55. EEP_MONTH country=EEP 02 有机吞噬蜂群 C=35 G=35 D=10 made=500 worlds=2
[00:24:02][effect_impl.cpp:22217]: [2204.8.3] Log effect, file: events/eep_probe_events.txt line: 62. EEP_MONTH source=EEP-25$ Q=25 T=60 progress=55
[00:24:02][effect_impl.cpp:22217]: [2204.8.3] Log effect, file: events/eep_probe_events.txt line: 64. EEP_MONTH operational=YES
[00:24:02][effect_impl.cpp:22217]: [2204.8.3] Log effect, file: events/eep_probe_events.txt line: 68. EEP_DLC Nemesis=YES
[00:24:02][effect_impl.cpp:22217]: [2204.8.3] Log effect, file: events/eep_probe_events.txt line: 70. EEP_DLC Shroud=YES
[00:24:12][effect_impl.cpp:22217]: [2204.9.3] Log effect, file: events/eep_probe_events.txt line: 55. EEP_MONTH country=EEP 02 有机吞噬蜂群 C=35 G=35 D=10 made=500 worlds=2
[00:24:12][effect_impl.cpp:22217]: [2204.9.3] Log effect, file: events/eep_probe_events.txt line: 62. EEP_MONTH source=EEP-25$ Q=25 T=60 progress=56
[00:24:12][effect_impl.cpp:22217]: [2204.9.3] Log effect, file: events/eep_probe_events.txt line: 64. EEP_MONTH operational=YES
[00:24:12][effect_impl.cpp:22217]: [2204.9.3] Log effect, file: events/eep_probe_events.txt line: 68. EEP_DLC Nemesis=YES
[00:24:12][effect_impl.cpp:22217]: [2204.9.3] Log effect, file: events/eep_probe_events.txt line: 70. EEP_DLC Shroud=YES
[00:24:21][effect_impl.cpp:22217]: [2204.10.3] Log effect, file: events/eep_probe_events.txt line: 55. EEP_MONTH country=EEP 02 有机吞噬蜂群 C=35 G=35 D=10 made=500 worlds=2
[00:24:21][effect_impl.cpp:22217]: [2204.10.3] Log effect, file: events/eep_probe_events.txt line: 62. EEP_MONTH source=EEP-25$ Q=25 T=60 progress=57
[00:24:21][effect_impl.cpp:22217]: [2204.10.3] Log effect, file: events/eep_probe_events.txt line: 64. EEP_MONTH operational=YES
[00:24:21][effect_impl.cpp:22217]: [2204.10.3] Log effect, file: events/eep_probe_events.txt line: 68. EEP_DLC Nemesis=YES
[00:24:21][effect_impl.cpp:22217]: [2204.10.3] Log effect, file: events/eep_probe_events.txt line: 70. EEP_DLC Shroud=YES
[00:24:25][eventcommands.cpp:88]: Event first_contact_critters.1 added info about event selection. selectedOption 0, human -1, playerEventId 12
[00:24:31][effect_impl.cpp:22217]: [2204.11.3] Log effect, file: events/eep_probe_events.txt line: 55. EEP_MONTH country=EEP 02 有机吞噬蜂群 C=35 G=35 D=10 made=500 worlds=2
[00:24:31][effect_impl.cpp:22217]: [2204.11.3] Log effect, file: events/eep_probe_events.txt line: 62. EEP_MONTH source=EEP-25$ Q=25 T=60 progress=58
[00:24:31][effect_impl.cpp:22217]: [2204.11.3] Log effect, file: events/eep_probe_events.txt line: 64. EEP_MONTH operational=YES
[00:24:31][effect_impl.cpp:22217]: [2204.11.3] Log effect, file: events/eep_probe_events.txt line: 68. EEP_DLC Nemesis=YES
[00:24:31][effect_impl.cpp:22217]: [2204.11.3] Log effect, file: events/eep_probe_events.txt line: 70. EEP_DLC Shroud=YES
[00:24:41][effect_impl.cpp:22217]: [2204.12.3] Log effect, file: events/eep_probe_events.txt line: 55. EEP_MONTH country=EEP 02 有机吞噬蜂群 C=35 G=35 D=10 made=500 worlds=2
[00:24:41][effect_impl.cpp:22217]: [2204.12.3] Log effect, file: events/eep_probe_events.txt line: 62. EEP_MONTH source=EEP-25$ Q=25 T=60 progress=59
[00:24:41][effect_impl.cpp:22217]: [2204.12.3] Log effect, file: events/eep_probe_events.txt line: 64. EEP_MONTH operational=YES
[00:24:41][effect_impl.cpp:22217]: [2204.12.3] Log effect, file: events/eep_probe_events.txt line: 68. EEP_DLC Nemesis=YES
[00:24:41][effect_impl.cpp:22217]: [2204.12.3] Log effect, file: events/eep_probe_events.txt line: 70. EEP_DLC Shroud=YES
[00:26:28][effect_impl.cpp:22217]: [2205.1.1] Log effect, file: events/eep_probe_events.txt line: 55. EEP_MONTH country=EEP 02 有机吞噬蜂群 C=35 G=35 D=10 made=500 worlds=2
[00:26:28][effect_impl.cpp:22217]: [2205.1.1] Log effect, file: events/eep_probe_events.txt line: 62. EEP_MONTH source=EEP-25$ Q=25 T=60 progress=60
[00:26:28][effect_impl.cpp:22217]: [2205.1.1] Log effect, file: events/eep_probe_events.txt line: 64. EEP_MONTH operational=YES
[00:26:28][effect_impl.cpp:22217]: [2205.1.1] Log effect, file: events/eep_probe_events.txt line: 68. EEP_DLC Nemesis=YES
[00:26:28][effect_impl.cpp:22217]: [2205.1.1] Log effect, file: events/eep_probe_events.txt line: 70. EEP_DLC Shroud=YES
[00:26:35][effect_impl.cpp:22217]: [2205.1.2] Log effect, file: events/eep_probe_events.txt line: 55. EEP_MONTH country=EEP 02 有机吞噬蜂群 C=60 G=60 D=17 made=1000 worlds=3
[00:26:35][effect_impl.cpp:22217]: [2205.1.2] Log effect, file: events/eep_probe_events.txt line: 62. EEP_MONTH source=EEP-25$ Q=25 T=60 progress=60
[00:26:35][effect_impl.cpp:22217]: [2205.1.2] Log effect, file: events/eep_probe_events.txt line: 65. EEP_MONTH operational=NO
[00:26:35][effect_impl.cpp:22217]: [2205.1.2] Log effect, file: events/eep_probe_events.txt line: 68. EEP_DLC Nemesis=YES
[00:26:35][effect_impl.cpp:22217]: [2205.1.2] Log effect, file: events/eep_probe_events.txt line: 70. EEP_DLC Shroud=YES
[00:26:39][effect_impl.cpp:22217]: [2205.1.3] Log effect, file: events/eep_probe_events.txt line: 55. EEP_MONTH country=EEP 02 有机吞噬蜂群 C=60 G=60 D=17 made=1000 worlds=3
[00:26:39][effect_impl.cpp:22217]: [2205.1.3] Log effect, file: events/eep_probe_events.txt line: 62. EEP_MONTH source=EEP-25$ Q=25 T=60 progress=60
[00:26:39][effect_impl.cpp:22217]: [2205.1.3] Log effect, file: events/eep_probe_events.txt line: 65. EEP_MONTH operational=NO
[00:26:39][effect_impl.cpp:22217]: [2205.1.3] Log effect, file: events/eep_probe_events.txt line: 68. EEP_DLC Nemesis=YES
[00:26:39][effect_impl.cpp:22217]: [2205.1.3] Log effect, file: events/eep_probe_events.txt line: 70. EEP_DLC Shroud=YES
[00:28:21][effect_impl.cpp:22217]: [2205.1.3] Log effect, file: events/eep_probe_events.txt line: 86. EEP_PROBE country EEP 02 有机吞噬蜂群: C=60 G=60 D=17 manufactured=1000 worlds=3
[00:28:21][effect_impl.cpp:22217]: [2205.1.3] Log effect, file: events/eep_probe_events.txt line: 87. EEP_PROBE qualified=YES
[00:28:21][effect_impl.cpp:22217]: [2205.1.3] Log effect, file: events/eep_probe_events.txt line: 89. EEP_PROBE core_available=YES
[00:28:21][effect_impl.cpp:22217]: [2205.1.3] Log effect, file: events/eep_probe_events.txt line: 92. EEP_PROBE source Q=20 T=48
[00:28:21][effect_impl.cpp:22217]: [2205.1.3] Log effect, file: events/eep_probe_events.txt line: 94. EEP_PROBE active=NO
[00:28:21][effect_impl.cpp:22217]: [2205.1.3] Log effect, file: events/eep_probe_events.txt line: 95. EEP_PROBE shattered=YES
[00:36:37][eventcommands.cpp:88]: Event eep.100 added info about event selection. selectedOption 0, human 1, playerEventId 13
[00:37:46][effect_impl.cpp:22217]: [2205.2.3] Log effect, file: events/eep_probe_events.txt line: 55. EEP_MONTH country=EEP 02 有机吞噬蜂群 C=60 G=60 D=17 made=1000 worlds=3
[00:37:46][effect_impl.cpp:22217]: [2205.2.3] Log effect, file: events/eep_probe_events.txt line: 68. EEP_DLC Nemesis=YES
[00:37:46][effect_impl.cpp:22217]: [2205.2.3] Log effect, file: events/eep_probe_events.txt line: 70. EEP_DLC Shroud=YES
[00:37:56][effect_impl.cpp:22217]: [2205.3.3] Log effect, file: events/eep_probe_events.txt line: 55. EEP_MONTH country=EEP 02 有机吞噬蜂群 C=60 G=60 D=17 made=1000 worlds=3
[00:37:56][effect_impl.cpp:22217]: [2205.3.3] Log effect, file: events/eep_probe_events.txt line: 68. EEP_DLC Nemesis=YES
[00:37:56][effect_impl.cpp:22217]: [2205.3.3] Log effect, file: events/eep_probe_events.txt line: 70. EEP_DLC Shroud=YES
[00:37:57][effect_impl.cpp:22217]: [2205.4.3] Log effect, file: events/eep_probe_events.txt line: 55. EEP_MONTH country=EEP 02 有机吞噬蜂群 C=60 G=60 D=17 made=1000 worlds=3
[00:37:57][effect_impl.cpp:22217]: [2205.4.3] Log effect, file: events/eep_probe_events.txt line: 68. EEP_DLC Nemesis=YES
[00:37:57][effect_impl.cpp:22217]: [2205.4.3] Log effect, file: events/eep_probe_events.txt line: 70. EEP_DLC Shroud=YES
[00:37:57][eventcommands.cpp:88]: Event eep.11 added info about event selection. selectedOption 0, human -1, playerEventId 5
[00:37:57][effect_impl.cpp:22217]: [2205.5.3] Log effect, file: events/eep_probe_events.txt line: 55. EEP_MONTH country=EEP 02 有机吞噬蜂群 C=60 G=60 D=17 made=1000 worlds=3
[00:37:57][effect_impl.cpp:22217]: [2205.5.3] Log effect, file: events/eep_probe_events.txt line: 68. EEP_DLC Nemesis=YES
[00:37:57][effect_impl.cpp:22217]: [2205.5.3] Log effect, file: events/eep_probe_events.txt line: 70. EEP_DLC Shroud=YES
