[21:48:19][game_application.cpp:250]: Game Version: Cygnus v4.5.2
[21:48:19][defines.cpp:162]: 2132 defines loaded
[21:48:19][defines.cpp:196]: 254 interface defines loaded
[21:52:15][effect_impl.cpp:22217]: [2200.1.2] Log effect, file: events/eep_probe_events.txt line: 63. EEP_MONTH country=EEP 03 铁心灭绝者 C=20 G=20 D=7 made=300 worlds=1
[21:52:15][effect_impl.cpp:22217]: [2200.1.2] Log effect, file: events/eep_probe_events.txt line: 70. EEP_MONTH source=EEP-UI-Q20 Q=20 T=48 progress=48
[21:52:15][effect_impl.cpp:22217]: [2200.1.2] Log effect, file: events/eep_probe_events.txt line: 73. EEP_MONTH operational=NO
[21:52:15][effect_impl.cpp:22217]: [2200.1.2] Log effect, file: events/eep_probe_events.txt line: 76. EEP_DLC Nemesis=YES
[21:52:15][effect_impl.cpp:22217]: [2200.1.2] Log effect, file: events/eep_probe_events.txt line: 78. EEP_DLC Shroud=YES
[21:54:51][effect_impl.cpp:22217]: [2200.1.2] Log effect, file: events/eep_probe_events.txt line: 63. EEP_MONTH country=EEP 03 铁心灭绝者 C=0 G=0 D=2 made=0 worlds=0
[21:54:51][effect_impl.cpp:22217]: [2200.1.2] Log effect, file: events/eep_probe_events.txt line: 70. EEP_MONTH source=EEP-UI-Q20 Q=20 T=48 progress=0
[21:54:51][effect_impl.cpp:22217]: [2200.1.2] Log effect, file: events/eep_probe_events.txt line: 72. EEP_MONTH operational=YES
[21:59:26][eventcommands.cpp:88]: Event eep.42 added info about event selection. selectedOption 0, human 1, playerEventId 2
[22:01:10][eventcommands.cpp:88]: Event eep.10 added info about event selection. selectedOption 0, human 1, playerEventId 3
[22:02:03][effect_impl.cpp:22217]: [2200.1.3] Log effect, file: events/eep_probe_events.txt line: 63. EEP_MONTH country=EEP 03 铁心灭绝者 C=0 G=0 D=2 made=0 worlds=0
[22:02:03][effect_impl.cpp:22217]: [2200.1.3] Log effect, file: events/eep_probe_events.txt line: 76. EEP_DLC Nemesis=YES
[22:02:03][effect_impl.cpp:22217]: [2200.1.3] Log effect, file: events/eep_probe_events.txt line: 78. EEP_DLC Shroud=YES
[22:03:16][effect_impl.cpp:22217]: [2200.2.3] Log effect, file: events/eep_probe_events.txt line: 63. EEP_MONTH country=EEP 03 铁心灭绝者 C=0 G=0 D=2 made=0 worlds=0
[22:03:16][effect_impl.cpp:22217]: [2200.2.3] Log effect, file: events/eep_probe_events.txt line: 76. EEP_DLC Nemesis=YES
[22:03:16][effect_impl.cpp:22217]: [2200.2.3] Log effect, file: events/eep_probe_events.txt line: 78. EEP_DLC Shroud=YES
[22:13:09][eventcommands.cpp:88]: Event first_contact.1 added info about event selection. selectedOption 0, human -1, playerEventId 3
[22:14:30][eventcommands.cpp:88]: Event eep.10 added info about event selection. selectedOption 0, human 1, playerEventId 5
