[08:35:25][dlc.cpp:1847]: Could not find files for mod: C:\SteamLibrary\steamapps\workshop\content\281990\3797257579
[08:35:25][dlc.cpp:1847]: Could not find files for mod: C:\SteamLibrary\steamapps\workshop\content\281990\3710613857
[08:35:25][dlc.cpp:1847]: Could not find files for mod: C:\SteamLibrary\steamapps\workshop\content\281990\2660548454
[08:35:25][dlc.cpp:1847]: Could not find files for mod: C:\SteamLibrary\steamapps\workshop\content\281990\2411818376
[08:35:25][dlc.cpp:1847]: Could not find files for mod: C:\SteamLibrary\steamapps\workshop\content\281990\2409044128
[08:35:25][dlc.cpp:1847]: Could not find files for mod: C:\SteamLibrary\steamapps\workshop\content\281990\3484461951
[08:35:25][dlc.cpp:1847]: Could not find files for mod: C:\SteamLibrary\steamapps\workshop\content\281990\1199002146
[08:35:25][dlc.cpp:1847]: Could not find files for mod: C:\SteamLibrary\steamapps\workshop\content\281990\2946000546
[08:35:25][dlc.cpp:1847]: Could not find files for mod: C:\SteamLibrary\steamapps\workshop\content\281990\3053655313
[08:35:25][dlc.cpp:1847]: Could not find files for mod: C:\SteamLibrary\steamapps\workshop\content\281990\2956750257
[08:35:25][dlc.cpp:1847]: Could not find files for mod: C:\SteamLibrary\steamapps\workshop\content\281990\1539624733
[08:35:25][dlc.cpp:1847]: Could not find files for mod: C:\SteamLibrary\steamapps\workshop\content\281990\1890399946
[08:35:25][dlc.cpp:1847]: Could not find files for mod: C:\SteamLibrary\steamapps\workshop\content\281990\3357143726
[08:35:25][dlc.cpp:1847]: Could not find files for mod: C:\SteamLibrary\steamapps\workshop\content\281990\3415581160
[08:35:25][dlc.cpp:1847]: Could not find files for mod: C:\SteamLibrary\steamapps\workshop\content\281990\2438313459
[08:35:25][dlc.cpp:1847]: Could not find files for mod: C:\SteamLibrary\steamapps\workshop\content\281990\2407436476
[08:35:25][dlc.cpp:1847]: Could not find files for mod: C:\SteamLibrary\steamapps\workshop\content\281990\1623423360
[08:35:25][dlc.cpp:1847]: Could not find files for mod: C:\SteamLibrary\steamapps\workshop\content\281990\3339549399
[08:35:25][dlc.cpp:1847]: Could not find files for mod: C:\SteamLibrary\steamapps\workshop\content\281990\3090328185
[08:35:25][dlc.cpp:1847]: Could not find files for mod: C:\SteamLibrary\steamapps\workshop\content\281990\2948301103
[08:35:25][dlc.cpp:1847]: Could not find files for mod: C:\SteamLibrary\steamapps\workshop\content\281990\2976454692
[08:36:38][game_singleobjectdatabase.h:170]: Object with key: decision_lithoid_swarm_consume_world already exists, using the one at  file: common/decisions/zz_eep_native_decision.txt line: 2
[08:39:47][game_text.cpp:1531]: Unknown promotion `explorer` in text: explorer.GetName]之间培养起来的跨维度情谊
[08:39:47][game_text.cpp:1287]: Unknown property `GetName` in text: GetName]之间培养起来的跨维度情谊
[08:39:47][game_text.cpp:1531]: Unknown promotion `target` in text: target.GetName]的一颗巨大水晶球体的碎片
[08:56:57][effect.cpp:529]: Wrong scope for effect 'country_event' at  file:  line: 1
Current Scope: planet
Supported Scopes: country
[08:56:57][eventtarget.cpp:3849]: Undefined event target: ERROR_FLAG_INDEX, location:  file:  line: 1
[08:56:57][effect_impl.cpp:242]: Script Error: Invalid context switch [event_target:eep_core@this] from EEP-Core [planet], file:  line: 1, Scope: 
type=planet
id=1
opener_id=4294967295
random={ 0 1615613851 }
random_allowed=yes
root=
{
	type=country
	id=0
	opener_id=4294967295
	random={ 0 256498963 }
	random_allowed=yes
}

[08:56:57][effect.cpp:723]: Wrong scope for effect 'country_event' at  file:  line: 1
Current Scope: planet
Supported Scopes: country
[09:09:17][effect_impl.cpp:22243]: 混合授权 is missing an option in pirate.1, using fallback option instead at  file: events/pirate_events.txt line: 298
[09:09:23][galaxy_generator.cpp:613]: Trying to create a starbase with an invalid starbase design 七鳃鳗 for ship size orbital_ring_tier_1 (note: starbases cannot have components that allow them to move or go FTL)
[09:22:11][persistent.cpp:41]: Error: "Invalid ship class: none, near line: 477168
" in file: "save games/acceptance-fixtures/focus-base23.sav/gamestate" near line: 477168
[10:15:21][effect_impl_pop.cpp:482]: transfer_pop_amount: the amount of pops to transfer should be more than 0 (got 0) at  common/scripted_effects/00_scripted_effects.txt:9078 @ scripted effect resettle_pop_group at file:  line: 1
[10:26:36][variable_values.cpp:236]: Variable eep_abandon_move is not set for scoped pop_group 'EEP复合子个体' at  file:  line: 1
[10:26:36][variable_values.cpp:236]: Variable eep_abandon_amount is not set for scoped planet 'EEP-ABANDON-16' at  common/scripted_effects/00_scripted_effects.txt:9082 @ scripted effect resettle_pop_group at file:  line: 1
[11:18:07][event.cpp:1040]: Script Error, attempted to execute an event on an unsupported scope!
Event: fircon.5035
Event Scope: colony
Executing Scope: type=planet
id=83
opener_id=4294967295
random={ 0 626952331 }
random_allowed=yes
from=
{
	type=fleet
	id=50331809
	opener_id=4294967295
	random={ 0 409655812 }
	random_allowed=yes
}

[11:26:46][effect_impl_fleet.h:227]: set_mia effect: fleet [260] '德米维迪奥IVa研究站' cannot go MIA at ' common/scripted_effects/00_scripted_effects.txt:4829 @ scripted effect destroy_star_system at file: events/nemesis_crisis_events.txt line: 568'
[11:26:46][effect_impl_fleet.h:227]: set_mia effect: fleet [268] '德米维迪奥IV开采站' cannot go MIA at ' common/scripted_effects/00_scripted_effects.txt:4829 @ scripted effect destroy_star_system at file: events/nemesis_crisis_events.txt line: 568'
[11:26:46][effect_impl_fleet.h:227]: set_mia effect: fleet [277] '德米维迪奥开采站' cannot go MIA at ' common/scripted_effects/00_scripted_effects.txt:4829 @ scripted effect destroy_star_system at file: events/nemesis_crisis_events.txt line: 568'
[12:29:25][agreement_manager.cpp:189]: Repaired savegame, changed 1 invalid subject agreements!
