[00:56:03][dlc.cpp:1847]: Could not find files for mod: C:\SteamLibrary\steamapps\workshop\content\281990\3797257579
[00:56:03][dlc.cpp:1847]: Could not find files for mod: C:\SteamLibrary\steamapps\workshop\content\281990\3710613857
[00:56:03][dlc.cpp:1847]: Could not find files for mod: C:\SteamLibrary\steamapps\workshop\content\281990\2660548454
[00:56:03][dlc.cpp:1847]: Could not find files for mod: C:\SteamLibrary\steamapps\workshop\content\281990\2411818376
[00:56:03][dlc.cpp:1847]: Could not find files for mod: C:\SteamLibrary\steamapps\workshop\content\281990\2409044128
[00:56:03][dlc.cpp:1847]: Could not find files for mod: C:\SteamLibrary\steamapps\workshop\content\281990\3484461951
[00:56:03][dlc.cpp:1847]: Could not find files for mod: C:\SteamLibrary\steamapps\workshop\content\281990\1199002146
[00:56:03][dlc.cpp:1847]: Could not find files for mod: C:\SteamLibrary\steamapps\workshop\content\281990\2946000546
[00:56:03][dlc.cpp:1847]: Could not find files for mod: C:\SteamLibrary\steamapps\workshop\content\281990\3053655313
[00:56:03][dlc.cpp:1847]: Could not find files for mod: C:\SteamLibrary\steamapps\workshop\content\281990\2956750257
[00:56:03][dlc.cpp:1847]: Could not find files for mod: C:\SteamLibrary\steamapps\workshop\content\281990\1539624733
[00:56:03][dlc.cpp:1847]: Could not find files for mod: C:\SteamLibrary\steamapps\workshop\content\281990\1890399946
[00:56:03][dlc.cpp:1847]: Could not find files for mod: C:\SteamLibrary\steamapps\workshop\content\281990\3357143726
[00:56:03][dlc.cpp:1847]: Could not find files for mod: C:\SteamLibrary\steamapps\workshop\content\281990\3415581160
[00:56:03][dlc.cpp:1847]: Could not find files for mod: C:\SteamLibrary\steamapps\workshop\content\281990\2438313459
[00:56:03][dlc.cpp:1847]: Could not find files for mod: C:\SteamLibrary\steamapps\workshop\content\281990\2407436476
[00:56:03][dlc.cpp:1847]: Could not find files for mod: C:\SteamLibrary\steamapps\workshop\content\281990\1623423360
[00:56:03][dlc.cpp:1847]: Could not find files for mod: C:\SteamLibrary\steamapps\workshop\content\281990\3339549399
[00:56:03][dlc.cpp:1847]: Could not find files for mod: C:\SteamLibrary\steamapps\workshop\content\281990\3090328185
[00:56:03][dlc.cpp:1847]: Could not find files for mod: C:\SteamLibrary\steamapps\workshop\content\281990\2948301103
[00:56:03][dlc.cpp:1847]: Could not find files for mod: C:\SteamLibrary\steamapps\workshop\content\281990\2976454692
[00:57:19][game_singleobjectdatabase.h:170]: Object with key: decision_lithoid_swarm_consume_world already exists, using the one at  file: common/decisions/zz_eep_native_decision.txt line: 2
[01:18:22][effect_impl.cpp:21035]: set_fleet_stance effect is trying to set a stance that is not supported by this fleet.  file: events/colony_events_1.txt line: 4303
[01:29:15][trigger_impl.cpp:1218]: Script Error: Invalid context switch [owner] from EEP-UI-Q20 [planet], file: events/colony_events_1.txt line: 4337, Scope: 
type=planet
id=3
opener_id=4294967295
random={ 0 3493440786 }
random_allowed=yes
saved_event_target=
{
	type=fleet
	id=210
	opener_id=4294967295
	name="asteroid_fleet_target"
}

[01:29:15][trigger_impl.cpp:1218]: Script Error: Invalid context switch [owner] from EEP-UI-Q20 [planet], file: events/colony_events_1.txt line: 4347, Scope: 
type=planet
id=3
opener_id=4294967295
random={ 0 3493440786 }
random_allowed=yes
saved_event_target=
{
	type=fleet
	id=210
	opener_id=4294967295
	name="asteroid_fleet_target"
}

[01:31:38][event.cpp:1115]: Event colony.180 has no valid options
