[00:56:04][game_application.cpp:250]: Game Version: Cygnus v4.5.2
[00:56:04][defines.cpp:162]: 2132 defines loaded
[00:56:04][defines.cpp:196]: 254 interface defines loaded
[01:00:52][gamecontrolcommands.cpp:415]: Sending sync response, machine id: 1
[01:00:52][galaxy_generator.cpp:4536]: Generating World! Specified Seed: 1426006085
[01:02:19][effect_impl.cpp:22217]: [2200.1.1] Log effect, file: events/eep_probe_events.txt line: 94. EEP_PROBE country EEP 01 石质噬岩者: C=0 G=0 D=2 manufactured=0 worlds=0
[01:02:19][effect_impl.cpp:22217]: [2200.1.1] Log effect, file: events/eep_probe_events.txt line: 95. EEP_PROBE qualified=YES
[01:02:19][effect_impl.cpp:22217]: [2200.1.1] Log effect, file: events/eep_probe_events.txt line: 97. EEP_PROBE core_available=YES
[01:02:19][effect_impl.cpp:22217]: [2200.1.1] Log effect, file: events/eep_probe_events.txt line: 102. EEP_PROBE active=NO
[01:02:19][effect_impl.cpp:22217]: [2200.1.1] Log effect, file: events/eep_probe_events.txt line: 104. EEP_PROBE shattered=NO
[01:03:07][eventcommands.cpp:88]: Event eep.100 added info about event selection. selectedOption 0, human 1, playerEventId 1
[01:09:38][effect_impl.cpp:22217]: [2200.1.2] Log effect, file: events/eep_probe_events.txt line: 63. EEP_MONTH country=EEP 01 石质噬岩者 C=0 G=0 D=2 made=0 worlds=0
[01:09:38][effect_impl.cpp:22217]: [2200.1.2] Log effect, file: events/eep_probe_events.txt line: 70. EEP_MONTH source=EEP-UI-Q20 Q=20 T=48 progress=0
[01:09:38][effect_impl.cpp:22217]: [2200.1.2] Log effect, file: events/eep_probe_events.txt line: 72. EEP_MONTH operational=YES
[01:09:38][effect_impl.cpp:22217]: [2200.1.2] Log effect, file: events/eep_probe_events.txt line: 76. EEP_DLC Nemesis=YES
[01:09:38][effect_impl.cpp:22217]: [2200.1.2] Log effect, file: events/eep_probe_events.txt line: 78. EEP_DLC Shroud=YES
[01:11:34][eventcommands.cpp:88]: Event eep.100 added info about event selection. selectedOption 1, human 1, playerEventId 2
[01:16:50][eventcommands.cpp:88]: Event eep.101 added info about event selection. selectedOption 0, human 1, playerEventId 3
[01:17:36][effect_impl.cpp:22217]: [2200.1.2] Log effect, file: events/eep_probe_events.txt line: 70. EEP_MONTH source=EEP-Q15 Q=15 T=36 progress=0
[01:17:36][effect_impl.cpp:22217]: [2200.1.2] Log effect, file: events/eep_probe_events.txt line: 70. EEP_MONTH source=EEP-Q20 Q=20 T=48 progress=0
[01:17:36][effect_impl.cpp:22217]: [2200.1.2] Log effect, file: events/eep_probe_events.txt line: 70. EEP_MONTH source=EEP-Q25 Q=25 T=60 progress=0
[01:18:05][effect_impl.cpp:22217]: [2200.2.3] Log effect, file: events/eep_probe_events.txt line: 63. EEP_MONTH country=EEP 01 石质噬岩者 C=0 G=0 D=2 made=0 worlds=0
[01:18:05][effect_impl.cpp:22217]: [2200.2.3] Log effect, file: events/eep_probe_events.txt line: 70. EEP_MONTH source=EEP-UI-Q20 Q=20 T=48 progress=1
[01:18:05][effect_impl.cpp:22217]: [2200.2.3] Log effect, file: events/eep_probe_events.txt line: 72. EEP_MONTH operational=YES
[01:18:05][effect_impl.cpp:22217]: [2200.2.3] Log effect, file: events/eep_probe_events.txt line: 70. EEP_MONTH source=EEP-Q15 Q=15 T=36 progress=1
[01:18:05][effect_impl.cpp:22217]: [2200.2.3] Log effect, file: events/eep_probe_events.txt line: 70. EEP_MONTH source=EEP-Q20 Q=20 T=48 progress=1
[01:18:05][effect_impl.cpp:22217]: [2200.2.3] Log effect, file: events/eep_probe_events.txt line: 70. EEP_MONTH source=EEP-Q25 Q=25 T=60 progress=1
[01:18:05][effect_impl.cpp:22217]: [2200.2.3] Log effect, file: events/eep_probe_events.txt line: 76. EEP_DLC Nemesis=YES
[01:18:05][effect_impl.cpp:22217]: [2200.2.3] Log effect, file: events/eep_probe_events.txt line: 78. EEP_DLC Shroud=YES
[01:18:05][effect_impl.cpp:22217]: [2200.3.3] Log effect, file: events/eep_probe_events.txt line: 63. EEP_MONTH country=EEP 01 石质噬岩者 C=0 G=0 D=2 made=0 worlds=0
[01:18:05][effect_impl.cpp:22217]: [2200.3.3] Log effect, file: events/eep_probe_events.txt line: 70. EEP_MONTH source=EEP-UI-Q20 Q=20 T=48 progress=2
[01:18:05][effect_impl.cpp:22217]: [2200.3.3] Log effect, file: events/eep_probe_events.txt line: 72. EEP_MONTH operational=YES
[01:18:05][effect_impl.cpp:22217]: [2200.3.3] Log effect, file: events/eep_probe_events.txt line: 70. EEP_MONTH source=EEP-Q15 Q=15 T=36 progress=2
[01:18:05][effect_impl.cpp:22217]: [2200.3.3] Log effect, file: events/eep_probe_events.txt line: 70. EEP_MONTH source=EEP-Q20 Q=20 T=48 progress=2
[01:18:05][effect_impl.cpp:22217]: [2200.3.3] Log effect, file: events/eep_probe_events.txt line: 70. EEP_MONTH source=EEP-Q25 Q=25 T=60 progress=2
[01:18:05][effect_impl.cpp:22217]: [2200.3.3] Log effect, file: events/eep_probe_events.txt line: 76. EEP_DLC Nemesis=YES
[01:18:05][effect_impl.cpp:22217]: [2200.3.3] Log effect, file: events/eep_probe_events.txt line: 78. EEP_DLC Shroud=YES
[01:18:05][effect_impl.cpp:22217]: [2200.4.3] Log effect, file: events/eep_probe_events.txt line: 63. EEP_MONTH country=EEP 01 石质噬岩者 C=0 G=0 D=2 made=0 worlds=0
[01:18:05][effect_impl.cpp:22217]: [2200.4.3] Log effect, file: events/eep_probe_events.txt line: 70. EEP_MONTH source=EEP-UI-Q20 Q=20 T=48 progress=3
[01:18:05][effect_impl.cpp:22217]: [2200.4.3] Log effect, file: events/eep_probe_events.txt line: 72. EEP_MONTH operational=YES
[01:18:05][effect_impl.cpp:22217]: [2200.4.3] Log effect, file: events/eep_probe_events.txt line: 70. EEP_MONTH source=EEP-Q15 Q=15 T=36 progress=3
[01:18:05][effect_impl.cpp:22217]: [2200.4.3] Log effect, file: events/eep_probe_events.txt line: 70. EEP_MONTH source=EEP-Q20 Q=20 T=48 progress=3
[01:18:05][effect_impl.cpp:22217]: [2200.4.3] Log effect, file: events/eep_probe_events.txt line: 70. EEP_MONTH source=EEP-Q25 Q=25 T=60 progress=3
[01:18:05][effect_impl.cpp:22217]: [2200.4.3] Log effect, file: events/eep_probe_events.txt line: 76. EEP_DLC Nemesis=YES
[01:18:05][effect_impl.cpp:22217]: [2200.4.3] Log effect, file: events/eep_probe_events.txt line: 78. EEP_DLC Shroud=YES
[01:18:14][effect_impl.cpp:22217]: [2200.5.3] Log effect, file: events/eep_probe_events.txt line: 63. EEP_MONTH country=EEP 01 石质噬岩者 C=0 G=0 D=2 made=0 worlds=0
[01:18:14][effect_impl.cpp:22217]: [2200.5.3] Log effect, file: events/eep_probe_events.txt line: 70. EEP_MONTH source=EEP-UI-Q20 Q=20 T=48 progress=4
[01:18:14][effect_impl.cpp:22217]: [2200.5.3] Log effect, file: events/eep_probe_events.txt line: 72. EEP_MONTH operational=YES
[01:18:14][effect_impl.cpp:22217]: [2200.5.3] Log effect, file: events/eep_probe_events.txt line: 70. EEP_MONTH source=EEP-Q15 Q=15 T=36 progress=4
[01:18:14][effect_impl.cpp:22217]: [2200.5.3] Log effect, file: events/eep_probe_events.txt line: 70. EEP_MONTH source=EEP-Q20 Q=20 T=48 progress=4
[01:18:14][effect_impl.cpp:22217]: [2200.5.3] Log effect, file: events/eep_probe_events.txt line: 70. EEP_MONTH source=EEP-Q25 Q=25 T=60 progress=4
[01:18:14][effect_impl.cpp:22217]: [2200.5.3] Log effect, file: events/eep_probe_events.txt line: 76. EEP_DLC Nemesis=YES
[01:18:14][effect_impl.cpp:22217]: [2200.5.3] Log effect, file: events/eep_probe_events.txt line: 78. EEP_DLC Shroud=YES
[01:18:14][effect_impl.cpp:22217]: [2200.6.3] Log effect, file: events/eep_probe_events.txt line: 63. EEP_MONTH country=EEP 01 石质噬岩者 C=0 G=0 D=2 made=0 worlds=0
[01:18:14][effect_impl.cpp:22217]: [2200.6.3] Log effect, file: events/eep_probe_events.txt line: 70. EEP_MONTH source=EEP-UI-Q20 Q=20 T=48 progress=5
[01:18:14][effect_impl.cpp:22217]: [2200.6.3] Log effect, file: events/eep_probe_events.txt line: 72. EEP_MONTH operational=YES
[01:18:14][effect_impl.cpp:22217]: [2200.6.3] Log effect, file: events/eep_probe_events.txt line: 70. EEP_MONTH source=EEP-Q15 Q=15 T=36 progress=5
[01:18:14][effect_impl.cpp:22217]: [2200.6.3] Log effect, file: events/eep_probe_events.txt line: 70. EEP_MONTH source=EEP-Q20 Q=20 T=48 progress=5
[01:18:14][effect_impl.cpp:22217]: [2200.6.3] Log effect, file: events/eep_probe_events.txt line: 70. EEP_MONTH source=EEP-Q25 Q=25 T=60 progress=5
[01:18:14][effect_impl.cpp:22217]: [2200.6.3] Log effect, file: events/eep_probe_events.txt line: 76. EEP_DLC Nemesis=YES
[01:18:14][effect_impl.cpp:22217]: [2200.6.3] Log effect, file: events/eep_probe_events.txt line: 78. EEP_DLC Shroud=YES
[01:18:15][effect_impl.cpp:22217]: [2200.7.3] Log effect, file: events/eep_probe_events.txt line: 63. EEP_MONTH country=EEP 01 石质噬岩者 C=0 G=0 D=2 made=0 worlds=0
[01:18:15][effect_impl.cpp:22217]: [2200.7.3] Log effect, file: events/eep_probe_events.txt line: 70. EEP_MONTH source=EEP-UI-Q20 Q=20 T=48 progress=6
[01:18:15][effect_impl.cpp:22217]: [2200.7.3] Log effect, file: events/eep_probe_events.txt line: 72. EEP_MONTH operational=YES
[01:18:15][effect_impl.cpp:22217]: [2200.7.3] Log effect, file: events/eep_probe_events.txt line: 70. EEP_MONTH source=EEP-Q15 Q=15 T=36 progress=6
[01:18:15][effect_impl.cpp:22217]: [2200.7.3] Log effect, file: events/eep_probe_events.txt line: 70. EEP_MONTH source=EEP-Q20 Q=20 T=48 progress=6
[01:18:15][effect_impl.cpp:22217]: [2200.7.3] Log effect, file: events/eep_probe_events.txt line: 70. EEP_MONTH source=EEP-Q25 Q=25 T=60 progress=6
[01:18:15][effect_impl.cpp:22217]: [2200.7.3] Log effect, file: events/eep_probe_events.txt line: 76. EEP_DLC Nemesis=YES
[01:18:15][effect_impl.cpp:22217]: [2200.7.3] Log effect, file: events/eep_probe_events.txt line: 78. EEP_DLC Shroud=YES
[01:18:15][effect_impl.cpp:22217]: [2200.8.3] Log effect, file: events/eep_probe_events.txt line: 63. EEP_MONTH country=EEP 01 石质噬岩者 C=0 G=0 D=2 made=0 worlds=0
[01:18:15][effect_impl.cpp:22217]: [2200.8.3] Log effect, file: events/eep_probe_events.txt line: 70. EEP_MONTH source=EEP-UI-Q20 Q=20 T=48 progress=7
[01:18:15][effect_impl.cpp:22217]: [2200.8.3] Log effect, file: events/eep_probe_events.txt line: 72. EEP_MONTH operational=YES
[01:18:15][effect_impl.cpp:22217]: [2200.8.3] Log effect, file: events/eep_probe_events.txt line: 70. EEP_MONTH source=EEP-Q15 Q=15 T=36 progress=7
[01:18:15][effect_impl.cpp:22217]: [2200.8.3] Log effect, file: events/eep_probe_events.txt line: 70. EEP_MONTH source=EEP-Q20 Q=20 T=48 progress=7
[01:18:15][effect_impl.cpp:22217]: [2200.8.3] Log effect, file: events/eep_probe_events.txt line: 70. EEP_MONTH source=EEP-Q25 Q=25 T=60 progress=7
[01:18:15][effect_impl.cpp:22217]: [2200.8.3] Log effect, file: events/eep_probe_events.txt line: 76. EEP_DLC Nemesis=YES
[01:18:15][effect_impl.cpp:22217]: [2200.8.3] Log effect, file: events/eep_probe_events.txt line: 78. EEP_DLC Shroud=YES
[01:18:15][effect_impl.cpp:22217]: [2200.9.3] Log effect, file: events/eep_probe_events.txt line: 63. EEP_MONTH country=EEP 01 石质噬岩者 C=0 G=0 D=2 made=0 worlds=0
[01:18:15][effect_impl.cpp:22217]: [2200.9.3] Log effect, file: events/eep_probe_events.txt line: 70. EEP_MONTH source=EEP-UI-Q20 Q=20 T=48 progress=8
[01:18:15][effect_impl.cpp:22217]: [2200.9.3] Log effect, file: events/eep_probe_events.txt line: 72. EEP_MONTH operational=YES
[01:18:15][effect_impl.cpp:22217]: [2200.9.3] Log effect, file: events/eep_probe_events.txt line: 70. EEP_MONTH source=EEP-Q15 Q=15 T=36 progress=8
[01:18:15][effect_impl.cpp:22217]: [2200.9.3] Log effect, file: events/eep_probe_events.txt line: 70. EEP_MONTH source=EEP-Q20 Q=20 T=48 progress=8
[01:18:15][effect_impl.cpp:22217]: [2200.9.3] Log effect, file: events/eep_probe_events.txt line: 70. EEP_MONTH source=EEP-Q25 Q=25 T=60 progress=8
[01:18:15][effect_impl.cpp:22217]: [2200.9.3] Log effect, file: events/eep_probe_events.txt line: 76. EEP_DLC Nemesis=YES
[01:18:15][effect_impl.cpp:22217]: [2200.9.3] Log effect, file: events/eep_probe_events.txt line: 78. EEP_DLC Shroud=YES
[01:18:16][effect_impl.cpp:22217]: [2200.10.3] Log effect, file: events/eep_probe_events.txt line: 63. EEP_MONTH country=EEP 01 石质噬岩者 C=0 G=0 D=2 made=0 worlds=0
[01:18:16][effect_impl.cpp:22217]: [2200.10.3] Log effect, file: events/eep_probe_events.txt line: 70. EEP_MONTH source=EEP-UI-Q20 Q=20 T=48 progress=9
[01:18:16][effect_impl.cpp:22217]: [2200.10.3] Log effect, file: events/eep_probe_events.txt line: 72. EEP_MONTH operational=YES
[01:18:16][effect_impl.cpp:22217]: [2200.10.3] Log effect, file: events/eep_probe_events.txt line: 70. EEP_MONTH source=EEP-Q15 Q=15 T=36 progress=9
[01:18:16][effect_impl.cpp:22217]: [2200.10.3] Log effect, file: events/eep_probe_events.txt line: 70. EEP_MONTH source=EEP-Q20 Q=20 T=48 progress=9
[01:18:16][effect_impl.cpp:22217]: [2200.10.3] Log effect, file: events/eep_probe_events.txt line: 70. EEP_MONTH source=EEP-Q25 Q=25 T=60 progress=9
[01:18:16][effect_impl.cpp:22217]: [2200.10.3] Log effect, file: events/eep_probe_events.txt line: 76. EEP_DLC Nemesis=YES
[01:18:16][effect_impl.cpp:22217]: [2200.10.3] Log effect, file: events/eep_probe_events.txt line: 78. EEP_DLC Shroud=YES
[01:18:16][effect_impl.cpp:22217]: [2200.11.3] Log effect, file: events/eep_probe_events.txt line: 63. EEP_MONTH country=EEP 01 石质噬岩者 C=0 G=0 D=2 made=0 worlds=0
[01:18:16][effect_impl.cpp:22217]: [2200.11.3] Log effect, file: events/eep_probe_events.txt line: 70. EEP_MONTH source=EEP-UI-Q20 Q=20 T=48 progress=10
[01:18:16][effect_impl.cpp:22217]: [2200.11.3] Log effect, file: events/eep_probe_events.txt line: 72. EEP_MONTH operational=YES
[01:18:16][effect_impl.cpp:22217]: [2200.11.3] Log effect, file: events/eep_probe_events.txt line: 70. EEP_MONTH source=EEP-Q15 Q=15 T=36 progress=10
[01:18:16][effect_impl.cpp:22217]: [2200.11.3] Log effect, file: events/eep_probe_events.txt line: 70. EEP_MONTH source=EEP-Q20 Q=20 T=48 progress=10
[01:18:16][effect_impl.cpp:22217]: [2200.11.3] Log effect, file: events/eep_probe_events.txt line: 70. EEP_MONTH source=EEP-Q25 Q=25 T=60 progress=10
[01:18:16][effect_impl.cpp:22217]: [2200.11.3] Log effect, file: events/eep_probe_events.txt line: 76. EEP_DLC Nemesis=YES
[01:18:16][effect_impl.cpp:22217]: [2200.11.3] Log effect, file: events/eep_probe_events.txt line: 78. EEP_DLC Shroud=YES
[01:18:16][effect_impl.cpp:22217]: [2200.12.3] Log effect, file: events/eep_probe_events.txt line: 63. EEP_MONTH country=EEP 01 石质噬岩者 C=0 G=0 D=2 made=0 worlds=0
[01:18:16][effect_impl.cpp:22217]: [2200.12.3] Log effect, file: events/eep_probe_events.txt line: 70. EEP_MONTH source=EEP-UI-Q20 Q=20 T=48 progress=11
[01:18:16][effect_impl.cpp:22217]: [2200.12.3] Log effect, file: events/eep_probe_events.txt line: 72. EEP_MONTH operational=YES
[01:18:16][effect_impl.cpp:22217]: [2200.12.3] Log effect, file: events/eep_probe_events.txt line: 70. EEP_MONTH source=EEP-Q15 Q=15 T=36 progress=11
[01:18:16][effect_impl.cpp:22217]: [2200.12.3] Log effect, file: events/eep_probe_events.txt line: 70. EEP_MONTH source=EEP-Q20 Q=20 T=48 progress=11
[01:18:16][effect_impl.cpp:22217]: [2200.12.3] Log effect, file: events/eep_probe_events.txt line: 70. EEP_MONTH source=EEP-Q25 Q=25 T=60 progress=11
[01:18:16][effect_impl.cpp:22217]: [2200.12.3] Log effect, file: events/eep_probe_events.txt line: 76. EEP_DLC Nemesis=YES
[01:18:16][effect_impl.cpp:22217]: [2200.12.3] Log effect, file: events/eep_probe_events.txt line: 78. EEP_DLC Shroud=YES
[01:18:17][effect_impl.cpp:22217]: [2201.1.3] Log effect, file: events/eep_probe_events.txt line: 63. EEP_MONTH country=EEP 01 石质噬岩者 C=0 G=0 D=2 made=0 worlds=0
[01:18:17][effect_impl.cpp:22217]: [2201.1.3] Log effect, file: events/eep_probe_events.txt line: 70. EEP_MONTH source=EEP-UI-Q20 Q=20 T=48 progress=12
[01:18:17][effect_impl.cpp:22217]: [2201.1.3] Log effect, file: events/eep_probe_events.txt line: 72. EEP_MONTH operational=YES
[01:18:17][effect_impl.cpp:22217]: [2201.1.3] Log effect, file: events/eep_probe_events.txt line: 70. EEP_MONTH source=EEP-Q15 Q=15 T=36 progress=12
[01:18:17][effect_impl.cpp:22217]: [2201.1.3] Log effect, file: events/eep_probe_events.txt line: 70. EEP_MONTH source=EEP-Q20 Q=20 T=48 progress=12
[01:18:17][effect_impl.cpp:22217]: [2201.1.3] Log effect, file: events/eep_probe_events.txt line: 70. EEP_MONTH source=EEP-Q25 Q=25 T=60 progress=12
[01:18:17][effect_impl.cpp:22217]: [2201.1.3] Log effect, file: events/eep_probe_events.txt line: 76. EEP_DLC Nemesis=YES
[01:18:17][effect_impl.cpp:22217]: [2201.1.3] Log effect, file: events/eep_probe_events.txt line: 78. EEP_DLC Shroud=YES
[01:18:17][effect_impl.cpp:22217]: [2201.2.3] Log effect, file: events/eep_probe_events.txt line: 63. EEP_MONTH country=EEP 01 石质噬岩者 C=0 G=0 D=2 made=0 worlds=0
[01:18:17][effect_impl.cpp:22217]: [2201.2.3] Log effect, file: events/eep_probe_events.txt line: 70. EEP_MONTH source=EEP-UI-Q20 Q=20 T=48 progress=13
[01:18:17][effect_impl.cpp:22217]: [2201.2.3] Log effect, file: events/eep_probe_events.txt line: 72. EEP_MONTH operational=YES
[01:18:17][effect_impl.cpp:22217]: [2201.2.3] Log effect, file: events/eep_probe_events.txt line: 70. EEP_MONTH source=EEP-Q15 Q=15 T=36 progress=13
[01:18:17][effect_impl.cpp:22217]: [2201.2.3] Log effect, file: events/eep_probe_events.txt line: 70. EEP_MONTH source=EEP-Q20 Q=20 T=48 progress=13
[01:18:17][effect_impl.cpp:22217]: [2201.2.3] Log effect, file: events/eep_probe_events.txt line: 70. EEP_MONTH source=EEP-Q25 Q=25 T=60 progress=13
[01:18:17][effect_impl.cpp:22217]: [2201.2.3] Log effect, file: events/eep_probe_events.txt line: 76. EEP_DLC Nemesis=YES
[01:18:17][effect_impl.cpp:22217]: [2201.2.3] Log effect, file: events/eep_probe_events.txt line: 78. EEP_DLC Shroud=YES
[01:18:18][effect_impl.cpp:22217]: [2201.3.3] Log effect, file: events/eep_probe_events.txt line: 63. EEP_MONTH country=EEP 01 石质噬岩者 C=0 G=0 D=2 made=0 worlds=0
[01:18:18][effect_impl.cpp:22217]: [2201.3.3] Log effect, file: events/eep_probe_events.txt line: 70. EEP_MONTH source=EEP-UI-Q20 Q=20 T=48 progress=14
[01:18:18][effect_impl.cpp:22217]: [2201.3.3] Log effect, file: events/eep_probe_events.txt line: 72. EEP_MONTH operational=YES
[01:18:18][effect_impl.cpp:22217]: [2201.3.3] Log effect, file: events/eep_probe_events.txt line: 70. EEP_MONTH source=EEP-Q15 Q=15 T=36 progress=14
[01:18:18][effect_impl.cpp:22217]: [2201.3.3] Log effect, file: events/eep_probe_events.txt line: 70. EEP_MONTH source=EEP-Q20 Q=20 T=48 progress=14
[01:18:18][effect_impl.cpp:22217]: [2201.3.3] Log effect, file: events/eep_probe_events.txt line: 70. EEP_MONTH source=EEP-Q25 Q=25 T=60 progress=14
[01:18:18][effect_impl.cpp:22217]: [2201.3.3] Log effect, file: events/eep_probe_events.txt line: 76. EEP_DLC Nemesis=YES
[01:18:18][effect_impl.cpp:22217]: [2201.3.3] Log effect, file: events/eep_probe_events.txt line: 78. EEP_DLC Shroud=YES
[01:18:18][effect_impl.cpp:22217]: [2201.4.3] Log effect, file: events/eep_probe_events.txt line: 63. EEP_MONTH country=EEP 01 石质噬岩者 C=0 G=0 D=2 made=0 worlds=0
[01:18:18][effect_impl.cpp:22217]: [2201.4.3] Log effect, file: events/eep_probe_events.txt line: 70. EEP_MONTH source=EEP-UI-Q20 Q=20 T=48 progress=15
[01:18:18][effect_impl.cpp:22217]: [2201.4.3] Log effect, file: events/eep_probe_events.txt line: 72. EEP_MONTH operational=YES
[01:18:18][effect_impl.cpp:22217]: [2201.4.3] Log effect, file: events/eep_probe_events.txt line: 70. EEP_MONTH source=EEP-Q15 Q=15 T=36 progress=15
[01:18:18][effect_impl.cpp:22217]: [2201.4.3] Log effect, file: events/eep_probe_events.txt line: 70. EEP_MONTH source=EEP-Q20 Q=20 T=48 progress=15
[01:18:18][effect_impl.cpp:22217]: [2201.4.3] Log effect, file: events/eep_probe_events.txt line: 70. EEP_MONTH source=EEP-Q25 Q=25 T=60 progress=15
[01:18:18][effect_impl.cpp:22217]: [2201.4.3] Log effect, file: events/eep_probe_events.txt line: 76. EEP_DLC Nemesis=YES
[01:18:18][effect_impl.cpp:22217]: [2201.4.3] Log effect, file: events/eep_probe_events.txt line: 78. EEP_DLC Shroud=YES
[01:18:18][effect_impl.cpp:22217]: [2201.5.3] Log effect, file: events/eep_probe_events.txt line: 63. EEP_MONTH country=EEP 01 石质噬岩者 C=0 G=0 D=2 made=0 worlds=0
[01:18:18][effect_impl.cpp:22217]: [2201.5.3] Log effect, file: events/eep_probe_events.txt line: 70. EEP_MONTH source=EEP-UI-Q20 Q=20 T=48 progress=16
[01:18:18][effect_impl.cpp:22217]: [2201.5.3] Log effect, file: events/eep_probe_events.txt line: 72. EEP_MONTH operational=YES
[01:18:18][effect_impl.cpp:22217]: [2201.5.3] Log effect, file: events/eep_probe_events.txt line: 70. EEP_MONTH source=EEP-Q15 Q=15 T=36 progress=16
[01:18:18][effect_impl.cpp:22217]: [2201.5.3] Log effect, file: events/eep_probe_events.txt line: 70. EEP_MONTH source=EEP-Q20 Q=20 T=48 progress=16
[01:18:18][effect_impl.cpp:22217]: [2201.5.3] Log effect, file: events/eep_probe_events.txt line: 70. EEP_MONTH source=EEP-Q25 Q=25 T=60 progress=16
[01:18:18][effect_impl.cpp:22217]: [2201.5.3] Log effect, file: events/eep_probe_events.txt line: 76. EEP_DLC Nemesis=YES
[01:18:18][effect_impl.cpp:22217]: [2201.5.3] Log effect, file: events/eep_probe_events.txt line: 78. EEP_DLC Shroud=YES
[01:18:19][effect_impl.cpp:22217]: [2201.6.3] Log effect, file: events/eep_probe_events.txt line: 63. EEP_MONTH country=EEP 01 石质噬岩者 C=0 G=0 D=2 made=0 worlds=0
[01:18:19][effect_impl.cpp:22217]: [2201.6.3] Log effect, file: events/eep_probe_events.txt line: 70. EEP_MONTH source=EEP-UI-Q20 Q=20 T=48 progress=17
[01:18:19][effect_impl.cpp:22217]: [2201.6.3] Log effect, file: events/eep_probe_events.txt line: 72. EEP_MONTH operational=YES
[01:18:19][effect_impl.cpp:22217]: [2201.6.3] Log effect, file: events/eep_probe_events.txt line: 70. EEP_MONTH source=EEP-Q15 Q=15 T=36 progress=17
[01:18:19][effect_impl.cpp:22217]: [2201.6.3] Log effect, file: events/eep_probe_events.txt line: 70. EEP_MONTH source=EEP-Q20 Q=20 T=48 progress=17
[01:18:19][effect_impl.cpp:22217]: [2201.6.3] Log effect, file: events/eep_probe_events.txt line: 70. EEP_MONTH source=EEP-Q25 Q=25 T=60 progress=17
[01:18:19][effect_impl.cpp:22217]: [2201.6.3] Log effect, file: events/eep_probe_events.txt line: 76. EEP_DLC Nemesis=YES
[01:18:19][effect_impl.cpp:22217]: [2201.6.3] Log effect, file: events/eep_probe_events.txt line: 78. EEP_DLC Shroud=YES
[01:18:19][effect_impl.cpp:22217]: [2201.7.3] Log effect, file: events/eep_probe_events.txt line: 63. EEP_MONTH country=EEP 01 石质噬岩者 C=0 G=0 D=2 made=0 worlds=0
[01:18:19][effect_impl.cpp:22217]: [2201.7.3] Log effect, file: events/eep_probe_events.txt line: 70. EEP_MONTH source=EEP-UI-Q20 Q=20 T=48 progress=18
[01:18:19][effect_impl.cpp:22217]: [2201.7.3] Log effect, file: events/eep_probe_events.txt line: 72. EEP_MONTH operational=YES
[01:18:19][effect_impl.cpp:22217]: [2201.7.3] Log effect, file: events/eep_probe_events.txt line: 70. EEP_MONTH source=EEP-Q15 Q=15 T=36 progress=18
[01:18:19][effect_impl.cpp:22217]: [2201.7.3] Log effect, file: events/eep_probe_events.txt line: 70. EEP_MONTH source=EEP-Q20 Q=20 T=48 progress=18
[01:18:19][effect_impl.cpp:22217]: [2201.7.3] Log effect, file: events/eep_probe_events.txt line: 70. EEP_MONTH source=EEP-Q25 Q=25 T=60 progress=18
[01:18:19][effect_impl.cpp:22217]: [2201.7.3] Log effect, file: events/eep_probe_events.txt line: 76. EEP_DLC Nemesis=YES
[01:18:19][effect_impl.cpp:22217]: [2201.7.3] Log effect, file: events/eep_probe_events.txt line: 78. EEP_DLC Shroud=YES
[01:18:19][effect_impl.cpp:22217]: [2201.8.3] Log effect, file: events/eep_probe_events.txt line: 63. EEP_MONTH country=EEP 01 石质噬岩者 C=0 G=0 D=2 made=0 worlds=0
[01:18:19][effect_impl.cpp:22217]: [2201.8.3] Log effect, file: events/eep_probe_events.txt line: 70. EEP_MONTH source=EEP-UI-Q20 Q=20 T=48 progress=19
[01:18:19][effect_impl.cpp:22217]: [2201.8.3] Log effect, file: events/eep_probe_events.txt line: 72. EEP_MONTH operational=YES
[01:18:19][effect_impl.cpp:22217]: [2201.8.3] Log effect, file: events/eep_probe_events.txt line: 70. EEP_MONTH source=EEP-Q15 Q=15 T=36 progress=19
[01:18:19][effect_impl.cpp:22217]: [2201.8.3] Log effect, file: events/eep_probe_events.txt line: 70. EEP_MONTH source=EEP-Q20 Q=20 T=48 progress=19
[01:18:19][effect_impl.cpp:22217]: [2201.8.3] Log effect, file: events/eep_probe_events.txt line: 70. EEP_MONTH source=EEP-Q25 Q=25 T=60 progress=19
[01:18:19][effect_impl.cpp:22217]: [2201.8.3] Log effect, file: events/eep_probe_events.txt line: 76. EEP_DLC Nemesis=YES
[01:18:19][effect_impl.cpp:22217]: [2201.8.3] Log effect, file: events/eep_probe_events.txt line: 78. EEP_DLC Shroud=YES
[01:18:20][effect_impl.cpp:22217]: [2201.9.3] Log effect, file: events/eep_probe_events.txt line: 63. EEP_MONTH country=EEP 01 石质噬岩者 C=0 G=0 D=2 made=0 worlds=0
[01:18:20][effect_impl.cpp:22217]: [2201.9.3] Log effect, file: events/eep_probe_events.txt line: 70. EEP_MONTH source=EEP-UI-Q20 Q=20 T=48 progress=20
[01:18:20][effect_impl.cpp:22217]: [2201.9.3] Log effect, file: events/eep_probe_events.txt line: 72. EEP_MONTH operational=YES
[01:18:20][effect_impl.cpp:22217]: [2201.9.3] Log effect, file: events/eep_probe_events.txt line: 70. EEP_MONTH source=EEP-Q15 Q=15 T=36 progress=20
[01:18:20][effect_impl.cpp:22217]: [2201.9.3] Log effect, file: events/eep_probe_events.txt line: 70. EEP_MONTH source=EEP-Q20 Q=20 T=48 progress=20
[01:18:20][effect_impl.cpp:22217]: [2201.9.3] Log effect, file: events/eep_probe_events.txt line: 70. EEP_MONTH source=EEP-Q25 Q=25 T=60 progress=20
[01:18:20][effect_impl.cpp:22217]: [2201.9.3] Log effect, file: events/eep_probe_events.txt line: 76. EEP_DLC Nemesis=YES
[01:18:20][effect_impl.cpp:22217]: [2201.9.3] Log effect, file: events/eep_probe_events.txt line: 78. EEP_DLC Shroud=YES
[01:18:21][effect_impl.cpp:22217]: [2201.10.3] Log effect, file: events/eep_probe_events.txt line: 63. EEP_MONTH country=EEP 01 石质噬岩者 C=0 G=0 D=2 made=0 worlds=0
[01:18:21][effect_impl.cpp:22217]: [2201.10.3] Log effect, file: events/eep_probe_events.txt line: 70. EEP_MONTH source=EEP-UI-Q20 Q=20 T=48 progress=21
[01:18:21][effect_impl.cpp:22217]: [2201.10.3] Log effect, file: events/eep_probe_events.txt line: 72. EEP_MONTH operational=YES
[01:18:21][effect_impl.cpp:22217]: [2201.10.3] Log effect, file: events/eep_probe_events.txt line: 70. EEP_MONTH source=EEP-Q15 Q=15 T=36 progress=21
[01:18:21][effect_impl.cpp:22217]: [2201.10.3] Log effect, file: events/eep_probe_events.txt line: 70. EEP_MONTH source=EEP-Q20 Q=20 T=48 progress=21
[01:18:21][effect_impl.cpp:22217]: [2201.10.3] Log effect, file: events/eep_probe_events.txt line: 70. EEP_MONTH source=EEP-Q25 Q=25 T=60 progress=21
[01:18:21][effect_impl.cpp:22217]: [2201.10.3] Log effect, file: events/eep_probe_events.txt line: 76. EEP_DLC Nemesis=YES
[01:18:21][effect_impl.cpp:22217]: [2201.10.3] Log effect, file: events/eep_probe_events.txt line: 78. EEP_DLC Shroud=YES
[01:18:21][effect_impl.cpp:22217]: [2201.11.3] Log effect, file: events/eep_probe_events.txt line: 63. EEP_MONTH country=EEP 01 石质噬岩者 C=0 G=0 D=2 made=0 worlds=0
[01:18:21][effect_impl.cpp:22217]: [2201.11.3] Log effect, file: events/eep_probe_events.txt line: 70. EEP_MONTH source=EEP-UI-Q20 Q=20 T=48 progress=22
[01:18:21][effect_impl.cpp:22217]: [2201.11.3] Log effect, file: events/eep_probe_events.txt line: 72. EEP_MONTH operational=YES
[01:18:21][effect_impl.cpp:22217]: [2201.11.3] Log effect, file: events/eep_probe_events.txt line: 70. EEP_MONTH source=EEP-Q15 Q=15 T=36 progress=22
[01:18:21][effect_impl.cpp:22217]: [2201.11.3] Log effect, file: events/eep_probe_events.txt line: 70. EEP_MONTH source=EEP-Q20 Q=20 T=48 progress=22
[01:18:21][effect_impl.cpp:22217]: [2201.11.3] Log effect, file: events/eep_probe_events.txt line: 70. EEP_MONTH source=EEP-Q25 Q=25 T=60 progress=22
[01:18:21][effect_impl.cpp:22217]: [2201.11.3] Log effect, file: events/eep_probe_events.txt line: 76. EEP_DLC Nemesis=YES
[01:18:21][effect_impl.cpp:22217]: [2201.11.3] Log effect, file: events/eep_probe_events.txt line: 78. EEP_DLC Shroud=YES
[01:18:22][effect_impl.cpp:22217]: [2201.12.3] Log effect, file: events/eep_probe_events.txt line: 63. EEP_MONTH country=EEP 01 石质噬岩者 C=0 G=0 D=2 made=0 worlds=0
[01:18:22][effect_impl.cpp:22217]: [2201.12.3] Log effect, file: events/eep_probe_events.txt line: 70. EEP_MONTH source=EEP-UI-Q20 Q=20 T=48 progress=23
[01:18:22][effect_impl.cpp:22217]: [2201.12.3] Log effect, file: events/eep_probe_events.txt line: 72. EEP_MONTH operational=YES
[01:18:22][effect_impl.cpp:22217]: [2201.12.3] Log effect, file: events/eep_probe_events.txt line: 70. EEP_MONTH source=EEP-Q15 Q=15 T=36 progress=23
[01:18:22][effect_impl.cpp:22217]: [2201.12.3] Log effect, file: events/eep_probe_events.txt line: 70. EEP_MONTH source=EEP-Q20 Q=20 T=48 progress=23
[01:18:22][effect_impl.cpp:22217]: [2201.12.3] Log effect, file: events/eep_probe_events.txt line: 70. EEP_MONTH source=EEP-Q25 Q=25 T=60 progress=23
[01:18:22][effect_impl.cpp:22217]: [2201.12.3] Log effect, file: events/eep_probe_events.txt line: 76. EEP_DLC Nemesis=YES
[01:18:22][effect_impl.cpp:22217]: [2201.12.3] Log effect, file: events/eep_probe_events.txt line: 78. EEP_DLC Shroud=YES
[01:18:22][effect_impl.cpp:22217]: [2202.1.3] Log effect, file: events/eep_probe_events.txt line: 63. EEP_MONTH country=EEP 01 石质噬岩者 C=0 G=0 D=2 made=0 worlds=0
[01:18:22][effect_impl.cpp:22217]: [2202.1.3] Log effect, file: events/eep_probe_events.txt line: 70. EEP_MONTH source=EEP-UI-Q20 Q=20 T=48 progress=24
[01:18:22][effect_impl.cpp:22217]: [2202.1.3] Log effect, file: events/eep_probe_events.txt line: 72. EEP_MONTH operational=YES
[01:18:22][effect_impl.cpp:22217]: [2202.1.3] Log effect, file: events/eep_probe_events.txt line: 70. EEP_MONTH source=EEP-Q15 Q=15 T=36 progress=24
[01:18:22][effect_impl.cpp:22217]: [2202.1.3] Log effect, file: events/eep_probe_events.txt line: 70. EEP_MONTH source=EEP-Q20 Q=20 T=48 progress=24
[01:18:22][effect_impl.cpp:22217]: [2202.1.3] Log effect, file: events/eep_probe_events.txt line: 70. EEP_MONTH source=EEP-Q25 Q=25 T=60 progress=24
[01:18:22][effect_impl.cpp:22217]: [2202.1.3] Log effect, file: events/eep_probe_events.txt line: 76. EEP_DLC Nemesis=YES
[01:18:22][effect_impl.cpp:22217]: [2202.1.3] Log effect, file: events/eep_probe_events.txt line: 78. EEP_DLC Shroud=YES
[01:18:23][effect_impl.cpp:22217]: [2202.2.3] Log effect, file: events/eep_probe_events.txt line: 63. EEP_MONTH country=EEP 01 石质噬岩者 C=0 G=0 D=2 made=0 worlds=0
[01:18:23][effect_impl.cpp:22217]: [2202.2.3] Log effect, file: events/eep_probe_events.txt line: 70. EEP_MONTH source=EEP-UI-Q20 Q=20 T=48 progress=25
[01:18:23][effect_impl.cpp:22217]: [2202.2.3] Log effect, file: events/eep_probe_events.txt line: 72. EEP_MONTH operational=YES
[01:18:23][effect_impl.cpp:22217]: [2202.2.3] Log effect, file: events/eep_probe_events.txt line: 70. EEP_MONTH source=EEP-Q15 Q=15 T=36 progress=25
[01:18:23][effect_impl.cpp:22217]: [2202.2.3] Log effect, file: events/eep_probe_events.txt line: 70. EEP_MONTH source=EEP-Q20 Q=20 T=48 progress=25
[01:18:23][effect_impl.cpp:22217]: [2202.2.3] Log effect, file: events/eep_probe_events.txt line: 70. EEP_MONTH source=EEP-Q25 Q=25 T=60 progress=25
[01:18:23][effect_impl.cpp:22217]: [2202.2.3] Log effect, file: events/eep_probe_events.txt line: 76. EEP_DLC Nemesis=YES
[01:18:23][effect_impl.cpp:22217]: [2202.2.3] Log effect, file: events/eep_probe_events.txt line: 78. EEP_DLC Shroud=YES
[01:18:23][effect_impl.cpp:22217]: [2202.3.3] Log effect, file: events/eep_probe_events.txt line: 63. EEP_MONTH country=EEP 01 石质噬岩者 C=0 G=0 D=2 made=0 worlds=0
[01:18:23][effect_impl.cpp:22217]: [2202.3.3] Log effect, file: events/eep_probe_events.txt line: 70. EEP_MONTH source=EEP-UI-Q20 Q=20 T=48 progress=26
[01:18:23][effect_impl.cpp:22217]: [2202.3.3] Log effect, file: events/eep_probe_events.txt line: 72. EEP_MONTH operational=YES
[01:18:23][effect_impl.cpp:22217]: [2202.3.3] Log effect, file: events/eep_probe_events.txt line: 70. EEP_MONTH source=EEP-Q15 Q=15 T=36 progress=26
[01:18:23][effect_impl.cpp:22217]: [2202.3.3] Log effect, file: events/eep_probe_events.txt line: 70. EEP_MONTH source=EEP-Q20 Q=20 T=48 progress=26
[01:18:23][effect_impl.cpp:22217]: [2202.3.3] Log effect, file: events/eep_probe_events.txt line: 70. EEP_MONTH source=EEP-Q25 Q=25 T=60 progress=26
[01:18:23][effect_impl.cpp:22217]: [2202.3.3] Log effect, file: events/eep_probe_events.txt line: 76. EEP_DLC Nemesis=YES
[01:18:23][effect_impl.cpp:22217]: [2202.3.3] Log effect, file: events/eep_probe_events.txt line: 78. EEP_DLC Shroud=YES
[01:18:44][eventcommands.cpp:88]: Event eep.10 added info about event selection. selectedOption 0, human 1, playerEventId 4
[01:19:20][effect_impl.cpp:22217]: [2202.4.3] Log effect, file: events/eep_probe_events.txt line: 63. EEP_MONTH country=EEP 01 石质噬岩者 C=0 G=0 D=2 made=0 worlds=0
[01:19:20][effect_impl.cpp:22217]: [2202.4.3] Log effect, file: events/eep_probe_events.txt line: 70. EEP_MONTH source=EEP-UI-Q20 Q=20 T=48 progress=27
[01:19:20][effect_impl.cpp:22217]: [2202.4.3] Log effect, file: events/eep_probe_events.txt line: 72. EEP_MONTH operational=YES
[01:19:20][effect_impl.cpp:22217]: [2202.4.3] Log effect, file: events/eep_probe_events.txt line: 70. EEP_MONTH source=EEP-Q15 Q=15 T=36 progress=27
[01:19:20][effect_impl.cpp:22217]: [2202.4.3] Log effect, file: events/eep_probe_events.txt line: 70. EEP_MONTH source=EEP-Q20 Q=20 T=48 progress=27
[01:19:20][effect_impl.cpp:22217]: [2202.4.3] Log effect, file: events/eep_probe_events.txt line: 70. EEP_MONTH source=EEP-Q25 Q=25 T=60 progress=27
[01:19:20][effect_impl.cpp:22217]: [2202.4.3] Log effect, file: events/eep_probe_events.txt line: 76. EEP_DLC Nemesis=YES
[01:19:20][effect_impl.cpp:22217]: [2202.4.3] Log effect, file: events/eep_probe_events.txt line: 78. EEP_DLC Shroud=YES
[01:19:30][effect_impl.cpp:22217]: [2202.5.3] Log effect, file: events/eep_probe_events.txt line: 63. EEP_MONTH country=EEP 01 石质噬岩者 C=0 G=0 D=2 made=0 worlds=0
[01:19:30][effect_impl.cpp:22217]: [2202.5.3] Log effect, file: events/eep_probe_events.txt line: 70. EEP_MONTH source=EEP-UI-Q20 Q=20 T=48 progress=28
[01:19:30][effect_impl.cpp:22217]: [2202.5.3] Log effect, file: events/eep_probe_events.txt line: 72. EEP_MONTH operational=YES
[01:19:30][effect_impl.cpp:22217]: [2202.5.3] Log effect, file: events/eep_probe_events.txt line: 70. EEP_MONTH source=EEP-Q15 Q=15 T=36 progress=28
[01:19:30][effect_impl.cpp:22217]: [2202.5.3] Log effect, file: events/eep_probe_events.txt line: 70. EEP_MONTH source=EEP-Q20 Q=20 T=48 progress=28
[01:19:30][effect_impl.cpp:22217]: [2202.5.3] Log effect, file: events/eep_probe_events.txt line: 70. EEP_MONTH source=EEP-Q25 Q=25 T=60 progress=28
[01:19:30][effect_impl.cpp:22217]: [2202.5.3] Log effect, file: events/eep_probe_events.txt line: 76. EEP_DLC Nemesis=YES
[01:19:30][effect_impl.cpp:22217]: [2202.5.3] Log effect, file: events/eep_probe_events.txt line: 78. EEP_DLC Shroud=YES
[01:19:40][effect_impl.cpp:22217]: [2202.6.3] Log effect, file: events/eep_probe_events.txt line: 63. EEP_MONTH country=EEP 01 石质噬岩者 C=0 G=0 D=2 made=0 worlds=0
[01:19:40][effect_impl.cpp:22217]: [2202.6.3] Log effect, file: events/eep_probe_events.txt line: 70. EEP_MONTH source=EEP-UI-Q20 Q=20 T=48 progress=29
[01:19:40][effect_impl.cpp:22217]: [2202.6.3] Log effect, file: events/eep_probe_events.txt line: 72. EEP_MONTH operational=YES
[01:19:40][effect_impl.cpp:22217]: [2202.6.3] Log effect, file: events/eep_probe_events.txt line: 70. EEP_MONTH source=EEP-Q15 Q=15 T=36 progress=29
[01:19:40][effect_impl.cpp:22217]: [2202.6.3] Log effect, file: events/eep_probe_events.txt line: 70. EEP_MONTH source=EEP-Q20 Q=20 T=48 progress=29
[01:19:40][effect_impl.cpp:22217]: [2202.6.3] Log effect, file: events/eep_probe_events.txt line: 70. EEP_MONTH source=EEP-Q25 Q=25 T=60 progress=29
[01:19:40][effect_impl.cpp:22217]: [2202.6.3] Log effect, file: events/eep_probe_events.txt line: 76. EEP_DLC Nemesis=YES
[01:19:40][effect_impl.cpp:22217]: [2202.6.3] Log effect, file: events/eep_probe_events.txt line: 78. EEP_DLC Shroud=YES
[01:19:50][effect_impl.cpp:22217]: [2202.7.3] Log effect, file: events/eep_probe_events.txt line: 63. EEP_MONTH country=EEP 01 石质噬岩者 C=0 G=0 D=2 made=0 worlds=0
[01:19:50][effect_impl.cpp:22217]: [2202.7.3] Log effect, file: events/eep_probe_events.txt line: 70. EEP_MONTH source=EEP-UI-Q20 Q=20 T=48 progress=30
[01:19:50][effect_impl.cpp:22217]: [2202.7.3] Log effect, file: events/eep_probe_events.txt line: 72. EEP_MONTH operational=YES
[01:19:50][effect_impl.cpp:22217]: [2202.7.3] Log effect, file: events/eep_probe_events.txt line: 70. EEP_MONTH source=EEP-Q15 Q=15 T=36 progress=30
[01:19:50][effect_impl.cpp:22217]: [2202.7.3] Log effect, file: events/eep_probe_events.txt line: 70. EEP_MONTH source=EEP-Q20 Q=20 T=48 progress=30
[01:19:50][effect_impl.cpp:22217]: [2202.7.3] Log effect, file: events/eep_probe_events.txt line: 70. EEP_MONTH source=EEP-Q25 Q=25 T=60 progress=30
[01:19:50][effect_impl.cpp:22217]: [2202.7.3] Log effect, file: events/eep_probe_events.txt line: 76. EEP_DLC Nemesis=YES
[01:19:50][effect_impl.cpp:22217]: [2202.7.3] Log effect, file: events/eep_probe_events.txt line: 78. EEP_DLC Shroud=YES
[01:19:59][effect_impl.cpp:22217]: [2202.8.3] Log effect, file: events/eep_probe_events.txt line: 63. EEP_MONTH country=EEP 01 石质噬岩者 C=0 G=0 D=2 made=0 worlds=0
[01:19:59][effect_impl.cpp:22217]: [2202.8.3] Log effect, file: events/eep_probe_events.txt line: 70. EEP_MONTH source=EEP-UI-Q20 Q=20 T=48 progress=31
[01:19:59][effect_impl.cpp:22217]: [2202.8.3] Log effect, file: events/eep_probe_events.txt line: 72. EEP_MONTH operational=YES
[01:19:59][effect_impl.cpp:22217]: [2202.8.3] Log effect, file: events/eep_probe_events.txt line: 70. EEP_MONTH source=EEP-Q15 Q=15 T=36 progress=31
[01:19:59][effect_impl.cpp:22217]: [2202.8.3] Log effect, file: events/eep_probe_events.txt line: 70. EEP_MONTH source=EEP-Q20 Q=20 T=48 progress=31
[01:19:59][effect_impl.cpp:22217]: [2202.8.3] Log effect, file: events/eep_probe_events.txt line: 70. EEP_MONTH source=EEP-Q25 Q=25 T=60 progress=31
[01:19:59][effect_impl.cpp:22217]: [2202.8.3] Log effect, file: events/eep_probe_events.txt line: 76. EEP_DLC Nemesis=YES
[01:19:59][effect_impl.cpp:22217]: [2202.8.3] Log effect, file: events/eep_probe_events.txt line: 78. EEP_DLC Shroud=YES
[01:20:09][effect_impl.cpp:22217]: [2202.9.3] Log effect, file: events/eep_probe_events.txt line: 63. EEP_MONTH country=EEP 01 石质噬岩者 C=0 G=0 D=2 made=0 worlds=0
[01:20:09][effect_impl.cpp:22217]: [2202.9.3] Log effect, file: events/eep_probe_events.txt line: 70. EEP_MONTH source=EEP-UI-Q20 Q=20 T=48 progress=32
[01:20:09][effect_impl.cpp:22217]: [2202.9.3] Log effect, file: events/eep_probe_events.txt line: 72. EEP_MONTH operational=YES
[01:20:09][effect_impl.cpp:22217]: [2202.9.3] Log effect, file: events/eep_probe_events.txt line: 70. EEP_MONTH source=EEP-Q15 Q=15 T=36 progress=32
[01:20:09][effect_impl.cpp:22217]: [2202.9.3] Log effect, file: events/eep_probe_events.txt line: 70. EEP_MONTH source=EEP-Q20 Q=20 T=48 progress=32
[01:20:09][effect_impl.cpp:22217]: [2202.9.3] Log effect, file: events/eep_probe_events.txt line: 70. EEP_MONTH source=EEP-Q25 Q=25 T=60 progress=32
[01:20:09][effect_impl.cpp:22217]: [2202.9.3] Log effect, file: events/eep_probe_events.txt line: 76. EEP_DLC Nemesis=YES
[01:20:09][effect_impl.cpp:22217]: [2202.9.3] Log effect, file: events/eep_probe_events.txt line: 78. EEP_DLC Shroud=YES
[01:20:19][effect_impl.cpp:22217]: [2202.10.3] Log effect, file: events/eep_probe_events.txt line: 63. EEP_MONTH country=EEP 01 石质噬岩者 C=0 G=0 D=2 made=0 worlds=0
[01:20:19][effect_impl.cpp:22217]: [2202.10.3] Log effect, file: events/eep_probe_events.txt line: 70. EEP_MONTH source=EEP-UI-Q20 Q=20 T=48 progress=33
[01:20:19][effect_impl.cpp:22217]: [2202.10.3] Log effect, file: events/eep_probe_events.txt line: 72. EEP_MONTH operational=YES
[01:20:19][effect_impl.cpp:22217]: [2202.10.3] Log effect, file: events/eep_probe_events.txt line: 70. EEP_MONTH source=EEP-Q15 Q=15 T=36 progress=33
[01:20:19][effect_impl.cpp:22217]: [2202.10.3] Log effect, file: events/eep_probe_events.txt line: 70. EEP_MONTH source=EEP-Q20 Q=20 T=48 progress=33
[01:20:19][effect_impl.cpp:22217]: [2202.10.3] Log effect, file: events/eep_probe_events.txt line: 70. EEP_MONTH source=EEP-Q25 Q=25 T=60 progress=33
[01:20:19][effect_impl.cpp:22217]: [2202.10.3] Log effect, file: events/eep_probe_events.txt line: 76. EEP_DLC Nemesis=YES
[01:20:19][effect_impl.cpp:22217]: [2202.10.3] Log effect, file: events/eep_probe_events.txt line: 78. EEP_DLC Shroud=YES
[01:20:25][eventcommands.cpp:88]: Event first_contact.1 added info about event selection. selectedOption 0, human -1, playerEventId 6
[01:20:28][effect_impl.cpp:22217]: [2202.11.3] Log effect, file: events/eep_probe_events.txt line: 63. EEP_MONTH country=EEP 01 石质噬岩者 C=0 G=0 D=2 made=0 worlds=0
[01:20:28][effect_impl.cpp:22217]: [2202.11.3] Log effect, file: events/eep_probe_events.txt line: 70. EEP_MONTH source=EEP-UI-Q20 Q=20 T=48 progress=34
[01:20:28][effect_impl.cpp:22217]: [2202.11.3] Log effect, file: events/eep_probe_events.txt line: 72. EEP_MONTH operational=YES
[01:20:28][effect_impl.cpp:22217]: [2202.11.3] Log effect, file: events/eep_probe_events.txt line: 70. EEP_MONTH source=EEP-Q15 Q=15 T=36 progress=34
[01:20:28][effect_impl.cpp:22217]: [2202.11.3] Log effect, file: events/eep_probe_events.txt line: 70. EEP_MONTH source=EEP-Q20 Q=20 T=48 progress=34
[01:20:28][effect_impl.cpp:22217]: [2202.11.3] Log effect, file: events/eep_probe_events.txt line: 70. EEP_MONTH source=EEP-Q25 Q=25 T=60 progress=34
[01:20:28][effect_impl.cpp:22217]: [2202.11.3] Log effect, file: events/eep_probe_events.txt line: 76. EEP_DLC Nemesis=YES
[01:20:28][effect_impl.cpp:22217]: [2202.11.3] Log effect, file: events/eep_probe_events.txt line: 78. EEP_DLC Shroud=YES
[01:20:38][effect_impl.cpp:22217]: [2202.12.3] Log effect, file: events/eep_probe_events.txt line: 63. EEP_MONTH country=EEP 01 石质噬岩者 C=0 G=0 D=2 made=0 worlds=0
[01:20:38][effect_impl.cpp:22217]: [2202.12.3] Log effect, file: events/eep_probe_events.txt line: 70. EEP_MONTH source=EEP-UI-Q20 Q=20 T=48 progress=35
[01:20:38][effect_impl.cpp:22217]: [2202.12.3] Log effect, file: events/eep_probe_events.txt line: 72. EEP_MONTH operational=YES
[01:20:38][effect_impl.cpp:22217]: [2202.12.3] Log effect, file: events/eep_probe_events.txt line: 70. EEP_MONTH source=EEP-Q15 Q=15 T=36 progress=35
[01:20:38][effect_impl.cpp:22217]: [2202.12.3] Log effect, file: events/eep_probe_events.txt line: 70. EEP_MONTH source=EEP-Q20 Q=20 T=48 progress=35
[01:20:38][effect_impl.cpp:22217]: [2202.12.3] Log effect, file: events/eep_probe_events.txt line: 70. EEP_MONTH source=EEP-Q25 Q=25 T=60 progress=35
[01:20:38][effect_impl.cpp:22217]: [2202.12.3] Log effect, file: events/eep_probe_events.txt line: 76. EEP_DLC Nemesis=YES
[01:20:38][effect_impl.cpp:22217]: [2202.12.3] Log effect, file: events/eep_probe_events.txt line: 78. EEP_DLC Shroud=YES
[01:21:59][effect_impl.cpp:22217]: [2203.1.1] Log effect, file: events/eep_probe_events.txt line: 63. EEP_MONTH country=EEP 01 石质噬岩者 C=0 G=0 D=2 made=0 worlds=0
[01:21:59][effect_impl.cpp:22217]: [2203.1.1] Log effect, file: events/eep_probe_events.txt line: 70. EEP_MONTH source=EEP-UI-Q20 Q=20 T=48 progress=36
[01:21:59][effect_impl.cpp:22217]: [2203.1.1] Log effect, file: events/eep_probe_events.txt line: 72. EEP_MONTH operational=YES
[01:21:59][effect_impl.cpp:22217]: [2203.1.1] Log effect, file: events/eep_probe_events.txt line: 70. EEP_MONTH source=EEP-Q15 Q=15 T=36 progress=36
[01:21:59][effect_impl.cpp:22217]: [2203.1.1] Log effect, file: events/eep_probe_events.txt line: 70. EEP_MONTH source=EEP-Q20 Q=20 T=48 progress=36
[01:21:59][effect_impl.cpp:22217]: [2203.1.1] Log effect, file: events/eep_probe_events.txt line: 70. EEP_MONTH source=EEP-Q25 Q=25 T=60 progress=36
[01:21:59][effect_impl.cpp:22217]: [2203.1.1] Log effect, file: events/eep_probe_events.txt line: 76. EEP_DLC Nemesis=YES
[01:21:59][effect_impl.cpp:22217]: [2203.1.1] Log effect, file: events/eep_probe_events.txt line: 78. EEP_DLC Shroud=YES
[01:24:12][effect_impl.cpp:22217]: [2203.1.2] Log effect, file: events/eep_probe_events.txt line: 63. EEP_MONTH country=EEP 01 石质噬岩者 C=15 G=0 D=5 made=0 worlds=1
[01:24:12][effect_impl.cpp:22217]: [2203.1.2] Log effect, file: events/eep_probe_events.txt line: 70. EEP_MONTH source=EEP-UI-Q20 Q=20 T=48 progress=36
[01:24:12][effect_impl.cpp:22217]: [2203.1.2] Log effect, file: events/eep_probe_events.txt line: 72. EEP_MONTH operational=YES
[01:24:12][effect_impl.cpp:22217]: [2203.1.2] Log effect, file: events/eep_probe_events.txt line: 70. EEP_MONTH source=EEP-Q15 Q=15 T=36 progress=36
[01:24:12][effect_impl.cpp:22217]: [2203.1.2] Log effect, file: events/eep_probe_events.txt line: 73. EEP_MONTH operational=NO
[01:24:12][effect_impl.cpp:22217]: [2203.1.2] Log effect, file: events/eep_probe_events.txt line: 70. EEP_MONTH source=EEP-Q20 Q=20 T=48 progress=36
[01:24:12][effect_impl.cpp:22217]: [2203.1.2] Log effect, file: events/eep_probe_events.txt line: 70. EEP_MONTH source=EEP-Q25 Q=25 T=60 progress=36
[01:24:12][effect_impl.cpp:22217]: [2203.1.2] Log effect, file: events/eep_probe_events.txt line: 76. EEP_DLC Nemesis=YES
[01:24:12][effect_impl.cpp:22217]: [2203.1.2] Log effect, file: events/eep_probe_events.txt line: 78. EEP_DLC Shroud=YES
[01:25:09][effect_impl.cpp:22217]: [2203.1.3] Log effect, file: events/eep_probe_events.txt line: 63. EEP_MONTH country=EEP 01 石质噬岩者 C=15 G=0 D=5 made=0 worlds=1
[01:25:09][effect_impl.cpp:22217]: [2203.1.3] Log effect, file: events/eep_probe_events.txt line: 70. EEP_MONTH source=EEP-UI-Q20 Q=20 T=48 progress=36
[01:25:09][effect_impl.cpp:22217]: [2203.1.3] Log effect, file: events/eep_probe_events.txt line: 72. EEP_MONTH operational=YES
[01:25:09][effect_impl.cpp:22217]: [2203.1.3] Log effect, file: events/eep_probe_events.txt line: 70. EEP_MONTH source=EEP-Q15 Q=15 T=36 progress=36
[01:25:09][effect_impl.cpp:22217]: [2203.1.3] Log effect, file: events/eep_probe_events.txt line: 73. EEP_MONTH operational=NO
[01:25:09][effect_impl.cpp:22217]: [2203.1.3] Log effect, file: events/eep_probe_events.txt line: 70. EEP_MONTH source=EEP-Q20 Q=20 T=48 progress=36
[01:25:09][effect_impl.cpp:22217]: [2203.1.3] Log effect, file: events/eep_probe_events.txt line: 70. EEP_MONTH source=EEP-Q25 Q=25 T=60 progress=36
[01:25:09][effect_impl.cpp:22217]: [2203.1.3] Log effect, file: events/eep_probe_events.txt line: 76. EEP_DLC Nemesis=YES
[01:25:09][effect_impl.cpp:22217]: [2203.1.3] Log effect, file: events/eep_probe_events.txt line: 78. EEP_DLC Shroud=YES
[01:25:19][effect_impl.cpp:22217]: [2203.2.3] Log effect, file: events/eep_probe_events.txt line: 63. EEP_MONTH country=EEP 01 石质噬岩者 C=15 G=0 D=5 made=0 worlds=1
[01:25:19][effect_impl.cpp:22217]: [2203.2.3] Log effect, file: events/eep_probe_events.txt line: 70. EEP_MONTH source=EEP-UI-Q20 Q=20 T=48 progress=37
[01:25:19][effect_impl.cpp:22217]: [2203.2.3] Log effect, file: events/eep_probe_events.txt line: 72. EEP_MONTH operational=YES
[01:25:19][effect_impl.cpp:22217]: [2203.2.3] Log effect, file: events/eep_probe_events.txt line: 70. EEP_MONTH source=EEP-Q20 Q=20 T=48 progress=37
[01:25:19][effect_impl.cpp:22217]: [2203.2.3] Log effect, file: events/eep_probe_events.txt line: 70. EEP_MONTH source=EEP-Q25 Q=25 T=60 progress=37
[01:25:19][effect_impl.cpp:22217]: [2203.2.3] Log effect, file: events/eep_probe_events.txt line: 76. EEP_DLC Nemesis=YES
[01:25:19][effect_impl.cpp:22217]: [2203.2.3] Log effect, file: events/eep_probe_events.txt line: 78. EEP_DLC Shroud=YES
[01:25:28][effect_impl.cpp:22217]: [2203.3.3] Log effect, file: events/eep_probe_events.txt line: 63. EEP_MONTH country=EEP 01 石质噬岩者 C=15 G=0 D=5 made=0 worlds=1
[01:25:28][effect_impl.cpp:22217]: [2203.3.3] Log effect, file: events/eep_probe_events.txt line: 70. EEP_MONTH source=EEP-UI-Q20 Q=20 T=48 progress=38
[01:25:28][effect_impl.cpp:22217]: [2203.3.3] Log effect, file: events/eep_probe_events.txt line: 72. EEP_MONTH operational=YES
[01:25:28][effect_impl.cpp:22217]: [2203.3.3] Log effect, file: events/eep_probe_events.txt line: 70. EEP_MONTH source=EEP-Q20 Q=20 T=48 progress=38
[01:25:28][effect_impl.cpp:22217]: [2203.3.3] Log effect, file: events/eep_probe_events.txt line: 70. EEP_MONTH source=EEP-Q25 Q=25 T=60 progress=38
[01:25:28][effect_impl.cpp:22217]: [2203.3.3] Log effect, file: events/eep_probe_events.txt line: 76. EEP_DLC Nemesis=YES
[01:25:28][effect_impl.cpp:22217]: [2203.3.3] Log effect, file: events/eep_probe_events.txt line: 78. EEP_DLC Shroud=YES
[01:25:38][effect_impl.cpp:22217]: [2203.4.3] Log effect, file: events/eep_probe_events.txt line: 63. EEP_MONTH country=EEP 01 石质噬岩者 C=15 G=0 D=5 made=0 worlds=1
[01:25:38][effect_impl.cpp:22217]: [2203.4.3] Log effect, file: events/eep_probe_events.txt line: 70. EEP_MONTH source=EEP-UI-Q20 Q=20 T=48 progress=39
[01:25:38][effect_impl.cpp:22217]: [2203.4.3] Log effect, file: events/eep_probe_events.txt line: 72. EEP_MONTH operational=YES
[01:25:38][effect_impl.cpp:22217]: [2203.4.3] Log effect, file: events/eep_probe_events.txt line: 70. EEP_MONTH source=EEP-Q20 Q=20 T=48 progress=39
[01:25:38][effect_impl.cpp:22217]: [2203.4.3] Log effect, file: events/eep_probe_events.txt line: 70. EEP_MONTH source=EEP-Q25 Q=25 T=60 progress=39
[01:25:38][effect_impl.cpp:22217]: [2203.4.3] Log effect, file: events/eep_probe_events.txt line: 76. EEP_DLC Nemesis=YES
[01:25:38][effect_impl.cpp:22217]: [2203.4.3] Log effect, file: events/eep_probe_events.txt line: 78. EEP_DLC Shroud=YES
[01:25:48][effect_impl.cpp:22217]: [2203.5.3] Log effect, file: events/eep_probe_events.txt line: 63. EEP_MONTH country=EEP 01 石质噬岩者 C=15 G=0 D=5 made=0 worlds=1
[01:25:48][effect_impl.cpp:22217]: [2203.5.3] Log effect, file: events/eep_probe_events.txt line: 70. EEP_MONTH source=EEP-UI-Q20 Q=20 T=48 progress=40
[01:25:48][effect_impl.cpp:22217]: [2203.5.3] Log effect, file: events/eep_probe_events.txt line: 72. EEP_MONTH operational=YES
[01:25:48][effect_impl.cpp:22217]: [2203.5.3] Log effect, file: events/eep_probe_events.txt line: 70. EEP_MONTH source=EEP-Q20 Q=20 T=48 progress=40
[01:25:48][effect_impl.cpp:22217]: [2203.5.3] Log effect, file: events/eep_probe_events.txt line: 70. EEP_MONTH source=EEP-Q25 Q=25 T=60 progress=40
[01:25:48][effect_impl.cpp:22217]: [2203.5.3] Log effect, file: events/eep_probe_events.txt line: 76. EEP_DLC Nemesis=YES
[01:25:48][effect_impl.cpp:22217]: [2203.5.3] Log effect, file: events/eep_probe_events.txt line: 78. EEP_DLC Shroud=YES
[01:25:58][effect_impl.cpp:22217]: [2203.6.3] Log effect, file: events/eep_probe_events.txt line: 63. EEP_MONTH country=EEP 01 石质噬岩者 C=15 G=0 D=5 made=0 worlds=1
[01:25:58][effect_impl.cpp:22217]: [2203.6.3] Log effect, file: events/eep_probe_events.txt line: 70. EEP_MONTH source=EEP-UI-Q20 Q=20 T=48 progress=41
[01:25:58][effect_impl.cpp:22217]: [2203.6.3] Log effect, file: events/eep_probe_events.txt line: 72. EEP_MONTH operational=YES
[01:25:58][effect_impl.cpp:22217]: [2203.6.3] Log effect, file: events/eep_probe_events.txt line: 70. EEP_MONTH source=EEP-Q20 Q=20 T=48 progress=41
[01:25:58][effect_impl.cpp:22217]: [2203.6.3] Log effect, file: events/eep_probe_events.txt line: 70. EEP_MONTH source=EEP-Q25 Q=25 T=60 progress=41
[01:25:58][effect_impl.cpp:22217]: [2203.6.3] Log effect, file: events/eep_probe_events.txt line: 76. EEP_DLC Nemesis=YES
[01:25:58][effect_impl.cpp:22217]: [2203.6.3] Log effect, file: events/eep_probe_events.txt line: 78. EEP_DLC Shroud=YES
[01:26:07][effect_impl.cpp:22217]: [2203.7.3] Log effect, file: events/eep_probe_events.txt line: 63. EEP_MONTH country=EEP 01 石质噬岩者 C=15 G=0 D=5 made=0 worlds=1
[01:26:07][effect_impl.cpp:22217]: [2203.7.3] Log effect, file: events/eep_probe_events.txt line: 70. EEP_MONTH source=EEP-UI-Q20 Q=20 T=48 progress=42
[01:26:07][effect_impl.cpp:22217]: [2203.7.3] Log effect, file: events/eep_probe_events.txt line: 72. EEP_MONTH operational=YES
[01:26:07][effect_impl.cpp:22217]: [2203.7.3] Log effect, file: events/eep_probe_events.txt line: 70. EEP_MONTH source=EEP-Q20 Q=20 T=48 progress=42
[01:26:07][effect_impl.cpp:22217]: [2203.7.3] Log effect, file: events/eep_probe_events.txt line: 70. EEP_MONTH source=EEP-Q25 Q=25 T=60 progress=42
[01:26:07][effect_impl.cpp:22217]: [2203.7.3] Log effect, file: events/eep_probe_events.txt line: 76. EEP_DLC Nemesis=YES
[01:26:07][effect_impl.cpp:22217]: [2203.7.3] Log effect, file: events/eep_probe_events.txt line: 78. EEP_DLC Shroud=YES
[01:26:17][effect_impl.cpp:22217]: [2203.8.3] Log effect, file: events/eep_probe_events.txt line: 63. EEP_MONTH country=EEP 01 石质噬岩者 C=15 G=0 D=5 made=0 worlds=1
[01:26:17][effect_impl.cpp:22217]: [2203.8.3] Log effect, file: events/eep_probe_events.txt line: 70. EEP_MONTH source=EEP-UI-Q20 Q=20 T=48 progress=43
[01:26:17][effect_impl.cpp:22217]: [2203.8.3] Log effect, file: events/eep_probe_events.txt line: 72. EEP_MONTH operational=YES
[01:26:17][effect_impl.cpp:22217]: [2203.8.3] Log effect, file: events/eep_probe_events.txt line: 70. EEP_MONTH source=EEP-Q20 Q=20 T=48 progress=43
[01:26:17][effect_impl.cpp:22217]: [2203.8.3] Log effect, file: events/eep_probe_events.txt line: 70. EEP_MONTH source=EEP-Q25 Q=25 T=60 progress=43
[01:26:17][effect_impl.cpp:22217]: [2203.8.3] Log effect, file: events/eep_probe_events.txt line: 76. EEP_DLC Nemesis=YES
[01:26:17][effect_impl.cpp:22217]: [2203.8.3] Log effect, file: events/eep_probe_events.txt line: 78. EEP_DLC Shroud=YES
[01:26:27][effect_impl.cpp:22217]: [2203.9.3] Log effect, file: events/eep_probe_events.txt line: 63. EEP_MONTH country=EEP 01 石质噬岩者 C=15 G=0 D=5 made=0 worlds=1
[01:26:27][effect_impl.cpp:22217]: [2203.9.3] Log effect, file: events/eep_probe_events.txt line: 70. EEP_MONTH source=EEP-UI-Q20 Q=20 T=48 progress=44
[01:26:27][effect_impl.cpp:22217]: [2203.9.3] Log effect, file: events/eep_probe_events.txt line: 72. EEP_MONTH operational=YES
[01:26:27][effect_impl.cpp:22217]: [2203.9.3] Log effect, file: events/eep_probe_events.txt line: 70. EEP_MONTH source=EEP-Q20 Q=20 T=48 progress=44
[01:26:27][effect_impl.cpp:22217]: [2203.9.3] Log effect, file: events/eep_probe_events.txt line: 70. EEP_MONTH source=EEP-Q25 Q=25 T=60 progress=44
[01:26:27][effect_impl.cpp:22217]: [2203.9.3] Log effect, file: events/eep_probe_events.txt line: 76. EEP_DLC Nemesis=YES
[01:26:27][effect_impl.cpp:22217]: [2203.9.3] Log effect, file: events/eep_probe_events.txt line: 78. EEP_DLC Shroud=YES
[01:26:36][effect_impl.cpp:22217]: [2203.10.3] Log effect, file: events/eep_probe_events.txt line: 63. EEP_MONTH country=EEP 01 石质噬岩者 C=15 G=0 D=5 made=0 worlds=1
[01:26:36][effect_impl.cpp:22217]: [2203.10.3] Log effect, file: events/eep_probe_events.txt line: 70. EEP_MONTH source=EEP-UI-Q20 Q=20 T=48 progress=45
[01:26:36][effect_impl.cpp:22217]: [2203.10.3] Log effect, file: events/eep_probe_events.txt line: 72. EEP_MONTH operational=YES
[01:26:36][effect_impl.cpp:22217]: [2203.10.3] Log effect, file: events/eep_probe_events.txt line: 70. EEP_MONTH source=EEP-Q20 Q=20 T=48 progress=45
[01:26:36][effect_impl.cpp:22217]: [2203.10.3] Log effect, file: events/eep_probe_events.txt line: 70. EEP_MONTH source=EEP-Q25 Q=25 T=60 progress=45
[01:26:36][effect_impl.cpp:22217]: [2203.10.3] Log effect, file: events/eep_probe_events.txt line: 76. EEP_DLC Nemesis=YES
[01:26:36][effect_impl.cpp:22217]: [2203.10.3] Log effect, file: events/eep_probe_events.txt line: 78. EEP_DLC Shroud=YES
[01:26:46][effect_impl.cpp:22217]: [2203.11.3] Log effect, file: events/eep_probe_events.txt line: 63. EEP_MONTH country=EEP 01 石质噬岩者 C=15 G=0 D=5 made=0 worlds=1
[01:26:46][effect_impl.cpp:22217]: [2203.11.3] Log effect, file: events/eep_probe_events.txt line: 70. EEP_MONTH source=EEP-UI-Q20 Q=20 T=48 progress=46
[01:26:46][effect_impl.cpp:22217]: [2203.11.3] Log effect, file: events/eep_probe_events.txt line: 72. EEP_MONTH operational=YES
[01:26:46][effect_impl.cpp:22217]: [2203.11.3] Log effect, file: events/eep_probe_events.txt line: 70. EEP_MONTH source=EEP-Q20 Q=20 T=48 progress=46
[01:26:46][effect_impl.cpp:22217]: [2203.11.3] Log effect, file: events/eep_probe_events.txt line: 70. EEP_MONTH source=EEP-Q25 Q=25 T=60 progress=46
[01:26:46][effect_impl.cpp:22217]: [2203.11.3] Log effect, file: events/eep_probe_events.txt line: 76. EEP_DLC Nemesis=YES
[01:26:46][effect_impl.cpp:22217]: [2203.11.3] Log effect, file: events/eep_probe_events.txt line: 78. EEP_DLC Shroud=YES
[01:26:56][effect_impl.cpp:22217]: [2203.12.3] Log effect, file: events/eep_probe_events.txt line: 63. EEP_MONTH country=EEP 01 石质噬岩者 C=15 G=0 D=5 made=0 worlds=1
[01:26:56][effect_impl.cpp:22217]: [2203.12.3] Log effect, file: events/eep_probe_events.txt line: 70. EEP_MONTH source=EEP-UI-Q20 Q=20 T=48 progress=47
[01:26:56][effect_impl.cpp:22217]: [2203.12.3] Log effect, file: events/eep_probe_events.txt line: 72. EEP_MONTH operational=YES
[01:26:56][effect_impl.cpp:22217]: [2203.12.3] Log effect, file: events/eep_probe_events.txt line: 70. EEP_MONTH source=EEP-Q20 Q=20 T=48 progress=47
[01:26:56][effect_impl.cpp:22217]: [2203.12.3] Log effect, file: events/eep_probe_events.txt line: 70. EEP_MONTH source=EEP-Q25 Q=25 T=60 progress=47
[01:26:56][effect_impl.cpp:22217]: [2203.12.3] Log effect, file: events/eep_probe_events.txt line: 76. EEP_DLC Nemesis=YES
[01:26:56][effect_impl.cpp:22217]: [2203.12.3] Log effect, file: events/eep_probe_events.txt line: 78. EEP_DLC Shroud=YES
[01:28:16][effect_impl.cpp:22217]: [2204.1.1] Log effect, file: events/eep_probe_events.txt line: 63. EEP_MONTH country=EEP 01 石质噬岩者 C=15 G=0 D=5 made=0 worlds=1
[01:28:16][effect_impl.cpp:22217]: [2204.1.1] Log effect, file: events/eep_probe_events.txt line: 70. EEP_MONTH source=EEP-UI-Q20 Q=20 T=48 progress=48
[01:28:16][effect_impl.cpp:22217]: [2204.1.1] Log effect, file: events/eep_probe_events.txt line: 72. EEP_MONTH operational=YES
[01:28:16][effect_impl.cpp:22217]: [2204.1.1] Log effect, file: events/eep_probe_events.txt line: 70. EEP_MONTH source=EEP-Q20 Q=20 T=48 progress=48
[01:28:16][effect_impl.cpp:22217]: [2204.1.1] Log effect, file: events/eep_probe_events.txt line: 70. EEP_MONTH source=EEP-Q25 Q=25 T=60 progress=48
[01:28:16][effect_impl.cpp:22217]: [2204.1.1] Log effect, file: events/eep_probe_events.txt line: 76. EEP_DLC Nemesis=YES
[01:28:16][effect_impl.cpp:22217]: [2204.1.1] Log effect, file: events/eep_probe_events.txt line: 78. EEP_DLC Shroud=YES
[01:29:18][effect_impl.cpp:22217]: [2204.1.2] Log effect, file: events/eep_probe_events.txt line: 63. EEP_MONTH country=EEP 01 石质噬岩者 C=55 G=0 D=15 made=0 worlds=3
[01:29:18][effect_impl.cpp:22217]: [2204.1.2] Log effect, file: events/eep_probe_events.txt line: 70. EEP_MONTH source=EEP-UI-Q20 Q=20 T=48 progress=48
[01:29:18][effect_impl.cpp:22217]: [2204.1.2] Log effect, file: events/eep_probe_events.txt line: 73. EEP_MONTH operational=NO
[01:29:18][effect_impl.cpp:22217]: [2204.1.2] Log effect, file: events/eep_probe_events.txt line: 70. EEP_MONTH source=EEP-Q20 Q=20 T=48 progress=48
[01:29:18][effect_impl.cpp:22217]: [2204.1.2] Log effect, file: events/eep_probe_events.txt line: 70. EEP_MONTH source=EEP-Q25 Q=25 T=60 progress=48
[01:29:18][effect_impl.cpp:22217]: [2204.1.2] Log effect, file: events/eep_probe_events.txt line: 72. EEP_MONTH operational=YES
[01:29:18][effect_impl.cpp:22217]: [2204.1.2] Log effect, file: events/eep_probe_events.txt line: 76. EEP_DLC Nemesis=YES
[01:29:18][effect_impl.cpp:22217]: [2204.1.2] Log effect, file: events/eep_probe_events.txt line: 78. EEP_DLC Shroud=YES
[01:31:10][effect_impl.cpp:22217]: [2204.1.3] Log effect, file: events/eep_probe_events.txt line: 63. EEP_MONTH country=EEP 01 石质噬岩者 C=55 G=0 D=15 made=0 worlds=3
[01:31:10][effect_impl.cpp:22217]: [2204.1.3] Log effect, file: events/eep_probe_events.txt line: 70. EEP_MONTH source=EEP-UI-Q20 Q=20 T=48 progress=48
[01:31:10][effect_impl.cpp:22217]: [2204.1.3] Log effect, file: events/eep_probe_events.txt line: 73. EEP_MONTH operational=NO
[01:31:10][effect_impl.cpp:22217]: [2204.1.3] Log effect, file: events/eep_probe_events.txt line: 70. EEP_MONTH source=EEP-Q20 Q=20 T=48 progress=48
[01:31:10][effect_impl.cpp:22217]: [2204.1.3] Log effect, file: events/eep_probe_events.txt line: 70. EEP_MONTH source=EEP-Q25 Q=25 T=60 progress=48
[01:31:10][effect_impl.cpp:22217]: [2204.1.3] Log effect, file: events/eep_probe_events.txt line: 72. EEP_MONTH operational=YES
[01:31:10][effect_impl.cpp:22217]: [2204.1.3] Log effect, file: events/eep_probe_events.txt line: 76. EEP_DLC Nemesis=YES
[01:31:10][effect_impl.cpp:22217]: [2204.1.3] Log effect, file: events/eep_probe_events.txt line: 78. EEP_DLC Shroud=YES
[01:31:20][effect_impl.cpp:22217]: [2204.2.3] Log effect, file: events/eep_probe_events.txt line: 63. EEP_MONTH country=EEP 01 石质噬岩者 C=55 G=0 D=15 made=0 worlds=3
[01:31:20][effect_impl.cpp:22217]: [2204.2.3] Log effect, file: events/eep_probe_events.txt line: 70. EEP_MONTH source=EEP-Q25 Q=25 T=60 progress=49
[01:31:20][effect_impl.cpp:22217]: [2204.2.3] Log effect, file: events/eep_probe_events.txt line: 72. EEP_MONTH operational=YES
[01:31:20][effect_impl.cpp:22217]: [2204.2.3] Log effect, file: events/eep_probe_events.txt line: 76. EEP_DLC Nemesis=YES
[01:31:20][effect_impl.cpp:22217]: [2204.2.3] Log effect, file: events/eep_probe_events.txt line: 78. EEP_DLC Shroud=YES
[01:31:29][effect_impl.cpp:22217]: [2204.3.3] Log effect, file: events/eep_probe_events.txt line: 63. EEP_MONTH country=EEP 01 石质噬岩者 C=55 G=0 D=15 made=0 worlds=3
[01:31:29][effect_impl.cpp:22217]: [2204.3.3] Log effect, file: events/eep_probe_events.txt line: 70. EEP_MONTH source=EEP-Q25 Q=25 T=60 progress=50
[01:31:29][effect_impl.cpp:22217]: [2204.3.3] Log effect, file: events/eep_probe_events.txt line: 72. EEP_MONTH operational=YES
[01:31:29][effect_impl.cpp:22217]: [2204.3.3] Log effect, file: events/eep_probe_events.txt line: 76. EEP_DLC Nemesis=YES
[01:31:29][effect_impl.cpp:22217]: [2204.3.3] Log effect, file: events/eep_probe_events.txt line: 78. EEP_DLC Shroud=YES
[01:31:39][effect_impl.cpp:22217]: [2204.4.3] Log effect, file: events/eep_probe_events.txt line: 63. EEP_MONTH country=EEP 01 石质噬岩者 C=55 G=0 D=15 made=0 worlds=3
[01:31:39][effect_impl.cpp:22217]: [2204.4.3] Log effect, file: events/eep_probe_events.txt line: 70. EEP_MONTH source=EEP-Q25 Q=25 T=60 progress=51
[01:31:39][effect_impl.cpp:22217]: [2204.4.3] Log effect, file: events/eep_probe_events.txt line: 72. EEP_MONTH operational=YES
[01:31:39][effect_impl.cpp:22217]: [2204.4.3] Log effect, file: events/eep_probe_events.txt line: 76. EEP_DLC Nemesis=YES
[01:31:39][effect_impl.cpp:22217]: [2204.4.3] Log effect, file: events/eep_probe_events.txt line: 78. EEP_DLC Shroud=YES
[01:31:47][eventcommands.cpp:88]: Event first_contact.1 added info about event selection. selectedOption 0, human -1, playerEventId 11
[01:31:49][effect_impl.cpp:22217]: [2204.5.3] Log effect, file: events/eep_probe_events.txt line: 63. EEP_MONTH country=EEP 01 石质噬岩者 C=55 G=0 D=15 made=0 worlds=3
[01:31:49][effect_impl.cpp:22217]: [2204.5.3] Log effect, file: events/eep_probe_events.txt line: 70. EEP_MONTH source=EEP-Q25 Q=25 T=60 progress=52
[01:31:49][effect_impl.cpp:22217]: [2204.5.3] Log effect, file: events/eep_probe_events.txt line: 72. EEP_MONTH operational=YES
[01:31:49][effect_impl.cpp:22217]: [2204.5.3] Log effect, file: events/eep_probe_events.txt line: 76. EEP_DLC Nemesis=YES
[01:31:49][effect_impl.cpp:22217]: [2204.5.3] Log effect, file: events/eep_probe_events.txt line: 78. EEP_DLC Shroud=YES
[01:31:58][effect_impl.cpp:22217]: [2204.6.3] Log effect, file: events/eep_probe_events.txt line: 63. EEP_MONTH country=EEP 01 石质噬岩者 C=55 G=0 D=15 made=0 worlds=3
[01:31:58][effect_impl.cpp:22217]: [2204.6.3] Log effect, file: events/eep_probe_events.txt line: 70. EEP_MONTH source=EEP-Q25 Q=25 T=60 progress=53
[01:31:58][effect_impl.cpp:22217]: [2204.6.3] Log effect, file: events/eep_probe_events.txt line: 72. EEP_MONTH operational=YES
[01:31:58][effect_impl.cpp:22217]: [2204.6.3] Log effect, file: events/eep_probe_events.txt line: 76. EEP_DLC Nemesis=YES
[01:31:58][effect_impl.cpp:22217]: [2204.6.3] Log effect, file: events/eep_probe_events.txt line: 78. EEP_DLC Shroud=YES
[01:32:08][effect_impl.cpp:22217]: [2204.7.3] Log effect, file: events/eep_probe_events.txt line: 63. EEP_MONTH country=EEP 01 石质噬岩者 C=55 G=0 D=15 made=0 worlds=3
[01:32:08][effect_impl.cpp:22217]: [2204.7.3] Log effect, file: events/eep_probe_events.txt line: 70. EEP_MONTH source=EEP-Q25 Q=25 T=60 progress=54
[01:32:08][effect_impl.cpp:22217]: [2204.7.3] Log effect, file: events/eep_probe_events.txt line: 72. EEP_MONTH operational=YES
[01:32:08][effect_impl.cpp:22217]: [2204.7.3] Log effect, file: events/eep_probe_events.txt line: 76. EEP_DLC Nemesis=YES
[01:32:08][effect_impl.cpp:22217]: [2204.7.3] Log effect, file: events/eep_probe_events.txt line: 78. EEP_DLC Shroud=YES
[01:32:18][effect_impl.cpp:22217]: [2204.8.3] Log effect, file: events/eep_probe_events.txt line: 63. EEP_MONTH country=EEP 01 石质噬岩者 C=55 G=0 D=15 made=0 worlds=3
[01:32:18][effect_impl.cpp:22217]: [2204.8.3] Log effect, file: events/eep_probe_events.txt line: 70. EEP_MONTH source=EEP-Q25 Q=25 T=60 progress=55
[01:32:18][effect_impl.cpp:22217]: [2204.8.3] Log effect, file: events/eep_probe_events.txt line: 72. EEP_MONTH operational=YES
[01:32:18][effect_impl.cpp:22217]: [2204.8.3] Log effect, file: events/eep_probe_events.txt line: 76. EEP_DLC Nemesis=YES
[01:32:18][effect_impl.cpp:22217]: [2204.8.3] Log effect, file: events/eep_probe_events.txt line: 78. EEP_DLC Shroud=YES
[01:32:23][eventcommands.cpp:88]: Event grand_archive.2000 added info about event selection. selectedOption 0, human -1, playerEventId 13
[01:32:24][eventcommands.cpp:88]: Event first_contact.1 added info about event selection. selectedOption 0, human -1, playerEventId 12
[01:32:28][effect_impl.cpp:22217]: [2204.9.3] Log effect, file: events/eep_probe_events.txt line: 63. EEP_MONTH country=EEP 01 石质噬岩者 C=55 G=0 D=15 made=0 worlds=3
[01:32:28][effect_impl.cpp:22217]: [2204.9.3] Log effect, file: events/eep_probe_events.txt line: 70. EEP_MONTH source=EEP-Q25 Q=25 T=60 progress=56
[01:32:28][effect_impl.cpp:22217]: [2204.9.3] Log effect, file: events/eep_probe_events.txt line: 72. EEP_MONTH operational=YES
[01:32:28][effect_impl.cpp:22217]: [2204.9.3] Log effect, file: events/eep_probe_events.txt line: 76. EEP_DLC Nemesis=YES
[01:32:28][effect_impl.cpp:22217]: [2204.9.3] Log effect, file: events/eep_probe_events.txt line: 78. EEP_DLC Shroud=YES
[01:32:37][effect_impl.cpp:22217]: [2204.10.3] Log effect, file: events/eep_probe_events.txt line: 63. EEP_MONTH country=EEP 01 石质噬岩者 C=55 G=0 D=15 made=0 worlds=3
[01:32:37][effect_impl.cpp:22217]: [2204.10.3] Log effect, file: events/eep_probe_events.txt line: 70. EEP_MONTH source=EEP-Q25 Q=25 T=60 progress=57
[01:32:37][effect_impl.cpp:22217]: [2204.10.3] Log effect, file: events/eep_probe_events.txt line: 72. EEP_MONTH operational=YES
[01:32:37][effect_impl.cpp:22217]: [2204.10.3] Log effect, file: events/eep_probe_events.txt line: 76. EEP_DLC Nemesis=YES
[01:32:37][effect_impl.cpp:22217]: [2204.10.3] Log effect, file: events/eep_probe_events.txt line: 78. EEP_DLC Shroud=YES
[01:32:47][effect_impl.cpp:22217]: [2204.11.3] Log effect, file: events/eep_probe_events.txt line: 63. EEP_MONTH country=EEP 01 石质噬岩者 C=55 G=0 D=15 made=0 worlds=3
[01:32:47][effect_impl.cpp:22217]: [2204.11.3] Log effect, file: events/eep_probe_events.txt line: 70. EEP_MONTH source=EEP-Q25 Q=25 T=60 progress=58
[01:32:47][effect_impl.cpp:22217]: [2204.11.3] Log effect, file: events/eep_probe_events.txt line: 72. EEP_MONTH operational=YES
[01:32:47][effect_impl.cpp:22217]: [2204.11.3] Log effect, file: events/eep_probe_events.txt line: 76. EEP_DLC Nemesis=YES
[01:32:47][effect_impl.cpp:22217]: [2204.11.3] Log effect, file: events/eep_probe_events.txt line: 78. EEP_DLC Shroud=YES
[01:32:57][effect_impl.cpp:22217]: [2204.12.3] Log effect, file: events/eep_probe_events.txt line: 63. EEP_MONTH country=EEP 01 石质噬岩者 C=55 G=0 D=15 made=0 worlds=3
[01:32:57][effect_impl.cpp:22217]: [2204.12.3] Log effect, file: events/eep_probe_events.txt line: 70. EEP_MONTH source=EEP-Q25 Q=25 T=60 progress=59
[01:32:57][effect_impl.cpp:22217]: [2204.12.3] Log effect, file: events/eep_probe_events.txt line: 72. EEP_MONTH operational=YES
[01:32:57][effect_impl.cpp:22217]: [2204.12.3] Log effect, file: events/eep_probe_events.txt line: 76. EEP_DLC Nemesis=YES
[01:32:57][effect_impl.cpp:22217]: [2204.12.3] Log effect, file: events/eep_probe_events.txt line: 78. EEP_DLC Shroud=YES
[01:33:58][effect_impl.cpp:22217]: [2205.1.1] Log effect, file: events/eep_probe_events.txt line: 63. EEP_MONTH country=EEP 01 石质噬岩者 C=55 G=0 D=15 made=0 worlds=3
[01:33:58][effect_impl.cpp:22217]: [2205.1.1] Log effect, file: events/eep_probe_events.txt line: 70. EEP_MONTH source=EEP-Q25 Q=25 T=60 progress=60
[01:33:58][effect_impl.cpp:22217]: [2205.1.1] Log effect, file: events/eep_probe_events.txt line: 72. EEP_MONTH operational=YES
[01:33:58][effect_impl.cpp:22217]: [2205.1.1] Log effect, file: events/eep_probe_events.txt line: 76. EEP_DLC Nemesis=YES
[01:33:58][effect_impl.cpp:22217]: [2205.1.1] Log effect, file: events/eep_probe_events.txt line: 78. EEP_DLC Shroud=YES
[01:34:59][effect_impl.cpp:22217]: [2205.1.2] Log effect, file: events/eep_probe_events.txt line: 63. EEP_MONTH country=EEP 01 石质噬岩者 C=80 G=0 D=22 made=0 worlds=4
[01:34:59][effect_impl.cpp:22217]: [2205.1.2] Log effect, file: events/eep_probe_events.txt line: 70. EEP_MONTH source=EEP-Q25 Q=25 T=60 progress=60
[01:34:59][effect_impl.cpp:22217]: [2205.1.2] Log effect, file: events/eep_probe_events.txt line: 73. EEP_MONTH operational=NO
[01:34:59][effect_impl.cpp:22217]: [2205.1.2] Log effect, file: events/eep_probe_events.txt line: 76. EEP_DLC Nemesis=YES
[01:34:59][effect_impl.cpp:22217]: [2205.1.2] Log effect, file: events/eep_probe_events.txt line: 78. EEP_DLC Shroud=YES
[01:36:57][effect_impl.cpp:22217]: [2205.1.3] Log effect, file: events/eep_probe_events.txt line: 63. EEP_MONTH country=EEP 01 石质噬岩者 C=80 G=0 D=22 made=0 worlds=4
[01:36:57][effect_impl.cpp:22217]: [2205.1.3] Log effect, file: events/eep_probe_events.txt line: 70. EEP_MONTH source=EEP-Q25 Q=25 T=60 progress=60
[01:36:57][effect_impl.cpp:22217]: [2205.1.3] Log effect, file: events/eep_probe_events.txt line: 73. EEP_MONTH operational=NO
[01:36:57][effect_impl.cpp:22217]: [2205.1.3] Log effect, file: events/eep_probe_events.txt line: 76. EEP_DLC Nemesis=YES
[01:36:57][effect_impl.cpp:22217]: [2205.1.3] Log effect, file: events/eep_probe_events.txt line: 78. EEP_DLC Shroud=YES
[01:37:07][effect_impl.cpp:22217]: [2205.2.3] Log effect, file: events/eep_probe_events.txt line: 63. EEP_MONTH country=EEP 01 石质噬岩者 C=80 G=0 D=22 made=0 worlds=4
[01:37:07][effect_impl.cpp:22217]: [2205.2.3] Log effect, file: events/eep_probe_events.txt line: 76. EEP_DLC Nemesis=YES
[01:37:07][effect_impl.cpp:22217]: [2205.2.3] Log effect, file: events/eep_probe_events.txt line: 78. EEP_DLC Shroud=YES
[01:37:11][effect_impl.cpp:22217]: [2205.2.4] Log effect, file: events/eep_probe_events.txt line: 63. EEP_MONTH country=EEP 01 石质噬岩者 C=80 G=0 D=22 made=0 worlds=4
[01:37:11][effect_impl.cpp:22217]: [2205.2.4] Log effect, file: events/eep_probe_events.txt line: 76. EEP_DLC Nemesis=YES
[01:37:11][effect_impl.cpp:22217]: [2205.2.4] Log effect, file: events/eep_probe_events.txt line: 78. EEP_DLC Shroud=YES
[01:38:48][eventcommands.cpp:88]: Event eep.100 added info about event selection. selectedOption 0, human 1, playerEventId 16
