[11:15:10][game_application.cpp:250]: Game Version: Cygnus v4.5.2
[11:15:10][defines.cpp:162]: 2132 defines loaded
[11:15:10][defines.cpp:196]: 254 interface defines loaded
[11:19:30][eventcommands.cpp:88]: Event shroud.2760 added info about event selection. selectedOption 0, human 1, playerEventId 418
[11:25:26][eventcommands.cpp:88]: Event first_contact_critters.75 added info about event selection. selectedOption 0, human -1, playerEventId 423
[11:25:39][eventcommands.cpp:88]: Event first_contact_critters.15 added info about event selection. selectedOption 3, human -1, playerEventId 424
[11:26:34][eventcommands.cpp:88]: Event paragon.571 added info about event selection. selectedOption 0, human 1, playerEventId 425
[11:26:36][eventcommands.cpp:88]: Event astral_rift.300 added info about event selection. selectedOption 0, human -1, playerEventId 426
[11:26:46][eventcommands.cpp:88]: Event first_contact.1 added info about event selection. selectedOption 0, human -1, playerEventId 427
[11:26:46][eventcommands.cpp:88]: Event first_contact.1 added info about event selection. selectedOption 0, human -1, playerEventId 428
[11:26:47][eventcommands.cpp:88]: Event astral_rift.815 added info about event selection. selectedOption 0, human -1, playerEventId 429
[11:26:49][eventcommands.cpp:88]: Event arcsite.2040 added info about event selection. selectedOption 1, human -1, playerEventId 430
[11:28:29][eventcommands.cpp:88]: Event shroud.2515 added info about event selection. selectedOption 0, human 1, playerEventId 431
[11:30:30][eventcommands.cpp:88]: Event astral_rift.305 added info about event selection. selectedOption 0, human -1, playerEventId 432
[11:30:42][eventcommands.cpp:88]: Event first_contact_critters.40 added info about event selection. selectedOption 0, human -1, playerEventId 433
[11:30:43][eventcommands.cpp:88]: Event first_contact.1 added info about event selection. selectedOption 0, human -1, playerEventId 434
[11:30:51][eventcommands.cpp:88]: Event operation.7000 added info about event selection. selectedOption 15, human -1, playerEventId 435
[11:39:32][eventcommands.cpp:88]: Event crisis.4140 added info about event selection. selectedOption 0, human 1, playerEventId 436
[11:43:52][eventcommands.cpp:88]: Event first_contact_critters.80 added info about event selection. selectedOption 0, human -1, playerEventId 437
[11:43:57][eventcommands.cpp:88]: Event first_contact_critters.1 added info about event selection. selectedOption 0, human -1, playerEventId 438
[11:43:57][eventcommands.cpp:88]: Event operation.7000 added info about event selection. selectedOption 15, human -1, playerEventId 439
[11:43:58][eventcommands.cpp:88]: Event first_contact.1 added info about event selection. selectedOption 0, human -1, playerEventId 440
[11:43:59][eventcommands.cpp:88]: Event astral_rift.315 added info about event selection. selectedOption 0, human -1, playerEventId 441
[11:45:44][eventcommands.cpp:88]: Event precursor.301 added info about event selection. selectedOption 0, human 1, playerEventId 442
[11:52:36][eventcommands.cpp:88]: Event first_contact.1 added info about event selection. selectedOption 0, human -1, playerEventId 445
[11:52:36][eventcommands.cpp:88]: Event first_contact.1 added info about event selection. selectedOption 0, human -1, playerEventId 443
[11:52:36][eventcommands.cpp:88]: Event first_contact.1 added info about event selection. selectedOption 0, human -1, playerEventId 444
[11:52:37][eventcommands.cpp:88]: Event first_contact_critters.5 added info about event selection. selectedOption 3, human -1, playerEventId 446
[11:52:39][eventcommands.cpp:88]: Event first_contact.1 added info about event selection. selectedOption 0, human -1, playerEventId 447
[11:52:39][eventcommands.cpp:88]: Event first_contact.1 added info about event selection. selectedOption 0, human -1, playerEventId 448
[11:52:39][eventcommands.cpp:88]: Event astral_rift.320 added info about event selection. selectedOption 0, human -1, playerEventId 449
[11:52:39][eventcommands.cpp:88]: Event first_contact.1 added info about event selection. selectedOption 0, human -1, playerEventId 450
[11:52:39][eventcommands.cpp:88]: Event first_contact.1 added info about event selection. selectedOption 0, human -1, playerEventId 451
[11:52:40][eventcommands.cpp:88]: Event operation.7000 added info about event selection. selectedOption 16, human -1, playerEventId 452
[11:52:41][eventcommands.cpp:88]: Event first_contact.1 added info about event selection. selectedOption 0, human -1, playerEventId 454
[11:52:42][eventcommands.cpp:88]: Event first_contact_critters.1 added info about event selection. selectedOption 0, human -1, playerEventId 456
[11:52:42][eventcommands.cpp:88]: Event first_contact_critters.1 added info about event selection. selectedOption 0, human -1, playerEventId 457
[11:52:43][eventcommands.cpp:88]: Event first_contact.5010 added info about event selection. selectedOption 0, human -1, playerEventId 455
[11:54:42][eventcommands.cpp:88]: Event crisis.4120 added info about event selection. selectedOption 0, human 1, playerEventId 453
[12:05:35][eventcommands.cpp:88]: Event first_contact.1 added info about event selection. selectedOption 0, human -1, playerEventId 458
[12:05:43][eventcommands.cpp:88]: Event first_contact_critters.5 added info about event selection. selectedOption 3, human -1, playerEventId 459
[12:05:43][eventcommands.cpp:88]: Event first_contact_critters.5 added info about event selection. selectedOption 3, human -1, playerEventId 461
[12:05:43][eventcommands.cpp:88]: Event first_contact.1 added info about event selection. selectedOption 0, human -1, playerEventId 463
[12:09:12][eventcommands.cpp:88]: Event shroud.2780 added info about event selection. selectedOption 0, human 1, playerEventId 464
[12:10:14][eventcommands.cpp:88]: Event marauder.101 added info about event selection. selectedOption 0, human 1, playerEventId 462
[12:15:48][eventcommands.cpp:88]: Event shroud.4247 added info about event selection. selectedOption 0, human 1, playerEventId 460
[12:17:15][eventcommands.cpp:88]: Event shroud.4300 added info about event selection. selectedOption 1, human 1, playerEventId 465
[12:30:48][eventcommands.cpp:88]: Event first_contact.1 added info about event selection. selectedOption 0, human -1, playerEventId 466
[12:30:49][eventcommands.cpp:88]: Event first_contact.1 added info about event selection. selectedOption 0, human -1, playerEventId 467
[12:30:52][eventcommands.cpp:88]: Event operation.7000 added info about event selection. selectedOption 15, human -1, playerEventId 468
[12:30:52][eventcommands.cpp:88]: Event first_contact.1 added info about event selection. selectedOption 0, human -1, playerEventId 470
[12:30:52][eventcommands.cpp:88]: Event astral_rift.325 added info about event selection. selectedOption 0, human -1, playerEventId 469
[12:30:52][eventcommands.cpp:88]: Event first_contact.1 added info about event selection. selectedOption 0, human -1, playerEventId 471
[12:30:54][eventcommands.cpp:88]: Event first_contact.1 added info about event selection. selectedOption 0, human -1, playerEventId 472
[12:30:56][eventcommands.cpp:88]: Event first_contact.1 added info about event selection. selectedOption 0, human -1, playerEventId 474
[12:30:56][eventcommands.cpp:88]: Event grand_archive.2000 added info about event selection. selectedOption 0, human -1, playerEventId 473
[12:30:57][eventcommands.cpp:88]: Event first_contact_critters.1 added info about event selection. selectedOption 0, human -1, playerEventId 475
[12:30:59][eventcommands.cpp:88]: Event first_contact_critters.1 added info about event selection. selectedOption 0, human -1, playerEventId 476
[12:31:00][eventcommands.cpp:88]: Event first_contact.1 added info about event selection. selectedOption 0, human -1, playerEventId 477
[12:31:01][eventcommands.cpp:88]: Event first_contact.1 added info about event selection. selectedOption 0, human -1, playerEventId 478
[12:31:01][eventcommands.cpp:88]: Event first_contact.1 added info about event selection. selectedOption 0, human -1, playerEventId 479
[12:31:02][eventcommands.cpp:88]: Event first_contact_critters.85 added info about event selection. selectedOption 1, human -1, playerEventId 480
[12:31:02][eventcommands.cpp:88]: Event first_contact.1 added info about event selection. selectedOption 0, human -1, playerEventId 481
[12:31:04][eventcommands.cpp:88]: Event first_contact.1 added info about event selection. selectedOption 0, human -1, playerEventId 482
[12:31:07][eventcommands.cpp:88]: Event first_contact.5035 added info about event selection. selectedOption 1, human -1, playerEventId 483
[12:31:10][eventcommands.cpp:88]: Event first_contact_critters.45 added info about event selection. selectedOption 0, human -1, playerEventId 485
[12:31:10][eventcommands.cpp:88]: Event first_contact_critters.1 added info about event selection. selectedOption 0, human -1, playerEventId 484
[12:31:11][eventcommands.cpp:88]: Event first_contact_critters.5 added info about event selection. selectedOption 3, human -1, playerEventId 486
[12:31:15][eventcommands.cpp:88]: Event first_contact.5075 added info about event selection. selectedOption 0, human -1, playerEventId 487
[12:31:18][eventcommands.cpp:88]: Event astral_rift.330 added info about event selection. selectedOption 0, human -1, playerEventId 488
[12:31:20][eventcommands.cpp:88]: Event first_contact_critters.5 added info about event selection. selectedOption 3, human -1, playerEventId 489
[12:31:27][eventcommands.cpp:88]: Event grand_archive.2005 added info about event selection. selectedOption 0, human -1, playerEventId 490
[12:31:29][effect_impl.cpp:22217]: [2278.6.29] Log effect, file: events/caravaneer_events.txt line: 2134. fleet 2 >=6 countries found, tag 2
[12:31:29][effect_impl.cpp:22217]: [2278.6.29] Log effect, file: events/caravaneer_events.txt line: 2146. 1 fleet2_capital_destination set
[12:31:31][eventcommands.cpp:88]: Event astral_rift.1600 added info about event selection. selectedOption 1, human -1, playerEventId 491
[12:31:39][eventcommands.cpp:88]: Event first_contact.1 added info about event selection. selectedOption 0, human -1, playerEventId 492
[12:31:41][effect_impl.cpp:22217]: [2279.2.9] Log effect, common/scripted_effects/caravaneer_scripted_effects.txt:1875 @ scripted effect fleet2_continue_journey at. triggered fleet2_continue_journey
[12:31:41][effect_impl.cpp:22217]: [2279.2.9] Log effect, common/scripted_effects/caravaneer_scripted_effects.txt:1878 @ scripted effect fleet2_continue_journey at. fleet 2 untagged planet
[12:31:41][effect_impl.cpp:22217]: [2279.2.10] Log effect, file: events/caravaneer_events.txt line: 2815. fleet 2 set next destination
[12:31:41][effect_impl.cpp:22217]: [2279.2.10] Log effect, file: events/caravaneer_events.txt line: 2824. fleet 2 engaged auto_move
[12:31:44][eventcommands.cpp:88]: Event first_contact_critters.1 added info about event selection. selectedOption 0, human -1, playerEventId 493
[12:31:47][eventcommands.cpp:88]: Event first_contact_critters.5 added info about event selection. selectedOption 3, human -1, playerEventId 494
[12:31:49][effect_impl.cpp:22217]: [2279.7.13] Log effect, common/scripted_effects/caravaneer_scripted_effects.txt:1875 @ scripted effect fleet2_continue_journey at. triggered fleet2_continue_journey
[12:31:49][effect_impl.cpp:22217]: [2279.7.13] Log effect, common/scripted_effects/caravaneer_scripted_effects.txt:1878 @ scripted effect fleet2_continue_journey at. fleet 2 untagged planet
[12:31:49][effect_impl.cpp:22217]: [2279.7.13] Log effect, common/scripted_effects/caravaneer_scripted_effects.txt:1903 @ scripted effect fleet2_continue_journey at. fleet 2 returning home
[12:31:51][eventcommands.cpp:88]: Event astral_rift.1610 added info about event selection. selectedOption 0, human -1, playerEventId 495
[12:31:53][eventcommands.cpp:88]: Event first_contact_critters.5 added info about event selection. selectedOption 3, human -1, playerEventId 496
[12:33:16][eventcommands.cpp:88]: Event astral_rift.1615 added info about event selection. selectedOption 0, human -1, playerEventId 497
[12:33:35][eventcommands.cpp:88]: Event operation.7000 added info about event selection. selectedOption 15, human -1, playerEventId 498
[12:33:44][eventcommands.cpp:88]: Event astral_rift.1620 added info about event selection. selectedOption 0, human -1, playerEventId 499
[12:33:52][eventcommands.cpp:88]: Event operation.7000 added info about event selection. selectedOption 16, human -1, playerEventId 500
[12:33:59][effect_impl.cpp:22217]: [2282.8.26] Log effect, file: events/caravaneer_events.txt line: 1433. fleet 1 >=6 countries found, tag 2
[12:33:59][effect_impl.cpp:22217]: [2282.8.26] Log effect, file: events/caravaneer_events.txt line: 1445. 1 fleet1_capital_destination set
[12:33:59][eventcommands.cpp:88]: Event astral_rift.300 added info about event selection. selectedOption 0, human -1, playerEventId 501
[12:34:05][eventcommands.cpp:88]: Event fedev.9430 added info about event selection. selectedOption 0, human -1, playerEventId 502
[12:34:09][eventcommands.cpp:88]: Event operation.7000 added info about event selection. selectedOption 15, human -1, playerEventId 503
[12:34:19][eventcommands.cpp:88]: Event astral_rift.305 added info about event selection. selectedOption 0, human -1, playerEventId 504
[12:34:22][effect_impl.cpp:22217]: [2283.10.30] Log effect, common/scripted_effects/caravaneer_scripted_effects.txt:1822 @ scripted effect fleet1_continue_journey at. triggered fleet1_continue_journey
[12:34:22][effect_impl.cpp:22217]: [2283.10.30] Log effect, common/scripted_effects/caravaneer_scripted_effects.txt:1825 @ scripted effect fleet1_continue_journey at. fleet 1 untagged planet
[12:34:22][effect_impl.cpp:22217]: [2283.11.1] Log effect, file: events/caravaneer_events.txt line: 1976. fleet 1 set next destination
[12:34:22][effect_impl.cpp:22217]: [2283.11.1] Log effect, file: events/caravaneer_events.txt line: 1985. fleet 1 engaged auto_move
[12:34:32][effect_impl.cpp:22217]: [2284.4.28] Log effect, common/scripted_effects/caravaneer_scripted_effects.txt:1822 @ scripted effect fleet1_continue_journey at. triggered fleet1_continue_journey
[12:34:32][effect_impl.cpp:22217]: [2284.4.28] Log effect, common/scripted_effects/caravaneer_scripted_effects.txt:1825 @ scripted effect fleet1_continue_journey at. fleet 1 untagged planet
[12:34:32][effect_impl.cpp:22217]: [2284.4.28] Log effect, common/scripted_effects/caravaneer_scripted_effects.txt:1850 @ scripted effect fleet1_continue_journey at. fleet 1 returning home
[12:34:38][eventcommands.cpp:88]: Event astral_rift.315 added info about event selection. selectedOption 0, human -1, playerEventId 505
[12:41:58][eventcommands.cpp:88]: Event first_contact_critters.1 added info about event selection. selectedOption 0, human -1, playerEventId 473
[12:41:59][eventcommands.cpp:88]: Event first_contact.1 added info about event selection. selectedOption 0, human -1, playerEventId 475
[12:42:02][eventcommands.cpp:88]: Event astral_rift.325 added info about event selection. selectedOption 1, human -1, playerEventId 476
[12:42:04][eventcommands.cpp:88]: Event first_contact_critters.1 added info about event selection. selectedOption 0, human -1, playerEventId 479
[12:42:06][eventcommands.cpp:88]: Event first_contact.1 added info about event selection. selectedOption 0, human -1, playerEventId 480
[12:42:08][eventcommands.cpp:88]: Event first_contact_critters.5 added info about event selection. selectedOption 3, human -1, playerEventId 482
[12:42:09][eventcommands.cpp:88]: Event first_contact.1 added info about event selection. selectedOption 0, human -1, playerEventId 483
[12:42:10][eventcommands.cpp:88]: Event first_contact.1 added info about event selection. selectedOption 0, human -1, playerEventId 484
[12:43:22][eventcommands.cpp:88]: Event paragon.571 added info about event selection. selectedOption 0, human 1, playerEventId 481
[12:43:24][eventcommands.cpp:88]: Event first_contact.1 added info about event selection. selectedOption 0, human -1, playerEventId 485
[12:43:24][eventcommands.cpp:88]: Event first_contact.1 added info about event selection. selectedOption 0, human -1, playerEventId 486
[12:43:24][eventcommands.cpp:88]: Event astral_rift.335 added info about event selection. selectedOption 0, human -1, playerEventId 487
[12:43:25][eventcommands.cpp:88]: Event first_contact_critters.45 added info about event selection. selectedOption 0, human -1, playerEventId 488
[12:43:25][eventcommands.cpp:88]: Event first_contact.1 added info about event selection. selectedOption 0, human -1, playerEventId 489
[12:43:28][eventcommands.cpp:88]: Event astral_rift.2000 added info about event selection. selectedOption 1, human -1, playerEventId 490
[12:43:28][eventcommands.cpp:88]: Event first_contact.1 added info about event selection. selectedOption 0, human -1, playerEventId 491
[12:43:30][eventcommands.cpp:88]: Event first_contact_critters.85 added info about event selection. selectedOption 1, human -1, playerEventId 493
[12:43:31][eventcommands.cpp:88]: Event first_contact.1 added info about event selection. selectedOption 0, human -1, playerEventId 494
[12:43:33][eventcommands.cpp:88]: Event first_contact.1 added info about event selection. selectedOption 0, human -1, playerEventId 495
[12:43:33][eventcommands.cpp:88]: Event first_contact.1 added info about event selection. selectedOption 0, human -1, playerEventId 496
[12:43:35][eventcommands.cpp:88]: Event first_contact.1 added info about event selection. selectedOption 0, human -1, playerEventId 497
[12:43:36][eventcommands.cpp:88]: Event first_contact.1 added info about event selection. selectedOption 0, human -1, playerEventId 498
[12:43:38][eventcommands.cpp:88]: Event first_contact.1 added info about event selection. selectedOption 0, human -1, playerEventId 499
[12:43:41][eventcommands.cpp:88]: Event first_contact.1 added info about event selection. selectedOption 0, human -1, playerEventId 500
[12:43:42][eventcommands.cpp:88]: Event first_contact.1 added info about event selection. selectedOption 0, human -1, playerEventId 501
[12:43:43][eventcommands.cpp:88]: Event first_contact.1 added info about event selection. selectedOption 0, human -1, playerEventId 502
[12:43:43][eventcommands.cpp:88]: Event first_contact_critters.5 added info about event selection. selectedOption 3, human -1, playerEventId 503
[12:43:45][eventcommands.cpp:88]: Event first_contact.1 added info about event selection. selectedOption 0, human -1, playerEventId 505
[12:43:46][eventcommands.cpp:88]: Event first_contact.1 added info about event selection. selectedOption 0, human -1, playerEventId 506
[12:45:56][eventcommands.cpp:88]: Event shroud.2510 added info about event selection. selectedOption 1, human 1, playerEventId 504
[12:45:56][eventcommands.cpp:88]: Event first_contact.1 added info about event selection. selectedOption 0, human -1, playerEventId 507
[12:45:58][eventcommands.cpp:88]: Event first_contact.1 added info about event selection. selectedOption 0, human -1, playerEventId 508
[12:46:00][eventcommands.cpp:88]: Event first_contact.1 added info about event selection. selectedOption 0, human -1, playerEventId 509
[12:46:00][eventcommands.cpp:88]: Event first_contact.1 added info about event selection. selectedOption 0, human -1, playerEventId 510
[12:46:05][eventcommands.cpp:88]: Event first_contact.1 added info about event selection. selectedOption 0, human -1, playerEventId 511
[12:46:05][eventcommands.cpp:88]: Event first_contact.1 added info about event selection. selectedOption 0, human -1, playerEventId 512
[12:46:07][effect_impl.cpp:22217]: [2279.3.29] Log effect, common/scripted_effects/caravaneer_scripted_effects.txt:1875 @ scripted effect fleet2_continue_journey at. triggered fleet2_continue_journey
[12:46:07][effect_impl.cpp:22217]: [2279.3.29] Log effect, common/scripted_effects/caravaneer_scripted_effects.txt:1878 @ scripted effect fleet2_continue_journey at. fleet 2 untagged planet
[12:46:07][effect_impl.cpp:22217]: [2279.3.30] Log effect, file: events/caravaneer_events.txt line: 2815. fleet 2 set next destination
[12:46:07][effect_impl.cpp:22217]: [2279.3.30] Log effect, file: events/caravaneer_events.txt line: 2824. fleet 2 engaged auto_move
[12:46:09][eventcommands.cpp:88]: Event first_contact.1 added info about event selection. selectedOption 0, human -1, playerEventId 513
[12:46:09][eventcommands.cpp:88]: Event first_contact.1 added info about event selection. selectedOption 0, human -1, playerEventId 514
[12:46:10][eventcommands.cpp:88]: Event first_contact.1 added info about event selection. selectedOption 0, human -1, playerEventId 515
[12:46:13][eventcommands.cpp:88]: Event first_contact.1 added info about event selection. selectedOption 0, human -1, playerEventId 516
[12:46:14][eventcommands.cpp:88]: Event first_contact.1 added info about event selection. selectedOption 0, human -1, playerEventId 517
[12:46:14][eventcommands.cpp:88]: Event first_contact.1 added info about event selection. selectedOption 0, human -1, playerEventId 518
[12:46:14][effect_impl.cpp:22217]: [2279.9.3] Log effect, common/scripted_effects/caravaneer_scripted_effects.txt:1875 @ scripted effect fleet2_continue_journey at. triggered fleet2_continue_journey
[12:46:14][effect_impl.cpp:22217]: [2279.9.3] Log effect, common/scripted_effects/caravaneer_scripted_effects.txt:1878 @ scripted effect fleet2_continue_journey at. fleet 2 untagged planet
[12:46:14][effect_impl.cpp:22217]: [2279.9.3] Log effect, common/scripted_effects/caravaneer_scripted_effects.txt:1903 @ scripted effect fleet2_continue_journey at. fleet 2 returning home
[12:46:18][eventcommands.cpp:88]: Event first_contact.1 added info about event selection. selectedOption 0, human -1, playerEventId 519
[12:46:18][eventcommands.cpp:88]: Event astral_rift.2010 added info about event selection. selectedOption 1, human -1, playerEventId 520
[12:46:18][eventcommands.cpp:88]: Event first_contact.1 added info about event selection. selectedOption 0, human -1, playerEventId 521
[12:49:09][eventcommands.cpp:88]: Event first_contact.1 added info about event selection. selectedOption 0, human -1, playerEventId 522
[12:49:09][eventcommands.cpp:88]: Event first_contact.1 added info about event selection. selectedOption 0, human -1, playerEventId 523
[12:49:10][eventcommands.cpp:88]: Event first_contact.1 added info about event selection. selectedOption 0, human -1, playerEventId 524
[12:49:13][eventcommands.cpp:88]: Event first_contact.1 added info about event selection. selectedOption 0, human -1, playerEventId 525
[12:49:14][eventcommands.cpp:88]: Event first_contact.1 added info about event selection. selectedOption 0, human -1, playerEventId 526
[12:49:14][eventcommands.cpp:88]: Event first_contact.1 added info about event selection. selectedOption 0, human -1, playerEventId 527
[12:49:18][eventcommands.cpp:88]: Event first_contact.1 added info about event selection. selectedOption 0, human -1, playerEventId 528
[12:49:19][eventcommands.cpp:88]: Event first_contact.1 added info about event selection. selectedOption 0, human -1, playerEventId 530
[12:49:19][eventcommands.cpp:88]: Event first_contact.1 added info about event selection. selectedOption 0, human -1, playerEventId 529
[12:49:23][eventcommands.cpp:88]: Event first_contact.1 added info about event selection. selectedOption 0, human -1, playerEventId 532
[12:51:53][eventcommands.cpp:88]: Event utopia.2652 added info about event selection. selectedOption 3, human 1, playerEventId 531
[12:51:56][eventcommands.cpp:88]: Event first_contact.1 added info about event selection. selectedOption 0, human -1, playerEventId 533
[12:51:56][eventcommands.cpp:88]: Event first_contact.1 added info about event selection. selectedOption 0, human -1, playerEventId 534
[12:55:53][eventcommands.cpp:88]: Event shroud.2800 added info about event selection. selectedOption 0, human 1, playerEventId 535
[13:04:38][eventcommands.cpp:88]: Event eep.30 added info about event selection. selectedOption 0, human 1, playerEventId 536
[13:04:48][eventcommands.cpp:88]: Event first_contact.1 added info about event selection. selectedOption 0, human -1, playerEventId 538
[13:04:50][eventcommands.cpp:88]: Event first_contact.1 added info about event selection. selectedOption 0, human -1, playerEventId 539
[13:04:53][eventcommands.cpp:88]: Event first_contact.1 added info about event selection. selectedOption 0, human -1, playerEventId 540
[13:05:19][eventcommands.cpp:88]: Event first_contact.1 added info about event selection. selectedOption 0, human -1, playerEventId 541
[13:05:19][eventcommands.cpp:88]: Event first_contact.1 added info about event selection. selectedOption 0, human -1, playerEventId 542
[13:05:27][eventcommands.cpp:88]: Event first_contact.1 added info about event selection. selectedOption 0, human -1, playerEventId 543
[13:05:28][eventcommands.cpp:88]: Event astral_rift.2025 added info about event selection. selectedOption 0, human -1, playerEventId 544
[13:05:48][eventcommands.cpp:88]: Event first_contact.1 added info about event selection. selectedOption 0, human -1, playerEventId 545
[13:05:51][eventcommands.cpp:88]: Event first_contact.1 added info about event selection. selectedOption 0, human -1, playerEventId 546
[13:05:52][eventcommands.cpp:88]: Event operation.7000 added info about event selection. selectedOption 15, human -1, playerEventId 547
[13:05:59][eventcommands.cpp:88]: Event first_contact.1 added info about event selection. selectedOption 0, human -1, playerEventId 548
[13:06:20][eventcommands.cpp:88]: Event first_contact.1 added info about event selection. selectedOption 0, human -1, playerEventId 549
[13:06:23][eventcommands.cpp:88]: Event first_contact.1 added info about event selection. selectedOption 0, human -1, playerEventId 550
[13:06:34][eventcommands.cpp:88]: Event first_contact.1 added info about event selection. selectedOption 0, human -1, playerEventId 551
[13:06:34][eventcommands.cpp:88]: Event operation.7000 added info about event selection. selectedOption 16, human -1, playerEventId 552
[13:06:36][eventcommands.cpp:88]: Event ancrel.6200 added info about event selection. selectedOption 0, human -1, playerEventId 553
[13:06:54][eventcommands.cpp:88]: Event first_contact.1 added info about event selection. selectedOption 0, human -1, playerEventId 554
[13:06:58][eventcommands.cpp:88]: Event operation.7000 added info about event selection. selectedOption 4, human -1, playerEventId 555
[13:07:00][eventcommands.cpp:88]: Event first_contact.1 added info about event selection. selectedOption 0, human -1, playerEventId 556
[13:07:06][eventcommands.cpp:88]: Event first_contact.1 added info about event selection. selectedOption 0, human -1, playerEventId 557
[13:07:11][eventcommands.cpp:88]: Event astral_rift.2900 added info about event selection. selectedOption 0, human -1, playerEventId 558
[13:07:29][eventcommands.cpp:88]: Event first_contact.1 added info about event selection. selectedOption 0, human -1, playerEventId 559
[13:07:29][eventcommands.cpp:88]: Event first_contact.1 added info about event selection. selectedOption 0, human -1, playerEventId 560
[13:07:40][eventcommands.cpp:88]: Event first_contact.1 added info about event selection. selectedOption 0, human -1, playerEventId 561
[13:07:58][eventcommands.cpp:88]: Event first_contact.1 added info about event selection. selectedOption 0, human -1, playerEventId 562
[13:08:00][eventcommands.cpp:88]: Event first_contact.1 added info about event selection. selectedOption 0, human -1, playerEventId 563
[13:08:12][eventcommands.cpp:88]: Event operation.7000 added info about event selection. selectedOption 16, human -1, playerEventId 565
[13:08:14][eventcommands.cpp:88]: Event first_contact.1 added info about event selection. selectedOption 0, human -1, playerEventId 564
[13:08:20][eventcommands.cpp:88]: Event astral_rift.2905 added info about event selection. selectedOption 0, human -1, playerEventId 566
[13:08:30][eventcommands.cpp:88]: Event first_contact.1 added info about event selection. selectedOption 0, human -1, playerEventId 567
[13:08:32][eventcommands.cpp:88]: Event first_contact.1 added info about event selection. selectedOption 0, human -1, playerEventId 568
[13:08:46][eventcommands.cpp:88]: Event first_contact.1 added info about event selection. selectedOption 0, human -1, playerEventId 569
[13:09:04][eventcommands.cpp:88]: Event first_contact.1 added info about event selection. selectedOption 0, human -1, playerEventId 570
[13:09:04][eventcommands.cpp:88]: Event cstorms.1845 added info about event selection. selectedOption 0, human -1, playerEventId 571
[13:09:07][eventcommands.cpp:88]: Event operation.7000 added info about event selection. selectedOption 15, human -1, playerEventId 572
[13:09:21][eventcommands.cpp:88]: Event first_contact.1 added info about event selection. selectedOption 0, human -1, playerEventId 573
[13:09:29][eventcommands.cpp:88]: Event astral_rift.2910 added info about event selection. selectedOption 0, human -1, playerEventId 574
[13:18:34][eventcommands.cpp:88]: Event eep.100 added info about event selection. selectedOption 0, human 1, playerEventId 575
[13:20:17][eventcommands.cpp:88]: Event eep.100 added info about event selection. selectedOption 0, human 1, playerEventId 576
[13:20:36][eventcommands.cpp:88]: Event eep.100 added info about event selection. selectedOption 0, human 1, playerEventId 577
[13:20:54][eventcommands.cpp:88]: Event eep.100 added info about event selection. selectedOption 0, human 1, playerEventId 578
[14:01:59][eventcommands.cpp:88]: Event paragon.3100 added info about event selection. selectedOption 1, human 1, playerEventId 512
[14:03:56][eventcommands.cpp:88]: Event marauder.101 added info about event selection. selectedOption 2, human 1, playerEventId 511
[14:11:47][eventcommands.cpp:88]: Event tutorial.45 added info about event selection. selectedOption 0, human 1, playerEventId 510
[14:18:26][eventcommands.cpp:88]: Event cstorms_tutorial.1 added info about event selection. selectedOption 0, human 1, playerEventId 514
[14:23:56][eventcommands.cpp:88]: Event tutorial.1340 added info about event selection. selectedOption 0, human 1, playerEventId 513
[14:30:02][eventcommands.cpp:88]: Event operation.7000 added info about event selection. selectedOption 16, human -1, playerEventId 515
[14:30:11][eventcommands.cpp:88]: Event astral_rift.320 added info about event selection. selectedOption 0, human -1, playerEventId 516
[14:30:16][eventcommands.cpp:88]: Event operation.7000 added info about event selection. selectedOption 15, human -1, playerEventId 518
[14:30:17][eventcommands.cpp:88]: Event fedev.9435 added info about event selection. selectedOption 0, human -1, playerEventId 519
[14:33:28][eventcommands.cpp:88]: Event shroud.4025 added info about event selection. selectedOption 2, human 1, playerEventId 520
[14:33:43][eventcommands.cpp:88]: Event operation.7000 added info about event selection. selectedOption 16, human -1, playerEventId 521
[14:36:15][eventcommands.cpp:88]: Event galcom.51 added info about event selection. selectedOption 2, human 1, playerEventId 522
[14:39:22][eventcommands.cpp:88]: Event crisis.4125 added info about event selection. selectedOption 3, human 1, playerEventId 523
[14:41:25][eventcommands.cpp:88]: Event astral_rift.325 added info about event selection. selectedOption 0, human -1, playerEventId 524
[14:41:35][eventcommands.cpp:88]: Event astral_rift.2100 added info about event selection. selectedOption 0, human -1, playerEventId 525
[14:41:45][eventcommands.cpp:88]: Event operation.7000 added info about event selection. selectedOption 16, human -1, playerEventId 526
[14:55:52][eventcommands.cpp:88]: Event eep.32 added info about event selection. selectedOption 0, human 1, playerEventId 529
[14:58:30][eventcommands.cpp:88]: Event eep.13 added info about event selection. selectedOption 0, human 1, playerEventId 528
[14:59:14][effect_impl.cpp:22217]: [2288.10.2] Log effect, file: events/eep_probe_events.txt line: 63. EEP_MONTH country=EEP 06 焦土蜂巢 C=34 G=34 D=10 made=500 worlds=2
[14:59:14][effect_impl.cpp:22217]: [2288.10.2] Log effect, file: events/eep_probe_events.txt line: 70. EEP_MONTH source=萨苏纳 Q=20 T=48 progress=44
[14:59:14][effect_impl.cpp:22217]: [2288.10.2] Log effect, file: events/eep_probe_events.txt line: 73. EEP_MONTH operational=NO
[14:59:14][effect_impl.cpp:22217]: [2288.10.2] Log effect, file: events/eep_probe_events.txt line: 76. EEP_DLC Nemesis=YES
[14:59:14][effect_impl.cpp:22217]: [2288.10.2] Log effect, file: events/eep_probe_events.txt line: 78. EEP_DLC Shroud=YES
[15:04:30][eventcommands.cpp:88]: Event crisis.4150 added info about event selection. selectedOption 0, human 1, playerEventId 527
[16:08:42][eventcommands.cpp:88]: Event astral_rift.2105 added info about event selection. selectedOption 0, human -1, playerEventId 530
