[14:39:27][dlc.cpp:1847]: Could not find files for mod: C:\SteamLibrary\steamapps\workshop\content\281990\3797257579
[14:39:27][dlc.cpp:1847]: Could not find files for mod: C:\SteamLibrary\steamapps\workshop\content\281990\3710613857
[14:39:27][dlc.cpp:1847]: Could not find files for mod: C:\SteamLibrary\steamapps\workshop\content\281990\2660548454
[14:39:27][dlc.cpp:1847]: Could not find files for mod: C:\SteamLibrary\steamapps\workshop\content\281990\2411818376
[14:39:27][dlc.cpp:1847]: Could not find files for mod: C:\SteamLibrary\steamapps\workshop\content\281990\2409044128
[14:39:27][dlc.cpp:1847]: Could not find files for mod: C:\SteamLibrary\steamapps\workshop\content\281990\3484461951
[14:39:27][dlc.cpp:1847]: Could not find files for mod: C:\SteamLibrary\steamapps\workshop\content\281990\1199002146
[14:39:27][dlc.cpp:1847]: Could not find files for mod: C:\SteamLibrary\steamapps\workshop\content\281990\2946000546
[14:39:27][dlc.cpp:1847]: Could not find files for mod: C:\SteamLibrary\steamapps\workshop\content\281990\3053655313
[14:39:27][dlc.cpp:1847]: Could not find files for mod: C:\SteamLibrary\steamapps\workshop\content\281990\2956750257
[14:39:27][dlc.cpp:1847]: Could not find files for mod: C:\SteamLibrary\steamapps\workshop\content\281990\1539624733
[14:39:27][dlc.cpp:1847]: Could not find files for mod: C:\SteamLibrary\steamapps\workshop\content\281990\1890399946
[14:39:27][dlc.cpp:1847]: Could not find files for mod: C:\SteamLibrary\steamapps\workshop\content\281990\3357143726
[14:39:27][dlc.cpp:1847]: Could not find files for mod: C:\SteamLibrary\steamapps\workshop\content\281990\3415581160
[14:39:27][dlc.cpp:1847]: Could not find files for mod: C:\SteamLibrary\steamapps\workshop\content\281990\2438313459
[14:39:27][dlc.cpp:1847]: Could not find files for mod: C:\SteamLibrary\steamapps\workshop\content\281990\2407436476
[14:39:27][dlc.cpp:1847]: Could not find files for mod: C:\SteamLibrary\steamapps\workshop\content\281990\1623423360
[14:39:27][dlc.cpp:1847]: Could not find files for mod: C:\SteamLibrary\steamapps\workshop\content\281990\3339549399
[14:39:27][dlc.cpp:1847]: Could not find files for mod: C:\SteamLibrary\steamapps\workshop\content\281990\3090328185
[14:39:27][dlc.cpp:1847]: Could not find files for mod: C:\SteamLibrary\steamapps\workshop\content\281990\2948301103
[14:39:27][dlc.cpp:1847]: Could not find files for mod: C:\SteamLibrary\steamapps\workshop\content\281990\2976454692
[14:41:26][game_singleobjectdatabase.h:170]: Object with key: decision_lithoid_swarm_consume_world already exists, using the one at  file: common/decisions/zz_eep_native_decision.txt line: 2
[14:49:54][effect_impl.cpp:569]: = effect at  file:  line: 1 accepts only yes or no as values
[14:49:54][effect_impl.cpp:825]: Script Error: Invalid scripted effect: = at  file:  line: 1

[14:49:54][eventtarget.cpp:3849]: Undefined event target: eep_missing_dlc_source, location:  file:  line: 1
[14:49:54][effect_impl.cpp:242]: Script Error: Invalid context switch [event_target:eep_missing_dlc_source] from EEP 06 焦土蜂巢 [country], file:  line: 1, Scope: 
type=country
id=0
opener_id=4294967295
random={ 0 2392543074 }
random_allowed=yes
root=
{
	type=country
	id=0
	opener_id=4294967295
	random={ 0 2392543074 }
	random_allowed=yes
	saved_event_target=
	{
		type=country
		id=0
		opener_id=4294967295
		name="eep_probe_country"
	}
	saved_event_target=
	{
		type=planet
		id=1
		opener_id=4294967295
		name="eep_probe_seed_core"
	}
	saved_event_target=
	{
		type=pop_group
		id=16
		opener_id=4294967295
		name="source_pop_group"
	}
	saved_event_target=
	{
		type=pop_group
		id=52
		opener_id=4294967295
		name="resettled_pop_group"
	}
}
from=
{
	type=country
	id=0
	opener_id=4294967295
	random={ 0 2392543074 }
	random_allowed=yes
	saved_event_target=
	{
		type=country
		id=0
		opener_id=4294967295
		name="eep_probe_country"
	}
	saved_event_target=
	{
		type=planet
		id=1
		opener_id=4294967295
		name="eep_probe_seed_core"
	}
	saved_event_target=
	{
		type=pop_group
		id=16
		opener_id=4294967295
		name="source_pop_group"
	}
	saved_event_target=
	{
		type=pop_group
		id=52
		opener_id=4294967295
		name="resettled_pop_group"
	}
}
prev=
{
	type=country
	id=0
	opener_id=4294967295
	random={ 0 3929546446 }
	random_allowed=yes
	root=
	{
		type=country
		id=0
		opener_id=4294967295
		random={ 0 2392543074 }
		random_allowed=yes
		saved_event_target=
		{
			type=country
			id=0
			opener_id=4294967295
			name="eep_probe_country"
		}
		saved_event_target=
		{
			type=planet
			id=1
			opener_id=4294967295
			name="eep_probe_seed_core"
		}
		saved_event_target=
		{
			type=pop_group
			id=16
			opener_id=4294967295
			name="source_pop_group"
		}
		saved_event_target=
		{
			type=pop_group
			id=52
			opener_id=4294967295
			name="resettled_pop_group"
		}
	}
}

