[22:05:26][dlc.cpp:1847]: Could not find files for mod: C:\SteamLibrary\steamapps\workshop\content\281990\3797257579
[22:05:26][dlc.cpp:1847]: Could not find files for mod: C:\SteamLibrary\steamapps\workshop\content\281990\3710613857
[22:05:26][dlc.cpp:1847]: Could not find files for mod: C:\SteamLibrary\steamapps\workshop\content\281990\2660548454
[22:05:26][dlc.cpp:1847]: Could not find files for mod: C:\SteamLibrary\steamapps\workshop\content\281990\2411818376
[22:05:26][dlc.cpp:1847]: Could not find files for mod: C:\SteamLibrary\steamapps\workshop\content\281990\2409044128
[22:05:26][dlc.cpp:1847]: Could not find files for mod: C:\SteamLibrary\steamapps\workshop\content\281990\3484461951
[22:05:26][dlc.cpp:1847]: Could not find files for mod: C:\SteamLibrary\steamapps\workshop\content\281990\1199002146
[22:05:26][dlc.cpp:1847]: Could not find files for mod: C:\SteamLibrary\steamapps\workshop\content\281990\2946000546
[22:05:26][dlc.cpp:1847]: Could not find files for mod: C:\SteamLibrary\steamapps\workshop\content\281990\3053655313
[22:05:26][dlc.cpp:1847]: Could not find files for mod: C:\SteamLibrary\steamapps\workshop\content\281990\2956750257
[22:05:26][dlc.cpp:1847]: Could not find files for mod: C:\SteamLibrary\steamapps\workshop\content\281990\1539624733
[22:05:26][dlc.cpp:1847]: Could not find files for mod: C:\SteamLibrary\steamapps\workshop\content\281990\1890399946
[22:05:26][dlc.cpp:1847]: Could not find files for mod: C:\SteamLibrary\steamapps\workshop\content\281990\3357143726
[22:05:26][dlc.cpp:1847]: Could not find files for mod: C:\SteamLibrary\steamapps\workshop\content\281990\3415581160
[22:05:26][dlc.cpp:1847]: Could not find files for mod: C:\SteamLibrary\steamapps\workshop\content\281990\2438313459
[22:05:26][dlc.cpp:1847]: Could not find files for mod: C:\SteamLibrary\steamapps\workshop\content\281990\2407436476
[22:05:26][dlc.cpp:1847]: Could not find files for mod: C:\SteamLibrary\steamapps\workshop\content\281990\1623423360
[22:05:26][dlc.cpp:1847]: Could not find files for mod: C:\SteamLibrary\steamapps\workshop\content\281990\3339549399
[22:05:26][dlc.cpp:1847]: Could not find files for mod: C:\SteamLibrary\steamapps\workshop\content\281990\3090328185
[22:05:26][dlc.cpp:1847]: Could not find files for mod: C:\SteamLibrary\steamapps\workshop\content\281990\2948301103
[22:05:26][dlc.cpp:1847]: Could not find files for mod: C:\SteamLibrary\steamapps\workshop\content\281990\2976454692
[22:08:17][modifier.cpp:3597]: Invalid timed modifier found in file: save games/acceptance-fixtures/preftl-source.sav/gamestate near line: 37775
[22:08:17][parser_util.h:48]: Failed to read key reference 'origin_heart_of_devouring' from database 'common/governments/civics' at ' file: save games/acceptance-fixtures/preftl-source.sav/gamestate line: 149845'
[22:08:17][parser_util.h:48]: Failed to read key reference 'd_eep_core' from database 'common/deposits' at ' file: save games/acceptance-fixtures/preftl-source.sav/gamestate line: 532119'
[22:08:18][gamestate.cpp:1839]: Repaired savegame, cleared 2 invalid deposits!
[22:09:27][government_restrictions_solver.cpp:1452]: change_government at  common/scripted_effects/pre_ftl_scripted_effects.txt:1767 @ scripted effect set_pre_ftl_age_effect at file: events/first_contact_dlc_situation_events.txt line: 534: Result origin [origin_post_apocalyptic] is not valid
=== Debug Data ===
Country Type: primitive
Origin: origin_post_apocalyptic
Authority: auth_hive_mind
Civics: civic_hive_secret_of_fire civic_hive_the_wheel
Ethics: ethic_gestalt_consciousness
Species Class: FUN
Species Traits: trait_organic trait_pc_tropical_preference trait_communal trait_enduring trait_slow_breeders trait_strong trait_conservational trait_hive_mind
[22:09:27][effect_impl.cpp:12240]: change_government effect failed to calculate configuration for country '甘拉瑞弗文明'[29] at  common/scripted_effects/pre_ftl_scripted_effects.txt:1767 @ scripted effect set_pre_ftl_age_effect at file: events/first_contact_dlc_situation_events.txt line: 534
