[22:05:26][dlc.cpp:1847]: Could not find files for mod: C:\SteamLibrary\steamapps\workshop\content\281990\3797257579
[22:05:26][dlc.cpp:1847]: Could not find files for mod: C:\SteamLibrary\steamapps\workshop\content\281990\3710613857
[22:05:26][dlc.cpp:1847]: Could not find files for mod: C:\SteamLibrary\steamapps\workshop\content\281990\2660548454
[22:05:26][dlc.cpp:1847]: Could not find files for mod: C:\SteamLibrary\steamapps\workshop\content\281990\2411818376
[22:05:26][dlc.cpp:1847]: Could not find files for mod: C:\SteamLibrary\steamapps\workshop\content\281990\2409044128
[22:05:26][dlc.cpp:1847]: Could not find files for mod: C:\SteamLibrary\steamapps\workshop\content\281990\3484461951
[22:05:26][dlc.cpp:1847]: Could not find files for mod: C:\SteamLibrary\steamapps\workshop\content\281990\1199002146
[22:05:26][dlc.cpp:1847]: Could not find files for mod: C:\SteamLibrary\steamapps\workshop\content\281990\2946000546
[22:05:26][dlc.cpp:1847]: Could not find files for mod: C:\SteamLibrary\steamapps\workshop\content\281990\3053655313
[22:05:26][dlc.cpp:1847]: Could not find files for mod: C:\SteamLibrary\steamapps\workshop\content\281990\2956750257
[22:05:26][dlc.cpp:1847]: Could not find files for mod: C:\SteamLibrary\steamapps\workshop\content\281990\1539624733
[22:05:26][dlc.cpp:1847]: Could not find files for mod: C:\SteamLibrary\steamapps\workshop\content\281990\1890399946
[22:05:26][dlc.cpp:1847]: Could not find files for mod: C:\SteamLibrary\steamapps\workshop\content\281990\3357143726
[22:05:26][dlc.cpp:1847]: Could not find files for mod: C:\SteamLibrary\steamapps\workshop\content\281990\3415581160
[22:05:26][dlc.cpp:1847]: Could not find files for mod: C:\SteamLibrary\steamapps\workshop\content\281990\2438313459
[22:05:26][dlc.cpp:1847]: Could not find files for mod: C:\SteamLibrary\steamapps\workshop\content\281990\2407436476
[22:05:26][dlc.cpp:1847]: Could not find files for mod: C:\SteamLibrary\steamapps\workshop\content\281990\1623423360
[22:05:26][dlc.cpp:1847]: Could not find files for mod: C:\SteamLibrary\steamapps\workshop\content\281990\3339549399
[22:05:26][dlc.cpp:1847]: Could not find files for mod: C:\SteamLibrary\steamapps\workshop\content\281990\3090328185
[22:05:26][dlc.cpp:1847]: Could not find files for mod: C:\SteamLibrary\steamapps\workshop\content\281990\2948301103
[22:05:26][dlc.cpp:1847]: Could not find files for mod: C:\SteamLibrary\steamapps\workshop\content\281990\2976454692
[22:08:17][modifier.cpp:3597]: Invalid timed modifier found in file: save games/acceptance-fixtures/preftl-source.sav/gamestate near line: 37775
[22:08:17][parser_util.h:48]: Failed to read key reference 'origin_heart_of_devouring' from database 'common/governments/civics' at ' file: save games/acceptance-fixtures/preftl-source.sav/gamestate line: 149845'
[22:08:17][parser_util.h:48]: Failed to read key reference 'd_eep_core' from database 'common/deposits' at ' file: save games/acceptance-fixtures/preftl-source.sav/gamestate line: 532119'
[22:08:18][gamestate.cpp:1839]: Repaired savegame, cleared 2 invalid deposits!
