[02:08:00][dlc.cpp:1847]: Could not find files for mod: C:\SteamLibrary\steamapps\workshop\content\281990\3797257579
[02:08:00][dlc.cpp:1847]: Could not find files for mod: C:\SteamLibrary\steamapps\workshop\content\281990\3710613857
[02:08:00][dlc.cpp:1847]: Could not find files for mod: C:\SteamLibrary\steamapps\workshop\content\281990\2660548454
[02:08:00][dlc.cpp:1847]: Could not find files for mod: C:\SteamLibrary\steamapps\workshop\content\281990\2411818376
[02:08:00][dlc.cpp:1847]: Could not find files for mod: C:\SteamLibrary\steamapps\workshop\content\281990\2409044128
[02:08:00][dlc.cpp:1847]: Could not find files for mod: C:\SteamLibrary\steamapps\workshop\content\281990\3484461951
[02:08:00][dlc.cpp:1847]: Could not find files for mod: C:\SteamLibrary\steamapps\workshop\content\281990\1199002146
[02:08:00][dlc.cpp:1847]: Could not find files for mod: C:\SteamLibrary\steamapps\workshop\content\281990\2946000546
[02:08:00][dlc.cpp:1847]: Could not find files for mod: C:\SteamLibrary\steamapps\workshop\content\281990\3053655313
[02:08:00][dlc.cpp:1847]: Could not find files for mod: C:\SteamLibrary\steamapps\workshop\content\281990\2956750257
[02:08:00][dlc.cpp:1847]: Could not find files for mod: C:\SteamLibrary\steamapps\workshop\content\281990\1539624733
[02:08:00][dlc.cpp:1847]: Could not find files for mod: C:\SteamLibrary\steamapps\workshop\content\281990\1890399946
[02:08:00][dlc.cpp:1847]: Could not find files for mod: C:\SteamLibrary\steamapps\workshop\content\281990\3357143726
[02:08:00][dlc.cpp:1847]: Could not find files for mod: C:\SteamLibrary\steamapps\workshop\content\281990\3415581160
[02:08:00][dlc.cpp:1847]: Could not find files for mod: C:\SteamLibrary\steamapps\workshop\content\281990\2438313459
[02:08:00][dlc.cpp:1847]: Could not find files for mod: C:\SteamLibrary\steamapps\workshop\content\281990\2407436476
[02:08:00][dlc.cpp:1847]: Could not find files for mod: C:\SteamLibrary\steamapps\workshop\content\281990\1623423360
[02:08:00][dlc.cpp:1847]: Could not find files for mod: C:\SteamLibrary\steamapps\workshop\content\281990\3339549399
[02:08:00][dlc.cpp:1847]: Could not find files for mod: C:\SteamLibrary\steamapps\workshop\content\281990\3090328185
[02:08:00][dlc.cpp:1847]: Could not find files for mod: C:\SteamLibrary\steamapps\workshop\content\281990\2948301103
[02:08:00][dlc.cpp:1847]: Could not find files for mod: C:\SteamLibrary\steamapps\workshop\content\281990\2976454692
[02:09:16][game_singleobjectdatabase.h:170]: Object with key: decision_lithoid_swarm_consume_world already exists, using the one at  file: common/decisions/zz_eep_native_decision.txt line: 2
[03:08:41][variable_values.cpp:236]: Variable eep_move is not set for scoped pop_group 'EEP低级子个体' at  common/scripted_effects/00_scripted_effects.txt:9082 @ scripted effect resettle_pop_group at common/scripted_effects/eep_effects.txt:88 @ scripted effect eep_begin at file: events/eep_probe_boundaries.txt line: 25
[03:08:41][effect_impl_pop.cpp:482]: transfer_pop_amount: the amount of pops to transfer should be more than 0 (got 0) at  common/scripted_effects/00_scripted_effects.txt:9078 @ scripted effect resettle_pop_group at common/scripted_effects/eep_effects.txt:88 @ scripted effect eep_begin at file: events/eep_probe_boundaries.txt line: 25
[03:08:41][variable_values.cpp:236]: Variable eep_move is not set for scoped pop_group 'EEP维护子个体' at  common/scripted_effects/00_scripted_effects.txt:9082 @ scripted effect resettle_pop_group at common/scripted_effects/eep_effects.txt:88 @ scripted effect eep_begin at file: events/eep_probe_boundaries.txt line: 25
[03:08:41][variable_values.cpp:236]: Variable eep_move is not set for scoped pop_group 'EEP复合子个体' at  common/scripted_effects/00_scripted_effects.txt:9082 @ scripted effect resettle_pop_group at common/scripted_effects/eep_effects.txt:88 @ scripted effect eep_begin at file: events/eep_probe_boundaries.txt line: 25
