[02:08:01][game_application.cpp:250]: Game Version: Cygnus v4.5.2
[02:08:01][defines.cpp:162]: 2132 defines loaded
[02:08:01][defines.cpp:196]: 254 interface defines loaded
[02:12:57][effect_impl.cpp:22217]: [2200.1.2] Log effect, file: events/eep_probe_events.txt line: 94. EEP_PROBE country EEP 03 铁心灭绝者: C=0 G=0 D=2 manufactured=0 worlds=0
[02:12:57][effect_impl.cpp:22217]: [2200.1.2] Log effect, file: events/eep_probe_events.txt line: 95. EEP_PROBE qualified=YES
[02:12:57][effect_impl.cpp:22217]: [2200.1.2] Log effect, file: events/eep_probe_events.txt line: 97. EEP_PROBE core_available=YES
[02:12:57][effect_impl.cpp:22217]: [2200.1.2] Log effect, file: events/eep_probe_events.txt line: 100. EEP_PROBE source Q=20 T=48
[02:12:57][effect_impl.cpp:22217]: [2200.1.2] Log effect, file: events/eep_probe_events.txt line: 102. EEP_PROBE active=NO
[02:12:57][effect_impl.cpp:22217]: [2200.1.2] Log effect, file: events/eep_probe_events.txt line: 104. EEP_PROBE shattered=NO
[02:13:26][effect_impl.cpp:22217]: [2200.1.2] Log effect, file: events/eep_probe_events.txt line: 63. EEP_MONTH country=EEP 03 铁心灭绝者 C=0 G=0 D=2 made=0 worlds=0
[02:13:26][effect_impl.cpp:22217]: [2200.1.2] Log effect, file: events/eep_probe_events.txt line: 70. EEP_MONTH source=EEP-UI-Q20 Q=20 T=48 progress=0
[02:13:26][effect_impl.cpp:22217]: [2200.1.2] Log effect, file: events/eep_probe_events.txt line: 72. EEP_MONTH operational=YES
[02:13:26][effect_impl.cpp:22217]: [2200.1.2] Log effect, file: events/eep_probe_events.txt line: 76. EEP_DLC Nemesis=YES
[02:13:26][effect_impl.cpp:22217]: [2200.1.2] Log effect, file: events/eep_probe_events.txt line: 78. EEP_DLC Shroud=YES
[02:14:51][effect_impl.cpp:22217]: [2200.1.2] Log effect, file: events/eep_probe_events.txt line: 63. EEP_MONTH country=EEP 03 铁心灭绝者 C=20 G=20 D=7 made=300 worlds=1
[02:14:51][effect_impl.cpp:22217]: [2200.1.2] Log effect, file: events/eep_probe_events.txt line: 70. EEP_MONTH source=EEP-UI-Q20 Q=20 T=48 progress=48
[02:14:51][effect_impl.cpp:22217]: [2200.1.2] Log effect, file: events/eep_probe_events.txt line: 73. EEP_MONTH operational=NO
[02:18:37][effect_impl.cpp:22217]: [2200.1.3] Log effect, file: events/eep_probe_events.txt line: 63. EEP_MONTH country=EEP 03 铁心灭绝者 C=0 G=0 D=2 made=0 worlds=0
[02:18:37][effect_impl.cpp:22217]: [2200.1.3] Log effect, file: events/eep_probe_events.txt line: 70. EEP_MONTH source=EEP-UI-Q20 Q=20 T=48 progress=0
[02:18:37][effect_impl.cpp:22217]: [2200.1.3] Log effect, file: events/eep_probe_events.txt line: 72. EEP_MONTH operational=YES
[02:18:37][effect_impl.cpp:22217]: [2200.1.3] Log effect, file: events/eep_probe_events.txt line: 76. EEP_DLC Nemesis=YES
[02:18:37][effect_impl.cpp:22217]: [2200.1.3] Log effect, file: events/eep_probe_events.txt line: 78. EEP_DLC Shroud=YES
[02:20:04][effect_impl.cpp:22217]: [2200.2.3] Log effect, file: events/eep_probe_events.txt line: 63. EEP_MONTH country=EEP 03 铁心灭绝者 C=0 G=0 D=2 made=0 worlds=0
[02:20:04][effect_impl.cpp:22217]: [2200.2.3] Log effect, file: events/eep_probe_events.txt line: 70. EEP_MONTH source=EEP-UI-Q20 Q=20 T=48 progress=1
[02:20:04][effect_impl.cpp:22217]: [2200.2.3] Log effect, file: events/eep_probe_events.txt line: 72. EEP_MONTH operational=YES
[02:20:04][effect_impl.cpp:22217]: [2200.2.3] Log effect, file: events/eep_probe_events.txt line: 76. EEP_DLC Nemesis=YES
[02:20:04][effect_impl.cpp:22217]: [2200.2.3] Log effect, file: events/eep_probe_events.txt line: 78. EEP_DLC Shroud=YES
[02:21:08][effect_impl.cpp:22217]: [2200.2.3] Log effect, file: events/eep_probe_events.txt line: 70. EEP_MONTH source=EEP-UI-Q20 Q=20 T=48 progress=48
[02:22:59][effect_impl.cpp:22217]: [2200.3.3] Log effect, file: events/eep_probe_events.txt line: 63. EEP_MONTH country=EEP 03 铁心灭绝者 C=0 G=0 D=2 made=0 worlds=0
[02:22:59][effect_impl.cpp:22217]: [2200.3.3] Log effect, file: events/eep_probe_events.txt line: 70. EEP_MONTH source=EEP-UI-Q20 Q=20 T=48 progress=48
[02:22:59][effect_impl.cpp:22217]: [2200.3.3] Log effect, file: events/eep_probe_events.txt line: 72. EEP_MONTH operational=YES
[02:22:59][effect_impl.cpp:22217]: [2200.3.3] Log effect, file: events/eep_probe_events.txt line: 76. EEP_DLC Nemesis=YES
[02:22:59][effect_impl.cpp:22217]: [2200.3.3] Log effect, file: events/eep_probe_events.txt line: 78. EEP_DLC Shroud=YES
[02:23:32][effect_impl.cpp:22217]: [2200.4.3] Log effect, file: events/eep_probe_events.txt line: 63. EEP_MONTH country=EEP 03 铁心灭绝者 C=0 G=0 D=2 made=0 worlds=0
[02:23:32][effect_impl.cpp:22217]: [2200.4.3] Log effect, file: events/eep_probe_events.txt line: 70. EEP_MONTH source=EEP-UI-Q20 Q=20 T=48 progress=48
[02:23:32][effect_impl.cpp:22217]: [2200.4.3] Log effect, file: events/eep_probe_events.txt line: 72. EEP_MONTH operational=YES
[02:23:32][effect_impl.cpp:22217]: [2200.4.3] Log effect, file: events/eep_probe_events.txt line: 76. EEP_DLC Nemesis=YES
[02:23:32][effect_impl.cpp:22217]: [2200.4.3] Log effect, file: events/eep_probe_events.txt line: 78. EEP_DLC Shroud=YES
[02:23:32][effect_impl.cpp:22217]: [2200.5.3] Log effect, file: events/eep_probe_events.txt line: 63. EEP_MONTH country=EEP 03 铁心灭绝者 C=0 G=0 D=2 made=0 worlds=0
[02:23:32][effect_impl.cpp:22217]: [2200.5.3] Log effect, file: events/eep_probe_events.txt line: 70. EEP_MONTH source=EEP-UI-Q20 Q=20 T=48 progress=48
[02:23:32][effect_impl.cpp:22217]: [2200.5.3] Log effect, file: events/eep_probe_events.txt line: 72. EEP_MONTH operational=YES
[02:23:32][effect_impl.cpp:22217]: [2200.5.3] Log effect, file: events/eep_probe_events.txt line: 76. EEP_DLC Nemesis=YES
[02:23:32][effect_impl.cpp:22217]: [2200.5.3] Log effect, file: events/eep_probe_events.txt line: 78. EEP_DLC Shroud=YES
[02:23:32][effect_impl.cpp:22217]: [2200.6.3] Log effect, file: events/eep_probe_events.txt line: 63. EEP_MONTH country=EEP 03 铁心灭绝者 C=0 G=0 D=2 made=0 worlds=0
[02:23:32][effect_impl.cpp:22217]: [2200.6.3] Log effect, file: events/eep_probe_events.txt line: 70. EEP_MONTH source=EEP-UI-Q20 Q=20 T=48 progress=48
[02:23:32][effect_impl.cpp:22217]: [2200.6.3] Log effect, file: events/eep_probe_events.txt line: 72. EEP_MONTH operational=YES
[02:23:32][effect_impl.cpp:22217]: [2200.6.3] Log effect, file: events/eep_probe_events.txt line: 76. EEP_DLC Nemesis=YES
[02:23:32][effect_impl.cpp:22217]: [2200.6.3] Log effect, file: events/eep_probe_events.txt line: 78. EEP_DLC Shroud=YES
[02:23:33][effect_impl.cpp:22217]: [2200.7.3] Log effect, file: events/eep_probe_events.txt line: 63. EEP_MONTH country=EEP 03 铁心灭绝者 C=0 G=0 D=2 made=0 worlds=0
[02:23:33][effect_impl.cpp:22217]: [2200.7.3] Log effect, file: events/eep_probe_events.txt line: 70. EEP_MONTH source=EEP-UI-Q20 Q=20 T=48 progress=48
[02:23:33][effect_impl.cpp:22217]: [2200.7.3] Log effect, file: events/eep_probe_events.txt line: 72. EEP_MONTH operational=YES
[02:23:33][effect_impl.cpp:22217]: [2200.7.3] Log effect, file: events/eep_probe_events.txt line: 76. EEP_DLC Nemesis=YES
[02:23:33][effect_impl.cpp:22217]: [2200.7.3] Log effect, file: events/eep_probe_events.txt line: 78. EEP_DLC Shroud=YES
[02:23:33][effect_impl.cpp:22217]: [2200.8.3] Log effect, file: events/eep_probe_events.txt line: 63. EEP_MONTH country=EEP 03 铁心灭绝者 C=0 G=0 D=2 made=0 worlds=0
[02:23:33][effect_impl.cpp:22217]: [2200.8.3] Log effect, file: events/eep_probe_events.txt line: 70. EEP_MONTH source=EEP-UI-Q20 Q=20 T=48 progress=48
[02:23:33][effect_impl.cpp:22217]: [2200.8.3] Log effect, file: events/eep_probe_events.txt line: 72. EEP_MONTH operational=YES
[02:23:33][effect_impl.cpp:22217]: [2200.8.3] Log effect, file: events/eep_probe_events.txt line: 76. EEP_DLC Nemesis=YES
[02:23:33][effect_impl.cpp:22217]: [2200.8.3] Log effect, file: events/eep_probe_events.txt line: 78. EEP_DLC Shroud=YES
[02:23:33][effect_impl.cpp:22217]: [2200.9.3] Log effect, file: events/eep_probe_events.txt line: 63. EEP_MONTH country=EEP 03 铁心灭绝者 C=0 G=0 D=2 made=0 worlds=0
[02:23:33][effect_impl.cpp:22217]: [2200.9.3] Log effect, file: events/eep_probe_events.txt line: 70. EEP_MONTH source=EEP-UI-Q20 Q=20 T=48 progress=48
[02:23:33][effect_impl.cpp:22217]: [2200.9.3] Log effect, file: events/eep_probe_events.txt line: 72. EEP_MONTH operational=YES
[02:23:33][effect_impl.cpp:22217]: [2200.9.3] Log effect, file: events/eep_probe_events.txt line: 76. EEP_DLC Nemesis=YES
[02:23:33][effect_impl.cpp:22217]: [2200.9.3] Log effect, file: events/eep_probe_events.txt line: 78. EEP_DLC Shroud=YES
[02:23:34][effect_impl.cpp:22217]: [2200.10.3] Log effect, file: events/eep_probe_events.txt line: 63. EEP_MONTH country=EEP 03 铁心灭绝者 C=0 G=0 D=2 made=0 worlds=0
[02:23:34][effect_impl.cpp:22217]: [2200.10.3] Log effect, file: events/eep_probe_events.txt line: 70. EEP_MONTH source=EEP-UI-Q20 Q=20 T=48 progress=48
[02:23:34][effect_impl.cpp:22217]: [2200.10.3] Log effect, file: events/eep_probe_events.txt line: 72. EEP_MONTH operational=YES
[02:23:34][effect_impl.cpp:22217]: [2200.10.3] Log effect, file: events/eep_probe_events.txt line: 76. EEP_DLC Nemesis=YES
[02:23:34][effect_impl.cpp:22217]: [2200.10.3] Log effect, file: events/eep_probe_events.txt line: 78. EEP_DLC Shroud=YES
[02:23:34][effect_impl.cpp:22217]: [2200.11.3] Log effect, file: events/eep_probe_events.txt line: 63. EEP_MONTH country=EEP 03 铁心灭绝者 C=0 G=0 D=2 made=0 worlds=0
[02:23:34][effect_impl.cpp:22217]: [2200.11.3] Log effect, file: events/eep_probe_events.txt line: 70. EEP_MONTH source=EEP-UI-Q20 Q=20 T=48 progress=48
[02:23:34][effect_impl.cpp:22217]: [2200.11.3] Log effect, file: events/eep_probe_events.txt line: 72. EEP_MONTH operational=YES
[02:23:34][effect_impl.cpp:22217]: [2200.11.3] Log effect, file: events/eep_probe_events.txt line: 76. EEP_DLC Nemesis=YES
[02:23:34][effect_impl.cpp:22217]: [2200.11.3] Log effect, file: events/eep_probe_events.txt line: 78. EEP_DLC Shroud=YES
[02:23:35][effect_impl.cpp:22217]: [2200.12.3] Log effect, file: events/eep_probe_events.txt line: 63. EEP_MONTH country=EEP 03 铁心灭绝者 C=0 G=0 D=2 made=0 worlds=0
[02:23:35][effect_impl.cpp:22217]: [2200.12.3] Log effect, file: events/eep_probe_events.txt line: 70. EEP_MONTH source=EEP-UI-Q20 Q=20 T=48 progress=48
[02:23:35][effect_impl.cpp:22217]: [2200.12.3] Log effect, file: events/eep_probe_events.txt line: 72. EEP_MONTH operational=YES
[02:23:35][effect_impl.cpp:22217]: [2200.12.3] Log effect, file: events/eep_probe_events.txt line: 76. EEP_DLC Nemesis=YES
[02:23:35][effect_impl.cpp:22217]: [2200.12.3] Log effect, file: events/eep_probe_events.txt line: 78. EEP_DLC Shroud=YES
[02:23:35][effect_impl.cpp:22217]: [2201.1.3] Log effect, file: events/eep_probe_events.txt line: 63. EEP_MONTH country=EEP 03 铁心灭绝者 C=0 G=0 D=2 made=0 worlds=0
[02:23:35][effect_impl.cpp:22217]: [2201.1.3] Log effect, file: events/eep_probe_events.txt line: 70. EEP_MONTH source=EEP-UI-Q20 Q=20 T=48 progress=48
[02:23:35][effect_impl.cpp:22217]: [2201.1.3] Log effect, file: events/eep_probe_events.txt line: 72. EEP_MONTH operational=YES
[02:23:35][effect_impl.cpp:22217]: [2201.1.3] Log effect, file: events/eep_probe_events.txt line: 76. EEP_DLC Nemesis=YES
[02:23:35][effect_impl.cpp:22217]: [2201.1.3] Log effect, file: events/eep_probe_events.txt line: 78. EEP_DLC Shroud=YES
[02:23:35][effect_impl.cpp:22217]: [2201.2.3] Log effect, file: events/eep_probe_events.txt line: 63. EEP_MONTH country=EEP 03 铁心灭绝者 C=0 G=0 D=2 made=0 worlds=0
[02:23:35][effect_impl.cpp:22217]: [2201.2.3] Log effect, file: events/eep_probe_events.txt line: 70. EEP_MONTH source=EEP-UI-Q20 Q=20 T=48 progress=48
[02:23:35][effect_impl.cpp:22217]: [2201.2.3] Log effect, file: events/eep_probe_events.txt line: 72. EEP_MONTH operational=YES
[02:23:35][effect_impl.cpp:22217]: [2201.2.3] Log effect, file: events/eep_probe_events.txt line: 76. EEP_DLC Nemesis=YES
[02:23:35][effect_impl.cpp:22217]: [2201.2.3] Log effect, file: events/eep_probe_events.txt line: 78. EEP_DLC Shroud=YES
[02:23:36][effect_impl.cpp:22217]: [2201.3.3] Log effect, file: events/eep_probe_events.txt line: 63. EEP_MONTH country=EEP 03 铁心灭绝者 C=0 G=0 D=2 made=0 worlds=0
[02:23:36][effect_impl.cpp:22217]: [2201.3.3] Log effect, file: events/eep_probe_events.txt line: 70. EEP_MONTH source=EEP-UI-Q20 Q=20 T=48 progress=48
[02:23:36][effect_impl.cpp:22217]: [2201.3.3] Log effect, file: events/eep_probe_events.txt line: 72. EEP_MONTH operational=YES
[02:23:36][effect_impl.cpp:22217]: [2201.3.3] Log effect, file: events/eep_probe_events.txt line: 76. EEP_DLC Nemesis=YES
[02:23:36][effect_impl.cpp:22217]: [2201.3.3] Log effect, file: events/eep_probe_events.txt line: 78. EEP_DLC Shroud=YES
[02:23:36][effect_impl.cpp:22217]: [2201.4.3] Log effect, file: events/eep_probe_events.txt line: 63. EEP_MONTH country=EEP 03 铁心灭绝者 C=0 G=0 D=2 made=0 worlds=0
[02:23:36][effect_impl.cpp:22217]: [2201.4.3] Log effect, file: events/eep_probe_events.txt line: 70. EEP_MONTH source=EEP-UI-Q20 Q=20 T=48 progress=48
[02:23:36][effect_impl.cpp:22217]: [2201.4.3] Log effect, file: events/eep_probe_events.txt line: 72. EEP_MONTH operational=YES
[02:23:36][effect_impl.cpp:22217]: [2201.4.3] Log effect, file: events/eep_probe_events.txt line: 76. EEP_DLC Nemesis=YES
[02:23:36][effect_impl.cpp:22217]: [2201.4.3] Log effect, file: events/eep_probe_events.txt line: 78. EEP_DLC Shroud=YES
[02:23:36][effect_impl.cpp:22217]: [2201.5.3] Log effect, file: events/eep_probe_events.txt line: 63. EEP_MONTH country=EEP 03 铁心灭绝者 C=0 G=0 D=2 made=0 worlds=0
[02:23:36][effect_impl.cpp:22217]: [2201.5.3] Log effect, file: events/eep_probe_events.txt line: 70. EEP_MONTH source=EEP-UI-Q20 Q=20 T=48 progress=48
[02:23:36][effect_impl.cpp:22217]: [2201.5.3] Log effect, file: events/eep_probe_events.txt line: 72. EEP_MONTH operational=YES
[02:23:36][effect_impl.cpp:22217]: [2201.5.3] Log effect, file: events/eep_probe_events.txt line: 76. EEP_DLC Nemesis=YES
[02:23:36][effect_impl.cpp:22217]: [2201.5.3] Log effect, file: events/eep_probe_events.txt line: 78. EEP_DLC Shroud=YES
[02:23:37][effect_impl.cpp:22217]: [2201.6.3] Log effect, file: events/eep_probe_events.txt line: 63. EEP_MONTH country=EEP 03 铁心灭绝者 C=0 G=0 D=2 made=0 worlds=0
[02:23:37][effect_impl.cpp:22217]: [2201.6.3] Log effect, file: events/eep_probe_events.txt line: 70. EEP_MONTH source=EEP-UI-Q20 Q=20 T=48 progress=48
[02:23:37][effect_impl.cpp:22217]: [2201.6.3] Log effect, file: events/eep_probe_events.txt line: 72. EEP_MONTH operational=YES
[02:23:37][effect_impl.cpp:22217]: [2201.6.3] Log effect, file: events/eep_probe_events.txt line: 76. EEP_DLC Nemesis=YES
[02:23:37][effect_impl.cpp:22217]: [2201.6.3] Log effect, file: events/eep_probe_events.txt line: 78. EEP_DLC Shroud=YES
[02:23:37][effect_impl.cpp:22217]: [2201.7.3] Log effect, file: events/eep_probe_events.txt line: 63. EEP_MONTH country=EEP 03 铁心灭绝者 C=20 G=20 D=7 made=300 worlds=1
[02:23:37][effect_impl.cpp:22217]: [2201.7.3] Log effect, file: events/eep_probe_events.txt line: 70. EEP_MONTH source=EEP-UI-Q20 Q=20 T=48 progress=48
[02:23:37][effect_impl.cpp:22217]: [2201.7.3] Log effect, file: events/eep_probe_events.txt line: 73. EEP_MONTH operational=NO
[02:23:37][effect_impl.cpp:22217]: [2201.7.3] Log effect, file: events/eep_probe_events.txt line: 76. EEP_DLC Nemesis=YES
[02:23:37][effect_impl.cpp:22217]: [2201.7.3] Log effect, file: events/eep_probe_events.txt line: 78. EEP_DLC Shroud=YES
[02:23:38][effect_impl.cpp:22217]: [2201.8.3] Log effect, file: events/eep_probe_events.txt line: 63. EEP_MONTH country=EEP 03 铁心灭绝者 C=20 G=20 D=7 made=300 worlds=1
[02:23:38][effect_impl.cpp:22217]: [2201.8.3] Log effect, file: events/eep_probe_events.txt line: 76. EEP_DLC Nemesis=YES
[02:23:38][effect_impl.cpp:22217]: [2201.8.3] Log effect, file: events/eep_probe_events.txt line: 78. EEP_DLC Shroud=YES
[02:23:38][effect_impl.cpp:22217]: [2201.9.3] Log effect, file: events/eep_probe_events.txt line: 63. EEP_MONTH country=EEP 03 铁心灭绝者 C=20 G=20 D=7 made=300 worlds=1
[02:23:38][effect_impl.cpp:22217]: [2201.9.3] Log effect, file: events/eep_probe_events.txt line: 76. EEP_DLC Nemesis=YES
[02:23:38][effect_impl.cpp:22217]: [2201.9.3] Log effect, file: events/eep_probe_events.txt line: 78. EEP_DLC Shroud=YES
[02:23:38][effect_impl.cpp:22217]: [2201.10.3] Log effect, file: events/eep_probe_events.txt line: 63. EEP_MONTH country=EEP 03 铁心灭绝者 C=20 G=20 D=7 made=300 worlds=1
[02:23:38][effect_impl.cpp:22217]: [2201.10.3] Log effect, file: events/eep_probe_events.txt line: 76. EEP_DLC Nemesis=YES
[02:23:38][effect_impl.cpp:22217]: [2201.10.3] Log effect, file: events/eep_probe_events.txt line: 78. EEP_DLC Shroud=YES
[02:23:39][effect_impl.cpp:22217]: [2201.11.3] Log effect, file: events/eep_probe_events.txt line: 63. EEP_MONTH country=EEP 03 铁心灭绝者 C=20 G=20 D=7 made=300 worlds=1
[02:23:39][effect_impl.cpp:22217]: [2201.11.3] Log effect, file: events/eep_probe_events.txt line: 76. EEP_DLC Nemesis=YES
[02:23:39][effect_impl.cpp:22217]: [2201.11.3] Log effect, file: events/eep_probe_events.txt line: 78. EEP_DLC Shroud=YES
[02:23:56][effect_impl.cpp:22217]: [2201.12.3] Log effect, file: events/eep_probe_events.txt line: 63. EEP_MONTH country=EEP 03 铁心灭绝者 C=20 G=20 D=7 made=300 worlds=1
[02:23:56][effect_impl.cpp:22217]: [2201.12.3] Log effect, file: events/eep_probe_events.txt line: 76. EEP_DLC Nemesis=YES
[02:23:56][effect_impl.cpp:22217]: [2201.12.3] Log effect, file: events/eep_probe_events.txt line: 78. EEP_DLC Shroud=YES
[02:23:57][effect_impl.cpp:22217]: [2202.1.3] Log effect, file: events/eep_probe_events.txt line: 63. EEP_MONTH country=EEP 03 铁心灭绝者 C=20 G=20 D=7 made=300 worlds=1
[02:23:57][effect_impl.cpp:22217]: [2202.1.3] Log effect, file: events/eep_probe_events.txt line: 76. EEP_DLC Nemesis=YES
[02:23:57][effect_impl.cpp:22217]: [2202.1.3] Log effect, file: events/eep_probe_events.txt line: 78. EEP_DLC Shroud=YES
[02:23:57][effect_impl.cpp:22217]: [2202.2.3] Log effect, file: events/eep_probe_events.txt line: 63. EEP_MONTH country=EEP 03 铁心灭绝者 C=20 G=20 D=7 made=300 worlds=1
[02:23:57][effect_impl.cpp:22217]: [2202.2.3] Log effect, file: events/eep_probe_events.txt line: 76. EEP_DLC Nemesis=YES
[02:23:57][effect_impl.cpp:22217]: [2202.2.3] Log effect, file: events/eep_probe_events.txt line: 78. EEP_DLC Shroud=YES
[02:23:57][effect_impl.cpp:22217]: [2202.3.3] Log effect, file: events/eep_probe_events.txt line: 63. EEP_MONTH country=EEP 03 铁心灭绝者 C=20 G=20 D=7 made=300 worlds=1
[02:23:57][effect_impl.cpp:22217]: [2202.3.3] Log effect, file: events/eep_probe_events.txt line: 76. EEP_DLC Nemesis=YES
[02:23:57][effect_impl.cpp:22217]: [2202.3.3] Log effect, file: events/eep_probe_events.txt line: 78. EEP_DLC Shroud=YES
[02:23:58][eventcommands.cpp:88]: Event eep.10 added info about event selection. selectedOption 0, human -1, playerEventId 2
[02:23:58][effect_impl.cpp:22217]: [2202.4.3] Log effect, file: events/eep_probe_events.txt line: 63. EEP_MONTH country=EEP 03 铁心灭绝者 C=20 G=20 D=7 made=300 worlds=1
[02:23:58][effect_impl.cpp:22217]: [2202.4.3] Log effect, file: events/eep_probe_events.txt line: 76. EEP_DLC Nemesis=YES
[02:23:58][effect_impl.cpp:22217]: [2202.4.3] Log effect, file: events/eep_probe_events.txt line: 78. EEP_DLC Shroud=YES
[02:23:58][effect_impl.cpp:22217]: [2202.5.3] Log effect, file: events/eep_probe_events.txt line: 63. EEP_MONTH country=EEP 03 铁心灭绝者 C=20 G=20 D=7 made=300 worlds=1
[02:23:58][effect_impl.cpp:22217]: [2202.5.3] Log effect, file: events/eep_probe_events.txt line: 76. EEP_DLC Nemesis=YES
[02:23:58][effect_impl.cpp:22217]: [2202.5.3] Log effect, file: events/eep_probe_events.txt line: 78. EEP_DLC Shroud=YES
[02:23:58][effect_impl.cpp:22217]: [2202.6.3] Log effect, file: events/eep_probe_events.txt line: 63. EEP_MONTH country=EEP 03 铁心灭绝者 C=20 G=20 D=7 made=300 worlds=1
[02:23:58][effect_impl.cpp:22217]: [2202.6.3] Log effect, file: events/eep_probe_events.txt line: 76. EEP_DLC Nemesis=YES
[02:23:58][effect_impl.cpp:22217]: [2202.6.3] Log effect, file: events/eep_probe_events.txt line: 78. EEP_DLC Shroud=YES
[02:23:59][effect_impl.cpp:22217]: [2202.7.3] Log effect, file: events/eep_probe_events.txt line: 63. EEP_MONTH country=EEP 03 铁心灭绝者 C=20 G=20 D=7 made=300 worlds=1
[02:23:59][effect_impl.cpp:22217]: [2202.7.3] Log effect, file: events/eep_probe_events.txt line: 76. EEP_DLC Nemesis=YES
[02:23:59][effect_impl.cpp:22217]: [2202.7.3] Log effect, file: events/eep_probe_events.txt line: 78. EEP_DLC Shroud=YES
[02:23:59][effect_impl.cpp:22217]: [2202.8.3] Log effect, file: events/eep_probe_events.txt line: 63. EEP_MONTH country=EEP 03 铁心灭绝者 C=20 G=20 D=7 made=300 worlds=1
[02:23:59][effect_impl.cpp:22217]: [2202.8.3] Log effect, file: events/eep_probe_events.txt line: 76. EEP_DLC Nemesis=YES
[02:23:59][effect_impl.cpp:22217]: [2202.8.3] Log effect, file: events/eep_probe_events.txt line: 78. EEP_DLC Shroud=YES
[02:23:59][effect_impl.cpp:22217]: [2202.9.3] Log effect, file: events/eep_probe_events.txt line: 63. EEP_MONTH country=EEP 03 铁心灭绝者 C=20 G=20 D=7 made=300 worlds=1
[02:23:59][effect_impl.cpp:22217]: [2202.9.3] Log effect, file: events/eep_probe_events.txt line: 76. EEP_DLC Nemesis=YES
[02:23:59][effect_impl.cpp:22217]: [2202.9.3] Log effect, file: events/eep_probe_events.txt line: 78. EEP_DLC Shroud=YES
[02:24:00][effect_impl.cpp:22217]: [2202.10.3] Log effect, file: events/eep_probe_events.txt line: 63. EEP_MONTH country=EEP 03 铁心灭绝者 C=20 G=20 D=7 made=300 worlds=1
[02:24:00][effect_impl.cpp:22217]: [2202.10.3] Log effect, file: events/eep_probe_events.txt line: 76. EEP_DLC Nemesis=YES
[02:24:00][effect_impl.cpp:22217]: [2202.10.3] Log effect, file: events/eep_probe_events.txt line: 78. EEP_DLC Shroud=YES
[02:24:00][effect_impl.cpp:22217]: [2202.11.3] Log effect, file: events/eep_probe_events.txt line: 63. EEP_MONTH country=EEP 03 铁心灭绝者 C=20 G=20 D=7 made=300 worlds=1
[02:24:00][effect_impl.cpp:22217]: [2202.11.3] Log effect, file: events/eep_probe_events.txt line: 76. EEP_DLC Nemesis=YES
[02:24:00][effect_impl.cpp:22217]: [2202.11.3] Log effect, file: events/eep_probe_events.txt line: 78. EEP_DLC Shroud=YES
[02:24:01][effect_impl.cpp:22217]: [2202.12.3] Log effect, file: events/eep_probe_events.txt line: 63. EEP_MONTH country=EEP 03 铁心灭绝者 C=20 G=20 D=7 made=300 worlds=1
[02:24:01][effect_impl.cpp:22217]: [2202.12.3] Log effect, file: events/eep_probe_events.txt line: 76. EEP_DLC Nemesis=YES
[02:24:01][effect_impl.cpp:22217]: [2202.12.3] Log effect, file: events/eep_probe_events.txt line: 78. EEP_DLC Shroud=YES
[02:24:01][effect_impl.cpp:22217]: [2203.1.3] Log effect, file: events/eep_probe_events.txt line: 63. EEP_MONTH country=EEP 03 铁心灭绝者 C=20 G=20 D=7 made=300 worlds=1
[02:24:01][effect_impl.cpp:22217]: [2203.1.3] Log effect, file: events/eep_probe_events.txt line: 76. EEP_DLC Nemesis=YES
[02:24:01][effect_impl.cpp:22217]: [2203.1.3] Log effect, file: events/eep_probe_events.txt line: 78. EEP_DLC Shroud=YES
[02:24:02][effect_impl.cpp:22217]: [2203.2.3] Log effect, file: events/eep_probe_events.txt line: 63. EEP_MONTH country=EEP 03 铁心灭绝者 C=20 G=20 D=7 made=300 worlds=1
[02:24:02][effect_impl.cpp:22217]: [2203.2.3] Log effect, file: events/eep_probe_events.txt line: 76. EEP_DLC Nemesis=YES
[02:24:02][effect_impl.cpp:22217]: [2203.2.3] Log effect, file: events/eep_probe_events.txt line: 78. EEP_DLC Shroud=YES
[02:24:02][effect_impl.cpp:22217]: [2203.3.3] Log effect, file: events/eep_probe_events.txt line: 63. EEP_MONTH country=EEP 03 铁心灭绝者 C=20 G=20 D=7 made=300 worlds=1
[02:24:02][effect_impl.cpp:22217]: [2203.3.3] Log effect, file: events/eep_probe_events.txt line: 76. EEP_DLC Nemesis=YES
[02:24:02][effect_impl.cpp:22217]: [2203.3.3] Log effect, file: events/eep_probe_events.txt line: 78. EEP_DLC Shroud=YES
[02:24:03][effect_impl.cpp:22217]: [2203.4.3] Log effect, file: events/eep_probe_events.txt line: 63. EEP_MONTH country=EEP 03 铁心灭绝者 C=20 G=20 D=7 made=300 worlds=1
[02:24:03][effect_impl.cpp:22217]: [2203.4.3] Log effect, file: events/eep_probe_events.txt line: 76. EEP_DLC Nemesis=YES
[02:24:03][effect_impl.cpp:22217]: [2203.4.3] Log effect, file: events/eep_probe_events.txt line: 78. EEP_DLC Shroud=YES
[02:24:03][effect_impl.cpp:22217]: [2203.5.3] Log effect, file: events/eep_probe_events.txt line: 63. EEP_MONTH country=EEP 03 铁心灭绝者 C=20 G=20 D=7 made=300 worlds=1
[02:24:03][effect_impl.cpp:22217]: [2203.5.3] Log effect, file: events/eep_probe_events.txt line: 76. EEP_DLC Nemesis=YES
[02:24:03][effect_impl.cpp:22217]: [2203.5.3] Log effect, file: events/eep_probe_events.txt line: 78. EEP_DLC Shroud=YES
[02:24:04][effect_impl.cpp:22217]: [2203.6.3] Log effect, file: events/eep_probe_events.txt line: 63. EEP_MONTH country=EEP 03 铁心灭绝者 C=20 G=20 D=7 made=300 worlds=1
[02:24:04][effect_impl.cpp:22217]: [2203.6.3] Log effect, file: events/eep_probe_events.txt line: 76. EEP_DLC Nemesis=YES
[02:24:04][effect_impl.cpp:22217]: [2203.6.3] Log effect, file: events/eep_probe_events.txt line: 78. EEP_DLC Shroud=YES
[02:24:04][effect_impl.cpp:22217]: [2203.7.3] Log effect, file: events/eep_probe_events.txt line: 63. EEP_MONTH country=EEP 03 铁心灭绝者 C=20 G=20 D=7 made=300 worlds=1
[02:24:04][effect_impl.cpp:22217]: [2203.7.3] Log effect, file: events/eep_probe_events.txt line: 76. EEP_DLC Nemesis=YES
[02:24:04][effect_impl.cpp:22217]: [2203.7.3] Log effect, file: events/eep_probe_events.txt line: 78. EEP_DLC Shroud=YES
[02:24:05][effect_impl.cpp:22217]: [2203.8.3] Log effect, file: events/eep_probe_events.txt line: 63. EEP_MONTH country=EEP 03 铁心灭绝者 C=20 G=20 D=7 made=300 worlds=1
[02:24:05][effect_impl.cpp:22217]: [2203.8.3] Log effect, file: events/eep_probe_events.txt line: 76. EEP_DLC Nemesis=YES
[02:24:05][effect_impl.cpp:22217]: [2203.8.3] Log effect, file: events/eep_probe_events.txt line: 78. EEP_DLC Shroud=YES
[02:24:05][effect_impl.cpp:22217]: [2203.9.3] Log effect, file: events/eep_probe_events.txt line: 63. EEP_MONTH country=EEP 03 铁心灭绝者 C=20 G=20 D=7 made=300 worlds=1
[02:24:05][effect_impl.cpp:22217]: [2203.9.3] Log effect, file: events/eep_probe_events.txt line: 76. EEP_DLC Nemesis=YES
[02:24:05][effect_impl.cpp:22217]: [2203.9.3] Log effect, file: events/eep_probe_events.txt line: 78. EEP_DLC Shroud=YES
[02:24:05][effect_impl.cpp:22217]: [2203.10.3] Log effect, file: events/eep_probe_events.txt line: 63. EEP_MONTH country=EEP 03 铁心灭绝者 C=20 G=20 D=7 made=300 worlds=1
[02:24:05][effect_impl.cpp:22217]: [2203.10.3] Log effect, file: events/eep_probe_events.txt line: 76. EEP_DLC Nemesis=YES
[02:24:05][effect_impl.cpp:22217]: [2203.10.3] Log effect, file: events/eep_probe_events.txt line: 78. EEP_DLC Shroud=YES
[02:24:06][eventcommands.cpp:88]: Event astral_planes.2125 added info about event selection. selectedOption 0, human -1, playerEventId 4
[02:24:06][eventcommands.cpp:88]: Event eep.11 added info about event selection. selectedOption 0, human -1, playerEventId 3
[02:24:06][effect_impl.cpp:22217]: [2203.11.3] Log effect, file: events/eep_probe_events.txt line: 63. EEP_MONTH country=EEP 03 铁心灭绝者 C=20 G=20 D=7 made=300 worlds=1
[02:24:06][effect_impl.cpp:22217]: [2203.11.3] Log effect, file: events/eep_probe_events.txt line: 76. EEP_DLC Nemesis=YES
[02:24:06][effect_impl.cpp:22217]: [2203.11.3] Log effect, file: events/eep_probe_events.txt line: 78. EEP_DLC Shroud=YES
[02:24:06][effect_impl.cpp:22217]: [2203.12.3] Log effect, file: events/eep_probe_events.txt line: 63. EEP_MONTH country=EEP 03 铁心灭绝者 C=20 G=20 D=7 made=300 worlds=1
[02:24:06][effect_impl.cpp:22217]: [2203.12.3] Log effect, file: events/eep_probe_events.txt line: 76. EEP_DLC Nemesis=YES
[02:24:06][effect_impl.cpp:22217]: [2203.12.3] Log effect, file: events/eep_probe_events.txt line: 78. EEP_DLC Shroud=YES
[02:24:07][effect_impl.cpp:22217]: [2204.1.3] Log effect, file: events/eep_probe_events.txt line: 63. EEP_MONTH country=EEP 03 铁心灭绝者 C=20 G=20 D=7 made=300 worlds=1
[02:24:07][effect_impl.cpp:22217]: [2204.1.3] Log effect, file: events/eep_probe_events.txt line: 76. EEP_DLC Nemesis=YES
[02:24:07][effect_impl.cpp:22217]: [2204.1.3] Log effect, file: events/eep_probe_events.txt line: 78. EEP_DLC Shroud=YES
[02:24:07][effect_impl.cpp:22217]: [2204.2.3] Log effect, file: events/eep_probe_events.txt line: 63. EEP_MONTH country=EEP 03 铁心灭绝者 C=20 G=20 D=7 made=300 worlds=1
[02:24:07][effect_impl.cpp:22217]: [2204.2.3] Log effect, file: events/eep_probe_events.txt line: 76. EEP_DLC Nemesis=YES
[02:24:07][effect_impl.cpp:22217]: [2204.2.3] Log effect, file: events/eep_probe_events.txt line: 78. EEP_DLC Shroud=YES
[02:24:07][effect_impl.cpp:22217]: [2204.3.3] Log effect, file: events/eep_probe_events.txt line: 63. EEP_MONTH country=EEP 03 铁心灭绝者 C=20 G=20 D=7 made=300 worlds=1
[02:24:07][effect_impl.cpp:22217]: [2204.3.3] Log effect, file: events/eep_probe_events.txt line: 76. EEP_DLC Nemesis=YES
[02:24:07][effect_impl.cpp:22217]: [2204.3.3] Log effect, file: events/eep_probe_events.txt line: 78. EEP_DLC Shroud=YES
[02:24:08][effect_impl.cpp:22217]: [2204.4.3] Log effect, file: events/eep_probe_events.txt line: 63. EEP_MONTH country=EEP 03 铁心灭绝者 C=20 G=20 D=7 made=300 worlds=1
[02:24:08][effect_impl.cpp:22217]: [2204.4.3] Log effect, file: events/eep_probe_events.txt line: 76. EEP_DLC Nemesis=YES
[02:24:08][effect_impl.cpp:22217]: [2204.4.3] Log effect, file: events/eep_probe_events.txt line: 78. EEP_DLC Shroud=YES
[02:24:08][effect_impl.cpp:22217]: [2204.5.3] Log effect, file: events/eep_probe_events.txt line: 63. EEP_MONTH country=EEP 03 铁心灭绝者 C=20 G=20 D=7 made=300 worlds=1
[02:24:08][effect_impl.cpp:22217]: [2204.5.3] Log effect, file: events/eep_probe_events.txt line: 76. EEP_DLC Nemesis=YES
[02:24:08][effect_impl.cpp:22217]: [2204.5.3] Log effect, file: events/eep_probe_events.txt line: 78. EEP_DLC Shroud=YES
[02:24:09][effect_impl.cpp:22217]: [2204.6.3] Log effect, file: events/eep_probe_events.txt line: 63. EEP_MONTH country=EEP 03 铁心灭绝者 C=20 G=20 D=7 made=300 worlds=1
[02:24:09][effect_impl.cpp:22217]: [2204.6.3] Log effect, file: events/eep_probe_events.txt line: 76. EEP_DLC Nemesis=YES
[02:24:09][effect_impl.cpp:22217]: [2204.6.3] Log effect, file: events/eep_probe_events.txt line: 78. EEP_DLC Shroud=YES
[02:24:09][effect_impl.cpp:22217]: [2204.7.3] Log effect, file: events/eep_probe_events.txt line: 63. EEP_MONTH country=EEP 03 铁心灭绝者 C=20 G=20 D=7 made=300 worlds=1
[02:24:09][effect_impl.cpp:22217]: [2204.7.3] Log effect, file: events/eep_probe_events.txt line: 76. EEP_DLC Nemesis=YES
[02:24:09][effect_impl.cpp:22217]: [2204.7.3] Log effect, file: events/eep_probe_events.txt line: 78. EEP_DLC Shroud=YES
[02:24:09][effect_impl.cpp:22217]: [2204.8.3] Log effect, file: events/eep_probe_events.txt line: 63. EEP_MONTH country=EEP 03 铁心灭绝者 C=20 G=20 D=7 made=300 worlds=1
[02:24:09][effect_impl.cpp:22217]: [2204.8.3] Log effect, file: events/eep_probe_events.txt line: 76. EEP_DLC Nemesis=YES
[02:24:09][effect_impl.cpp:22217]: [2204.8.3] Log effect, file: events/eep_probe_events.txt line: 78. EEP_DLC Shroud=YES
[02:24:10][effect_impl.cpp:22217]: [2204.9.3] Log effect, file: events/eep_probe_events.txt line: 63. EEP_MONTH country=EEP 03 铁心灭绝者 C=20 G=20 D=7 made=300 worlds=1
[02:24:10][effect_impl.cpp:22217]: [2204.9.3] Log effect, file: events/eep_probe_events.txt line: 76. EEP_DLC Nemesis=YES
[02:24:10][effect_impl.cpp:22217]: [2204.9.3] Log effect, file: events/eep_probe_events.txt line: 78. EEP_DLC Shroud=YES
[02:24:10][effect_impl.cpp:22217]: [2204.10.3] Log effect, file: events/eep_probe_events.txt line: 63. EEP_MONTH country=EEP 03 铁心灭绝者 C=20 G=20 D=7 made=300 worlds=1
[02:24:10][effect_impl.cpp:22217]: [2204.10.3] Log effect, file: events/eep_probe_events.txt line: 76. EEP_DLC Nemesis=YES
[02:24:10][effect_impl.cpp:22217]: [2204.10.3] Log effect, file: events/eep_probe_events.txt line: 78. EEP_DLC Shroud=YES
[02:24:11][effect_impl.cpp:22217]: [2204.11.3] Log effect, file: events/eep_probe_events.txt line: 63. EEP_MONTH country=EEP 03 铁心灭绝者 C=20 G=20 D=7 made=300 worlds=1
[02:24:11][effect_impl.cpp:22217]: [2204.11.3] Log effect, file: events/eep_probe_events.txt line: 76. EEP_DLC Nemesis=YES
[02:24:11][effect_impl.cpp:22217]: [2204.11.3] Log effect, file: events/eep_probe_events.txt line: 78. EEP_DLC Shroud=YES
[02:24:11][effect_impl.cpp:22217]: [2204.12.3] Log effect, file: events/eep_probe_events.txt line: 63. EEP_MONTH country=EEP 03 铁心灭绝者 C=20 G=20 D=7 made=300 worlds=1
[02:24:11][effect_impl.cpp:22217]: [2204.12.3] Log effect, file: events/eep_probe_events.txt line: 76. EEP_DLC Nemesis=YES
[02:24:11][effect_impl.cpp:22217]: [2204.12.3] Log effect, file: events/eep_probe_events.txt line: 78. EEP_DLC Shroud=YES
[02:24:11][effect_impl.cpp:22217]: [2205.1.3] Log effect, file: events/eep_probe_events.txt line: 63. EEP_MONTH country=EEP 03 铁心灭绝者 C=20 G=20 D=7 made=300 worlds=1
[02:24:11][effect_impl.cpp:22217]: [2205.1.3] Log effect, file: events/eep_probe_events.txt line: 76. EEP_DLC Nemesis=YES
[02:24:11][effect_impl.cpp:22217]: [2205.1.3] Log effect, file: events/eep_probe_events.txt line: 78. EEP_DLC Shroud=YES
[02:24:12][effect_impl.cpp:22217]: [2205.2.3] Log effect, file: events/eep_probe_events.txt line: 63. EEP_MONTH country=EEP 03 铁心灭绝者 C=20 G=20 D=7 made=300 worlds=1
[02:24:12][effect_impl.cpp:22217]: [2205.2.3] Log effect, file: events/eep_probe_events.txt line: 76. EEP_DLC Nemesis=YES
[02:24:12][effect_impl.cpp:22217]: [2205.2.3] Log effect, file: events/eep_probe_events.txt line: 78. EEP_DLC Shroud=YES
[02:24:12][effect_impl.cpp:22217]: [2205.3.3] Log effect, file: events/eep_probe_events.txt line: 63. EEP_MONTH country=EEP 03 铁心灭绝者 C=20 G=20 D=7 made=300 worlds=1
[02:24:12][effect_impl.cpp:22217]: [2205.3.3] Log effect, file: events/eep_probe_events.txt line: 76. EEP_DLC Nemesis=YES
[02:24:12][effect_impl.cpp:22217]: [2205.3.3] Log effect, file: events/eep_probe_events.txt line: 78. EEP_DLC Shroud=YES
[02:24:13][effect_impl.cpp:22217]: [2205.4.3] Log effect, file: events/eep_probe_events.txt line: 63. EEP_MONTH country=EEP 03 铁心灭绝者 C=20 G=20 D=7 made=300 worlds=1
[02:24:13][effect_impl.cpp:22217]: [2205.4.3] Log effect, file: events/eep_probe_events.txt line: 76. EEP_DLC Nemesis=YES
[02:24:13][effect_impl.cpp:22217]: [2205.4.3] Log effect, file: events/eep_probe_events.txt line: 78. EEP_DLC Shroud=YES
[02:24:13][effect_impl.cpp:22217]: [2205.5.3] Log effect, file: events/eep_probe_events.txt line: 63. EEP_MONTH country=EEP 03 铁心灭绝者 C=20 G=20 D=7 made=300 worlds=1
[02:24:13][effect_impl.cpp:22217]: [2205.5.3] Log effect, file: events/eep_probe_events.txt line: 76. EEP_DLC Nemesis=YES
[02:24:13][effect_impl.cpp:22217]: [2205.5.3] Log effect, file: events/eep_probe_events.txt line: 78. EEP_DLC Shroud=YES
[02:24:13][effect_impl.cpp:22217]: [2205.6.3] Log effect, file: events/eep_probe_events.txt line: 63. EEP_MONTH country=EEP 03 铁心灭绝者 C=20 G=20 D=7 made=300 worlds=1
[02:24:13][effect_impl.cpp:22217]: [2205.6.3] Log effect, file: events/eep_probe_events.txt line: 76. EEP_DLC Nemesis=YES
[02:24:13][effect_impl.cpp:22217]: [2205.6.3] Log effect, file: events/eep_probe_events.txt line: 78. EEP_DLC Shroud=YES
[02:24:14][effect_impl.cpp:22217]: [2205.7.3] Log effect, file: events/eep_probe_events.txt line: 63. EEP_MONTH country=EEP 03 铁心灭绝者 C=20 G=20 D=7 made=300 worlds=1
[02:24:14][effect_impl.cpp:22217]: [2205.7.3] Log effect, file: events/eep_probe_events.txt line: 76. EEP_DLC Nemesis=YES
[02:24:14][effect_impl.cpp:22217]: [2205.7.3] Log effect, file: events/eep_probe_events.txt line: 78. EEP_DLC Shroud=YES
[02:24:14][effect_impl.cpp:22217]: [2205.8.3] Log effect, file: events/eep_probe_events.txt line: 63. EEP_MONTH country=EEP 03 铁心灭绝者 C=20 G=20 D=7 made=300 worlds=1
[02:24:14][effect_impl.cpp:22217]: [2205.8.3] Log effect, file: events/eep_probe_events.txt line: 76. EEP_DLC Nemesis=YES
[02:24:14][effect_impl.cpp:22217]: [2205.8.3] Log effect, file: events/eep_probe_events.txt line: 78. EEP_DLC Shroud=YES
[02:24:15][effect_impl.cpp:22217]: [2205.9.3] Log effect, file: events/eep_probe_events.txt line: 63. EEP_MONTH country=EEP 03 铁心灭绝者 C=20 G=20 D=7 made=300 worlds=1
[02:24:15][effect_impl.cpp:22217]: [2205.9.3] Log effect, file: events/eep_probe_events.txt line: 76. EEP_DLC Nemesis=YES
[02:24:15][effect_impl.cpp:22217]: [2205.9.3] Log effect, file: events/eep_probe_events.txt line: 78. EEP_DLC Shroud=YES
[02:24:15][effect_impl.cpp:22217]: [2205.10.3] Log effect, file: events/eep_probe_events.txt line: 63. EEP_MONTH country=EEP 03 铁心灭绝者 C=20 G=20 D=7 made=300 worlds=1
[02:24:15][effect_impl.cpp:22217]: [2205.10.3] Log effect, file: events/eep_probe_events.txt line: 76. EEP_DLC Nemesis=YES
[02:24:15][effect_impl.cpp:22217]: [2205.10.3] Log effect, file: events/eep_probe_events.txt line: 78. EEP_DLC Shroud=YES
[02:24:15][eventcommands.cpp:88]: Event astral_planes.2130 added info about event selection. selectedOption 0, human -1, playerEventId 5
[02:24:16][effect_impl.cpp:22217]: [2205.11.3] Log effect, file: events/eep_probe_events.txt line: 63. EEP_MONTH country=EEP 03 铁心灭绝者 C=20 G=20 D=7 made=300 worlds=1
[02:24:16][effect_impl.cpp:22217]: [2205.11.3] Log effect, file: events/eep_probe_events.txt line: 76. EEP_DLC Nemesis=YES
[02:24:16][effect_impl.cpp:22217]: [2205.11.3] Log effect, file: events/eep_probe_events.txt line: 78. EEP_DLC Shroud=YES
[02:24:16][effect_impl.cpp:22217]: [2205.12.3] Log effect, file: events/eep_probe_events.txt line: 63. EEP_MONTH country=EEP 03 铁心灭绝者 C=20 G=20 D=7 made=300 worlds=1
[02:24:16][effect_impl.cpp:22217]: [2205.12.3] Log effect, file: events/eep_probe_events.txt line: 76. EEP_DLC Nemesis=YES
[02:24:16][effect_impl.cpp:22217]: [2205.12.3] Log effect, file: events/eep_probe_events.txt line: 78. EEP_DLC Shroud=YES
[02:24:16][effect_impl.cpp:22217]: [2206.1.3] Log effect, file: events/eep_probe_events.txt line: 63. EEP_MONTH country=EEP 03 铁心灭绝者 C=20 G=20 D=7 made=300 worlds=1
[02:24:16][effect_impl.cpp:22217]: [2206.1.3] Log effect, file: events/eep_probe_events.txt line: 76. EEP_DLC Nemesis=YES
[02:24:16][effect_impl.cpp:22217]: [2206.1.3] Log effect, file: events/eep_probe_events.txt line: 78. EEP_DLC Shroud=YES
[02:24:17][effect_impl.cpp:22217]: [2206.2.3] Log effect, file: events/eep_probe_events.txt line: 63. EEP_MONTH country=EEP 03 铁心灭绝者 C=20 G=20 D=7 made=300 worlds=1
[02:24:17][effect_impl.cpp:22217]: [2206.2.3] Log effect, file: events/eep_probe_events.txt line: 76. EEP_DLC Nemesis=YES
[02:24:17][effect_impl.cpp:22217]: [2206.2.3] Log effect, file: events/eep_probe_events.txt line: 78. EEP_DLC Shroud=YES
[02:24:17][effect_impl.cpp:22217]: [2206.3.3] Log effect, file: events/eep_probe_events.txt line: 63. EEP_MONTH country=EEP 03 铁心灭绝者 C=20 G=20 D=7 made=300 worlds=1
[02:24:17][effect_impl.cpp:22217]: [2206.3.3] Log effect, file: events/eep_probe_events.txt line: 76. EEP_DLC Nemesis=YES
[02:24:17][effect_impl.cpp:22217]: [2206.3.3] Log effect, file: events/eep_probe_events.txt line: 78. EEP_DLC Shroud=YES
[02:24:18][effect_impl.cpp:22217]: [2206.4.3] Log effect, file: events/eep_probe_events.txt line: 63. EEP_MONTH country=EEP 03 铁心灭绝者 C=20 G=20 D=7 made=300 worlds=1
[02:24:18][effect_impl.cpp:22217]: [2206.4.3] Log effect, file: events/eep_probe_events.txt line: 76. EEP_DLC Nemesis=YES
[02:24:18][effect_impl.cpp:22217]: [2206.4.3] Log effect, file: events/eep_probe_events.txt line: 78. EEP_DLC Shroud=YES
[02:24:18][eventcommands.cpp:88]: Event first_contact.1 added info about event selection. selectedOption 0, human -1, playerEventId 7
[02:24:18][eventcommands.cpp:88]: Event first_contact.1 added info about event selection. selectedOption 0, human -1, playerEventId 9
[02:24:18][eventcommands.cpp:88]: Event first_contact.1 added info about event selection. selectedOption 0, human -1, playerEventId 11
[02:24:18][eventcommands.cpp:88]: Event first_contact.1 added info about event selection. selectedOption 0, human -1, playerEventId 8
[02:24:18][eventcommands.cpp:88]: Event first_contact.1 added info about event selection. selectedOption 0, human -1, playerEventId 10
[02:24:18][eventcommands.cpp:88]: Event first_contact.1 added info about event selection. selectedOption 0, human -1, playerEventId 6
[02:24:18][effect_impl.cpp:22217]: [2206.5.3] Log effect, file: events/eep_probe_events.txt line: 63. EEP_MONTH country=EEP 03 铁心灭绝者 C=20 G=20 D=7 made=300 worlds=1
[02:24:18][effect_impl.cpp:22217]: [2206.5.3] Log effect, file: events/eep_probe_events.txt line: 76. EEP_DLC Nemesis=YES
[02:24:18][effect_impl.cpp:22217]: [2206.5.3] Log effect, file: events/eep_probe_events.txt line: 78. EEP_DLC Shroud=YES
[02:24:18][effect_impl.cpp:22217]: [2206.6.3] Log effect, file: events/eep_probe_events.txt line: 63. EEP_MONTH country=EEP 03 铁心灭绝者 C=20 G=20 D=7 made=300 worlds=1
[02:24:18][effect_impl.cpp:22217]: [2206.6.3] Log effect, file: events/eep_probe_events.txt line: 76. EEP_DLC Nemesis=YES
[02:24:18][effect_impl.cpp:22217]: [2206.6.3] Log effect, file: events/eep_probe_events.txt line: 78. EEP_DLC Shroud=YES
[02:24:19][effect_impl.cpp:22217]: [2206.7.3] Log effect, file: events/eep_probe_events.txt line: 63. EEP_MONTH country=EEP 03 铁心灭绝者 C=20 G=20 D=7 made=300 worlds=1
[02:24:19][effect_impl.cpp:22217]: [2206.7.3] Log effect, file: events/eep_probe_events.txt line: 76. EEP_DLC Nemesis=YES
[02:24:19][effect_impl.cpp:22217]: [2206.7.3] Log effect, file: events/eep_probe_events.txt line: 78. EEP_DLC Shroud=YES
[02:24:19][effect_impl.cpp:22217]: [2206.8.3] Log effect, file: events/eep_probe_events.txt line: 63. EEP_MONTH country=EEP 03 铁心灭绝者 C=20 G=20 D=7 made=300 worlds=1
[02:24:19][effect_impl.cpp:22217]: [2206.8.3] Log effect, file: events/eep_probe_events.txt line: 76. EEP_DLC Nemesis=YES
[02:24:19][effect_impl.cpp:22217]: [2206.8.3] Log effect, file: events/eep_probe_events.txt line: 78. EEP_DLC Shroud=YES
[02:24:20][effect_impl.cpp:22217]: [2206.9.3] Log effect, file: events/eep_probe_events.txt line: 63. EEP_MONTH country=EEP 03 铁心灭绝者 C=20 G=20 D=7 made=300 worlds=1
[02:24:20][effect_impl.cpp:22217]: [2206.9.3] Log effect, file: events/eep_probe_events.txt line: 76. EEP_DLC Nemesis=YES
[02:24:20][effect_impl.cpp:22217]: [2206.9.3] Log effect, file: events/eep_probe_events.txt line: 78. EEP_DLC Shroud=YES
[02:24:20][effect_impl.cpp:22217]: [2206.10.3] Log effect, file: events/eep_probe_events.txt line: 63. EEP_MONTH country=EEP 03 铁心灭绝者 C=20 G=20 D=7 made=300 worlds=1
[02:24:20][effect_impl.cpp:22217]: [2206.10.3] Log effect, file: events/eep_probe_events.txt line: 76. EEP_DLC Nemesis=YES
[02:24:20][effect_impl.cpp:22217]: [2206.10.3] Log effect, file: events/eep_probe_events.txt line: 78. EEP_DLC Shroud=YES
[02:24:21][effect_impl.cpp:22217]: [2206.11.3] Log effect, file: events/eep_probe_events.txt line: 63. EEP_MONTH country=EEP 03 铁心灭绝者 C=20 G=20 D=7 made=300 worlds=1
[02:24:21][effect_impl.cpp:22217]: [2206.11.3] Log effect, file: events/eep_probe_events.txt line: 76. EEP_DLC Nemesis=YES
[02:24:21][effect_impl.cpp:22217]: [2206.11.3] Log effect, file: events/eep_probe_events.txt line: 78. EEP_DLC Shroud=YES
[02:24:21][effect_impl.cpp:22217]: [2206.12.3] Log effect, file: events/eep_probe_events.txt line: 63. EEP_MONTH country=EEP 03 铁心灭绝者 C=20 G=20 D=7 made=300 worlds=1
[02:24:21][effect_impl.cpp:22217]: [2206.12.3] Log effect, file: events/eep_probe_events.txt line: 76. EEP_DLC Nemesis=YES
[02:24:21][effect_impl.cpp:22217]: [2206.12.3] Log effect, file: events/eep_probe_events.txt line: 78. EEP_DLC Shroud=YES
[02:24:21][effect_impl.cpp:22217]: [2207.1.3] Log effect, file: events/eep_probe_events.txt line: 63. EEP_MONTH country=EEP 03 铁心灭绝者 C=20 G=20 D=7 made=300 worlds=1
[02:24:21][effect_impl.cpp:22217]: [2207.1.3] Log effect, file: events/eep_probe_events.txt line: 76. EEP_DLC Nemesis=YES
[02:24:21][effect_impl.cpp:22217]: [2207.1.3] Log effect, file: events/eep_probe_events.txt line: 78. EEP_DLC Shroud=YES
[02:24:22][effect_impl.cpp:22217]: [2207.2.3] Log effect, file: events/eep_probe_events.txt line: 63. EEP_MONTH country=EEP 03 铁心灭绝者 C=20 G=20 D=7 made=300 worlds=1
[02:24:22][effect_impl.cpp:22217]: [2207.2.3] Log effect, file: events/eep_probe_events.txt line: 76. EEP_DLC Nemesis=YES
[02:24:22][effect_impl.cpp:22217]: [2207.2.3] Log effect, file: events/eep_probe_events.txt line: 78. EEP_DLC Shroud=YES
[02:24:22][effect_impl.cpp:22217]: [2207.3.3] Log effect, file: events/eep_probe_events.txt line: 63. EEP_MONTH country=EEP 03 铁心灭绝者 C=20 G=20 D=7 made=300 worlds=1
[02:24:22][effect_impl.cpp:22217]: [2207.3.3] Log effect, file: events/eep_probe_events.txt line: 76. EEP_DLC Nemesis=YES
[02:24:22][effect_impl.cpp:22217]: [2207.3.3] Log effect, file: events/eep_probe_events.txt line: 78. EEP_DLC Shroud=YES
[02:24:23][effect_impl.cpp:22217]: [2207.4.3] Log effect, file: events/eep_probe_events.txt line: 63. EEP_MONTH country=EEP 03 铁心灭绝者 C=20 G=20 D=7 made=300 worlds=1
[02:24:23][effect_impl.cpp:22217]: [2207.4.3] Log effect, file: events/eep_probe_events.txt line: 76. EEP_DLC Nemesis=YES
[02:24:23][effect_impl.cpp:22217]: [2207.4.3] Log effect, file: events/eep_probe_events.txt line: 78. EEP_DLC Shroud=YES
[02:24:23][eventcommands.cpp:88]: Event first_contact.5000 added info about event selection. selectedOption 0, human -1, playerEventId 12
[02:24:23][effect_impl.cpp:22217]: [2207.5.3] Log effect, file: events/eep_probe_events.txt line: 63. EEP_MONTH country=EEP 03 铁心灭绝者 C=20 G=20 D=7 made=300 worlds=1
[02:24:23][effect_impl.cpp:22217]: [2207.5.3] Log effect, file: events/eep_probe_events.txt line: 76. EEP_DLC Nemesis=YES
[02:24:23][effect_impl.cpp:22217]: [2207.5.3] Log effect, file: events/eep_probe_events.txt line: 78. EEP_DLC Shroud=YES
[02:24:24][effect_impl.cpp:22217]: [2207.6.3] Log effect, file: events/eep_probe_events.txt line: 63. EEP_MONTH country=EEP 03 铁心灭绝者 C=20 G=20 D=7 made=300 worlds=1
[02:24:24][effect_impl.cpp:22217]: [2207.6.3] Log effect, file: events/eep_probe_events.txt line: 76. EEP_DLC Nemesis=YES
[02:24:24][effect_impl.cpp:22217]: [2207.6.3] Log effect, file: events/eep_probe_events.txt line: 78. EEP_DLC Shroud=YES
[02:24:24][effect_impl.cpp:22217]: [2207.7.3] Log effect, file: events/eep_probe_events.txt line: 63. EEP_MONTH country=EEP 03 铁心灭绝者 C=20 G=20 D=7 made=300 worlds=1
[02:24:24][effect_impl.cpp:22217]: [2207.7.3] Log effect, file: events/eep_probe_events.txt line: 76. EEP_DLC Nemesis=YES
[02:24:24][effect_impl.cpp:22217]: [2207.7.3] Log effect, file: events/eep_probe_events.txt line: 78. EEP_DLC Shroud=YES
[02:24:24][effect_impl.cpp:22217]: [2207.8.3] Log effect, file: events/eep_probe_events.txt line: 63. EEP_MONTH country=EEP 03 铁心灭绝者 C=20 G=20 D=7 made=300 worlds=1
[02:24:24][effect_impl.cpp:22217]: [2207.8.3] Log effect, file: events/eep_probe_events.txt line: 76. EEP_DLC Nemesis=YES
[02:24:24][effect_impl.cpp:22217]: [2207.8.3] Log effect, file: events/eep_probe_events.txt line: 78. EEP_DLC Shroud=YES
[02:24:24][eventcommands.cpp:88]: Event first_contact.5 added info about event selection. selectedOption 1, human -1, playerEventId 13
[02:24:25][effect_impl.cpp:22217]: [2207.9.3] Log effect, file: events/eep_probe_events.txt line: 63. EEP_MONTH country=EEP 03 铁心灭绝者 C=20 G=20 D=7 made=300 worlds=1
[02:24:25][effect_impl.cpp:22217]: [2207.9.3] Log effect, file: events/eep_probe_events.txt line: 76. EEP_DLC Nemesis=YES
[02:24:25][effect_impl.cpp:22217]: [2207.9.3] Log effect, file: events/eep_probe_events.txt line: 78. EEP_DLC Shroud=YES
[02:24:25][effect_impl.cpp:22217]: [2207.10.3] Log effect, file: events/eep_probe_events.txt line: 63. EEP_MONTH country=EEP 03 铁心灭绝者 C=20 G=20 D=7 made=300 worlds=1
[02:24:25][effect_impl.cpp:22217]: [2207.10.3] Log effect, file: events/eep_probe_events.txt line: 76. EEP_DLC Nemesis=YES
[02:24:25][effect_impl.cpp:22217]: [2207.10.3] Log effect, file: events/eep_probe_events.txt line: 78. EEP_DLC Shroud=YES
[02:24:26][effect_impl.cpp:22217]: [2207.11.3] Log effect, file: events/eep_probe_events.txt line: 63. EEP_MONTH country=EEP 03 铁心灭绝者 C=20 G=20 D=7 made=300 worlds=1
[02:24:26][effect_impl.cpp:22217]: [2207.11.3] Log effect, file: events/eep_probe_events.txt line: 76. EEP_DLC Nemesis=YES
[02:24:26][effect_impl.cpp:22217]: [2207.11.3] Log effect, file: events/eep_probe_events.txt line: 78. EEP_DLC Shroud=YES
[02:24:26][eventcommands.cpp:88]: Event first_contact.5025 added info about event selection. selectedOption 0, human -1, playerEventId 14
[02:24:26][effect_impl.cpp:22217]: [2207.12.3] Log effect, file: events/eep_probe_events.txt line: 63. EEP_MONTH country=EEP 03 铁心灭绝者 C=20 G=20 D=7 made=300 worlds=1
[02:24:26][effect_impl.cpp:22217]: [2207.12.3] Log effect, file: events/eep_probe_events.txt line: 76. EEP_DLC Nemesis=YES
[02:24:26][effect_impl.cpp:22217]: [2207.12.3] Log effect, file: events/eep_probe_events.txt line: 78. EEP_DLC Shroud=YES
[02:24:27][effect_impl.cpp:22217]: [2208.1.3] Log effect, file: events/eep_probe_events.txt line: 63. EEP_MONTH country=EEP 03 铁心灭绝者 C=20 G=20 D=7 made=300 worlds=1
[02:24:27][effect_impl.cpp:22217]: [2208.1.3] Log effect, file: events/eep_probe_events.txt line: 76. EEP_DLC Nemesis=YES
[02:24:27][effect_impl.cpp:22217]: [2208.1.3] Log effect, file: events/eep_probe_events.txt line: 78. EEP_DLC Shroud=YES
[02:24:27][effect_impl.cpp:22217]: [2208.2.3] Log effect, file: events/eep_probe_events.txt line: 63. EEP_MONTH country=EEP 03 铁心灭绝者 C=20 G=20 D=7 made=300 worlds=1
[02:24:27][effect_impl.cpp:22217]: [2208.2.3] Log effect, file: events/eep_probe_events.txt line: 76. EEP_DLC Nemesis=YES
[02:24:27][effect_impl.cpp:22217]: [2208.2.3] Log effect, file: events/eep_probe_events.txt line: 78. EEP_DLC Shroud=YES
[02:24:27][eventcommands.cpp:88]: Event first_contact.5 added info about event selection. selectedOption 1, human -1, playerEventId 15
[02:24:27][eventcommands.cpp:88]: Event first_contact.5 added info about event selection. selectedOption 1, human -1, playerEventId 16
[02:24:27][eventcommands.cpp:88]: Event first_contact.5065 added info about event selection. selectedOption 0, human -1, playerEventId 17
[02:24:27][effect_impl.cpp:22217]: [2208.3.3] Log effect, file: events/eep_probe_events.txt line: 63. EEP_MONTH country=EEP 03 铁心灭绝者 C=20 G=20 D=7 made=300 worlds=1
[02:24:27][effect_impl.cpp:22217]: [2208.3.3] Log effect, file: events/eep_probe_events.txt line: 76. EEP_DLC Nemesis=YES
[02:24:27][effect_impl.cpp:22217]: [2208.3.3] Log effect, file: events/eep_probe_events.txt line: 78. EEP_DLC Shroud=YES
[02:24:28][effect_impl.cpp:22217]: [2208.4.3] Log effect, file: events/eep_probe_events.txt line: 63. EEP_MONTH country=EEP 03 铁心灭绝者 C=20 G=20 D=7 made=300 worlds=1
[02:24:28][effect_impl.cpp:22217]: [2208.4.3] Log effect, file: events/eep_probe_events.txt line: 76. EEP_DLC Nemesis=YES
[02:24:28][effect_impl.cpp:22217]: [2208.4.3] Log effect, file: events/eep_probe_events.txt line: 78. EEP_DLC Shroud=YES
[02:24:28][effect_impl.cpp:22217]: [2208.5.3] Log effect, file: events/eep_probe_events.txt line: 63. EEP_MONTH country=EEP 03 铁心灭绝者 C=20 G=20 D=7 made=300 worlds=1
[02:24:28][effect_impl.cpp:22217]: [2208.5.3] Log effect, file: events/eep_probe_events.txt line: 76. EEP_DLC Nemesis=YES
[02:24:28][effect_impl.cpp:22217]: [2208.5.3] Log effect, file: events/eep_probe_events.txt line: 78. EEP_DLC Shroud=YES
[02:24:29][effect_impl.cpp:22217]: [2208.6.3] Log effect, file: events/eep_probe_events.txt line: 63. EEP_MONTH country=EEP 03 铁心灭绝者 C=20 G=20 D=7 made=300 worlds=1
[02:24:29][effect_impl.cpp:22217]: [2208.6.3] Log effect, file: events/eep_probe_events.txt line: 76. EEP_DLC Nemesis=YES
[02:24:29][effect_impl.cpp:22217]: [2208.6.3] Log effect, file: events/eep_probe_events.txt line: 78. EEP_DLC Shroud=YES
[02:24:29][eventcommands.cpp:88]: Event first_contact.5025 added info about event selection. selectedOption 0, human -1, playerEventId 18
[02:24:29][effect_impl.cpp:22217]: [2208.7.3] Log effect, file: events/eep_probe_events.txt line: 63. EEP_MONTH country=EEP 03 铁心灭绝者 C=20 G=20 D=7 made=300 worlds=1
[02:24:29][effect_impl.cpp:22217]: [2208.7.3] Log effect, file: events/eep_probe_events.txt line: 76. EEP_DLC Nemesis=YES
[02:24:29][effect_impl.cpp:22217]: [2208.7.3] Log effect, file: events/eep_probe_events.txt line: 78. EEP_DLC Shroud=YES
[02:24:30][effect_impl.cpp:22217]: [2208.8.3] Log effect, file: events/eep_probe_events.txt line: 63. EEP_MONTH country=EEP 03 铁心灭绝者 C=20 G=20 D=7 made=300 worlds=1
[02:24:30][effect_impl.cpp:22217]: [2208.8.3] Log effect, file: events/eep_probe_events.txt line: 76. EEP_DLC Nemesis=YES
[02:24:30][effect_impl.cpp:22217]: [2208.8.3] Log effect, file: events/eep_probe_events.txt line: 78. EEP_DLC Shroud=YES
[02:24:30][effect_impl.cpp:22217]: [2208.9.3] Log effect, file: events/eep_probe_events.txt line: 63. EEP_MONTH country=EEP 03 铁心灭绝者 C=20 G=20 D=7 made=300 worlds=1
[02:24:30][effect_impl.cpp:22217]: [2208.9.3] Log effect, file: events/eep_probe_events.txt line: 76. EEP_DLC Nemesis=YES
[02:24:30][effect_impl.cpp:22217]: [2208.9.3] Log effect, file: events/eep_probe_events.txt line: 78. EEP_DLC Shroud=YES
[02:24:31][effect_impl.cpp:22217]: [2208.10.3] Log effect, file: events/eep_probe_events.txt line: 63. EEP_MONTH country=EEP 03 铁心灭绝者 C=20 G=20 D=7 made=300 worlds=1
[02:24:31][effect_impl.cpp:22217]: [2208.10.3] Log effect, file: events/eep_probe_events.txt line: 76. EEP_DLC Nemesis=YES
[02:24:31][effect_impl.cpp:22217]: [2208.10.3] Log effect, file: events/eep_probe_events.txt line: 78. EEP_DLC Shroud=YES
[02:24:31][eventcommands.cpp:88]: Event first_contact.5 added info about event selection. selectedOption 0, human -1, playerEventId 19
[02:24:31][effect_impl.cpp:22217]: [2208.11.3] Log effect, file: events/eep_probe_events.txt line: 63. EEP_MONTH country=EEP 03 铁心灭绝者 C=20 G=20 D=7 made=300 worlds=1
[02:24:31][effect_impl.cpp:22217]: [2208.11.3] Log effect, file: events/eep_probe_events.txt line: 76. EEP_DLC Nemesis=YES
[02:24:31][effect_impl.cpp:22217]: [2208.11.3] Log effect, file: events/eep_probe_events.txt line: 78. EEP_DLC Shroud=YES
[02:24:32][effect_impl.cpp:22217]: [2208.12.3] Log effect, file: events/eep_probe_events.txt line: 63. EEP_MONTH country=EEP 03 铁心灭绝者 C=20 G=20 D=7 made=300 worlds=1
[02:24:32][effect_impl.cpp:22217]: [2208.12.3] Log effect, file: events/eep_probe_events.txt line: 76. EEP_DLC Nemesis=YES
[02:24:32][effect_impl.cpp:22217]: [2208.12.3] Log effect, file: events/eep_probe_events.txt line: 78. EEP_DLC Shroud=YES
[02:24:32][eventcommands.cpp:88]: Event first_contact.5050 added info about event selection. selectedOption 0, human -1, playerEventId 20
[02:24:32][effect_impl.cpp:22217]: [2209.1.3] Log effect, file: events/eep_probe_events.txt line: 63. EEP_MONTH country=EEP 03 铁心灭绝者 C=20 G=20 D=7 made=300 worlds=1
[02:24:32][effect_impl.cpp:22217]: [2209.1.3] Log effect, file: events/eep_probe_events.txt line: 76. EEP_DLC Nemesis=YES
[02:24:32][effect_impl.cpp:22217]: [2209.1.3] Log effect, file: events/eep_probe_events.txt line: 78. EEP_DLC Shroud=YES
[02:24:33][effect_impl.cpp:22217]: [2209.2.3] Log effect, file: events/eep_probe_events.txt line: 63. EEP_MONTH country=EEP 03 铁心灭绝者 C=20 G=20 D=7 made=300 worlds=1
[02:24:33][effect_impl.cpp:22217]: [2209.2.3] Log effect, file: events/eep_probe_events.txt line: 76. EEP_DLC Nemesis=YES
[02:24:33][effect_impl.cpp:22217]: [2209.2.3] Log effect, file: events/eep_probe_events.txt line: 78. EEP_DLC Shroud=YES
[02:24:33][effect_impl.cpp:22217]: [2209.3.3] Log effect, file: events/eep_probe_events.txt line: 63. EEP_MONTH country=EEP 03 铁心灭绝者 C=20 G=20 D=7 made=300 worlds=1
[02:24:33][effect_impl.cpp:22217]: [2209.3.3] Log effect, file: events/eep_probe_events.txt line: 76. EEP_DLC Nemesis=YES
[02:24:33][effect_impl.cpp:22217]: [2209.3.3] Log effect, file: events/eep_probe_events.txt line: 78. EEP_DLC Shroud=YES
[02:24:33][eventcommands.cpp:88]: Event first_contact.50 added info about event selection. selectedOption 0, human -1, playerEventId 21
[02:24:33][effect_impl.cpp:22217]: [2209.4.3] Log effect, file: events/eep_probe_events.txt line: 63. EEP_MONTH country=EEP 03 铁心灭绝者 C=20 G=20 D=7 made=300 worlds=1
[02:24:33][effect_impl.cpp:22217]: [2209.4.3] Log effect, file: events/eep_probe_events.txt line: 76. EEP_DLC Nemesis=YES
[02:24:33][effect_impl.cpp:22217]: [2209.4.3] Log effect, file: events/eep_probe_events.txt line: 78. EEP_DLC Shroud=YES
[02:24:34][effect_impl.cpp:22217]: [2209.5.3] Log effect, file: events/eep_probe_events.txt line: 63. EEP_MONTH country=EEP 03 铁心灭绝者 C=20 G=20 D=7 made=300 worlds=1
[02:24:34][effect_impl.cpp:22217]: [2209.5.3] Log effect, file: events/eep_probe_events.txt line: 76. EEP_DLC Nemesis=YES
[02:24:34][effect_impl.cpp:22217]: [2209.5.3] Log effect, file: events/eep_probe_events.txt line: 78. EEP_DLC Shroud=YES
[02:24:34][effect_impl.cpp:22217]: [2209.6.3] Log effect, file: events/eep_probe_events.txt line: 63. EEP_MONTH country=EEP 03 铁心灭绝者 C=20 G=20 D=7 made=300 worlds=1
[02:24:34][effect_impl.cpp:22217]: [2209.6.3] Log effect, file: events/eep_probe_events.txt line: 76. EEP_DLC Nemesis=YES
[02:24:34][effect_impl.cpp:22217]: [2209.6.3] Log effect, file: events/eep_probe_events.txt line: 78. EEP_DLC Shroud=YES
[02:24:35][effect_impl.cpp:22217]: [2209.7.3] Log effect, file: events/eep_probe_events.txt line: 63. EEP_MONTH country=EEP 03 铁心灭绝者 C=20 G=20 D=7 made=300 worlds=1
[02:24:35][effect_impl.cpp:22217]: [2209.7.3] Log effect, file: events/eep_probe_events.txt line: 76. EEP_DLC Nemesis=YES
[02:24:35][effect_impl.cpp:22217]: [2209.7.3] Log effect, file: events/eep_probe_events.txt line: 78. EEP_DLC Shroud=YES
[02:24:35][effect_impl.cpp:22217]: [2209.8.3] Log effect, file: events/eep_probe_events.txt line: 63. EEP_MONTH country=EEP 03 铁心灭绝者 C=20 G=20 D=7 made=300 worlds=1
[02:24:35][effect_impl.cpp:22217]: [2209.8.3] Log effect, file: events/eep_probe_events.txt line: 76. EEP_DLC Nemesis=YES
[02:24:35][effect_impl.cpp:22217]: [2209.8.3] Log effect, file: events/eep_probe_events.txt line: 78. EEP_DLC Shroud=YES
[02:24:36][effect_impl.cpp:22217]: [2209.9.3] Log effect, file: events/eep_probe_events.txt line: 63. EEP_MONTH country=EEP 03 铁心灭绝者 C=20 G=20 D=7 made=300 worlds=1
[02:24:36][effect_impl.cpp:22217]: [2209.9.3] Log effect, file: events/eep_probe_events.txt line: 76. EEP_DLC Nemesis=YES
[02:24:36][effect_impl.cpp:22217]: [2209.9.3] Log effect, file: events/eep_probe_events.txt line: 78. EEP_DLC Shroud=YES
[02:24:36][eventcommands.cpp:88]: Event first_contact.5000 added info about event selection. selectedOption 0, human -1, playerEventId 22
[02:24:36][eventcommands.cpp:88]: Event first_contact.5 added info about event selection. selectedOption 0, human -1, playerEventId 23
[02:24:36][effect_impl.cpp:22217]: [2209.10.3] Log effect, file: events/eep_probe_events.txt line: 63. EEP_MONTH country=EEP 03 铁心灭绝者 C=20 G=20 D=7 made=300 worlds=1
[02:24:36][effect_impl.cpp:22217]: [2209.10.3] Log effect, file: events/eep_probe_events.txt line: 76. EEP_DLC Nemesis=YES
[02:24:36][effect_impl.cpp:22217]: [2209.10.3] Log effect, file: events/eep_probe_events.txt line: 78. EEP_DLC Shroud=YES
[02:24:37][effect_impl.cpp:22217]: [2209.11.3] Log effect, file: events/eep_probe_events.txt line: 63. EEP_MONTH country=EEP 03 铁心灭绝者 C=20 G=20 D=7 made=300 worlds=1
[02:24:37][effect_impl.cpp:22217]: [2209.11.3] Log effect, file: events/eep_probe_events.txt line: 76. EEP_DLC Nemesis=YES
[02:24:37][effect_impl.cpp:22217]: [2209.11.3] Log effect, file: events/eep_probe_events.txt line: 78. EEP_DLC Shroud=YES
[02:24:37][effect_impl.cpp:22217]: [2209.12.3] Log effect, file: events/eep_probe_events.txt line: 63. EEP_MONTH country=EEP 03 铁心灭绝者 C=20 G=20 D=7 made=300 worlds=1
[02:24:37][effect_impl.cpp:22217]: [2209.12.3] Log effect, file: events/eep_probe_events.txt line: 76. EEP_DLC Nemesis=YES
[02:24:37][effect_impl.cpp:22217]: [2209.12.3] Log effect, file: events/eep_probe_events.txt line: 78. EEP_DLC Shroud=YES
[02:24:38][effect_impl.cpp:22217]: [2210.1.3] Log effect, file: events/eep_probe_events.txt line: 63. EEP_MONTH country=EEP 03 铁心灭绝者 C=20 G=20 D=7 made=300 worlds=1
[02:24:38][effect_impl.cpp:22217]: [2210.1.3] Log effect, file: events/eep_probe_events.txt line: 76. EEP_DLC Nemesis=YES
[02:24:38][effect_impl.cpp:22217]: [2210.1.3] Log effect, file: events/eep_probe_events.txt line: 78. EEP_DLC Shroud=YES
[02:24:38][effect_impl.cpp:22217]: [2210.2.3] Log effect, file: events/eep_probe_events.txt line: 63. EEP_MONTH country=EEP 03 铁心灭绝者 C=20 G=20 D=7 made=300 worlds=1
[02:24:38][effect_impl.cpp:22217]: [2210.2.3] Log effect, file: events/eep_probe_events.txt line: 76. EEP_DLC Nemesis=YES
[02:24:38][effect_impl.cpp:22217]: [2210.2.3] Log effect, file: events/eep_probe_events.txt line: 78. EEP_DLC Shroud=YES
[02:24:38][eventcommands.cpp:88]: Event first_contact.1 added info about event selection. selectedOption 0, human -1, playerEventId 24
[02:24:39][effect_impl.cpp:22217]: [2210.3.3] Log effect, file: events/eep_probe_events.txt line: 63. EEP_MONTH country=EEP 03 铁心灭绝者 C=20 G=20 D=7 made=300 worlds=1
[02:24:39][effect_impl.cpp:22217]: [2210.3.3] Log effect, file: events/eep_probe_events.txt line: 76. EEP_DLC Nemesis=YES
[02:24:39][effect_impl.cpp:22217]: [2210.3.3] Log effect, file: events/eep_probe_events.txt line: 78. EEP_DLC Shroud=YES
[02:33:13][effect_impl.cpp:22217]: [2200.2.3] Log effect, file: events/eep_probe_events.txt line: 74. EEP_MONTH ready=YES
[02:33:15][effect_impl.cpp:22217]: [2200.2.3] Log effect, file: events/eep_probe_events.txt line: 63. EEP_MONTH country=EEP 03 铁心灭绝者 C=20 G=20 D=7 made=300 worlds=1
[02:33:15][effect_impl.cpp:22217]: [2200.2.3] Log effect, file: events/eep_probe_events.txt line: 73. EEP_MONTH operational=NO
[02:35:49][eventcommands.cpp:88]: Event first_contact.1 added info about event selection. selectedOption 0, human -1, playerEventId 4
[02:36:01][effect_impl.cpp:22217]: [2200.2.2] Log effect, file: events/eep_probe_events.txt line: 63. EEP_MONTH country=EEP 03 铁心灭绝者 C=20 G=20 D=7 made=300 worlds=1
[02:36:01][effect_impl.cpp:22217]: [2200.2.2] Log effect, file: events/eep_probe_events.txt line: 70. EEP_MONTH source=EEP-UI-Q20 Q=20 T=48 progress=48
[02:36:01][effect_impl.cpp:22217]: [2200.2.2] Log effect, file: events/eep_probe_events.txt line: 73. EEP_MONTH operational=NO
[02:36:01][effect_impl.cpp:22217]: [2200.2.2] Log effect, file: events/eep_probe_events.txt line: 76. EEP_DLC Nemesis=YES
[02:36:01][effect_impl.cpp:22217]: [2200.2.2] Log effect, file: events/eep_probe_events.txt line: 78. EEP_DLC Shroud=YES
[02:41:47][effect_impl.cpp:22217]: [2200.2.2] Log effect, file: events/eep_probe_events.txt line: 63. EEP_MONTH country=EEP 03 铁心灭绝者 C=0 G=0 D=2 made=0 worlds=0
[02:41:47][effect_impl.cpp:22217]: [2200.2.2] Log effect, file: events/eep_probe_events.txt line: 70. EEP_MONTH source=EEP-UI-Q20 Q=20 T=48 progress=0
[02:49:55][eventcommands.cpp:88]: Event eep.100 added info about event selection. selectedOption 1, human 1, playerEventId 4
[02:50:04][eventcommands.cpp:88]: Event eep.101 added info about event selection. selectedOption 0, human 1, playerEventId 5
[02:50:06][effect_impl.cpp:22217]: [2200.2.2] Log effect, file: events/eep_probe_events.txt line: 72. EEP_MONTH operational=YES
[02:55:54][eventcommands.cpp:88]: Event first_contact.1 added info about event selection. selectedOption 0, human -1, playerEventId 3
