[21:15:27][dlc.cpp:1847]: Could not find files for mod: C:\Program Files (x86)\Steam\steamapps\workshop\content\281990\3797257579
[21:15:27][dlc.cpp:1847]: Could not find files for mod: C:\Program Files (x86)\Steam\steamapps\workshop\content\281990\3710613857
[21:15:27][dlc.cpp:1847]: Could not find files for mod: C:\Program Files (x86)\Steam\steamapps\workshop\content\281990\2660548454
[21:15:27][dlc.cpp:1847]: Could not find files for mod: C:\Program Files (x86)\Steam\steamapps\workshop\content\281990\2411818376
[21:15:27][dlc.cpp:1847]: Could not find files for mod: C:\Program Files (x86)\Steam\steamapps\workshop\content\281990\2409044128
[21:15:27][dlc.cpp:1847]: Could not find files for mod: C:\Program Files (x86)\Steam\steamapps\workshop\content\281990\3484461951
[21:15:27][dlc.cpp:1847]: Could not find files for mod: C:\Program Files (x86)\Steam\steamapps\workshop\content\281990\1199002146
[21:15:27][dlc.cpp:1847]: Could not find files for mod: C:\Program Files (x86)\Steam\steamapps\workshop\content\281990\2946000546
[21:15:27][dlc.cpp:1847]: Could not find files for mod: C:\Program Files (x86)\Steam\steamapps\workshop\content\281990\3053655313
[21:15:27][dlc.cpp:1847]: Could not find files for mod: C:\Program Files (x86)\Steam\steamapps\workshop\content\281990\2956750257
[21:15:27][dlc.cpp:1847]: Could not find files for mod: C:\Program Files (x86)\Steam\steamapps\workshop\content\281990\1539624733
[21:15:27][dlc.cpp:1847]: Could not find files for mod: C:\Program Files (x86)\Steam\steamapps\workshop\content\281990\1890399946
[21:15:27][dlc.cpp:1847]: Could not find files for mod: C:\Program Files (x86)\Steam\steamapps\workshop\content\281990\3357143726
[21:15:27][dlc.cpp:1847]: Could not find files for mod: C:\Program Files (x86)\Steam\steamapps\workshop\content\281990\3415581160
[21:15:27][dlc.cpp:1847]: Could not find files for mod: C:\Program Files (x86)\Steam\steamapps\workshop\content\281990\2438313459
[21:15:27][dlc.cpp:1847]: Could not find files for mod: C:\Program Files (x86)\Steam\steamapps\workshop\content\281990\2407436476
[21:15:27][dlc.cpp:1847]: Could not find files for mod: C:\Program Files (x86)\Steam\steamapps\workshop\content\281990\1623423360
[21:15:27][dlc.cpp:1847]: Could not find files for mod: C:\Program Files (x86)\Steam\steamapps\workshop\content\281990\3339549399
[21:15:27][dlc.cpp:1847]: Could not find files for mod: C:\Program Files (x86)\Steam\steamapps\workshop\content\281990\3090328185
[21:15:27][dlc.cpp:1847]: Could not find files for mod: C:\Program Files (x86)\Steam\steamapps\workshop\content\281990\2948301103
[21:15:27][dlc.cpp:1847]: Could not find files for mod: C:\Program Files (x86)\Steam\steamapps\workshop\content\281990\2976454692
[21:16:23][portraits.cpp:963]: Error: "Unexpected token: ﻿, near line: 4
" in file: "gfx/portraits/portraits/21_portraits_cybernetics_synthqueen.txt" near line: 4
[21:16:23][portraits.cpp:963]: Error: "Unexpected token: =, near line: 4
" in file: "gfx/portraits/portraits/21_portraits_cybernetics_synthqueen.txt" near line: 15
[21:16:49][effect_impl.cpp:23900]: [change_leader_portrait] invalid event target or portrait key 'cetana_empty' at  file: events/machine_age_crisis_events.txt line: 14689
[21:16:49][effect_impl.cpp:23900]: [change_leader_portrait] invalid event target or portrait key 'cetana_empty' at  file: events/machine_age_crisis_events.txt line: 15540
[21:16:50][effect_impl.cpp:23900]: [change_leader_portrait] invalid event target or portrait key 'cetana_mammalian' at  common/scripted_effects/02_machine_age_effects.txt:852 @ scripted effect synth_queen_spawn at file: events/machine_age_crisis_events.txt line: 3970
[21:16:50][effect_impl.cpp:23900]: [change_leader_portrait] invalid event target or portrait key 'cetana_reptilian' at  common/scripted_effects/02_machine_age_effects.txt:870 @ scripted effect synth_queen_spawn at file: events/machine_age_crisis_events.txt line: 3970
[21:16:50][effect_impl.cpp:23900]: [change_leader_portrait] invalid event target or portrait key 'cetana_robot' at  common/scripted_effects/02_machine_age_effects.txt:888 @ scripted effect synth_queen_spawn at file: events/machine_age_crisis_events.txt line: 3970
[21:16:50][effect_impl.cpp:23900]: [change_leader_portrait] invalid event target or portrait key 'cetana_aquatic' at  common/scripted_effects/02_machine_age_effects.txt:906 @ scripted effect synth_queen_spawn at file: events/machine_age_crisis_events.txt line: 3970
[21:16:50][effect_impl.cpp:23900]: [change_leader_portrait] invalid event target or portrait key 'cetana_lithoid' at  common/scripted_effects/02_machine_age_effects.txt:924 @ scripted effect synth_queen_spawn at file: events/machine_age_crisis_events.txt line: 3970
[21:16:50][effect_impl.cpp:23900]: [change_leader_portrait] invalid event target or portrait key 'cetana_plantoid' at  common/scripted_effects/02_machine_age_effects.txt:942 @ scripted effect synth_queen_spawn at file: events/machine_age_crisis_events.txt line: 3970
[21:16:50][effect_impl.cpp:23900]: [change_leader_portrait] invalid event target or portrait key 'cetana_molluscoid' at  common/scripted_effects/02_machine_age_effects.txt:960 @ scripted effect synth_queen_spawn at file: events/machine_age_crisis_events.txt line: 3970
[21:16:50][effect_impl.cpp:23900]: [change_leader_portrait] invalid event target or portrait key 'cetana_avian' at  common/scripted_effects/02_machine_age_effects.txt:978 @ scripted effect synth_queen_spawn at file: events/machine_age_crisis_events.txt line: 3970
[21:16:50][effect_impl.cpp:23900]: [change_leader_portrait] invalid event target or portrait key 'cetana_empty' at  common/scripted_effects/02_machine_age_effects.txt:996 @ scripted effect synth_queen_spawn at file: events/machine_age_crisis_events.txt line: 3970
