[18:02:43][dlc.cpp:1847]: Could not find files for mod: C:\SteamLibrary\steamapps\workshop\content\281990\3797257579
[18:02:43][dlc.cpp:1847]: Could not find files for mod: C:\SteamLibrary\steamapps\workshop\content\281990\3710613857
[18:02:43][dlc.cpp:1847]: Could not find files for mod: C:\SteamLibrary\steamapps\workshop\content\281990\2660548454
[18:02:43][dlc.cpp:1847]: Could not find files for mod: C:\SteamLibrary\steamapps\workshop\content\281990\2411818376
[18:02:43][dlc.cpp:1847]: Could not find files for mod: C:\SteamLibrary\steamapps\workshop\content\281990\2409044128
[18:02:43][dlc.cpp:1847]: Could not find files for mod: C:\SteamLibrary\steamapps\workshop\content\281990\3484461951
[18:02:43][dlc.cpp:1847]: Could not find files for mod: C:\SteamLibrary\steamapps\workshop\content\281990\1199002146
[18:02:43][dlc.cpp:1847]: Could not find files for mod: C:\SteamLibrary\steamapps\workshop\content\281990\2946000546
[18:02:43][dlc.cpp:1847]: Could not find files for mod: C:\SteamLibrary\steamapps\workshop\content\281990\3053655313
[18:02:43][dlc.cpp:1847]: Could not find files for mod: C:\SteamLibrary\steamapps\workshop\content\281990\2956750257
[18:02:43][dlc.cpp:1847]: Could not find files for mod: C:\SteamLibrary\steamapps\workshop\content\281990\1539624733
[18:02:43][dlc.cpp:1847]: Could not find files for mod: C:\SteamLibrary\steamapps\workshop\content\281990\1890399946
[18:02:43][dlc.cpp:1847]: Could not find files for mod: C:\SteamLibrary\steamapps\workshop\content\281990\3357143726
[18:02:43][dlc.cpp:1847]: Could not find files for mod: C:\SteamLibrary\steamapps\workshop\content\281990\3415581160
[18:02:43][dlc.cpp:1847]: Could not find files for mod: C:\SteamLibrary\steamapps\workshop\content\281990\2438313459
[18:02:43][dlc.cpp:1847]: Could not find files for mod: C:\SteamLibrary\steamapps\workshop\content\281990\2407436476
[18:02:43][dlc.cpp:1847]: Could not find files for mod: C:\SteamLibrary\steamapps\workshop\content\281990\1623423360
[18:02:43][dlc.cpp:1847]: Could not find files for mod: C:\SteamLibrary\steamapps\workshop\content\281990\3339549399
[18:02:43][dlc.cpp:1847]: Could not find files for mod: C:\SteamLibrary\steamapps\workshop\content\281990\3090328185
[18:02:43][dlc.cpp:1847]: Could not find files for mod: C:\SteamLibrary\steamapps\workshop\content\281990\2948301103
[18:02:43][dlc.cpp:1847]: Could not find files for mod: C:\SteamLibrary\steamapps\workshop\content\281990\2976454692
[18:04:01][game_singleobjectdatabase.h:170]: Object with key: decision_lithoid_swarm_consume_world already exists, using the one at  file: common/decisions/zz_eep_native_decision.txt line: 2
[18:05:28][agreement_manager.cpp:189]: Repaired savegame, changed 1 invalid subject agreements!
[18:19:47][game_text.cpp:1531]: Unknown promotion `explorer` in text: explorer.GetName]之间培养起来的跨维度情谊
[18:19:47][game_text.cpp:1287]: Unknown property `GetName` in text: GetName]之间培养起来的跨维度情谊
[18:36:22][effect_impl_pop.cpp:482]: transfer_pop_amount: the amount of pops to transfer should be more than 0 (got 0) at  file: events/assimilation_events.txt line: 72
[18:36:27][effect_impl_casus_belli.h:85]: [check_casus_belli_valid] Scoped country may not use casus belli on target country. file: common/diplomatic_actions/00_actions.txt line: 794
[19:02:10][trigger_impl.cpp:1218]: Script Error: Invalid context switch [from] from EEP 06 焦土蜂巢 [country], file: events/tutorial_events.txt line: 3838, Scope: 
type=country
id=0
opener_id=4294967295
random={ 0 2517963909 }
random_allowed=yes
from=
{
	type=none
	id=0
	opener_id=4294967295
	random={ 0 2818582477 }
	random_allowed=yes
}

[19:02:10][trigger_impl.cpp:1218]: Script Error: Invalid context switch [from] from EEP 06 焦土蜂巢 [country], file: events/tutorial_events.txt line: 3883, Scope: 
type=country
id=0
opener_id=4294967295
random={ 0 2553952940 }
random_allowed=yes
from=
{
	type=none
	id=0
	opener_id=4294967295
	random={ 0 1706629244 }
	random_allowed=yes
}

