[18:02:44][game_application.cpp:250]: Game Version: Cygnus v4.5.2
[18:02:44][defines.cpp:162]: 2132 defines loaded
[18:02:44][defines.cpp:196]: 254 interface defines loaded
[18:10:00][eventcommands.cpp:88]: Event eep.100 added info about event selection. selectedOption 0, human 1, playerEventId 576
[18:10:13][eventcommands.cpp:88]: Event eep.100 added info about event selection. selectedOption 0, human 1, playerEventId 577
[18:10:28][eventcommands.cpp:88]: Event eep.100 added info about event selection. selectedOption 0, human 1, playerEventId 578
[18:37:26][eventcommands.cpp:88]: Event first_contact.1 added info about event selection. selectedOption 0, human -1, playerEventId 546
[18:46:15][eventcommands.cpp:88]: Event first_contact_critters.1 added info about event selection. selectedOption 0, human -1, playerEventId 547
[18:53:14][eventcommands.cpp:88]: Event operation.7000 added info about event selection. selectedOption 15, human -1, playerEventId 548
[18:55:09][eventcommands.cpp:88]: Event operation.7000 added info about event selection. selectedOption 15, human -1, playerEventId 550
[19:00:28][eventcommands.cpp:88]: Event astral_rift.200 added info about event selection. selectedOption 0, human -1, playerEventId 551
[19:00:31][eventcommands.cpp:88]: Event operation.7000 added info about event selection. selectedOption 15, human -1, playerEventId 552
[19:01:49][eventcommands.cpp:88]: Event first_contact.1 added info about event selection. selectedOption 0, human -1, playerEventId 556
[19:01:56][eventcommands.cpp:88]: Event ancrel.6200 added info about event selection. selectedOption 0, human -1, playerEventId 557
[19:02:10][eventcommands.cpp:88]: Event first_contact_critters.5 added info about event selection. selectedOption 3, human -1, playerEventId 549
[19:02:15][eventcommands.cpp:88]: Event first_contact_critters.100 added info about event selection. selectedOption 0, human -1, playerEventId 559
[19:02:24][effect_impl.cpp:22217]: [2295.9.14] Log effect, file: events/caravaneer_events.txt line: 1433. fleet 1 >=6 countries found, tag 2
[19:02:24][effect_impl.cpp:22217]: [2295.9.14] Log effect, file: events/caravaneer_events.txt line: 1445. 1 fleet1_capital_destination set
[19:02:44][eventcommands.cpp:88]: Event first_contact_critters.105 added info about event selection. selectedOption 0, human -1, playerEventId 560
[19:10:12][eventcommands.cpp:88]: Event leviathans.102 added info about event selection. selectedOption 0, human 1, playerEventId 558
[19:13:30][eventcommands.cpp:88]: Event eep.32 added info about event selection. selectedOption 0, human 1, playerEventId 562
[19:17:36][effect_impl.cpp:22217]: [2296.3.2] Log effect, file: events/eep_probe_events.txt line: 63. EEP_MONTH country=EEP 06 焦土蜂巢 C=57 G=57 D=16 made=900 worlds=3
[19:17:36][effect_impl.cpp:22217]: [2296.3.2] Log effect, file: events/eep_probe_events.txt line: 76. EEP_DLC Nemesis=YES
[19:17:36][effect_impl.cpp:22217]: [2296.3.2] Log effect, file: events/eep_probe_events.txt line: 78. EEP_DLC Shroud=YES
[19:19:05][eventcommands.cpp:88]: Event crisis.4155 added info about event selection. selectedOption 0, human 1, playerEventId 561
[19:20:08][eventcommands.cpp:88]: Event precursor.301 added info about event selection. selectedOption 0, human 1, playerEventId 553
[19:31:37][effect_impl.cpp:22217]: [2296.3.6] Log effect, common/scripted_effects/caravaneer_scripted_effects.txt:1822 @ scripted effect fleet1_continue_journey at. triggered fleet1_continue_journey
[19:31:37][effect_impl.cpp:22217]: [2296.3.6] Log effect, common/scripted_effects/caravaneer_scripted_effects.txt:1825 @ scripted effect fleet1_continue_journey at. fleet 1 untagged planet
[19:31:38][effect_impl.cpp:22217]: [2296.3.7] Log effect, file: events/caravaneer_events.txt line: 1976. fleet 1 set next destination
[19:31:38][effect_impl.cpp:22217]: [2296.3.7] Log effect, file: events/caravaneer_events.txt line: 1985. fleet 1 engaged auto_move
[20:07:04][eventcommands.cpp:88]: Event astral_rift.205 added info about event selection. selectedOption 0, human -1, playerEventId 564
[20:07:05][effect_impl.cpp:22217]: [2296.9.13] Log effect, common/scripted_effects/caravaneer_scripted_effects.txt:1822 @ scripted effect fleet1_continue_journey at. triggered fleet1_continue_journey
[20:07:05][effect_impl.cpp:22217]: [2296.9.13] Log effect, common/scripted_effects/caravaneer_scripted_effects.txt:1825 @ scripted effect fleet1_continue_journey at. fleet 1 untagged planet
[20:07:05][effect_impl.cpp:22217]: [2296.9.13] Log effect, common/scripted_effects/caravaneer_scripted_effects.txt:1850 @ scripted effect fleet1_continue_journey at. fleet 1 returning home
