[01:46:00][game_application.cpp:250]: Game Version: Cygnus v4.5.2
[01:46:00][defines.cpp:162]: 2132 defines loaded
[01:46:00][defines.cpp:196]: 254 interface defines loaded
[01:51:52][gamecontrolcommands.cpp:415]: Sending sync response, machine id: 1
[01:51:53][galaxy_generator.cpp:4536]: Generating World! Specified Seed: 1019931427
[01:54:33][effect_impl.cpp:22217]: [2200.1.1] Log effect, file: events/eep_probe_events.txt line: 94. EEP_PROBE country EEP 03 铁心灭绝者: C=0 G=0 D=2 manufactured=0 worlds=0
[01:54:33][effect_impl.cpp:22217]: [2200.1.1] Log effect, file: events/eep_probe_events.txt line: 95. EEP_PROBE qualified=YES
[01:54:33][effect_impl.cpp:22217]: [2200.1.1] Log effect, file: events/eep_probe_events.txt line: 97. EEP_PROBE core_available=YES
[01:54:33][effect_impl.cpp:22217]: [2200.1.1] Log effect, file: events/eep_probe_events.txt line: 102. EEP_PROBE active=NO
[01:54:33][effect_impl.cpp:22217]: [2200.1.1] Log effect, file: events/eep_probe_events.txt line: 104. EEP_PROBE shattered=NO
[01:58:09][effect_impl.cpp:22217]: [2200.1.2] Log effect, file: events/eep_probe_events.txt line: 63. EEP_MONTH country=EEP 03 铁心灭绝者 C=0 G=0 D=2 made=0 worlds=0
[01:58:09][effect_impl.cpp:22217]: [2200.1.2] Log effect, file: events/eep_probe_events.txt line: 70. EEP_MONTH source=EEP-UI-Q20 Q=20 T=48 progress=0
[01:58:09][effect_impl.cpp:22217]: [2200.1.2] Log effect, file: events/eep_probe_events.txt line: 72. EEP_MONTH operational=YES
[01:58:09][effect_impl.cpp:22217]: [2200.1.2] Log effect, file: events/eep_probe_events.txt line: 76. EEP_DLC Nemesis=YES
[01:58:09][effect_impl.cpp:22217]: [2200.1.2] Log effect, file: events/eep_probe_events.txt line: 78. EEP_DLC Shroud=YES
[01:59:07][effect_impl.cpp:22217]: [2200.1.2] Log effect, file: events/eep_probe_events.txt line: 94. EEP_PROBE country EEP 03 铁心灭绝者: C=0 G=0 D=2 manufactured=0 worlds=0
[01:59:07][effect_impl.cpp:22217]: [2200.1.2] Log effect, file: events/eep_probe_events.txt line: 95. EEP_PROBE qualified=YES
[01:59:07][effect_impl.cpp:22217]: [2200.1.2] Log effect, file: events/eep_probe_events.txt line: 97. EEP_PROBE core_available=YES
[01:59:07][effect_impl.cpp:22217]: [2200.1.2] Log effect, file: events/eep_probe_events.txt line: 100. EEP_PROBE source Q=20 T=48
[01:59:07][effect_impl.cpp:22217]: [2200.1.2] Log effect, file: events/eep_probe_events.txt line: 102. EEP_PROBE active=NO
[01:59:07][effect_impl.cpp:22217]: [2200.1.2] Log effect, file: events/eep_probe_events.txt line: 104. EEP_PROBE shattered=NO
[02:04:20][effect_impl.cpp:22217]: [2200.1.2] Log effect, file: events/eep_probe_events.txt line: 73. EEP_MONTH operational=NO
[02:04:22][effect_impl.cpp:22217]: [2200.1.2] Log effect, file: events/eep_probe_events.txt line: 70. EEP_MONTH source=EEP-UI-Q20 Q=20 T=48 progress=48
[02:05:40][effect_impl.cpp:22217]: [2200.1.2] Log effect, file: events/eep_probe_events.txt line: 63. EEP_MONTH country=EEP 03 铁心灭绝者 C=20 G=20 D=7 made=300 worlds=1
