[23:41:46][dlc.cpp:1847]: Could not find files for mod: C:\SteamLibrary\steamapps\workshop\content\281990\3797257579
[23:41:46][dlc.cpp:1847]: Could not find files for mod: C:\SteamLibrary\steamapps\workshop\content\281990\3710613857
[23:41:46][dlc.cpp:1847]: Could not find files for mod: C:\SteamLibrary\steamapps\workshop\content\281990\2660548454
[23:41:46][dlc.cpp:1847]: Could not find files for mod: C:\SteamLibrary\steamapps\workshop\content\281990\2411818376
[23:41:46][dlc.cpp:1847]: Could not find files for mod: C:\SteamLibrary\steamapps\workshop\content\281990\2409044128
[23:41:46][dlc.cpp:1847]: Could not find files for mod: C:\SteamLibrary\steamapps\workshop\content\281990\3484461951
[23:41:46][dlc.cpp:1847]: Could not find files for mod: C:\SteamLibrary\steamapps\workshop\content\281990\1199002146
[23:41:46][dlc.cpp:1847]: Could not find files for mod: C:\SteamLibrary\steamapps\workshop\content\281990\2946000546
[23:41:46][dlc.cpp:1847]: Could not find files for mod: C:\SteamLibrary\steamapps\workshop\content\281990\3053655313
[23:41:46][dlc.cpp:1847]: Could not find files for mod: C:\SteamLibrary\steamapps\workshop\content\281990\2956750257
[23:41:46][dlc.cpp:1847]: Could not find files for mod: C:\SteamLibrary\steamapps\workshop\content\281990\1539624733
[23:41:46][dlc.cpp:1847]: Could not find files for mod: C:\SteamLibrary\steamapps\workshop\content\281990\1890399946
[23:41:46][dlc.cpp:1847]: Could not find files for mod: C:\SteamLibrary\steamapps\workshop\content\281990\3357143726
[23:41:46][dlc.cpp:1847]: Could not find files for mod: C:\SteamLibrary\steamapps\workshop\content\281990\3415581160
[23:41:46][dlc.cpp:1847]: Could not find files for mod: C:\SteamLibrary\steamapps\workshop\content\281990\2438313459
[23:41:46][dlc.cpp:1847]: Could not find files for mod: C:\SteamLibrary\steamapps\workshop\content\281990\2407436476
[23:41:46][dlc.cpp:1847]: Could not find files for mod: C:\SteamLibrary\steamapps\workshop\content\281990\1623423360
[23:41:46][dlc.cpp:1847]: Could not find files for mod: C:\SteamLibrary\steamapps\workshop\content\281990\3339549399
[23:41:46][dlc.cpp:1847]: Could not find files for mod: C:\SteamLibrary\steamapps\workshop\content\281990\3090328185
[23:41:46][dlc.cpp:1847]: Could not find files for mod: C:\SteamLibrary\steamapps\workshop\content\281990\2948301103
[23:41:46][dlc.cpp:1847]: Could not find files for mod: C:\SteamLibrary\steamapps\workshop\content\281990\2976454692
[23:43:02][game_singleobjectdatabase.h:170]: Object with key: decision_lithoid_swarm_consume_world already exists, using the one at  file: common/decisions/zz_eep_native_decision.txt line: 2
[00:15:15][effect.cpp:437]: Expected "country_event = {", but got "country_event = eep_probe.30" at  file:  line: 1
[00:15:15][effect_impl.cpp:569]: = effect at  file:  line: 1 accepts only yes or no as values
[00:15:16][effect_impl.cpp:825]: Script Error: Invalid scripted effect: = at  file:  line: 1

