[23:41:47][game_application.cpp:250]: Game Version: Cygnus v4.5.2
[23:41:47][defines.cpp:162]: 2132 defines loaded
[23:41:47][defines.cpp:196]: 254 interface defines loaded
[23:46:33][effect_impl.cpp:22217]: [2200.1.2] Log effect, file: events/eep_probe_events.txt line: 94. EEP_PROBE country EEP 01 石质噬岩者: C=0 G=0 D=2 manufactured=0 worlds=0
[23:46:33][effect_impl.cpp:22217]: [2200.1.2] Log effect, file: events/eep_probe_events.txt line: 95. EEP_PROBE qualified=YES
[23:46:33][effect_impl.cpp:22217]: [2200.1.2] Log effect, file: events/eep_probe_events.txt line: 97. EEP_PROBE core_available=YES
[23:46:33][effect_impl.cpp:22217]: [2200.1.2] Log effect, file: events/eep_probe_events.txt line: 100. EEP_PROBE source Q=20 T=48
[23:46:33][effect_impl.cpp:22217]: [2200.1.2] Log effect, file: events/eep_probe_events.txt line: 102. EEP_PROBE active=NO
[23:46:33][effect_impl.cpp:22217]: [2200.1.2] Log effect, file: events/eep_probe_events.txt line: 104. EEP_PROBE shattered=NO
[23:49:11][effect_impl.cpp:22217]: [2200.1.3] Log effect, file: events/eep_probe_events.txt line: 63. EEP_MONTH country=EEP 01 石质噬岩者 C=0 G=0 D=2 made=0 worlds=0
[23:49:11][effect_impl.cpp:22217]: [2200.1.3] Log effect, file: events/eep_probe_events.txt line: 70. EEP_MONTH source=EEP-UI-Q20 Q=20 T=48 progress=0
[23:49:11][effect_impl.cpp:22217]: [2200.1.3] Log effect, file: events/eep_probe_events.txt line: 72. EEP_MONTH operational=YES
[23:49:11][effect_impl.cpp:22217]: [2200.1.3] Log effect, file: events/eep_probe_events.txt line: 76. EEP_DLC Nemesis=YES
[23:49:11][effect_impl.cpp:22217]: [2200.1.3] Log effect, file: events/eep_probe_events.txt line: 78. EEP_DLC Shroud=YES
[23:52:41][effect_impl.cpp:22217]: [2200.1.3] Log effect, file:  line: 1. EEP_RC6_NEGATIVE_CONTROL_ORIGINAL0_HUMAN
[23:52:43][effect_impl.cpp:22217]: [2200.1.3] Log effect, file: events/eep_probe_events.txt line: 94. EEP_PROBE country EEP 01 石质噬岩者: C=0 G=0 D=2 manufactured=0 worlds=0
[23:52:43][effect_impl.cpp:22217]: [2200.1.3] Log effect, file: events/eep_probe_events.txt line: 95. EEP_PROBE qualified=YES
[23:52:43][effect_impl.cpp:22217]: [2200.1.3] Log effect, file: events/eep_probe_events.txt line: 97. EEP_PROBE core_available=YES
[23:52:43][effect_impl.cpp:22217]: [2200.1.3] Log effect, file: events/eep_probe_events.txt line: 100. EEP_PROBE source Q=20 T=48
[23:52:43][effect_impl.cpp:22217]: [2200.1.3] Log effect, file: events/eep_probe_events.txt line: 101. EEP_PROBE active=YES
[23:52:43][effect_impl.cpp:22217]: [2200.1.3] Log effect, file: events/eep_probe_events.txt line: 104. EEP_PROBE shattered=NO
[23:52:53][effect_impl.cpp:22217]: [2200.1.3] Log effect, file:  line: 1. EEP_RC6_TRUE_AI_ORIGINAL0_FAILED
[23:56:30][effect_impl.cpp:22217]: [2200.1.3] Log effect, file:  line: 1. EEP_RC6_TRUE_AI_AFTER_NATIVE_SLOT2
[00:01:18][effect_impl.cpp:22217]: [2200.1.3] Log effect, file: events/eep_probe_events.txt line: 63. EEP_MONTH country=EEP 01 石质噬岩者 C=20 G=0 D=7 made=0 worlds=1
[00:01:18][effect_impl.cpp:22217]: [2200.1.3] Log effect, file: events/eep_probe_events.txt line: 70. EEP_MONTH source=EEP-UI-Q20 Q=20 T=48 progress=48
[00:01:18][effect_impl.cpp:22217]: [2200.1.3] Log effect, file: events/eep_probe_events.txt line: 73. EEP_MONTH operational=NO
[00:06:47][effect_impl.cpp:22217]: [2200.1.4] Log effect, file:  line: 1. EEP_RC6_TRIAL2_TRUE_AI_ORIGINAL0
[00:09:25][effect_impl.cpp:22217]: [2200.1.4] Log effect, file: events/eep_probe_events.txt line: 63. EEP_MONTH country=EEP 01 石质噬岩者 C=20 G=0 D=7 made=0 worlds=1
[00:09:25][effect_impl.cpp:22217]: [2200.1.4] Log effect, file: events/eep_probe_events.txt line: 70. EEP_MONTH source=EEP-UI-Q20 Q=20 T=48 progress=48
[00:09:25][effect_impl.cpp:22217]: [2200.1.4] Log effect, file: events/eep_probe_events.txt line: 73. EEP_MONTH operational=NO
[00:09:25][effect_impl.cpp:22217]: [2200.1.4] Log effect, file: events/eep_probe_events.txt line: 76. EEP_DLC Nemesis=YES
[00:09:25][effect_impl.cpp:22217]: [2200.1.4] Log effect, file: events/eep_probe_events.txt line: 78. EEP_DLC Shroud=YES
[00:19:53][eventcommands.cpp:88]: Event eep.10 added info about event selection. selectedOption 0, human -1, playerEventId 4
[00:20:01][effect_impl.cpp:22217]: [2200.2.3] Log effect, file: events/eep_probe_events.txt line: 63. EEP_MONTH country=不明帝国 C=0 G=0 D=2 made=0 worlds=0
[00:20:01][effect_impl.cpp:22217]: [2200.2.3] Log effect, file: events/eep_probe_events.txt line: 70. EEP_MONTH source=EEP-UI-Q20 Q=20 T=48 progress=1
[00:20:01][effect_impl.cpp:22217]: [2200.2.3] Log effect, file: events/eep_probe_events.txt line: 72. EEP_MONTH operational=YES
[00:20:01][effect_impl.cpp:22217]: [2200.2.3] Log effect, file: events/eep_probe_events.txt line: 76. EEP_DLC Nemesis=YES
[00:20:01][effect_impl.cpp:22217]: [2200.2.3] Log effect, file: events/eep_probe_events.txt line: 78. EEP_DLC Shroud=YES
[00:20:11][effect_impl.cpp:22217]: [2200.3.3] Log effect, file: events/eep_probe_events.txt line: 63. EEP_MONTH country=不明帝国 C=0 G=0 D=2 made=0 worlds=0
[00:20:11][effect_impl.cpp:22217]: [2200.3.3] Log effect, file: events/eep_probe_events.txt line: 70. EEP_MONTH source=EEP-UI-Q20 Q=20 T=48 progress=2
[00:20:11][effect_impl.cpp:22217]: [2200.3.3] Log effect, file: events/eep_probe_events.txt line: 72. EEP_MONTH operational=YES
[00:20:11][effect_impl.cpp:22217]: [2200.3.3] Log effect, file: events/eep_probe_events.txt line: 76. EEP_DLC Nemesis=YES
[00:20:11][effect_impl.cpp:22217]: [2200.3.3] Log effect, file: events/eep_probe_events.txt line: 78. EEP_DLC Shroud=YES
[00:20:20][effect_impl.cpp:22217]: [2200.4.3] Log effect, file: events/eep_probe_events.txt line: 63. EEP_MONTH country=不明帝国 C=0 G=0 D=2 made=0 worlds=0
[00:20:20][effect_impl.cpp:22217]: [2200.4.3] Log effect, file: events/eep_probe_events.txt line: 70. EEP_MONTH source=EEP-UI-Q20 Q=20 T=48 progress=3
[00:20:20][effect_impl.cpp:22217]: [2200.4.3] Log effect, file: events/eep_probe_events.txt line: 72. EEP_MONTH operational=YES
[00:20:20][effect_impl.cpp:22217]: [2200.4.3] Log effect, file: events/eep_probe_events.txt line: 76. EEP_DLC Nemesis=YES
[00:20:20][effect_impl.cpp:22217]: [2200.4.3] Log effect, file: events/eep_probe_events.txt line: 78. EEP_DLC Shroud=YES
[00:20:30][effect_impl.cpp:22217]: [2200.5.3] Log effect, file: events/eep_probe_events.txt line: 63. EEP_MONTH country=不明帝国 C=0 G=0 D=2 made=0 worlds=0
[00:20:30][effect_impl.cpp:22217]: [2200.5.3] Log effect, file: events/eep_probe_events.txt line: 70. EEP_MONTH source=EEP-UI-Q20 Q=20 T=48 progress=4
[00:20:30][effect_impl.cpp:22217]: [2200.5.3] Log effect, file: events/eep_probe_events.txt line: 72. EEP_MONTH operational=YES
[00:20:30][effect_impl.cpp:22217]: [2200.5.3] Log effect, file: events/eep_probe_events.txt line: 76. EEP_DLC Nemesis=YES
[00:20:30][effect_impl.cpp:22217]: [2200.5.3] Log effect, file: events/eep_probe_events.txt line: 78. EEP_DLC Shroud=YES
[00:20:40][effect_impl.cpp:22217]: [2200.6.3] Log effect, file: events/eep_probe_events.txt line: 63. EEP_MONTH country=不明帝国 C=0 G=0 D=2 made=0 worlds=0
[00:20:40][effect_impl.cpp:22217]: [2200.6.3] Log effect, file: events/eep_probe_events.txt line: 70. EEP_MONTH source=EEP-UI-Q20 Q=20 T=48 progress=5
[00:20:40][effect_impl.cpp:22217]: [2200.6.3] Log effect, file: events/eep_probe_events.txt line: 72. EEP_MONTH operational=YES
[00:20:40][effect_impl.cpp:22217]: [2200.6.3] Log effect, file: events/eep_probe_events.txt line: 76. EEP_DLC Nemesis=YES
[00:20:40][effect_impl.cpp:22217]: [2200.6.3] Log effect, file: events/eep_probe_events.txt line: 78. EEP_DLC Shroud=YES
[00:20:41][eventcommands.cpp:88]: Event first_contact.1 added info about event selection. selectedOption 0, human -1, playerEventId 5
[00:20:50][effect_impl.cpp:22217]: [2200.7.3] Log effect, file: events/eep_probe_events.txt line: 63. EEP_MONTH country=不明帝国 C=0 G=0 D=2 made=0 worlds=0
[00:20:50][effect_impl.cpp:22217]: [2200.7.3] Log effect, file: events/eep_probe_events.txt line: 70. EEP_MONTH source=EEP-UI-Q20 Q=20 T=48 progress=6
[00:20:50][effect_impl.cpp:22217]: [2200.7.3] Log effect, file: events/eep_probe_events.txt line: 72. EEP_MONTH operational=YES
[00:20:50][effect_impl.cpp:22217]: [2200.7.3] Log effect, file: events/eep_probe_events.txt line: 76. EEP_DLC Nemesis=YES
[00:20:50][effect_impl.cpp:22217]: [2200.7.3] Log effect, file: events/eep_probe_events.txt line: 78. EEP_DLC Shroud=YES
[00:20:59][effect_impl.cpp:22217]: [2200.8.3] Log effect, file: events/eep_probe_events.txt line: 63. EEP_MONTH country=不明帝国 C=0 G=0 D=2 made=0 worlds=0
[00:20:59][effect_impl.cpp:22217]: [2200.8.3] Log effect, file: events/eep_probe_events.txt line: 70. EEP_MONTH source=EEP-UI-Q20 Q=20 T=48 progress=7
[00:20:59][effect_impl.cpp:22217]: [2200.8.3] Log effect, file: events/eep_probe_events.txt line: 72. EEP_MONTH operational=YES
[00:20:59][effect_impl.cpp:22217]: [2200.8.3] Log effect, file: events/eep_probe_events.txt line: 76. EEP_DLC Nemesis=YES
[00:20:59][effect_impl.cpp:22217]: [2200.8.3] Log effect, file: events/eep_probe_events.txt line: 78. EEP_DLC Shroud=YES
[00:21:09][effect_impl.cpp:22217]: [2200.9.3] Log effect, file: events/eep_probe_events.txt line: 63. EEP_MONTH country=不明帝国 C=0 G=0 D=2 made=0 worlds=0
[00:21:09][effect_impl.cpp:22217]: [2200.9.3] Log effect, file: events/eep_probe_events.txt line: 70. EEP_MONTH source=EEP-UI-Q20 Q=20 T=48 progress=8
[00:21:09][effect_impl.cpp:22217]: [2200.9.3] Log effect, file: events/eep_probe_events.txt line: 72. EEP_MONTH operational=YES
[00:21:09][effect_impl.cpp:22217]: [2200.9.3] Log effect, file: events/eep_probe_events.txt line: 76. EEP_DLC Nemesis=YES
[00:21:09][effect_impl.cpp:22217]: [2200.9.3] Log effect, file: events/eep_probe_events.txt line: 78. EEP_DLC Shroud=YES
[00:21:19][effect_impl.cpp:22217]: [2200.10.3] Log effect, file: events/eep_probe_events.txt line: 63. EEP_MONTH country=不明帝国 C=0 G=0 D=2 made=0 worlds=0
[00:21:19][effect_impl.cpp:22217]: [2200.10.3] Log effect, file: events/eep_probe_events.txt line: 70. EEP_MONTH source=EEP-UI-Q20 Q=20 T=48 progress=9
[00:21:19][effect_impl.cpp:22217]: [2200.10.3] Log effect, file: events/eep_probe_events.txt line: 72. EEP_MONTH operational=YES
[00:21:19][effect_impl.cpp:22217]: [2200.10.3] Log effect, file: events/eep_probe_events.txt line: 76. EEP_DLC Nemesis=YES
[00:21:19][effect_impl.cpp:22217]: [2200.10.3] Log effect, file: events/eep_probe_events.txt line: 78. EEP_DLC Shroud=YES
[00:21:29][effect_impl.cpp:22217]: [2200.11.3] Log effect, file: events/eep_probe_events.txt line: 63. EEP_MONTH country=不明帝国 C=0 G=0 D=2 made=0 worlds=0
[00:21:29][effect_impl.cpp:22217]: [2200.11.3] Log effect, file: events/eep_probe_events.txt line: 70. EEP_MONTH source=EEP-UI-Q20 Q=20 T=48 progress=10
[00:21:29][effect_impl.cpp:22217]: [2200.11.3] Log effect, file: events/eep_probe_events.txt line: 72. EEP_MONTH operational=YES
[00:21:29][effect_impl.cpp:22217]: [2200.11.3] Log effect, file: events/eep_probe_events.txt line: 76. EEP_DLC Nemesis=YES
[00:21:29][effect_impl.cpp:22217]: [2200.11.3] Log effect, file: events/eep_probe_events.txt line: 78. EEP_DLC Shroud=YES
[00:21:38][effect_impl.cpp:22217]: [2200.12.3] Log effect, file: events/eep_probe_events.txt line: 63. EEP_MONTH country=不明帝国 C=0 G=0 D=2 made=0 worlds=0
[00:21:38][effect_impl.cpp:22217]: [2200.12.3] Log effect, file: events/eep_probe_events.txt line: 70. EEP_MONTH source=EEP-UI-Q20 Q=20 T=48 progress=11
[00:21:38][effect_impl.cpp:22217]: [2200.12.3] Log effect, file: events/eep_probe_events.txt line: 72. EEP_MONTH operational=YES
[00:21:38][effect_impl.cpp:22217]: [2200.12.3] Log effect, file: events/eep_probe_events.txt line: 76. EEP_DLC Nemesis=YES
[00:21:38][effect_impl.cpp:22217]: [2200.12.3] Log effect, file: events/eep_probe_events.txt line: 78. EEP_DLC Shroud=YES
[00:21:48][effect_impl.cpp:22217]: [2201.1.3] Log effect, file: events/eep_probe_events.txt line: 63. EEP_MONTH country=不明帝国 C=0 G=0 D=2 made=0 worlds=0
[00:21:48][effect_impl.cpp:22217]: [2201.1.3] Log effect, file: events/eep_probe_events.txt line: 70. EEP_MONTH source=EEP-UI-Q20 Q=20 T=48 progress=12
[00:21:48][effect_impl.cpp:22217]: [2201.1.3] Log effect, file: events/eep_probe_events.txt line: 72. EEP_MONTH operational=YES
[00:21:48][effect_impl.cpp:22217]: [2201.1.3] Log effect, file: events/eep_probe_events.txt line: 76. EEP_DLC Nemesis=YES
[00:21:48][effect_impl.cpp:22217]: [2201.1.3] Log effect, file: events/eep_probe_events.txt line: 78. EEP_DLC Shroud=YES
[00:21:58][effect_impl.cpp:22217]: [2201.2.3] Log effect, file: events/eep_probe_events.txt line: 63. EEP_MONTH country=不明帝国 C=0 G=0 D=2 made=0 worlds=0
[00:21:58][effect_impl.cpp:22217]: [2201.2.3] Log effect, file: events/eep_probe_events.txt line: 70. EEP_MONTH source=EEP-UI-Q20 Q=20 T=48 progress=13
[00:21:58][effect_impl.cpp:22217]: [2201.2.3] Log effect, file: events/eep_probe_events.txt line: 72. EEP_MONTH operational=YES
[00:21:58][effect_impl.cpp:22217]: [2201.2.3] Log effect, file: events/eep_probe_events.txt line: 76. EEP_DLC Nemesis=YES
[00:21:58][effect_impl.cpp:22217]: [2201.2.3] Log effect, file: events/eep_probe_events.txt line: 78. EEP_DLC Shroud=YES
[00:22:08][effect_impl.cpp:22217]: [2201.3.3] Log effect, file: events/eep_probe_events.txt line: 63. EEP_MONTH country=不明帝国 C=0 G=0 D=2 made=0 worlds=0
[00:22:08][effect_impl.cpp:22217]: [2201.3.3] Log effect, file: events/eep_probe_events.txt line: 70. EEP_MONTH source=EEP-UI-Q20 Q=20 T=48 progress=14
[00:22:08][effect_impl.cpp:22217]: [2201.3.3] Log effect, file: events/eep_probe_events.txt line: 72. EEP_MONTH operational=YES
[00:22:08][effect_impl.cpp:22217]: [2201.3.3] Log effect, file: events/eep_probe_events.txt line: 76. EEP_DLC Nemesis=YES
[00:22:08][effect_impl.cpp:22217]: [2201.3.3] Log effect, file: events/eep_probe_events.txt line: 78. EEP_DLC Shroud=YES
[00:22:18][effect_impl.cpp:22217]: [2201.4.3] Log effect, file: events/eep_probe_events.txt line: 63. EEP_MONTH country=不明帝国 C=0 G=0 D=2 made=0 worlds=0
[00:22:18][effect_impl.cpp:22217]: [2201.4.3] Log effect, file: events/eep_probe_events.txt line: 70. EEP_MONTH source=EEP-UI-Q20 Q=20 T=48 progress=15
[00:22:18][effect_impl.cpp:22217]: [2201.4.3] Log effect, file: events/eep_probe_events.txt line: 72. EEP_MONTH operational=YES
[00:22:18][effect_impl.cpp:22217]: [2201.4.3] Log effect, file: events/eep_probe_events.txt line: 76. EEP_DLC Nemesis=YES
[00:22:18][effect_impl.cpp:22217]: [2201.4.3] Log effect, file: events/eep_probe_events.txt line: 78. EEP_DLC Shroud=YES
[00:22:27][effect_impl.cpp:22217]: [2201.5.3] Log effect, file: events/eep_probe_events.txt line: 63. EEP_MONTH country=不明帝国 C=0 G=0 D=2 made=0 worlds=0
[00:22:27][effect_impl.cpp:22217]: [2201.5.3] Log effect, file: events/eep_probe_events.txt line: 70. EEP_MONTH source=EEP-UI-Q20 Q=20 T=48 progress=16
[00:22:27][effect_impl.cpp:22217]: [2201.5.3] Log effect, file: events/eep_probe_events.txt line: 72. EEP_MONTH operational=YES
[00:22:27][effect_impl.cpp:22217]: [2201.5.3] Log effect, file: events/eep_probe_events.txt line: 76. EEP_DLC Nemesis=YES
[00:22:27][effect_impl.cpp:22217]: [2201.5.3] Log effect, file: events/eep_probe_events.txt line: 78. EEP_DLC Shroud=YES
[00:22:33][eventcommands.cpp:88]: Event first_contact.1 added info about event selection. selectedOption 0, human -1, playerEventId 7
[00:22:37][effect_impl.cpp:22217]: [2201.6.3] Log effect, file: events/eep_probe_events.txt line: 63. EEP_MONTH country=不明帝国 C=0 G=0 D=2 made=0 worlds=0
[00:22:37][effect_impl.cpp:22217]: [2201.6.3] Log effect, file: events/eep_probe_events.txt line: 70. EEP_MONTH source=EEP-UI-Q20 Q=20 T=48 progress=17
[00:22:37][effect_impl.cpp:22217]: [2201.6.3] Log effect, file: events/eep_probe_events.txt line: 72. EEP_MONTH operational=YES
[00:22:37][effect_impl.cpp:22217]: [2201.6.3] Log effect, file: events/eep_probe_events.txt line: 76. EEP_DLC Nemesis=YES
[00:22:37][effect_impl.cpp:22217]: [2201.6.3] Log effect, file: events/eep_probe_events.txt line: 78. EEP_DLC Shroud=YES
[00:22:47][effect_impl.cpp:22217]: [2201.7.3] Log effect, file: events/eep_probe_events.txt line: 63. EEP_MONTH country=不明帝国 C=0 G=0 D=2 made=0 worlds=0
[00:22:47][effect_impl.cpp:22217]: [2201.7.3] Log effect, file: events/eep_probe_events.txt line: 70. EEP_MONTH source=EEP-UI-Q20 Q=20 T=48 progress=18
[00:22:47][effect_impl.cpp:22217]: [2201.7.3] Log effect, file: events/eep_probe_events.txt line: 72. EEP_MONTH operational=YES
[00:22:47][effect_impl.cpp:22217]: [2201.7.3] Log effect, file: events/eep_probe_events.txt line: 76. EEP_DLC Nemesis=YES
[00:22:47][effect_impl.cpp:22217]: [2201.7.3] Log effect, file: events/eep_probe_events.txt line: 78. EEP_DLC Shroud=YES
[00:22:57][effect_impl.cpp:22217]: [2201.8.3] Log effect, file: events/eep_probe_events.txt line: 63. EEP_MONTH country=不明帝国 C=0 G=0 D=2 made=0 worlds=0
[00:22:57][effect_impl.cpp:22217]: [2201.8.3] Log effect, file: events/eep_probe_events.txt line: 70. EEP_MONTH source=EEP-UI-Q20 Q=20 T=48 progress=19
[00:22:57][effect_impl.cpp:22217]: [2201.8.3] Log effect, file: events/eep_probe_events.txt line: 72. EEP_MONTH operational=YES
[00:22:57][effect_impl.cpp:22217]: [2201.8.3] Log effect, file: events/eep_probe_events.txt line: 76. EEP_DLC Nemesis=YES
[00:22:57][effect_impl.cpp:22217]: [2201.8.3] Log effect, file: events/eep_probe_events.txt line: 78. EEP_DLC Shroud=YES
[00:23:07][effect_impl.cpp:22217]: [2201.9.3] Log effect, file: events/eep_probe_events.txt line: 63. EEP_MONTH country=不明帝国 C=0 G=0 D=2 made=0 worlds=0
[00:23:07][effect_impl.cpp:22217]: [2201.9.3] Log effect, file: events/eep_probe_events.txt line: 70. EEP_MONTH source=EEP-UI-Q20 Q=20 T=48 progress=20
[00:23:07][effect_impl.cpp:22217]: [2201.9.3] Log effect, file: events/eep_probe_events.txt line: 72. EEP_MONTH operational=YES
[00:23:07][effect_impl.cpp:22217]: [2201.9.3] Log effect, file: events/eep_probe_events.txt line: 76. EEP_DLC Nemesis=YES
[00:23:07][effect_impl.cpp:22217]: [2201.9.3] Log effect, file: events/eep_probe_events.txt line: 78. EEP_DLC Shroud=YES
[00:23:17][effect_impl.cpp:22217]: [2201.10.3] Log effect, file: events/eep_probe_events.txt line: 63. EEP_MONTH country=不明帝国 C=0 G=0 D=2 made=0 worlds=0
[00:23:17][effect_impl.cpp:22217]: [2201.10.3] Log effect, file: events/eep_probe_events.txt line: 70. EEP_MONTH source=EEP-UI-Q20 Q=20 T=48 progress=21
[00:23:17][effect_impl.cpp:22217]: [2201.10.3] Log effect, file: events/eep_probe_events.txt line: 72. EEP_MONTH operational=YES
[00:23:17][effect_impl.cpp:22217]: [2201.10.3] Log effect, file: events/eep_probe_events.txt line: 76. EEP_DLC Nemesis=YES
[00:23:17][effect_impl.cpp:22217]: [2201.10.3] Log effect, file: events/eep_probe_events.txt line: 78. EEP_DLC Shroud=YES
[00:23:26][effect_impl.cpp:22217]: [2201.11.3] Log effect, file: events/eep_probe_events.txt line: 63. EEP_MONTH country=不明帝国 C=0 G=0 D=2 made=0 worlds=0
[00:23:26][effect_impl.cpp:22217]: [2201.11.3] Log effect, file: events/eep_probe_events.txt line: 70. EEP_MONTH source=EEP-UI-Q20 Q=20 T=48 progress=22
[00:23:26][effect_impl.cpp:22217]: [2201.11.3] Log effect, file: events/eep_probe_events.txt line: 72. EEP_MONTH operational=YES
[00:23:26][effect_impl.cpp:22217]: [2201.11.3] Log effect, file: events/eep_probe_events.txt line: 76. EEP_DLC Nemesis=YES
[00:23:26][effect_impl.cpp:22217]: [2201.11.3] Log effect, file: events/eep_probe_events.txt line: 78. EEP_DLC Shroud=YES
[00:23:32][eventcommands.cpp:88]: Event first_contact_critters.1 added info about event selection. selectedOption 0, human -1, playerEventId 8
[00:23:36][effect_impl.cpp:22217]: [2201.12.3] Log effect, file: events/eep_probe_events.txt line: 63. EEP_MONTH country=不明帝国 C=0 G=0 D=2 made=0 worlds=0
[00:23:36][effect_impl.cpp:22217]: [2201.12.3] Log effect, file: events/eep_probe_events.txt line: 70. EEP_MONTH source=EEP-UI-Q20 Q=20 T=48 progress=23
[00:23:36][effect_impl.cpp:22217]: [2201.12.3] Log effect, file: events/eep_probe_events.txt line: 72. EEP_MONTH operational=YES
[00:23:36][effect_impl.cpp:22217]: [2201.12.3] Log effect, file: events/eep_probe_events.txt line: 76. EEP_DLC Nemesis=YES
[00:23:36][effect_impl.cpp:22217]: [2201.12.3] Log effect, file: events/eep_probe_events.txt line: 78. EEP_DLC Shroud=YES
[00:23:46][effect_impl.cpp:22217]: [2202.1.3] Log effect, file: events/eep_probe_events.txt line: 63. EEP_MONTH country=不明帝国 C=0 G=0 D=2 made=0 worlds=0
[00:23:46][effect_impl.cpp:22217]: [2202.1.3] Log effect, file: events/eep_probe_events.txt line: 70. EEP_MONTH source=EEP-UI-Q20 Q=20 T=48 progress=24
[00:23:46][effect_impl.cpp:22217]: [2202.1.3] Log effect, file: events/eep_probe_events.txt line: 72. EEP_MONTH operational=YES
[00:23:46][effect_impl.cpp:22217]: [2202.1.3] Log effect, file: events/eep_probe_events.txt line: 76. EEP_DLC Nemesis=YES
[00:23:46][effect_impl.cpp:22217]: [2202.1.3] Log effect, file: events/eep_probe_events.txt line: 78. EEP_DLC Shroud=YES
[00:23:56][effect_impl.cpp:22217]: [2202.2.3] Log effect, file: events/eep_probe_events.txt line: 63. EEP_MONTH country=不明帝国 C=0 G=0 D=2 made=0 worlds=0
[00:23:56][effect_impl.cpp:22217]: [2202.2.3] Log effect, file: events/eep_probe_events.txt line: 70. EEP_MONTH source=EEP-UI-Q20 Q=20 T=48 progress=25
[00:23:56][effect_impl.cpp:22217]: [2202.2.3] Log effect, file: events/eep_probe_events.txt line: 72. EEP_MONTH operational=YES
[00:23:56][effect_impl.cpp:22217]: [2202.2.3] Log effect, file: events/eep_probe_events.txt line: 76. EEP_DLC Nemesis=YES
[00:23:56][effect_impl.cpp:22217]: [2202.2.3] Log effect, file: events/eep_probe_events.txt line: 78. EEP_DLC Shroud=YES
[00:24:06][effect_impl.cpp:22217]: [2202.3.3] Log effect, file: events/eep_probe_events.txt line: 63. EEP_MONTH country=不明帝国 C=0 G=0 D=2 made=0 worlds=0
[00:24:06][effect_impl.cpp:22217]: [2202.3.3] Log effect, file: events/eep_probe_events.txt line: 70. EEP_MONTH source=EEP-UI-Q20 Q=20 T=48 progress=26
[00:24:06][effect_impl.cpp:22217]: [2202.3.3] Log effect, file: events/eep_probe_events.txt line: 72. EEP_MONTH operational=YES
[00:24:06][effect_impl.cpp:22217]: [2202.3.3] Log effect, file: events/eep_probe_events.txt line: 76. EEP_DLC Nemesis=YES
[00:24:06][effect_impl.cpp:22217]: [2202.3.3] Log effect, file: events/eep_probe_events.txt line: 78. EEP_DLC Shroud=YES
[00:24:16][effect_impl.cpp:22217]: [2202.4.3] Log effect, file: events/eep_probe_events.txt line: 63. EEP_MONTH country=不明帝国 C=0 G=0 D=2 made=0 worlds=0
[00:24:16][effect_impl.cpp:22217]: [2202.4.3] Log effect, file: events/eep_probe_events.txt line: 70. EEP_MONTH source=EEP-UI-Q20 Q=20 T=48 progress=27
[00:24:16][effect_impl.cpp:22217]: [2202.4.3] Log effect, file: events/eep_probe_events.txt line: 72. EEP_MONTH operational=YES
[00:24:16][effect_impl.cpp:22217]: [2202.4.3] Log effect, file: events/eep_probe_events.txt line: 76. EEP_DLC Nemesis=YES
[00:24:16][effect_impl.cpp:22217]: [2202.4.3] Log effect, file: events/eep_probe_events.txt line: 78. EEP_DLC Shroud=YES
[00:24:25][effect_impl.cpp:22217]: [2202.5.3] Log effect, file: events/eep_probe_events.txt line: 63. EEP_MONTH country=不明帝国 C=0 G=0 D=2 made=0 worlds=0
[00:24:25][effect_impl.cpp:22217]: [2202.5.3] Log effect, file: events/eep_probe_events.txt line: 70. EEP_MONTH source=EEP-UI-Q20 Q=20 T=48 progress=28
[00:24:25][effect_impl.cpp:22217]: [2202.5.3] Log effect, file: events/eep_probe_events.txt line: 72. EEP_MONTH operational=YES
[00:24:25][effect_impl.cpp:22217]: [2202.5.3] Log effect, file: events/eep_probe_events.txt line: 76. EEP_DLC Nemesis=YES
[00:24:25][effect_impl.cpp:22217]: [2202.5.3] Log effect, file: events/eep_probe_events.txt line: 78. EEP_DLC Shroud=YES
[00:24:35][effect_impl.cpp:22217]: [2202.6.3] Log effect, file: events/eep_probe_events.txt line: 63. EEP_MONTH country=不明帝国 C=0 G=0 D=2 made=0 worlds=0
[00:24:35][effect_impl.cpp:22217]: [2202.6.3] Log effect, file: events/eep_probe_events.txt line: 70. EEP_MONTH source=EEP-UI-Q20 Q=20 T=48 progress=29
[00:24:35][effect_impl.cpp:22217]: [2202.6.3] Log effect, file: events/eep_probe_events.txt line: 72. EEP_MONTH operational=YES
[00:24:35][effect_impl.cpp:22217]: [2202.6.3] Log effect, file: events/eep_probe_events.txt line: 76. EEP_DLC Nemesis=YES
[00:24:35][effect_impl.cpp:22217]: [2202.6.3] Log effect, file: events/eep_probe_events.txt line: 78. EEP_DLC Shroud=YES
[00:24:45][effect_impl.cpp:22217]: [2202.7.3] Log effect, file: events/eep_probe_events.txt line: 63. EEP_MONTH country=不明帝国 C=0 G=0 D=2 made=0 worlds=0
[00:24:45][effect_impl.cpp:22217]: [2202.7.3] Log effect, file: events/eep_probe_events.txt line: 70. EEP_MONTH source=EEP-UI-Q20 Q=20 T=48 progress=30
[00:24:45][effect_impl.cpp:22217]: [2202.7.3] Log effect, file: events/eep_probe_events.txt line: 72. EEP_MONTH operational=YES
[00:24:45][effect_impl.cpp:22217]: [2202.7.3] Log effect, file: events/eep_probe_events.txt line: 76. EEP_DLC Nemesis=YES
[00:24:45][effect_impl.cpp:22217]: [2202.7.3] Log effect, file: events/eep_probe_events.txt line: 78. EEP_DLC Shroud=YES
[00:24:55][effect_impl.cpp:22217]: [2202.8.3] Log effect, file: events/eep_probe_events.txt line: 63. EEP_MONTH country=不明帝国 C=0 G=0 D=2 made=0 worlds=0
[00:24:55][effect_impl.cpp:22217]: [2202.8.3] Log effect, file: events/eep_probe_events.txt line: 70. EEP_MONTH source=EEP-UI-Q20 Q=20 T=48 progress=31
[00:24:55][effect_impl.cpp:22217]: [2202.8.3] Log effect, file: events/eep_probe_events.txt line: 72. EEP_MONTH operational=YES
[00:24:55][effect_impl.cpp:22217]: [2202.8.3] Log effect, file: events/eep_probe_events.txt line: 76. EEP_DLC Nemesis=YES
[00:24:55][effect_impl.cpp:22217]: [2202.8.3] Log effect, file: events/eep_probe_events.txt line: 78. EEP_DLC Shroud=YES
[00:25:05][effect_impl.cpp:22217]: [2202.9.3] Log effect, file: events/eep_probe_events.txt line: 63. EEP_MONTH country=不明帝国 C=0 G=0 D=2 made=0 worlds=0
[00:25:05][effect_impl.cpp:22217]: [2202.9.3] Log effect, file: events/eep_probe_events.txt line: 70. EEP_MONTH source=EEP-UI-Q20 Q=20 T=48 progress=32
[00:25:05][effect_impl.cpp:22217]: [2202.9.3] Log effect, file: events/eep_probe_events.txt line: 72. EEP_MONTH operational=YES
[00:25:05][effect_impl.cpp:22217]: [2202.9.3] Log effect, file: events/eep_probe_events.txt line: 76. EEP_DLC Nemesis=YES
[00:25:05][effect_impl.cpp:22217]: [2202.9.3] Log effect, file: events/eep_probe_events.txt line: 78. EEP_DLC Shroud=YES
[00:25:15][effect_impl.cpp:22217]: [2202.10.3] Log effect, file: events/eep_probe_events.txt line: 63. EEP_MONTH country=不明帝国 C=0 G=0 D=2 made=0 worlds=0
[00:25:15][effect_impl.cpp:22217]: [2202.10.3] Log effect, file: events/eep_probe_events.txt line: 70. EEP_MONTH source=EEP-UI-Q20 Q=20 T=48 progress=33
[00:25:15][effect_impl.cpp:22217]: [2202.10.3] Log effect, file: events/eep_probe_events.txt line: 72. EEP_MONTH operational=YES
[00:25:15][effect_impl.cpp:22217]: [2202.10.3] Log effect, file: events/eep_probe_events.txt line: 76. EEP_DLC Nemesis=YES
[00:25:15][effect_impl.cpp:22217]: [2202.10.3] Log effect, file: events/eep_probe_events.txt line: 78. EEP_DLC Shroud=YES
[00:25:25][effect_impl.cpp:22217]: [2202.11.3] Log effect, file: events/eep_probe_events.txt line: 63. EEP_MONTH country=不明帝国 C=0 G=0 D=2 made=0 worlds=0
[00:25:25][effect_impl.cpp:22217]: [2202.11.3] Log effect, file: events/eep_probe_events.txt line: 70. EEP_MONTH source=EEP-UI-Q20 Q=20 T=48 progress=34
[00:25:25][effect_impl.cpp:22217]: [2202.11.3] Log effect, file: events/eep_probe_events.txt line: 72. EEP_MONTH operational=YES
[00:25:25][effect_impl.cpp:22217]: [2202.11.3] Log effect, file: events/eep_probe_events.txt line: 76. EEP_DLC Nemesis=YES
[00:25:25][effect_impl.cpp:22217]: [2202.11.3] Log effect, file: events/eep_probe_events.txt line: 78. EEP_DLC Shroud=YES
[00:25:34][effect_impl.cpp:22217]: [2202.12.3] Log effect, file: events/eep_probe_events.txt line: 63. EEP_MONTH country=不明帝国 C=0 G=0 D=2 made=0 worlds=0
[00:25:34][effect_impl.cpp:22217]: [2202.12.3] Log effect, file: events/eep_probe_events.txt line: 70. EEP_MONTH source=EEP-UI-Q20 Q=20 T=48 progress=35
[00:25:34][effect_impl.cpp:22217]: [2202.12.3] Log effect, file: events/eep_probe_events.txt line: 72. EEP_MONTH operational=YES
[00:25:34][effect_impl.cpp:22217]: [2202.12.3] Log effect, file: events/eep_probe_events.txt line: 76. EEP_DLC Nemesis=YES
[00:25:34][effect_impl.cpp:22217]: [2202.12.3] Log effect, file: events/eep_probe_events.txt line: 78. EEP_DLC Shroud=YES
[00:25:36][eventcommands.cpp:88]: Event country.999 added info about event selection. selectedOption 5, human -1, playerEventId 6
[00:25:44][effect_impl.cpp:22217]: [2203.1.3] Log effect, file: events/eep_probe_events.txt line: 63. EEP_MONTH country=不明帝国 C=0 G=0 D=2 made=0 worlds=0
[00:25:44][effect_impl.cpp:22217]: [2203.1.3] Log effect, file: events/eep_probe_events.txt line: 70. EEP_MONTH source=EEP-UI-Q20 Q=20 T=48 progress=36
[00:25:44][effect_impl.cpp:22217]: [2203.1.3] Log effect, file: events/eep_probe_events.txt line: 72. EEP_MONTH operational=YES
[00:25:44][effect_impl.cpp:22217]: [2203.1.3] Log effect, file: events/eep_probe_events.txt line: 76. EEP_DLC Nemesis=YES
[00:25:44][effect_impl.cpp:22217]: [2203.1.3] Log effect, file: events/eep_probe_events.txt line: 78. EEP_DLC Shroud=YES
[00:25:54][effect_impl.cpp:22217]: [2203.2.3] Log effect, file: events/eep_probe_events.txt line: 63. EEP_MONTH country=不明帝国 C=0 G=0 D=2 made=0 worlds=0
[00:25:54][effect_impl.cpp:22217]: [2203.2.3] Log effect, file: events/eep_probe_events.txt line: 70. EEP_MONTH source=EEP-UI-Q20 Q=20 T=48 progress=37
[00:25:54][effect_impl.cpp:22217]: [2203.2.3] Log effect, file: events/eep_probe_events.txt line: 72. EEP_MONTH operational=YES
[00:25:54][effect_impl.cpp:22217]: [2203.2.3] Log effect, file: events/eep_probe_events.txt line: 76. EEP_DLC Nemesis=YES
[00:25:54][effect_impl.cpp:22217]: [2203.2.3] Log effect, file: events/eep_probe_events.txt line: 78. EEP_DLC Shroud=YES
[00:26:04][effect_impl.cpp:22217]: [2203.3.3] Log effect, file: events/eep_probe_events.txt line: 63. EEP_MONTH country=不明帝国 C=0 G=0 D=2 made=0 worlds=0
[00:26:04][effect_impl.cpp:22217]: [2203.3.3] Log effect, file: events/eep_probe_events.txt line: 70. EEP_MONTH source=EEP-UI-Q20 Q=20 T=48 progress=38
[00:26:04][effect_impl.cpp:22217]: [2203.3.3] Log effect, file: events/eep_probe_events.txt line: 72. EEP_MONTH operational=YES
[00:26:04][effect_impl.cpp:22217]: [2203.3.3] Log effect, file: events/eep_probe_events.txt line: 76. EEP_DLC Nemesis=YES
[00:26:04][effect_impl.cpp:22217]: [2203.3.3] Log effect, file: events/eep_probe_events.txt line: 78. EEP_DLC Shroud=YES
[00:26:14][effect_impl.cpp:22217]: [2203.4.3] Log effect, file: events/eep_probe_events.txt line: 63. EEP_MONTH country=不明帝国 C=0 G=0 D=2 made=0 worlds=0
[00:26:14][effect_impl.cpp:22217]: [2203.4.3] Log effect, file: events/eep_probe_events.txt line: 70. EEP_MONTH source=EEP-UI-Q20 Q=20 T=48 progress=39
[00:26:14][effect_impl.cpp:22217]: [2203.4.3] Log effect, file: events/eep_probe_events.txt line: 72. EEP_MONTH operational=YES
[00:26:14][effect_impl.cpp:22217]: [2203.4.3] Log effect, file: events/eep_probe_events.txt line: 76. EEP_DLC Nemesis=YES
[00:26:14][effect_impl.cpp:22217]: [2203.4.3] Log effect, file: events/eep_probe_events.txt line: 78. EEP_DLC Shroud=YES
[00:26:24][effect_impl.cpp:22217]: [2203.5.3] Log effect, file: events/eep_probe_events.txt line: 63. EEP_MONTH country=不明帝国 C=0 G=0 D=2 made=0 worlds=0
[00:26:24][effect_impl.cpp:22217]: [2203.5.3] Log effect, file: events/eep_probe_events.txt line: 70. EEP_MONTH source=EEP-UI-Q20 Q=20 T=48 progress=40
[00:26:24][effect_impl.cpp:22217]: [2203.5.3] Log effect, file: events/eep_probe_events.txt line: 72. EEP_MONTH operational=YES
[00:26:24][effect_impl.cpp:22217]: [2203.5.3] Log effect, file: events/eep_probe_events.txt line: 76. EEP_DLC Nemesis=YES
[00:26:24][effect_impl.cpp:22217]: [2203.5.3] Log effect, file: events/eep_probe_events.txt line: 78. EEP_DLC Shroud=YES
[00:26:34][effect_impl.cpp:22217]: [2203.6.3] Log effect, file: events/eep_probe_events.txt line: 63. EEP_MONTH country=不明帝国 C=0 G=0 D=2 made=0 worlds=0
[00:26:34][effect_impl.cpp:22217]: [2203.6.3] Log effect, file: events/eep_probe_events.txt line: 70. EEP_MONTH source=EEP-UI-Q20 Q=20 T=48 progress=41
[00:26:34][effect_impl.cpp:22217]: [2203.6.3] Log effect, file: events/eep_probe_events.txt line: 72. EEP_MONTH operational=YES
[00:26:34][effect_impl.cpp:22217]: [2203.6.3] Log effect, file: events/eep_probe_events.txt line: 76. EEP_DLC Nemesis=YES
[00:26:34][effect_impl.cpp:22217]: [2203.6.3] Log effect, file: events/eep_probe_events.txt line: 78. EEP_DLC Shroud=YES
[00:26:37][eventcommands.cpp:88]: Event grand_archive.2000 added info about event selection. selectedOption 0, human -1, playerEventId 9
[00:26:43][effect_impl.cpp:22217]: [2203.7.3] Log effect, file: events/eep_probe_events.txt line: 63. EEP_MONTH country=不明帝国 C=0 G=0 D=2 made=0 worlds=0
[00:26:43][effect_impl.cpp:22217]: [2203.7.3] Log effect, file: events/eep_probe_events.txt line: 70. EEP_MONTH source=EEP-UI-Q20 Q=20 T=48 progress=42
[00:26:43][effect_impl.cpp:22217]: [2203.7.3] Log effect, file: events/eep_probe_events.txt line: 72. EEP_MONTH operational=YES
[00:26:43][effect_impl.cpp:22217]: [2203.7.3] Log effect, file: events/eep_probe_events.txt line: 76. EEP_DLC Nemesis=YES
[00:26:43][effect_impl.cpp:22217]: [2203.7.3] Log effect, file: events/eep_probe_events.txt line: 78. EEP_DLC Shroud=YES
[00:26:53][effect_impl.cpp:22217]: [2203.8.3] Log effect, file: events/eep_probe_events.txt line: 63. EEP_MONTH country=不明帝国 C=0 G=0 D=2 made=0 worlds=0
[00:26:53][effect_impl.cpp:22217]: [2203.8.3] Log effect, file: events/eep_probe_events.txt line: 70. EEP_MONTH source=EEP-UI-Q20 Q=20 T=48 progress=43
[00:26:53][effect_impl.cpp:22217]: [2203.8.3] Log effect, file: events/eep_probe_events.txt line: 72. EEP_MONTH operational=YES
[00:26:53][effect_impl.cpp:22217]: [2203.8.3] Log effect, file: events/eep_probe_events.txt line: 76. EEP_DLC Nemesis=YES
[00:26:53][effect_impl.cpp:22217]: [2203.8.3] Log effect, file: events/eep_probe_events.txt line: 78. EEP_DLC Shroud=YES
[00:27:03][effect_impl.cpp:22217]: [2203.9.3] Log effect, file: events/eep_probe_events.txt line: 63. EEP_MONTH country=不明帝国 C=0 G=0 D=2 made=0 worlds=0
[00:27:03][effect_impl.cpp:22217]: [2203.9.3] Log effect, file: events/eep_probe_events.txt line: 70. EEP_MONTH source=EEP-UI-Q20 Q=20 T=48 progress=44
[00:27:03][effect_impl.cpp:22217]: [2203.9.3] Log effect, file: events/eep_probe_events.txt line: 72. EEP_MONTH operational=YES
[00:27:03][effect_impl.cpp:22217]: [2203.9.3] Log effect, file: events/eep_probe_events.txt line: 76. EEP_DLC Nemesis=YES
[00:27:03][effect_impl.cpp:22217]: [2203.9.3] Log effect, file: events/eep_probe_events.txt line: 78. EEP_DLC Shroud=YES
[00:27:13][effect_impl.cpp:22217]: [2203.10.3] Log effect, file: events/eep_probe_events.txt line: 63. EEP_MONTH country=不明帝国 C=0 G=0 D=2 made=0 worlds=0
[00:27:13][effect_impl.cpp:22217]: [2203.10.3] Log effect, file: events/eep_probe_events.txt line: 70. EEP_MONTH source=EEP-UI-Q20 Q=20 T=48 progress=45
[00:27:13][effect_impl.cpp:22217]: [2203.10.3] Log effect, file: events/eep_probe_events.txt line: 72. EEP_MONTH operational=YES
[00:27:13][effect_impl.cpp:22217]: [2203.10.3] Log effect, file: events/eep_probe_events.txt line: 76. EEP_DLC Nemesis=YES
[00:27:13][effect_impl.cpp:22217]: [2203.10.3] Log effect, file: events/eep_probe_events.txt line: 78. EEP_DLC Shroud=YES
[00:27:23][effect_impl.cpp:22217]: [2203.11.3] Log effect, file: events/eep_probe_events.txt line: 63. EEP_MONTH country=不明帝国 C=0 G=0 D=2 made=0 worlds=0
[00:27:23][effect_impl.cpp:22217]: [2203.11.3] Log effect, file: events/eep_probe_events.txt line: 70. EEP_MONTH source=EEP-UI-Q20 Q=20 T=48 progress=46
[00:27:23][effect_impl.cpp:22217]: [2203.11.3] Log effect, file: events/eep_probe_events.txt line: 72. EEP_MONTH operational=YES
[00:27:23][effect_impl.cpp:22217]: [2203.11.3] Log effect, file: events/eep_probe_events.txt line: 76. EEP_DLC Nemesis=YES
[00:27:23][effect_impl.cpp:22217]: [2203.11.3] Log effect, file: events/eep_probe_events.txt line: 78. EEP_DLC Shroud=YES
[00:27:33][effect_impl.cpp:22217]: [2203.12.3] Log effect, file: events/eep_probe_events.txt line: 63. EEP_MONTH country=不明帝国 C=0 G=0 D=2 made=0 worlds=0
[00:27:33][effect_impl.cpp:22217]: [2203.12.3] Log effect, file: events/eep_probe_events.txt line: 70. EEP_MONTH source=EEP-UI-Q20 Q=20 T=48 progress=47
[00:27:33][effect_impl.cpp:22217]: [2203.12.3] Log effect, file: events/eep_probe_events.txt line: 72. EEP_MONTH operational=YES
[00:27:33][effect_impl.cpp:22217]: [2203.12.3] Log effect, file: events/eep_probe_events.txt line: 76. EEP_DLC Nemesis=YES
[00:27:33][effect_impl.cpp:22217]: [2203.12.3] Log effect, file: events/eep_probe_events.txt line: 78. EEP_DLC Shroud=YES
[00:27:40][eventcommands.cpp:88]: Event first_contact.1 added info about event selection. selectedOption 0, human -1, playerEventId 10
[00:35:42][effect_impl.cpp:22217]: [2204.1.2] Log effect, file: events/eep_probe_events.txt line: 63. EEP_MONTH country=EEP 01 石质噬岩者 C=20 G=0 D=7 made=0 worlds=1
[00:35:42][effect_impl.cpp:22217]: [2204.1.2] Log effect, file: events/eep_probe_events.txt line: 70. EEP_MONTH source=EEP-UI-Q20 Q=20 T=48 progress=48
[00:35:42][effect_impl.cpp:22217]: [2204.1.2] Log effect, file: events/eep_probe_events.txt line: 73. EEP_MONTH operational=NO
[00:35:42][effect_impl.cpp:22217]: [2204.1.2] Log effect, file: events/eep_probe_events.txt line: 76. EEP_DLC Nemesis=YES
[00:35:42][effect_impl.cpp:22217]: [2204.1.2] Log effect, file: events/eep_probe_events.txt line: 78. EEP_DLC Shroud=YES
[00:41:31][effect_impl.cpp:22217]: [2204.1.1] Log effect, file: events/eep_probe_events.txt line: 94. EEP_PROBE country EEP 01 石质噬岩者: C=0 G=0 D=2 manufactured=0 worlds=0
[00:41:31][effect_impl.cpp:22217]: [2204.1.1] Log effect, file: events/eep_probe_events.txt line: 95. EEP_PROBE qualified=YES
[00:41:31][effect_impl.cpp:22217]: [2204.1.1] Log effect, file: events/eep_probe_events.txt line: 97. EEP_PROBE core_available=YES
[00:41:31][effect_impl.cpp:22217]: [2204.1.1] Log effect, file: events/eep_probe_events.txt line: 100. EEP_PROBE source Q=20 T=48
[00:41:31][effect_impl.cpp:22217]: [2204.1.1] Log effect, file: events/eep_probe_events.txt line: 102. EEP_PROBE active=NO
[00:41:31][effect_impl.cpp:22217]: [2204.1.1] Log effect, file: events/eep_probe_events.txt line: 104. EEP_PROBE shattered=NO
[00:53:23][effect_impl.cpp:22217]: [2203.12.30] Log effect, file: events/eep_probe_events.txt line: 94. EEP_PROBE country EEP 01 石质噬岩者: C=0 G=0 D=2 manufactured=0 worlds=0
[00:53:23][effect_impl.cpp:22217]: [2203.12.30] Log effect, file: events/eep_probe_events.txt line: 95. EEP_PROBE qualified=YES
[00:53:23][effect_impl.cpp:22217]: [2203.12.30] Log effect, file: events/eep_probe_events.txt line: 97. EEP_PROBE core_available=YES
[00:53:23][effect_impl.cpp:22217]: [2203.12.30] Log effect, file: events/eep_probe_events.txt line: 100. EEP_PROBE source Q=20 T=48
[00:53:23][effect_impl.cpp:22217]: [2203.12.30] Log effect, file: events/eep_probe_events.txt line: 102. EEP_PROBE active=NO
[00:53:23][effect_impl.cpp:22217]: [2203.12.30] Log effect, file: events/eep_probe_events.txt line: 104. EEP_PROBE shattered=NO
[00:54:27][effect_impl.cpp:22217]: [2204.1.1] Log effect, file: events/eep_probe_events.txt line: 63. EEP_MONTH country=EEP 01 石质噬岩者 C=0 G=0 D=2 made=0 worlds=0
[00:54:27][effect_impl.cpp:22217]: [2204.1.1] Log effect, file: events/eep_probe_events.txt line: 70. EEP_MONTH source=EEP-UI-Q20 Q=14 T=34 progress=0
[00:54:27][effect_impl.cpp:22217]: [2204.1.1] Log effect, file: events/eep_probe_events.txt line: 72. EEP_MONTH operational=YES
[00:54:27][effect_impl.cpp:22217]: [2204.1.1] Log effect, file: events/eep_probe_events.txt line: 76. EEP_DLC Nemesis=YES
[00:54:27][effect_impl.cpp:22217]: [2204.1.1] Log effect, file: events/eep_probe_events.txt line: 78. EEP_DLC Shroud=YES
[00:56:04][effect_impl.cpp:22217]: [2204.1.1] Log effect, file: events/eep_probe_events.txt line: 63. EEP_MONTH country=EEP 01 石质噬岩者 C=14 G=0 D=5 made=0 worlds=1
[00:56:04][effect_impl.cpp:22217]: [2204.1.1] Log effect, file: events/eep_probe_events.txt line: 70. EEP_MONTH source=EEP-UI-Q20 Q=14 T=34 progress=34
[00:56:04][effect_impl.cpp:22217]: [2204.1.1] Log effect, file: events/eep_probe_events.txt line: 73. EEP_MONTH operational=NO
[01:01:08][effect_impl.cpp:22217]: [2204.1.2] Log effect, file:  line: 1. EEP_RC6_MIXED_TRAIT_STILL_LITHOID
[01:04:01][effect_impl.cpp:22217]: [2204.1.2] Log effect, file:  line: 1. EEP_RC6_MIXED_MAM_NONLITH_QUALIFIED
[01:06:04][effect_impl.cpp:22217]: [2204.1.2] Log effect, file: events/eep_probe_events.txt line: 94. EEP_PROBE country EEP 01 石质噬岩者: C=20 G=0 D=7 manufactured=0 worlds=1
[01:06:04][effect_impl.cpp:22217]: [2204.1.2] Log effect, file: events/eep_probe_events.txt line: 95. EEP_PROBE qualified=YES
[01:06:04][effect_impl.cpp:22217]: [2204.1.2] Log effect, file: events/eep_probe_events.txt line: 97. EEP_PROBE core_available=YES
[01:06:04][effect_impl.cpp:22217]: [2204.1.2] Log effect, file: events/eep_probe_events.txt line: 102. EEP_PROBE active=NO
[01:06:04][effect_impl.cpp:22217]: [2204.1.2] Log effect, file: events/eep_probe_events.txt line: 104. EEP_PROBE shattered=NO
[01:06:37][effect_impl.cpp:22217]: [2204.1.2] Log effect, file: events/eep_probe_events.txt line: 70. EEP_MONTH source=EEP-UI-Q20 Q=20 T=48 progress=0
[01:06:37][effect_impl.cpp:22217]: [2204.1.2] Log effect, file: events/eep_probe_events.txt line: 72. EEP_MONTH operational=YES
[01:09:11][effect_impl.cpp:22217]: [2204.1.2] Log effect, file: events/eep_probe_events.txt line: 63. EEP_MONTH country=EEP 01 石质噬岩者 C=40 G=20 D=12 made=300 worlds=2
