[03:16:54][dlc.cpp:1847]: Could not find files for mod: C:\SteamLibrary\steamapps\workshop\content\281990\3797257579
[03:16:54][dlc.cpp:1847]: Could not find files for mod: C:\SteamLibrary\steamapps\workshop\content\281990\3710613857
[03:16:54][dlc.cpp:1847]: Could not find files for mod: C:\SteamLibrary\steamapps\workshop\content\281990\2660548454
[03:16:54][dlc.cpp:1847]: Could not find files for mod: C:\SteamLibrary\steamapps\workshop\content\281990\2411818376
[03:16:54][dlc.cpp:1847]: Could not find files for mod: C:\SteamLibrary\steamapps\workshop\content\281990\2409044128
[03:16:54][dlc.cpp:1847]: Could not find files for mod: C:\SteamLibrary\steamapps\workshop\content\281990\3484461951
[03:16:54][dlc.cpp:1847]: Could not find files for mod: C:\SteamLibrary\steamapps\workshop\content\281990\1199002146
[03:16:54][dlc.cpp:1847]: Could not find files for mod: C:\SteamLibrary\steamapps\workshop\content\281990\2946000546
[03:16:54][dlc.cpp:1847]: Could not find files for mod: C:\SteamLibrary\steamapps\workshop\content\281990\3053655313
[03:16:54][dlc.cpp:1847]: Could not find files for mod: C:\SteamLibrary\steamapps\workshop\content\281990\2956750257
[03:16:54][dlc.cpp:1847]: Could not find files for mod: C:\SteamLibrary\steamapps\workshop\content\281990\1539624733
[03:16:54][dlc.cpp:1847]: Could not find files for mod: C:\SteamLibrary\steamapps\workshop\content\281990\1890399946
[03:16:54][dlc.cpp:1847]: Could not find files for mod: C:\SteamLibrary\steamapps\workshop\content\281990\3357143726
[03:16:54][dlc.cpp:1847]: Could not find files for mod: C:\SteamLibrary\steamapps\workshop\content\281990\3415581160
[03:16:54][dlc.cpp:1847]: Could not find files for mod: C:\SteamLibrary\steamapps\workshop\content\281990\2438313459
[03:16:54][dlc.cpp:1847]: Could not find files for mod: C:\SteamLibrary\steamapps\workshop\content\281990\2407436476
[03:16:54][dlc.cpp:1847]: Could not find files for mod: C:\SteamLibrary\steamapps\workshop\content\281990\1623423360
[03:16:54][dlc.cpp:1847]: Could not find files for mod: C:\SteamLibrary\steamapps\workshop\content\281990\3339549399
[03:16:54][dlc.cpp:1847]: Could not find files for mod: C:\SteamLibrary\steamapps\workshop\content\281990\3090328185
[03:16:54][dlc.cpp:1847]: Could not find files for mod: C:\SteamLibrary\steamapps\workshop\content\281990\2948301103
[03:16:54][dlc.cpp:1847]: Could not find files for mod: C:\SteamLibrary\steamapps\workshop\content\281990\2976454692
[03:18:09][game_singleobjectdatabase.h:170]: Object with key: decision_lithoid_swarm_consume_world already exists, using the one at  file: common/decisions/zz_eep_native_decision.txt line: 2
[03:21:39][effect_impl_pop.cpp:482]: transfer_pop_amount: the amount of pops to transfer should be more than 0 (got 0) at  common/scripted_effects/00_scripted_effects.txt:9078 @ scripted effect resettle_pop_group at common/scripted_effects/eep_effects.txt:90 @ scripted effect eep_begin at file: events/eep_probe_boundaries.txt line: 25
[03:25:57][effect.cpp:437]: Expected "create_pop_group = {", but got "create_pop_group = species" at  file:  line: 1
[03:25:57][effect.cpp:471]: Error: "Unexpected token: =, near line: 1
" in file: "" near line: 1
[03:25:57][effect_impl.cpp:569]: { effect at  file:  line: 1 accepts only yes or no as values
[03:25:57][effect_impl.cpp:825]: Script Error: Invalid scripted effect: { at  file:  line: 1

[03:25:57][effect_impl_pop.cpp:605]: create_pop_group: Missing data, you need to define at least pop_group or species at  file:  line: 1
[03:25:57][eventscope.cpp:3336]: create_pop_group species: Unable to resolve species from 'owner.owner_main_species' (species scope) at  file:  line: 1
[03:25:57][effect_impl_pop.cpp:621]: create_pop_group: Were Not able to infer species for the pop group at  file:  line: 1
