[01:23:13][dlc.cpp:1847]: Could not find files for mod: C:\SteamLibrary\steamapps\workshop\content\281990\3797257579
[01:23:13][dlc.cpp:1847]: Could not find files for mod: C:\SteamLibrary\steamapps\workshop\content\281990\3710613857
[01:23:13][dlc.cpp:1847]: Could not find files for mod: C:\SteamLibrary\steamapps\workshop\content\281990\2660548454
[01:23:13][dlc.cpp:1847]: Could not find files for mod: C:\SteamLibrary\steamapps\workshop\content\281990\2411818376
[01:23:13][dlc.cpp:1847]: Could not find files for mod: C:\SteamLibrary\steamapps\workshop\content\281990\2409044128
[01:23:13][dlc.cpp:1847]: Could not find files for mod: C:\SteamLibrary\steamapps\workshop\content\281990\3484461951
[01:23:13][dlc.cpp:1847]: Could not find files for mod: C:\SteamLibrary\steamapps\workshop\content\281990\1199002146
[01:23:13][dlc.cpp:1847]: Could not find files for mod: C:\SteamLibrary\steamapps\workshop\content\281990\2946000546
[01:23:13][dlc.cpp:1847]: Could not find files for mod: C:\SteamLibrary\steamapps\workshop\content\281990\3053655313
[01:23:13][dlc.cpp:1847]: Could not find files for mod: C:\SteamLibrary\steamapps\workshop\content\281990\2956750257
[01:23:13][dlc.cpp:1847]: Could not find files for mod: C:\SteamLibrary\steamapps\workshop\content\281990\1539624733
[01:23:13][dlc.cpp:1847]: Could not find files for mod: C:\SteamLibrary\steamapps\workshop\content\281990\1890399946
[01:23:13][dlc.cpp:1847]: Could not find files for mod: C:\SteamLibrary\steamapps\workshop\content\281990\3357143726
[01:23:13][dlc.cpp:1847]: Could not find files for mod: C:\SteamLibrary\steamapps\workshop\content\281990\3415581160
[01:23:13][dlc.cpp:1847]: Could not find files for mod: C:\SteamLibrary\steamapps\workshop\content\281990\2438313459
[01:23:13][dlc.cpp:1847]: Could not find files for mod: C:\SteamLibrary\steamapps\workshop\content\281990\2407436476
[01:23:13][dlc.cpp:1847]: Could not find files for mod: C:\SteamLibrary\steamapps\workshop\content\281990\1623423360
[01:23:13][dlc.cpp:1847]: Could not find files for mod: C:\SteamLibrary\steamapps\workshop\content\281990\3339549399
[01:23:13][dlc.cpp:1847]: Could not find files for mod: C:\SteamLibrary\steamapps\workshop\content\281990\3090328185
[01:23:13][dlc.cpp:1847]: Could not find files for mod: C:\SteamLibrary\steamapps\workshop\content\281990\2948301103
[01:23:13][dlc.cpp:1847]: Could not find files for mod: C:\SteamLibrary\steamapps\workshop\content\281990\2976454692
[01:24:29][game_singleobjectdatabase.h:170]: Object with key: decision_lithoid_swarm_consume_world already exists, using the one at  file: common/decisions/zz_eep_native_decision.txt line: 2
[01:54:45][game_text.cpp:1287]: Unknown property `eep_c` in text: eep_c] G=[Root.eep_g] D=[Root.eep_d] manufactured=[Root.eep_made] worlds=[Root.eep_worlds]
[01:54:45][game_text.cpp:1287]: Unknown property `eep_g` in text: eep_g] D=[Root.eep_d] manufactured=[Root.eep_made] worlds=[Root.eep_worlds]
[01:54:45][game_text.cpp:1287]: Unknown property `eep_d` in text: eep_d] manufactured=[Root.eep_made] worlds=[Root.eep_worlds]
[01:54:45][game_text.cpp:1287]: Unknown property `eep_made` in text: eep_made] worlds=[Root.eep_worlds]
[01:54:45][game_text.cpp:1287]: Unknown property `eep_worlds` in text: eep_worlds]
[02:00:59][game_text.cpp:1287]: Unknown property `eep_c` in text: eep_c] G=[Root.eep_g] D=[Root.eep_d] made=[Root.eep_made] worlds=[Root.eep_worlds]
[02:00:59][game_text.cpp:1287]: Unknown property `eep_g` in text: eep_g] D=[Root.eep_d] made=[Root.eep_made] worlds=[Root.eep_worlds]
[02:00:59][game_text.cpp:1287]: Unknown property `eep_d` in text: eep_d] made=[Root.eep_made] worlds=[Root.eep_worlds]
[02:17:35][ai_economic_strategy.h:509]: Conflicting of Possible/Allowed triggers with Destroy trigger for buildable `wildlife_ranch` at  file: common/buildings/21_grand_archive_buildings.txt line: 408during AI evaluation
