[01:23:14][game_application.cpp:250]: Game Version: Cygnus v4.5.2
[01:23:14][defines.cpp:162]: 2132 defines loaded
[01:23:14][defines.cpp:196]: 254 interface defines loaded
[01:52:21][gamecontrolcommands.cpp:415]: Sending sync response, machine id: 1
[01:52:22][galaxy_generator.cpp:4536]: Generating World! Specified Seed: 1544482372
[01:54:45][effect_impl.cpp:22217]: [2200.1.1] Log effect, file: events/eep_probe_events.txt line: 94. EEP_PROBE country EEP 08 原版噬岩对照: C= G= D= manufactured= worlds=
[01:54:45][effect_impl.cpp:22217]: [2200.1.1] Log effect, file: events/eep_probe_events.txt line: 96. EEP_PROBE qualified=NO
[01:54:45][effect_impl.cpp:22217]: [2200.1.1] Log effect, file: events/eep_probe_events.txt line: 98. EEP_PROBE core_available=NO
[01:54:45][effect_impl.cpp:22217]: [2200.1.1] Log effect, file: events/eep_probe_events.txt line: 102. EEP_PROBE active=NO
[01:54:45][effect_impl.cpp:22217]: [2200.1.1] Log effect, file: events/eep_probe_events.txt line: 104. EEP_PROBE shattered=NO
[02:00:59][effect_impl.cpp:22217]: [2200.2.3] Log effect, file: events/eep_probe_events.txt line: 63. EEP_MONTH country=EEP 08 原版噬岩对照 C= G= D= made= worlds=
[02:00:59][effect_impl.cpp:22217]: [2200.2.3] Log effect, file: events/eep_probe_events.txt line: 76. EEP_DLC Nemesis=YES
[02:00:59][effect_impl.cpp:22217]: [2200.2.3] Log effect, file: events/eep_probe_events.txt line: 78. EEP_DLC Shroud=YES
[02:01:09][effect_impl.cpp:22217]: [2200.3.3] Log effect, file: events/eep_probe_events.txt line: 63. EEP_MONTH country=EEP 08 原版噬岩对照 C= G= D= made= worlds=
[02:01:09][effect_impl.cpp:22217]: [2200.3.3] Log effect, file: events/eep_probe_events.txt line: 76. EEP_DLC Nemesis=YES
[02:01:09][effect_impl.cpp:22217]: [2200.3.3] Log effect, file: events/eep_probe_events.txt line: 78. EEP_DLC Shroud=YES
[02:01:18][effect_impl.cpp:22217]: [2200.4.3] Log effect, file: events/eep_probe_events.txt line: 63. EEP_MONTH country=EEP 08 原版噬岩对照 C= G= D= made= worlds=
[02:01:18][effect_impl.cpp:22217]: [2200.4.3] Log effect, file: events/eep_probe_events.txt line: 76. EEP_DLC Nemesis=YES
[02:01:18][effect_impl.cpp:22217]: [2200.4.3] Log effect, file: events/eep_probe_events.txt line: 78. EEP_DLC Shroud=YES
[02:01:28][effect_impl.cpp:22217]: [2200.5.3] Log effect, file: events/eep_probe_events.txt line: 63. EEP_MONTH country=EEP 08 原版噬岩对照 C= G= D= made= worlds=
[02:01:28][effect_impl.cpp:22217]: [2200.5.3] Log effect, file: events/eep_probe_events.txt line: 76. EEP_DLC Nemesis=YES
[02:01:28][effect_impl.cpp:22217]: [2200.5.3] Log effect, file: events/eep_probe_events.txt line: 78. EEP_DLC Shroud=YES
[02:01:38][effect_impl.cpp:22217]: [2200.6.3] Log effect, file: events/eep_probe_events.txt line: 63. EEP_MONTH country=EEP 08 原版噬岩对照 C= G= D= made= worlds=
[02:01:38][effect_impl.cpp:22217]: [2200.6.3] Log effect, file: events/eep_probe_events.txt line: 76. EEP_DLC Nemesis=YES
[02:01:38][effect_impl.cpp:22217]: [2200.6.3] Log effect, file: events/eep_probe_events.txt line: 78. EEP_DLC Shroud=YES
[02:01:48][effect_impl.cpp:22217]: [2200.7.3] Log effect, file: events/eep_probe_events.txt line: 63. EEP_MONTH country=EEP 08 原版噬岩对照 C= G= D= made= worlds=
[02:01:48][effect_impl.cpp:22217]: [2200.7.3] Log effect, file: events/eep_probe_events.txt line: 76. EEP_DLC Nemesis=YES
[02:01:48][effect_impl.cpp:22217]: [2200.7.3] Log effect, file: events/eep_probe_events.txt line: 78. EEP_DLC Shroud=YES
[02:01:58][effect_impl.cpp:22217]: [2200.8.3] Log effect, file: events/eep_probe_events.txt line: 63. EEP_MONTH country=EEP 08 原版噬岩对照 C= G= D= made= worlds=
[02:01:58][effect_impl.cpp:22217]: [2200.8.3] Log effect, file: events/eep_probe_events.txt line: 76. EEP_DLC Nemesis=YES
[02:01:58][effect_impl.cpp:22217]: [2200.8.3] Log effect, file: events/eep_probe_events.txt line: 78. EEP_DLC Shroud=YES
[02:02:08][effect_impl.cpp:22217]: [2200.9.3] Log effect, file: events/eep_probe_events.txt line: 63. EEP_MONTH country=EEP 08 原版噬岩对照 C= G= D= made= worlds=
[02:02:08][effect_impl.cpp:22217]: [2200.9.3] Log effect, file: events/eep_probe_events.txt line: 76. EEP_DLC Nemesis=YES
[02:02:08][effect_impl.cpp:22217]: [2200.9.3] Log effect, file: events/eep_probe_events.txt line: 78. EEP_DLC Shroud=YES
[02:02:17][effect_impl.cpp:22217]: [2200.10.3] Log effect, file: events/eep_probe_events.txt line: 63. EEP_MONTH country=EEP 08 原版噬岩对照 C= G= D= made= worlds=
[02:02:17][effect_impl.cpp:22217]: [2200.10.3] Log effect, file: events/eep_probe_events.txt line: 76. EEP_DLC Nemesis=YES
[02:02:17][effect_impl.cpp:22217]: [2200.10.3] Log effect, file: events/eep_probe_events.txt line: 78. EEP_DLC Shroud=YES
[02:02:27][effect_impl.cpp:22217]: [2200.11.3] Log effect, file: events/eep_probe_events.txt line: 63. EEP_MONTH country=EEP 08 原版噬岩对照 C= G= D= made= worlds=
[02:02:27][effect_impl.cpp:22217]: [2200.11.3] Log effect, file: events/eep_probe_events.txt line: 76. EEP_DLC Nemesis=YES
[02:02:27][effect_impl.cpp:22217]: [2200.11.3] Log effect, file: events/eep_probe_events.txt line: 78. EEP_DLC Shroud=YES
[02:02:37][effect_impl.cpp:22217]: [2200.12.3] Log effect, file: events/eep_probe_events.txt line: 63. EEP_MONTH country=EEP 08 原版噬岩对照 C= G= D= made= worlds=
[02:02:37][effect_impl.cpp:22217]: [2200.12.3] Log effect, file: events/eep_probe_events.txt line: 76. EEP_DLC Nemesis=YES
[02:02:37][effect_impl.cpp:22217]: [2200.12.3] Log effect, file: events/eep_probe_events.txt line: 78. EEP_DLC Shroud=YES
[02:02:47][effect_impl.cpp:22217]: [2201.1.3] Log effect, file: events/eep_probe_events.txt line: 63. EEP_MONTH country=EEP 08 原版噬岩对照 C= G= D= made= worlds=
[02:02:47][effect_impl.cpp:22217]: [2201.1.3] Log effect, file: events/eep_probe_events.txt line: 76. EEP_DLC Nemesis=YES
[02:02:47][effect_impl.cpp:22217]: [2201.1.3] Log effect, file: events/eep_probe_events.txt line: 78. EEP_DLC Shroud=YES
[02:02:57][effect_impl.cpp:22217]: [2201.2.3] Log effect, file: events/eep_probe_events.txt line: 63. EEP_MONTH country=EEP 08 原版噬岩对照 C= G= D= made= worlds=
[02:02:57][effect_impl.cpp:22217]: [2201.2.3] Log effect, file: events/eep_probe_events.txt line: 76. EEP_DLC Nemesis=YES
[02:02:57][effect_impl.cpp:22217]: [2201.2.3] Log effect, file: events/eep_probe_events.txt line: 78. EEP_DLC Shroud=YES
[02:03:07][effect_impl.cpp:22217]: [2201.3.3] Log effect, file: events/eep_probe_events.txt line: 63. EEP_MONTH country=EEP 08 原版噬岩对照 C= G= D= made= worlds=
[02:03:07][effect_impl.cpp:22217]: [2201.3.3] Log effect, file: events/eep_probe_events.txt line: 76. EEP_DLC Nemesis=YES
[02:03:07][effect_impl.cpp:22217]: [2201.3.3] Log effect, file: events/eep_probe_events.txt line: 78. EEP_DLC Shroud=YES
[02:03:16][effect_impl.cpp:22217]: [2201.4.3] Log effect, file: events/eep_probe_events.txt line: 63. EEP_MONTH country=EEP 08 原版噬岩对照 C= G= D= made= worlds=
[02:03:16][effect_impl.cpp:22217]: [2201.4.3] Log effect, file: events/eep_probe_events.txt line: 76. EEP_DLC Nemesis=YES
[02:03:16][effect_impl.cpp:22217]: [2201.4.3] Log effect, file: events/eep_probe_events.txt line: 78. EEP_DLC Shroud=YES
[02:03:26][effect_impl.cpp:22217]: [2201.5.3] Log effect, file: events/eep_probe_events.txt line: 63. EEP_MONTH country=EEP 08 原版噬岩对照 C= G= D= made= worlds=
[02:03:26][effect_impl.cpp:22217]: [2201.5.3] Log effect, file: events/eep_probe_events.txt line: 76. EEP_DLC Nemesis=YES
[02:03:26][effect_impl.cpp:22217]: [2201.5.3] Log effect, file: events/eep_probe_events.txt line: 78. EEP_DLC Shroud=YES
[02:03:36][effect_impl.cpp:22217]: [2201.6.3] Log effect, file: events/eep_probe_events.txt line: 63. EEP_MONTH country=EEP 08 原版噬岩对照 C= G= D= made= worlds=
[02:03:36][effect_impl.cpp:22217]: [2201.6.3] Log effect, file: events/eep_probe_events.txt line: 76. EEP_DLC Nemesis=YES
[02:03:36][effect_impl.cpp:22217]: [2201.6.3] Log effect, file: events/eep_probe_events.txt line: 78. EEP_DLC Shroud=YES
[02:03:46][effect_impl.cpp:22217]: [2201.7.3] Log effect, file: events/eep_probe_events.txt line: 63. EEP_MONTH country=EEP 08 原版噬岩对照 C= G= D= made= worlds=
[02:03:46][effect_impl.cpp:22217]: [2201.7.3] Log effect, file: events/eep_probe_events.txt line: 76. EEP_DLC Nemesis=YES
[02:03:46][effect_impl.cpp:22217]: [2201.7.3] Log effect, file: events/eep_probe_events.txt line: 78. EEP_DLC Shroud=YES
[02:03:56][effect_impl.cpp:22217]: [2201.8.3] Log effect, file: events/eep_probe_events.txt line: 63. EEP_MONTH country=EEP 08 原版噬岩对照 C= G= D= made= worlds=
[02:03:56][effect_impl.cpp:22217]: [2201.8.3] Log effect, file: events/eep_probe_events.txt line: 76. EEP_DLC Nemesis=YES
[02:03:56][effect_impl.cpp:22217]: [2201.8.3] Log effect, file: events/eep_probe_events.txt line: 78. EEP_DLC Shroud=YES
[02:04:06][effect_impl.cpp:22217]: [2201.9.3] Log effect, file: events/eep_probe_events.txt line: 63. EEP_MONTH country=EEP 08 原版噬岩对照 C= G= D= made= worlds=
[02:04:06][effect_impl.cpp:22217]: [2201.9.3] Log effect, file: events/eep_probe_events.txt line: 76. EEP_DLC Nemesis=YES
[02:04:06][effect_impl.cpp:22217]: [2201.9.3] Log effect, file: events/eep_probe_events.txt line: 78. EEP_DLC Shroud=YES
[02:04:16][effect_impl.cpp:22217]: [2201.10.3] Log effect, file: events/eep_probe_events.txt line: 63. EEP_MONTH country=EEP 08 原版噬岩对照 C= G= D= made= worlds=
[02:04:16][effect_impl.cpp:22217]: [2201.10.3] Log effect, file: events/eep_probe_events.txt line: 76. EEP_DLC Nemesis=YES
[02:04:16][effect_impl.cpp:22217]: [2201.10.3] Log effect, file: events/eep_probe_events.txt line: 78. EEP_DLC Shroud=YES
[02:04:26][effect_impl.cpp:22217]: [2201.11.3] Log effect, file: events/eep_probe_events.txt line: 63. EEP_MONTH country=EEP 08 原版噬岩对照 C= G= D= made= worlds=
[02:04:26][effect_impl.cpp:22217]: [2201.11.3] Log effect, file: events/eep_probe_events.txt line: 76. EEP_DLC Nemesis=YES
[02:04:26][effect_impl.cpp:22217]: [2201.11.3] Log effect, file: events/eep_probe_events.txt line: 78. EEP_DLC Shroud=YES
[02:04:36][effect_impl.cpp:22217]: [2201.12.3] Log effect, file: events/eep_probe_events.txt line: 63. EEP_MONTH country=EEP 08 原版噬岩对照 C= G= D= made= worlds=
[02:04:36][effect_impl.cpp:22217]: [2201.12.3] Log effect, file: events/eep_probe_events.txt line: 76. EEP_DLC Nemesis=YES
[02:04:36][effect_impl.cpp:22217]: [2201.12.3] Log effect, file: events/eep_probe_events.txt line: 78. EEP_DLC Shroud=YES
[02:04:45][effect_impl.cpp:22217]: [2202.1.3] Log effect, file: events/eep_probe_events.txt line: 63. EEP_MONTH country=EEP 08 原版噬岩对照 C= G= D= made= worlds=
[02:04:45][effect_impl.cpp:22217]: [2202.1.3] Log effect, file: events/eep_probe_events.txt line: 76. EEP_DLC Nemesis=YES
[02:04:45][effect_impl.cpp:22217]: [2202.1.3] Log effect, file: events/eep_probe_events.txt line: 78. EEP_DLC Shroud=YES
[02:04:55][effect_impl.cpp:22217]: [2202.2.3] Log effect, file: events/eep_probe_events.txt line: 63. EEP_MONTH country=EEP 08 原版噬岩对照 C= G= D= made= worlds=
[02:04:55][effect_impl.cpp:22217]: [2202.2.3] Log effect, file: events/eep_probe_events.txt line: 76. EEP_DLC Nemesis=YES
[02:04:55][effect_impl.cpp:22217]: [2202.2.3] Log effect, file: events/eep_probe_events.txt line: 78. EEP_DLC Shroud=YES
[02:05:05][effect_impl.cpp:22217]: [2202.3.3] Log effect, file: events/eep_probe_events.txt line: 63. EEP_MONTH country=EEP 08 原版噬岩对照 C= G= D= made= worlds=
[02:05:05][effect_impl.cpp:22217]: [2202.3.3] Log effect, file: events/eep_probe_events.txt line: 76. EEP_DLC Nemesis=YES
[02:05:05][effect_impl.cpp:22217]: [2202.3.3] Log effect, file: events/eep_probe_events.txt line: 78. EEP_DLC Shroud=YES
[02:05:15][effect_impl.cpp:22217]: [2202.4.3] Log effect, file: events/eep_probe_events.txt line: 63. EEP_MONTH country=EEP 08 原版噬岩对照 C= G= D= made= worlds=
[02:05:15][effect_impl.cpp:22217]: [2202.4.3] Log effect, file: events/eep_probe_events.txt line: 76. EEP_DLC Nemesis=YES
[02:05:15][effect_impl.cpp:22217]: [2202.4.3] Log effect, file: events/eep_probe_events.txt line: 78. EEP_DLC Shroud=YES
[02:05:25][effect_impl.cpp:22217]: [2202.5.3] Log effect, file: events/eep_probe_events.txt line: 63. EEP_MONTH country=EEP 08 原版噬岩对照 C= G= D= made= worlds=
[02:05:25][effect_impl.cpp:22217]: [2202.5.3] Log effect, file: events/eep_probe_events.txt line: 76. EEP_DLC Nemesis=YES
[02:05:25][effect_impl.cpp:22217]: [2202.5.3] Log effect, file: events/eep_probe_events.txt line: 78. EEP_DLC Shroud=YES
[02:05:35][effect_impl.cpp:22217]: [2202.6.3] Log effect, file: events/eep_probe_events.txt line: 63. EEP_MONTH country=EEP 08 原版噬岩对照 C= G= D= made= worlds=
[02:05:35][effect_impl.cpp:22217]: [2202.6.3] Log effect, file: events/eep_probe_events.txt line: 76. EEP_DLC Nemesis=YES
[02:05:35][effect_impl.cpp:22217]: [2202.6.3] Log effect, file: events/eep_probe_events.txt line: 78. EEP_DLC Shroud=YES
[02:05:45][effect_impl.cpp:22217]: [2202.7.3] Log effect, file: events/eep_probe_events.txt line: 63. EEP_MONTH country=EEP 08 原版噬岩对照 C= G= D= made= worlds=
[02:05:45][effect_impl.cpp:22217]: [2202.7.3] Log effect, file: events/eep_probe_events.txt line: 76. EEP_DLC Nemesis=YES
[02:05:45][effect_impl.cpp:22217]: [2202.7.3] Log effect, file: events/eep_probe_events.txt line: 78. EEP_DLC Shroud=YES
[02:05:55][effect_impl.cpp:22217]: [2202.8.3] Log effect, file: events/eep_probe_events.txt line: 63. EEP_MONTH country=EEP 08 原版噬岩对照 C= G= D= made= worlds=
[02:05:55][effect_impl.cpp:22217]: [2202.8.3] Log effect, file: events/eep_probe_events.txt line: 76. EEP_DLC Nemesis=YES
[02:05:55][effect_impl.cpp:22217]: [2202.8.3] Log effect, file: events/eep_probe_events.txt line: 78. EEP_DLC Shroud=YES
[02:06:05][effect_impl.cpp:22217]: [2202.9.3] Log effect, file: events/eep_probe_events.txt line: 63. EEP_MONTH country=EEP 08 原版噬岩对照 C= G= D= made= worlds=
[02:06:05][effect_impl.cpp:22217]: [2202.9.3] Log effect, file: events/eep_probe_events.txt line: 76. EEP_DLC Nemesis=YES
[02:06:05][effect_impl.cpp:22217]: [2202.9.3] Log effect, file: events/eep_probe_events.txt line: 78. EEP_DLC Shroud=YES
[02:06:15][effect_impl.cpp:22217]: [2202.10.3] Log effect, file: events/eep_probe_events.txt line: 63. EEP_MONTH country=EEP 08 原版噬岩对照 C= G= D= made= worlds=
[02:06:15][effect_impl.cpp:22217]: [2202.10.3] Log effect, file: events/eep_probe_events.txt line: 76. EEP_DLC Nemesis=YES
[02:06:15][effect_impl.cpp:22217]: [2202.10.3] Log effect, file: events/eep_probe_events.txt line: 78. EEP_DLC Shroud=YES
[02:06:25][effect_impl.cpp:22217]: [2202.11.3] Log effect, file: events/eep_probe_events.txt line: 63. EEP_MONTH country=EEP 08 原版噬岩对照 C= G= D= made= worlds=
[02:06:25][effect_impl.cpp:22217]: [2202.11.3] Log effect, file: events/eep_probe_events.txt line: 76. EEP_DLC Nemesis=YES
[02:06:25][effect_impl.cpp:22217]: [2202.11.3] Log effect, file: events/eep_probe_events.txt line: 78. EEP_DLC Shroud=YES
[02:06:35][effect_impl.cpp:22217]: [2202.12.3] Log effect, file: events/eep_probe_events.txt line: 63. EEP_MONTH country=EEP 08 原版噬岩对照 C= G= D= made= worlds=
[02:06:35][effect_impl.cpp:22217]: [2202.12.3] Log effect, file: events/eep_probe_events.txt line: 76. EEP_DLC Nemesis=YES
[02:06:35][effect_impl.cpp:22217]: [2202.12.3] Log effect, file: events/eep_probe_events.txt line: 78. EEP_DLC Shroud=YES
[02:06:45][effect_impl.cpp:22217]: [2203.1.3] Log effect, file: events/eep_probe_events.txt line: 63. EEP_MONTH country=EEP 08 原版噬岩对照 C= G= D= made= worlds=
[02:06:45][effect_impl.cpp:22217]: [2203.1.3] Log effect, file: events/eep_probe_events.txt line: 76. EEP_DLC Nemesis=YES
[02:06:45][effect_impl.cpp:22217]: [2203.1.3] Log effect, file: events/eep_probe_events.txt line: 78. EEP_DLC Shroud=YES
[02:06:54][effect_impl.cpp:22217]: [2203.2.3] Log effect, file: events/eep_probe_events.txt line: 63. EEP_MONTH country=EEP 08 原版噬岩对照 C= G= D= made= worlds=
[02:06:54][effect_impl.cpp:22217]: [2203.2.3] Log effect, file: events/eep_probe_events.txt line: 76. EEP_DLC Nemesis=YES
[02:06:54][effect_impl.cpp:22217]: [2203.2.3] Log effect, file: events/eep_probe_events.txt line: 78. EEP_DLC Shroud=YES
[02:07:04][effect_impl.cpp:22217]: [2203.3.3] Log effect, file: events/eep_probe_events.txt line: 63. EEP_MONTH country=EEP 08 原版噬岩对照 C= G= D= made= worlds=
[02:07:04][effect_impl.cpp:22217]: [2203.3.3] Log effect, file: events/eep_probe_events.txt line: 76. EEP_DLC Nemesis=YES
[02:07:04][effect_impl.cpp:22217]: [2203.3.3] Log effect, file: events/eep_probe_events.txt line: 78. EEP_DLC Shroud=YES
[02:07:14][effect_impl.cpp:22217]: [2203.4.3] Log effect, file: events/eep_probe_events.txt line: 63. EEP_MONTH country=EEP 08 原版噬岩对照 C= G= D= made= worlds=
[02:07:14][effect_impl.cpp:22217]: [2203.4.3] Log effect, file: events/eep_probe_events.txt line: 76. EEP_DLC Nemesis=YES
[02:07:14][effect_impl.cpp:22217]: [2203.4.3] Log effect, file: events/eep_probe_events.txt line: 78. EEP_DLC Shroud=YES
[02:07:24][effect_impl.cpp:22217]: [2203.5.3] Log effect, file: events/eep_probe_events.txt line: 63. EEP_MONTH country=EEP 08 原版噬岩对照 C= G= D= made= worlds=
[02:07:24][effect_impl.cpp:22217]: [2203.5.3] Log effect, file: events/eep_probe_events.txt line: 76. EEP_DLC Nemesis=YES
[02:07:24][effect_impl.cpp:22217]: [2203.5.3] Log effect, file: events/eep_probe_events.txt line: 78. EEP_DLC Shroud=YES
[02:07:34][effect_impl.cpp:22217]: [2203.6.3] Log effect, file: events/eep_probe_events.txt line: 63. EEP_MONTH country=EEP 08 原版噬岩对照 C= G= D= made= worlds=
[02:07:34][effect_impl.cpp:22217]: [2203.6.3] Log effect, file: events/eep_probe_events.txt line: 76. EEP_DLC Nemesis=YES
[02:07:34][effect_impl.cpp:22217]: [2203.6.3] Log effect, file: events/eep_probe_events.txt line: 78. EEP_DLC Shroud=YES
[02:07:44][effect_impl.cpp:22217]: [2203.7.3] Log effect, file: events/eep_probe_events.txt line: 63. EEP_MONTH country=EEP 08 原版噬岩对照 C= G= D= made= worlds=
[02:07:44][effect_impl.cpp:22217]: [2203.7.3] Log effect, file: events/eep_probe_events.txt line: 76. EEP_DLC Nemesis=YES
[02:07:44][effect_impl.cpp:22217]: [2203.7.3] Log effect, file: events/eep_probe_events.txt line: 78. EEP_DLC Shroud=YES
[02:07:54][effect_impl.cpp:22217]: [2203.8.3] Log effect, file: events/eep_probe_events.txt line: 63. EEP_MONTH country=EEP 08 原版噬岩对照 C= G= D= made= worlds=
[02:07:54][effect_impl.cpp:22217]: [2203.8.3] Log effect, file: events/eep_probe_events.txt line: 76. EEP_DLC Nemesis=YES
[02:07:54][effect_impl.cpp:22217]: [2203.8.3] Log effect, file: events/eep_probe_events.txt line: 78. EEP_DLC Shroud=YES
[02:08:04][effect_impl.cpp:22217]: [2203.9.3] Log effect, file: events/eep_probe_events.txt line: 63. EEP_MONTH country=EEP 08 原版噬岩对照 C= G= D= made= worlds=
[02:08:04][effect_impl.cpp:22217]: [2203.9.3] Log effect, file: events/eep_probe_events.txt line: 76. EEP_DLC Nemesis=YES
[02:08:04][effect_impl.cpp:22217]: [2203.9.3] Log effect, file: events/eep_probe_events.txt line: 78. EEP_DLC Shroud=YES
[02:08:14][effect_impl.cpp:22217]: [2203.10.3] Log effect, file: events/eep_probe_events.txt line: 63. EEP_MONTH country=EEP 08 原版噬岩对照 C= G= D= made= worlds=
[02:08:14][effect_impl.cpp:22217]: [2203.10.3] Log effect, file: events/eep_probe_events.txt line: 76. EEP_DLC Nemesis=YES
[02:08:14][effect_impl.cpp:22217]: [2203.10.3] Log effect, file: events/eep_probe_events.txt line: 78. EEP_DLC Shroud=YES
[02:08:23][effect_impl.cpp:22217]: [2203.11.3] Log effect, file: events/eep_probe_events.txt line: 63. EEP_MONTH country=EEP 08 原版噬岩对照 C= G= D= made= worlds=
[02:08:23][effect_impl.cpp:22217]: [2203.11.3] Log effect, file: events/eep_probe_events.txt line: 76. EEP_DLC Nemesis=YES
[02:08:23][effect_impl.cpp:22217]: [2203.11.3] Log effect, file: events/eep_probe_events.txt line: 78. EEP_DLC Shroud=YES
[02:08:33][effect_impl.cpp:22217]: [2203.12.3] Log effect, file: events/eep_probe_events.txt line: 63. EEP_MONTH country=EEP 08 原版噬岩对照 C= G= D= made= worlds=
[02:08:33][effect_impl.cpp:22217]: [2203.12.3] Log effect, file: events/eep_probe_events.txt line: 76. EEP_DLC Nemesis=YES
[02:08:33][effect_impl.cpp:22217]: [2203.12.3] Log effect, file: events/eep_probe_events.txt line: 78. EEP_DLC Shroud=YES
[02:08:43][effect_impl.cpp:22217]: [2204.1.3] Log effect, file: events/eep_probe_events.txt line: 63. EEP_MONTH country=EEP 08 原版噬岩对照 C= G= D= made= worlds=
[02:08:43][effect_impl.cpp:22217]: [2204.1.3] Log effect, file: events/eep_probe_events.txt line: 76. EEP_DLC Nemesis=YES
[02:08:43][effect_impl.cpp:22217]: [2204.1.3] Log effect, file: events/eep_probe_events.txt line: 78. EEP_DLC Shroud=YES
[02:08:53][effect_impl.cpp:22217]: [2204.2.3] Log effect, file: events/eep_probe_events.txt line: 63. EEP_MONTH country=EEP 08 原版噬岩对照 C= G= D= made= worlds=
[02:08:53][effect_impl.cpp:22217]: [2204.2.3] Log effect, file: events/eep_probe_events.txt line: 76. EEP_DLC Nemesis=YES
[02:08:53][effect_impl.cpp:22217]: [2204.2.3] Log effect, file: events/eep_probe_events.txt line: 78. EEP_DLC Shroud=YES
[02:09:03][effect_impl.cpp:22217]: [2204.3.3] Log effect, file: events/eep_probe_events.txt line: 63. EEP_MONTH country=EEP 08 原版噬岩对照 C= G= D= made= worlds=
[02:09:03][effect_impl.cpp:22217]: [2204.3.3] Log effect, file: events/eep_probe_events.txt line: 76. EEP_DLC Nemesis=YES
[02:09:03][effect_impl.cpp:22217]: [2204.3.3] Log effect, file: events/eep_probe_events.txt line: 78. EEP_DLC Shroud=YES
[02:09:13][effect_impl.cpp:22217]: [2204.4.3] Log effect, file: events/eep_probe_events.txt line: 63. EEP_MONTH country=EEP 08 原版噬岩对照 C= G= D= made= worlds=
[02:09:13][effect_impl.cpp:22217]: [2204.4.3] Log effect, file: events/eep_probe_events.txt line: 76. EEP_DLC Nemesis=YES
[02:09:13][effect_impl.cpp:22217]: [2204.4.3] Log effect, file: events/eep_probe_events.txt line: 78. EEP_DLC Shroud=YES
[02:09:23][effect_impl.cpp:22217]: [2204.5.3] Log effect, file: events/eep_probe_events.txt line: 63. EEP_MONTH country=EEP 08 原版噬岩对照 C= G= D= made= worlds=
[02:09:23][effect_impl.cpp:22217]: [2204.5.3] Log effect, file: events/eep_probe_events.txt line: 76. EEP_DLC Nemesis=YES
[02:09:23][effect_impl.cpp:22217]: [2204.5.3] Log effect, file: events/eep_probe_events.txt line: 78. EEP_DLC Shroud=YES
[02:09:33][eventcommands.cpp:88]: Event first_contact.1 added info about event selection. selectedOption 0, human -1, playerEventId 1
[02:09:33][effect_impl.cpp:22217]: [2204.6.3] Log effect, file: events/eep_probe_events.txt line: 63. EEP_MONTH country=EEP 08 原版噬岩对照 C= G= D= made= worlds=
[02:09:33][effect_impl.cpp:22217]: [2204.6.3] Log effect, file: events/eep_probe_events.txt line: 76. EEP_DLC Nemesis=YES
[02:09:33][effect_impl.cpp:22217]: [2204.6.3] Log effect, file: events/eep_probe_events.txt line: 78. EEP_DLC Shroud=YES
[02:09:43][effect_impl.cpp:22217]: [2204.7.3] Log effect, file: events/eep_probe_events.txt line: 63. EEP_MONTH country=EEP 08 原版噬岩对照 C= G= D= made= worlds=
[02:09:43][effect_impl.cpp:22217]: [2204.7.3] Log effect, file: events/eep_probe_events.txt line: 76. EEP_DLC Nemesis=YES
[02:09:43][effect_impl.cpp:22217]: [2204.7.3] Log effect, file: events/eep_probe_events.txt line: 78. EEP_DLC Shroud=YES
[02:09:53][effect_impl.cpp:22217]: [2204.8.3] Log effect, file: events/eep_probe_events.txt line: 63. EEP_MONTH country=EEP 08 原版噬岩对照 C= G= D= made= worlds=
[02:09:53][effect_impl.cpp:22217]: [2204.8.3] Log effect, file: events/eep_probe_events.txt line: 76. EEP_DLC Nemesis=YES
[02:09:53][effect_impl.cpp:22217]: [2204.8.3] Log effect, file: events/eep_probe_events.txt line: 78. EEP_DLC Shroud=YES
[02:10:03][effect_impl.cpp:22217]: [2204.9.3] Log effect, file: events/eep_probe_events.txt line: 63. EEP_MONTH country=EEP 08 原版噬岩对照 C= G= D= made= worlds=
[02:10:03][effect_impl.cpp:22217]: [2204.9.3] Log effect, file: events/eep_probe_events.txt line: 76. EEP_DLC Nemesis=YES
[02:10:03][effect_impl.cpp:22217]: [2204.9.3] Log effect, file: events/eep_probe_events.txt line: 78. EEP_DLC Shroud=YES
[02:10:13][effect_impl.cpp:22217]: [2204.10.3] Log effect, file: events/eep_probe_events.txt line: 63. EEP_MONTH country=EEP 08 原版噬岩对照 C= G= D= made= worlds=
[02:10:13][effect_impl.cpp:22217]: [2204.10.3] Log effect, file: events/eep_probe_events.txt line: 76. EEP_DLC Nemesis=YES
[02:10:13][effect_impl.cpp:22217]: [2204.10.3] Log effect, file: events/eep_probe_events.txt line: 78. EEP_DLC Shroud=YES
[02:10:22][effect_impl.cpp:22217]: [2204.11.3] Log effect, file: events/eep_probe_events.txt line: 63. EEP_MONTH country=EEP 08 原版噬岩对照 C= G= D= made= worlds=
[02:10:22][effect_impl.cpp:22217]: [2204.11.3] Log effect, file: events/eep_probe_events.txt line: 76. EEP_DLC Nemesis=YES
[02:10:22][effect_impl.cpp:22217]: [2204.11.3] Log effect, file: events/eep_probe_events.txt line: 78. EEP_DLC Shroud=YES
[02:10:32][effect_impl.cpp:22217]: [2204.12.3] Log effect, file: events/eep_probe_events.txt line: 63. EEP_MONTH country=EEP 08 原版噬岩对照 C= G= D= made= worlds=
[02:10:32][effect_impl.cpp:22217]: [2204.12.3] Log effect, file: events/eep_probe_events.txt line: 76. EEP_DLC Nemesis=YES
[02:10:32][effect_impl.cpp:22217]: [2204.12.3] Log effect, file: events/eep_probe_events.txt line: 78. EEP_DLC Shroud=YES
[02:10:42][eventcommands.cpp:88]: Event first_contact.1 added info about event selection. selectedOption 0, human -1, playerEventId 4
[02:10:42][effect_impl.cpp:22217]: [2205.1.3] Log effect, file: events/eep_probe_events.txt line: 63. EEP_MONTH country=EEP 08 原版噬岩对照 C= G= D= made= worlds=
[02:10:42][effect_impl.cpp:22217]: [2205.1.3] Log effect, file: events/eep_probe_events.txt line: 76. EEP_DLC Nemesis=YES
[02:10:42][effect_impl.cpp:22217]: [2205.1.3] Log effect, file: events/eep_probe_events.txt line: 78. EEP_DLC Shroud=YES
[02:10:52][effect_impl.cpp:22217]: [2205.2.3] Log effect, file: events/eep_probe_events.txt line: 63. EEP_MONTH country=EEP 08 原版噬岩对照 C= G= D= made= worlds=
[02:10:52][effect_impl.cpp:22217]: [2205.2.3] Log effect, file: events/eep_probe_events.txt line: 76. EEP_DLC Nemesis=YES
[02:10:52][effect_impl.cpp:22217]: [2205.2.3] Log effect, file: events/eep_probe_events.txt line: 78. EEP_DLC Shroud=YES
[02:11:02][effect_impl.cpp:22217]: [2205.3.3] Log effect, file: events/eep_probe_events.txt line: 63. EEP_MONTH country=EEP 08 原版噬岩对照 C= G= D= made= worlds=
[02:11:02][effect_impl.cpp:22217]: [2205.3.3] Log effect, file: events/eep_probe_events.txt line: 76. EEP_DLC Nemesis=YES
[02:11:02][effect_impl.cpp:22217]: [2205.3.3] Log effect, file: events/eep_probe_events.txt line: 78. EEP_DLC Shroud=YES
[02:11:12][effect_impl.cpp:22217]: [2205.4.3] Log effect, file: events/eep_probe_events.txt line: 63. EEP_MONTH country=EEP 08 原版噬岩对照 C= G= D= made= worlds=
[02:11:12][effect_impl.cpp:22217]: [2205.4.3] Log effect, file: events/eep_probe_events.txt line: 76. EEP_DLC Nemesis=YES
[02:11:12][effect_impl.cpp:22217]: [2205.4.3] Log effect, file: events/eep_probe_events.txt line: 78. EEP_DLC Shroud=YES
[02:11:22][effect_impl.cpp:22217]: [2205.5.3] Log effect, file: events/eep_probe_events.txt line: 63. EEP_MONTH country=EEP 08 原版噬岩对照 C= G= D= made= worlds=
[02:11:22][effect_impl.cpp:22217]: [2205.5.3] Log effect, file: events/eep_probe_events.txt line: 76. EEP_DLC Nemesis=YES
[02:11:22][effect_impl.cpp:22217]: [2205.5.3] Log effect, file: events/eep_probe_events.txt line: 78. EEP_DLC Shroud=YES
[02:11:32][effect_impl.cpp:22217]: [2205.6.3] Log effect, file: events/eep_probe_events.txt line: 63. EEP_MONTH country=EEP 08 原版噬岩对照 C= G= D= made= worlds=
[02:11:32][effect_impl.cpp:22217]: [2205.6.3] Log effect, file: events/eep_probe_events.txt line: 76. EEP_DLC Nemesis=YES
[02:11:32][effect_impl.cpp:22217]: [2205.6.3] Log effect, file: events/eep_probe_events.txt line: 78. EEP_DLC Shroud=YES
[02:11:42][effect_impl.cpp:22217]: [2205.7.3] Log effect, file: events/eep_probe_events.txt line: 63. EEP_MONTH country=EEP 08 原版噬岩对照 C= G= D= made= worlds=
[02:11:42][effect_impl.cpp:22217]: [2205.7.3] Log effect, file: events/eep_probe_events.txt line: 76. EEP_DLC Nemesis=YES
[02:11:42][effect_impl.cpp:22217]: [2205.7.3] Log effect, file: events/eep_probe_events.txt line: 78. EEP_DLC Shroud=YES
[02:11:52][effect_impl.cpp:22217]: [2205.8.3] Log effect, file: events/eep_probe_events.txt line: 63. EEP_MONTH country=EEP 08 原版噬岩对照 C= G= D= made= worlds=
[02:11:52][effect_impl.cpp:22217]: [2205.8.3] Log effect, file: events/eep_probe_events.txt line: 76. EEP_DLC Nemesis=YES
[02:11:52][effect_impl.cpp:22217]: [2205.8.3] Log effect, file: events/eep_probe_events.txt line: 78. EEP_DLC Shroud=YES
[02:12:02][effect_impl.cpp:22217]: [2205.9.3] Log effect, file: events/eep_probe_events.txt line: 63. EEP_MONTH country=EEP 08 原版噬岩对照 C= G= D= made= worlds=
[02:12:02][effect_impl.cpp:22217]: [2205.9.3] Log effect, file: events/eep_probe_events.txt line: 76. EEP_DLC Nemesis=YES
[02:12:02][effect_impl.cpp:22217]: [2205.9.3] Log effect, file: events/eep_probe_events.txt line: 78. EEP_DLC Shroud=YES
[02:12:12][effect_impl.cpp:22217]: [2205.10.3] Log effect, file: events/eep_probe_events.txt line: 63. EEP_MONTH country=EEP 08 原版噬岩对照 C= G= D= made= worlds=
[02:12:12][effect_impl.cpp:22217]: [2205.10.3] Log effect, file: events/eep_probe_events.txt line: 76. EEP_DLC Nemesis=YES
[02:12:12][effect_impl.cpp:22217]: [2205.10.3] Log effect, file: events/eep_probe_events.txt line: 78. EEP_DLC Shroud=YES
[02:12:22][effect_impl.cpp:22217]: [2205.11.3] Log effect, file: events/eep_probe_events.txt line: 63. EEP_MONTH country=EEP 08 原版噬岩对照 C= G= D= made= worlds=
[02:12:22][effect_impl.cpp:22217]: [2205.11.3] Log effect, file: events/eep_probe_events.txt line: 76. EEP_DLC Nemesis=YES
[02:12:22][effect_impl.cpp:22217]: [2205.11.3] Log effect, file: events/eep_probe_events.txt line: 78. EEP_DLC Shroud=YES
[02:12:32][effect_impl.cpp:22217]: [2205.12.3] Log effect, file: events/eep_probe_events.txt line: 63. EEP_MONTH country=EEP 08 原版噬岩对照 C= G= D= made= worlds=
[02:12:32][effect_impl.cpp:22217]: [2205.12.3] Log effect, file: events/eep_probe_events.txt line: 76. EEP_DLC Nemesis=YES
[02:12:32][effect_impl.cpp:22217]: [2205.12.3] Log effect, file: events/eep_probe_events.txt line: 78. EEP_DLC Shroud=YES
[02:12:42][effect_impl.cpp:22217]: [2206.1.3] Log effect, file: events/eep_probe_events.txt line: 63. EEP_MONTH country=EEP 08 原版噬岩对照 C= G= D= made= worlds=
[02:12:42][effect_impl.cpp:22217]: [2206.1.3] Log effect, file: events/eep_probe_events.txt line: 76. EEP_DLC Nemesis=YES
[02:12:42][effect_impl.cpp:22217]: [2206.1.3] Log effect, file: events/eep_probe_events.txt line: 78. EEP_DLC Shroud=YES
[02:12:52][effect_impl.cpp:22217]: [2206.2.3] Log effect, file: events/eep_probe_events.txt line: 63. EEP_MONTH country=EEP 08 原版噬岩对照 C= G= D= made= worlds=
[02:12:52][effect_impl.cpp:22217]: [2206.2.3] Log effect, file: events/eep_probe_events.txt line: 76. EEP_DLC Nemesis=YES
[02:12:52][effect_impl.cpp:22217]: [2206.2.3] Log effect, file: events/eep_probe_events.txt line: 78. EEP_DLC Shroud=YES
[02:13:02][effect_impl.cpp:22217]: [2206.3.3] Log effect, file: events/eep_probe_events.txt line: 63. EEP_MONTH country=EEP 08 原版噬岩对照 C= G= D= made= worlds=
[02:13:02][effect_impl.cpp:22217]: [2206.3.3] Log effect, file: events/eep_probe_events.txt line: 76. EEP_DLC Nemesis=YES
[02:13:02][effect_impl.cpp:22217]: [2206.3.3] Log effect, file: events/eep_probe_events.txt line: 78. EEP_DLC Shroud=YES
[02:13:12][effect_impl.cpp:22217]: [2206.4.3] Log effect, file: events/eep_probe_events.txt line: 63. EEP_MONTH country=EEP 08 原版噬岩对照 C= G= D= made= worlds=
[02:13:12][effect_impl.cpp:22217]: [2206.4.3] Log effect, file: events/eep_probe_events.txt line: 76. EEP_DLC Nemesis=YES
[02:13:12][effect_impl.cpp:22217]: [2206.4.3] Log effect, file: events/eep_probe_events.txt line: 78. EEP_DLC Shroud=YES
[02:13:22][effect_impl.cpp:22217]: [2206.5.3] Log effect, file: events/eep_probe_events.txt line: 63. EEP_MONTH country=EEP 08 原版噬岩对照 C= G= D= made= worlds=
[02:13:22][effect_impl.cpp:22217]: [2206.5.3] Log effect, file: events/eep_probe_events.txt line: 76. EEP_DLC Nemesis=YES
[02:13:22][effect_impl.cpp:22217]: [2206.5.3] Log effect, file: events/eep_probe_events.txt line: 78. EEP_DLC Shroud=YES
[02:13:32][effect_impl.cpp:22217]: [2206.6.3] Log effect, file: events/eep_probe_events.txt line: 63. EEP_MONTH country=EEP 08 原版噬岩对照 C= G= D= made= worlds=
[02:13:32][effect_impl.cpp:22217]: [2206.6.3] Log effect, file: events/eep_probe_events.txt line: 76. EEP_DLC Nemesis=YES
[02:13:32][effect_impl.cpp:22217]: [2206.6.3] Log effect, file: events/eep_probe_events.txt line: 78. EEP_DLC Shroud=YES
[02:13:41][effect_impl.cpp:22217]: [2206.7.3] Log effect, file: events/eep_probe_events.txt line: 63. EEP_MONTH country=EEP 08 原版噬岩对照 C= G= D= made= worlds=
[02:13:41][effect_impl.cpp:22217]: [2206.7.3] Log effect, file: events/eep_probe_events.txt line: 76. EEP_DLC Nemesis=YES
[02:13:41][effect_impl.cpp:22217]: [2206.7.3] Log effect, file: events/eep_probe_events.txt line: 78. EEP_DLC Shroud=YES
[02:13:51][effect_impl.cpp:22217]: [2206.8.3] Log effect, file: events/eep_probe_events.txt line: 63. EEP_MONTH country=EEP 08 原版噬岩对照 C= G= D= made= worlds=
[02:13:51][effect_impl.cpp:22217]: [2206.8.3] Log effect, file: events/eep_probe_events.txt line: 76. EEP_DLC Nemesis=YES
[02:13:51][effect_impl.cpp:22217]: [2206.8.3] Log effect, file: events/eep_probe_events.txt line: 78. EEP_DLC Shroud=YES
[02:14:01][eventcommands.cpp:88]: Event first_contact.1 added info about event selection. selectedOption 0, human -1, playerEventId 2
[02:14:01][eventcommands.cpp:88]: Event story.7 added info about event selection. selectedOption 11, human -1, playerEventId 3
[02:14:01][effect_impl.cpp:22217]: [2206.9.3] Log effect, file: events/eep_probe_events.txt line: 63. EEP_MONTH country=EEP 08 原版噬岩对照 C= G= D= made= worlds=
[02:14:01][effect_impl.cpp:22217]: [2206.9.3] Log effect, file: events/eep_probe_events.txt line: 76. EEP_DLC Nemesis=YES
[02:14:01][effect_impl.cpp:22217]: [2206.9.3] Log effect, file: events/eep_probe_events.txt line: 78. EEP_DLC Shroud=YES
[02:14:11][effect_impl.cpp:22217]: [2206.10.3] Log effect, file: events/eep_probe_events.txt line: 63. EEP_MONTH country=EEP 08 原版噬岩对照 C= G= D= made= worlds=
[02:14:11][effect_impl.cpp:22217]: [2206.10.3] Log effect, file: events/eep_probe_events.txt line: 76. EEP_DLC Nemesis=YES
[02:14:11][effect_impl.cpp:22217]: [2206.10.3] Log effect, file: events/eep_probe_events.txt line: 78. EEP_DLC Shroud=YES
[02:14:21][effect_impl.cpp:22217]: [2206.11.3] Log effect, file: events/eep_probe_events.txt line: 63. EEP_MONTH country=EEP 08 原版噬岩对照 C= G= D= made= worlds=
[02:14:21][effect_impl.cpp:22217]: [2206.11.3] Log effect, file: events/eep_probe_events.txt line: 76. EEP_DLC Nemesis=YES
[02:14:21][effect_impl.cpp:22217]: [2206.11.3] Log effect, file: events/eep_probe_events.txt line: 78. EEP_DLC Shroud=YES
[02:14:31][effect_impl.cpp:22217]: [2206.12.3] Log effect, file: events/eep_probe_events.txt line: 63. EEP_MONTH country=EEP 08 原版噬岩对照 C= G= D= made= worlds=
[02:14:31][effect_impl.cpp:22217]: [2206.12.3] Log effect, file: events/eep_probe_events.txt line: 76. EEP_DLC Nemesis=YES
[02:14:31][effect_impl.cpp:22217]: [2206.12.3] Log effect, file: events/eep_probe_events.txt line: 78. EEP_DLC Shroud=YES
[02:14:31][eventcommands.cpp:88]: Event first_contact.1 added info about event selection. selectedOption 0, human -1, playerEventId 5
[02:14:41][effect_impl.cpp:22217]: [2207.1.3] Log effect, file: events/eep_probe_events.txt line: 63. EEP_MONTH country=EEP 08 原版噬岩对照 C= G= D= made= worlds=
[02:14:41][effect_impl.cpp:22217]: [2207.1.3] Log effect, file: events/eep_probe_events.txt line: 76. EEP_DLC Nemesis=YES
[02:14:41][effect_impl.cpp:22217]: [2207.1.3] Log effect, file: events/eep_probe_events.txt line: 78. EEP_DLC Shroud=YES
[02:14:51][effect_impl.cpp:22217]: [2207.2.3] Log effect, file: events/eep_probe_events.txt line: 63. EEP_MONTH country=EEP 08 原版噬岩对照 C= G= D= made= worlds=
[02:14:51][effect_impl.cpp:22217]: [2207.2.3] Log effect, file: events/eep_probe_events.txt line: 76. EEP_DLC Nemesis=YES
[02:14:51][effect_impl.cpp:22217]: [2207.2.3] Log effect, file: events/eep_probe_events.txt line: 78. EEP_DLC Shroud=YES
[02:15:01][effect_impl.cpp:22217]: [2207.3.3] Log effect, file: events/eep_probe_events.txt line: 63. EEP_MONTH country=EEP 08 原版噬岩对照 C= G= D= made= worlds=
[02:15:01][effect_impl.cpp:22217]: [2207.3.3] Log effect, file: events/eep_probe_events.txt line: 76. EEP_DLC Nemesis=YES
[02:15:01][effect_impl.cpp:22217]: [2207.3.3] Log effect, file: events/eep_probe_events.txt line: 78. EEP_DLC Shroud=YES
[02:15:04][eventcommands.cpp:88]: Event first_contact_critters.10 added info about event selection. selectedOption 0, human -1, playerEventId 6
[02:15:11][effect_impl.cpp:22217]: [2207.4.3] Log effect, file: events/eep_probe_events.txt line: 63. EEP_MONTH country=EEP 08 原版噬岩对照 C= G= D= made= worlds=
[02:15:11][effect_impl.cpp:22217]: [2207.4.3] Log effect, file: events/eep_probe_events.txt line: 76. EEP_DLC Nemesis=YES
[02:15:11][effect_impl.cpp:22217]: [2207.4.3] Log effect, file: events/eep_probe_events.txt line: 78. EEP_DLC Shroud=YES
[02:15:11][eventcommands.cpp:88]: Event origin.1100 added info about event selection. selectedOption 0, human -1, playerEventId 7
[02:15:21][effect_impl.cpp:22217]: [2207.5.3] Log effect, file: events/eep_probe_events.txt line: 63. EEP_MONTH country=EEP 08 原版噬岩对照 C= G= D= made= worlds=
[02:15:21][effect_impl.cpp:22217]: [2207.5.3] Log effect, file: events/eep_probe_events.txt line: 76. EEP_DLC Nemesis=YES
[02:15:21][effect_impl.cpp:22217]: [2207.5.3] Log effect, file: events/eep_probe_events.txt line: 78. EEP_DLC Shroud=YES
[02:15:31][effect_impl.cpp:22217]: [2207.6.3] Log effect, file: events/eep_probe_events.txt line: 63. EEP_MONTH country=EEP 08 原版噬岩对照 C= G= D= made= worlds=
[02:15:31][effect_impl.cpp:22217]: [2207.6.3] Log effect, file: events/eep_probe_events.txt line: 76. EEP_DLC Nemesis=YES
[02:15:31][effect_impl.cpp:22217]: [2207.6.3] Log effect, file: events/eep_probe_events.txt line: 78. EEP_DLC Shroud=YES
[02:15:37][eventcommands.cpp:88]: Event first_contact.5000 added info about event selection. selectedOption 0, human -1, playerEventId 8
[02:15:41][effect_impl.cpp:22217]: [2207.7.3] Log effect, file: events/eep_probe_events.txt line: 63. EEP_MONTH country=EEP 08 原版噬岩对照 C= G= D= made= worlds=
[02:15:41][effect_impl.cpp:22217]: [2207.7.3] Log effect, file: events/eep_probe_events.txt line: 76. EEP_DLC Nemesis=YES
[02:15:41][effect_impl.cpp:22217]: [2207.7.3] Log effect, file: events/eep_probe_events.txt line: 78. EEP_DLC Shroud=YES
[02:15:51][effect_impl.cpp:22217]: [2207.8.3] Log effect, file: events/eep_probe_events.txt line: 63. EEP_MONTH country=EEP 08 原版噬岩对照 C= G= D= made= worlds=
[02:15:51][effect_impl.cpp:22217]: [2207.8.3] Log effect, file: events/eep_probe_events.txt line: 76. EEP_DLC Nemesis=YES
[02:15:51][effect_impl.cpp:22217]: [2207.8.3] Log effect, file: events/eep_probe_events.txt line: 78. EEP_DLC Shroud=YES
[02:16:01][effect_impl.cpp:22217]: [2207.9.3] Log effect, file: events/eep_probe_events.txt line: 63. EEP_MONTH country=EEP 08 原版噬岩对照 C= G= D= made= worlds=
[02:16:01][effect_impl.cpp:22217]: [2207.9.3] Log effect, file: events/eep_probe_events.txt line: 76. EEP_DLC Nemesis=YES
[02:16:01][effect_impl.cpp:22217]: [2207.9.3] Log effect, file: events/eep_probe_events.txt line: 78. EEP_DLC Shroud=YES
[02:16:09][eventcommands.cpp:88]: Event first_contact.5 added info about event selection. selectedOption 1, human -1, playerEventId 9
[02:16:11][effect_impl.cpp:22217]: [2207.10.3] Log effect, file: events/eep_probe_events.txt line: 63. EEP_MONTH country=EEP 08 原版噬岩对照 C= G= D= made= worlds=
[02:16:11][effect_impl.cpp:22217]: [2207.10.3] Log effect, file: events/eep_probe_events.txt line: 76. EEP_DLC Nemesis=YES
[02:16:11][effect_impl.cpp:22217]: [2207.10.3] Log effect, file: events/eep_probe_events.txt line: 78. EEP_DLC Shroud=YES
[02:16:21][effect_impl.cpp:22217]: [2207.11.3] Log effect, file: events/eep_probe_events.txt line: 63. EEP_MONTH country=EEP 08 原版噬岩对照 C= G= D= made= worlds=
[02:16:21][effect_impl.cpp:22217]: [2207.11.3] Log effect, file: events/eep_probe_events.txt line: 76. EEP_DLC Nemesis=YES
[02:16:21][effect_impl.cpp:22217]: [2207.11.3] Log effect, file: events/eep_probe_events.txt line: 78. EEP_DLC Shroud=YES
[02:16:30][effect_impl.cpp:22217]: [2207.12.3] Log effect, file: events/eep_probe_events.txt line: 63. EEP_MONTH country=EEP 08 原版噬岩对照 C= G= D= made= worlds=
[02:16:30][effect_impl.cpp:22217]: [2207.12.3] Log effect, file: events/eep_probe_events.txt line: 76. EEP_DLC Nemesis=YES
[02:16:30][effect_impl.cpp:22217]: [2207.12.3] Log effect, file: events/eep_probe_events.txt line: 78. EEP_DLC Shroud=YES
[02:16:40][effect_impl.cpp:22217]: [2208.1.3] Log effect, file: events/eep_probe_events.txt line: 63. EEP_MONTH country=EEP 08 原版噬岩对照 C= G= D= made= worlds=
[02:16:40][effect_impl.cpp:22217]: [2208.1.3] Log effect, file: events/eep_probe_events.txt line: 76. EEP_DLC Nemesis=YES
[02:16:40][effect_impl.cpp:22217]: [2208.1.3] Log effect, file: events/eep_probe_events.txt line: 78. EEP_DLC Shroud=YES
[02:16:50][effect_impl.cpp:22217]: [2208.2.3] Log effect, file: events/eep_probe_events.txt line: 63. EEP_MONTH country=EEP 08 原版噬岩对照 C= G= D= made= worlds=
[02:16:50][effect_impl.cpp:22217]: [2208.2.3] Log effect, file: events/eep_probe_events.txt line: 76. EEP_DLC Nemesis=YES
[02:16:50][effect_impl.cpp:22217]: [2208.2.3] Log effect, file: events/eep_probe_events.txt line: 78. EEP_DLC Shroud=YES
[02:17:00][effect_impl.cpp:22217]: [2208.3.3] Log effect, file: events/eep_probe_events.txt line: 63. EEP_MONTH country=EEP 08 原版噬岩对照 C= G= D= made= worlds=
[02:17:00][effect_impl.cpp:22217]: [2208.3.3] Log effect, file: events/eep_probe_events.txt line: 76. EEP_DLC Nemesis=YES
[02:17:00][effect_impl.cpp:22217]: [2208.3.3] Log effect, file: events/eep_probe_events.txt line: 78. EEP_DLC Shroud=YES
[02:17:10][effect_impl.cpp:22217]: [2208.4.3] Log effect, file: events/eep_probe_events.txt line: 63. EEP_MONTH country=EEP 08 原版噬岩对照 C= G= D= made= worlds=
[02:17:10][effect_impl.cpp:22217]: [2208.4.3] Log effect, file: events/eep_probe_events.txt line: 76. EEP_DLC Nemesis=YES
[02:17:10][effect_impl.cpp:22217]: [2208.4.3] Log effect, file: events/eep_probe_events.txt line: 78. EEP_DLC Shroud=YES
[02:17:18][eventcommands.cpp:88]: Event grand_archive.2000 added info about event selection. selectedOption 0, human -1, playerEventId 11
[02:17:19][eventcommands.cpp:88]: Event first_contact_critters.15 added info about event selection. selectedOption 3, human -1, playerEventId 12
[02:17:20][effect_impl.cpp:22217]: [2208.5.3] Log effect, file: events/eep_probe_events.txt line: 63. EEP_MONTH country=EEP 08 原版噬岩对照 C= G= D= made= worlds=
[02:17:20][effect_impl.cpp:22217]: [2208.5.3] Log effect, file: events/eep_probe_events.txt line: 76. EEP_DLC Nemesis=YES
[02:17:20][effect_impl.cpp:22217]: [2208.5.3] Log effect, file: events/eep_probe_events.txt line: 78. EEP_DLC Shroud=YES
[02:17:30][effect_impl.cpp:22217]: [2208.6.3] Log effect, file: events/eep_probe_events.txt line: 63. EEP_MONTH country=EEP 08 原版噬岩对照 C= G= D= made= worlds=
[02:17:30][effect_impl.cpp:22217]: [2208.6.3] Log effect, file: events/eep_probe_events.txt line: 76. EEP_DLC Nemesis=YES
[02:17:30][effect_impl.cpp:22217]: [2208.6.3] Log effect, file: events/eep_probe_events.txt line: 78. EEP_DLC Shroud=YES
[02:17:40][effect_impl.cpp:22217]: [2208.7.3] Log effect, file: events/eep_probe_events.txt line: 63. EEP_MONTH country=EEP 08 原版噬岩对照 C= G= D= made= worlds=
[02:17:40][effect_impl.cpp:22217]: [2208.7.3] Log effect, file: events/eep_probe_events.txt line: 76. EEP_DLC Nemesis=YES
[02:17:40][effect_impl.cpp:22217]: [2208.7.3] Log effect, file: events/eep_probe_events.txt line: 78. EEP_DLC Shroud=YES
[02:17:50][effect_impl.cpp:22217]: [2208.8.3] Log effect, file: events/eep_probe_events.txt line: 63. EEP_MONTH country=EEP 08 原版噬岩对照 C= G= D= made= worlds=
[02:17:50][effect_impl.cpp:22217]: [2208.8.3] Log effect, file: events/eep_probe_events.txt line: 76. EEP_DLC Nemesis=YES
[02:17:50][effect_impl.cpp:22217]: [2208.8.3] Log effect, file: events/eep_probe_events.txt line: 78. EEP_DLC Shroud=YES
[02:18:00][effect_impl.cpp:22217]: [2208.9.3] Log effect, file: events/eep_probe_events.txt line: 63. EEP_MONTH country=EEP 08 原版噬岩对照 C= G= D= made= worlds=
[02:18:00][effect_impl.cpp:22217]: [2208.9.3] Log effect, file: events/eep_probe_events.txt line: 76. EEP_DLC Nemesis=YES
[02:18:00][effect_impl.cpp:22217]: [2208.9.3] Log effect, file: events/eep_probe_events.txt line: 78. EEP_DLC Shroud=YES
[02:18:10][effect_impl.cpp:22217]: [2208.10.3] Log effect, file: events/eep_probe_events.txt line: 63. EEP_MONTH country=EEP 08 原版噬岩对照 C= G= D= made= worlds=
[02:18:10][effect_impl.cpp:22217]: [2208.10.3] Log effect, file: events/eep_probe_events.txt line: 76. EEP_DLC Nemesis=YES
[02:18:10][effect_impl.cpp:22217]: [2208.10.3] Log effect, file: events/eep_probe_events.txt line: 78. EEP_DLC Shroud=YES
[02:18:20][effect_impl.cpp:22217]: [2208.11.3] Log effect, file: events/eep_probe_events.txt line: 63. EEP_MONTH country=EEP 08 原版噬岩对照 C= G= D= made= worlds=
[02:18:20][effect_impl.cpp:22217]: [2208.11.3] Log effect, file: events/eep_probe_events.txt line: 76. EEP_DLC Nemesis=YES
[02:18:20][effect_impl.cpp:22217]: [2208.11.3] Log effect, file: events/eep_probe_events.txt line: 78. EEP_DLC Shroud=YES
[02:18:30][effect_impl.cpp:22217]: [2208.12.3] Log effect, file: events/eep_probe_events.txt line: 63. EEP_MONTH country=EEP 08 原版噬岩对照 C= G= D= made= worlds=
[02:18:30][effect_impl.cpp:22217]: [2208.12.3] Log effect, file: events/eep_probe_events.txt line: 76. EEP_DLC Nemesis=YES
[02:18:30][effect_impl.cpp:22217]: [2208.12.3] Log effect, file: events/eep_probe_events.txt line: 78. EEP_DLC Shroud=YES
[02:18:40][effect_impl.cpp:22217]: [2209.1.3] Log effect, file: events/eep_probe_events.txt line: 63. EEP_MONTH country=EEP 08 原版噬岩对照 C= G= D= made= worlds=
[02:18:40][effect_impl.cpp:22217]: [2209.1.3] Log effect, file: events/eep_probe_events.txt line: 76. EEP_DLC Nemesis=YES
[02:18:40][effect_impl.cpp:22217]: [2209.1.3] Log effect, file: events/eep_probe_events.txt line: 78. EEP_DLC Shroud=YES
[02:18:45][eventcommands.cpp:88]: Event first_contact.1 added info about event selection. selectedOption 0, human -1, playerEventId 13
[02:18:50][effect_impl.cpp:22217]: [2209.2.3] Log effect, file: events/eep_probe_events.txt line: 63. EEP_MONTH country=EEP 08 原版噬岩对照 C= G= D= made= worlds=
[02:18:50][effect_impl.cpp:22217]: [2209.2.3] Log effect, file: events/eep_probe_events.txt line: 76. EEP_DLC Nemesis=YES
[02:18:50][effect_impl.cpp:22217]: [2209.2.3] Log effect, file: events/eep_probe_events.txt line: 78. EEP_DLC Shroud=YES
[02:18:59][effect_impl.cpp:22217]: [2209.3.3] Log effect, file: events/eep_probe_events.txt line: 63. EEP_MONTH country=EEP 08 原版噬岩对照 C= G= D= made= worlds=
[02:18:59][effect_impl.cpp:22217]: [2209.3.3] Log effect, file: events/eep_probe_events.txt line: 76. EEP_DLC Nemesis=YES
[02:18:59][effect_impl.cpp:22217]: [2209.3.3] Log effect, file: events/eep_probe_events.txt line: 78. EEP_DLC Shroud=YES
[02:19:09][effect_impl.cpp:22217]: [2209.4.3] Log effect, file: events/eep_probe_events.txt line: 63. EEP_MONTH country=EEP 08 原版噬岩对照 C= G= D= made= worlds=
[02:19:09][effect_impl.cpp:22217]: [2209.4.3] Log effect, file: events/eep_probe_events.txt line: 76. EEP_DLC Nemesis=YES
[02:19:09][effect_impl.cpp:22217]: [2209.4.3] Log effect, file: events/eep_probe_events.txt line: 78. EEP_DLC Shroud=YES
[02:19:19][effect_impl.cpp:22217]: [2209.5.3] Log effect, file: events/eep_probe_events.txt line: 63. EEP_MONTH country=EEP 08 原版噬岩对照 C= G= D= made= worlds=
[02:19:19][effect_impl.cpp:22217]: [2209.5.3] Log effect, file: events/eep_probe_events.txt line: 76. EEP_DLC Nemesis=YES
[02:19:19][effect_impl.cpp:22217]: [2209.5.3] Log effect, file: events/eep_probe_events.txt line: 78. EEP_DLC Shroud=YES
[02:19:29][effect_impl.cpp:22217]: [2209.6.3] Log effect, file: events/eep_probe_events.txt line: 63. EEP_MONTH country=EEP 08 原版噬岩对照 C= G= D= made= worlds=
[02:19:29][effect_impl.cpp:22217]: [2209.6.3] Log effect, file: events/eep_probe_events.txt line: 76. EEP_DLC Nemesis=YES
[02:19:29][effect_impl.cpp:22217]: [2209.6.3] Log effect, file: events/eep_probe_events.txt line: 78. EEP_DLC Shroud=YES
[02:19:39][effect_impl.cpp:22217]: [2209.7.3] Log effect, file: events/eep_probe_events.txt line: 63. EEP_MONTH country=EEP 08 原版噬岩对照 C= G= D= made= worlds=
[02:19:39][effect_impl.cpp:22217]: [2209.7.3] Log effect, file: events/eep_probe_events.txt line: 76. EEP_DLC Nemesis=YES
[02:19:39][effect_impl.cpp:22217]: [2209.7.3] Log effect, file: events/eep_probe_events.txt line: 78. EEP_DLC Shroud=YES
[02:19:41][eventcommands.cpp:88]: Event first_contact.1 added info about event selection. selectedOption 0, human -1, playerEventId 14
[02:19:49][effect_impl.cpp:22217]: [2209.8.3] Log effect, file: events/eep_probe_events.txt line: 63. EEP_MONTH country=EEP 08 原版噬岩对照 C= G= D= made= worlds=
[02:19:49][effect_impl.cpp:22217]: [2209.8.3] Log effect, file: events/eep_probe_events.txt line: 76. EEP_DLC Nemesis=YES
[02:19:49][effect_impl.cpp:22217]: [2209.8.3] Log effect, file: events/eep_probe_events.txt line: 78. EEP_DLC Shroud=YES
[02:19:59][effect_impl.cpp:22217]: [2209.9.3] Log effect, file: events/eep_probe_events.txt line: 63. EEP_MONTH country=EEP 08 原版噬岩对照 C= G= D= made= worlds=
[02:19:59][effect_impl.cpp:22217]: [2209.9.3] Log effect, file: events/eep_probe_events.txt line: 76. EEP_DLC Nemesis=YES
[02:19:59][effect_impl.cpp:22217]: [2209.9.3] Log effect, file: events/eep_probe_events.txt line: 78. EEP_DLC Shroud=YES
[02:20:09][effect_impl.cpp:22217]: [2209.10.3] Log effect, file: events/eep_probe_events.txt line: 63. EEP_MONTH country=EEP 08 原版噬岩对照 C= G= D= made= worlds=
[02:20:09][effect_impl.cpp:22217]: [2209.10.3] Log effect, file: events/eep_probe_events.txt line: 76. EEP_DLC Nemesis=YES
[02:20:09][effect_impl.cpp:22217]: [2209.10.3] Log effect, file: events/eep_probe_events.txt line: 78. EEP_DLC Shroud=YES
[02:20:11][eventcommands.cpp:88]: Event origin.1105 added info about event selection. selectedOption 0, human -1, playerEventId 15
[02:23:46][eventcommands.cpp:88]: Event colony.185 added info about event selection. selectedOption 0, human 1, playerEventId 16
[02:26:37][effect_impl.cpp:22217]: [2209.11.3] Log effect, file: events/eep_probe_events.txt line: 63. EEP_MONTH country=EEP 08 原版噬岩对照 C= G= D= made= worlds=
[02:26:37][effect_impl.cpp:22217]: [2209.11.3] Log effect, file: events/eep_probe_events.txt line: 76. EEP_DLC Nemesis=YES
[02:26:37][effect_impl.cpp:22217]: [2209.11.3] Log effect, file: events/eep_probe_events.txt line: 78. EEP_DLC Shroud=YES
[02:29:05][effect_impl.cpp:22217]: [2209.12.3] Log effect, file: events/eep_probe_events.txt line: 63. EEP_MONTH country=EEP 08 原版噬岩对照 C= G= D= made= worlds=
[02:29:05][effect_impl.cpp:22217]: [2209.12.3] Log effect, file: events/eep_probe_events.txt line: 76. EEP_DLC Nemesis=YES
[02:29:05][effect_impl.cpp:22217]: [2209.12.3] Log effect, file: events/eep_probe_events.txt line: 78. EEP_DLC Shroud=YES
