[04:21:14][game_application.cpp:250]: Game Version: Cygnus v4.5.2
[04:21:14][defines.cpp:162]: 2132 defines loaded
[04:21:14][defines.cpp:196]: 254 interface defines loaded
[04:27:08][eventcommands.cpp:88]: Event first_contact.220 added info about event selection. selectedOption 0, human -1, playerEventId 134
[04:34:11][eventcommands.cpp:88]: Event apoc.5 added info about event selection. selectedOption 0, human 1, playerEventId 139
[04:36:12][eventcommands.cpp:88]: Event cara.3020 added info about event selection. selectedOption 3, human 1, playerEventId 138
[04:38:17][eventcommands.cpp:88]: Event action.13 added info about event selection. selectedOption 0, human 1, playerEventId 136
[04:46:38][eventcommands.cpp:88]: Event action.1 added info about event selection. selectedOption 2, human 1, playerEventId 140
[09:48:29][eventcommands.cpp:88]: Event progress.4 added info about event selection. selectedOption 3, human 1, playerEventId 141
[09:51:21][eventcommands.cpp:88]: Event tutorial.63 added info about event selection. selectedOption 0, human 1, playerEventId 137
[09:52:45][eventcommands.cpp:88]: Event tutorial.63 added info about event selection. selectedOption 0, human 1, playerEventId 135
[10:06:31][effect_impl.cpp:22217]: [2240.1.1] Log effect, file: events/caravaneer_events.txt line: 2153. fleet 2 <3 countries found, tag 1
[10:06:31][effect_impl.cpp:22217]: [2240.1.1] Log effect, file: events/caravaneer_events.txt line: 2163. 1 fleet2_capital_destination set
[10:06:37][eventcommands.cpp:88]: Event first_contact.1 added info about event selection. selectedOption 0, human -1, playerEventId 143
[10:07:30][eventcommands.cpp:88]: Event first_contact.1 added info about event selection. selectedOption 0, human -1, playerEventId 144
[10:09:41][eventcommands.cpp:88]: Event first_contact_critters.1 added info about event selection. selectedOption 0, human -1, playerEventId 145
[10:09:48][eventcommands.cpp:88]: Event first_contact.1 added info about event selection. selectedOption 0, human -1, playerEventId 146
[10:13:36][eventcommands.cpp:88]: Event first_contact_critters.70 added info about event selection. selectedOption 0, human -1, playerEventId 147
[10:14:15][eventcommands.cpp:88]: Event first_contact_critters.1 added info about event selection. selectedOption 0, human -1, playerEventId 148
[10:14:19][eventcommands.cpp:88]: Event fedev.9435 added info about event selection. selectedOption 0, human -1, playerEventId 149
[10:14:22][eventcommands.cpp:88]: Event first_contact.1 added info about event selection. selectedOption 0, human -1, playerEventId 150
[10:14:36][eventcommands.cpp:88]: Event first_contact_critters.70 added info about event selection. selectedOption 0, human -1, playerEventId 151
[10:24:32][effect_impl.cpp:22217]: [2241.5.25] Log effect, common/scripted_effects/caravaneer_scripted_effects.txt:1875 @ scripted effect fleet2_continue_journey at. triggered fleet2_continue_journey
[10:24:32][effect_impl.cpp:22217]: [2241.5.25] Log effect, common/scripted_effects/caravaneer_scripted_effects.txt:1878 @ scripted effect fleet2_continue_journey at. fleet 2 untagged planet
[10:24:32][effect_impl.cpp:22217]: [2241.5.25] Log effect, common/scripted_effects/caravaneer_scripted_effects.txt:1903 @ scripted effect fleet2_continue_journey at. fleet 2 returning home
[10:31:43][eventcommands.cpp:88]: Event first_contact_critters.75 added info about event selection. selectedOption 0, human -1, playerEventId 152
[10:43:40][eventcommands.cpp:88]: Event shroud.2750 added info about event selection. selectedOption 0, human 1, playerEventId 153
[10:52:39][eventcommands.cpp:88]: Event first_contact_critters.80 added info about event selection. selectedOption 0, human -1, playerEventId 154
[10:53:26][eventcommands.cpp:88]: Event first_contact_critters.5 added info about event selection. selectedOption 3, human -1, playerEventId 155
[10:53:30][eventcommands.cpp:88]: Event first_contact_critters.20 added info about event selection. selectedOption 0, human -1, playerEventId 156
[10:53:42][eventcommands.cpp:88]: Event fedev.9440 added info about event selection. selectedOption 0, human -1, playerEventId 157
[10:58:20][eventcommands.cpp:88]: Event first_contact_critters.5 added info about event selection. selectedOption 3, human -1, playerEventId 158
