[16:16:56][gfx_dx9.cpp:4485]: Loading settings for adapter -1, fullscreen=0, multisample=15
[16:16:56][gfx_dx9.cpp:4526]: Graphic Adapters: 
[16:16:56][gfx_dx9.cpp:4534]: 	0: NVIDIA GeForce RTX 3060 Laptop GPU
[16:16:56][gfx_dx9.cpp:4556]: Using Adapter [0] to check for multi-sampling support:
[16:16:56][gfx_dx9.cpp:4579]: Using Adapter [0]:
[16:16:56][gfx_dx9.cpp:4590]: Succeeded to create a device [D3DCREATE_HARDWARE_VERTEXPROCESSING].
[16:16:56][gfx_dx9.cpp:4640]: Graphics device: NVIDIA GeForce RTX 3060 Laptop GPU
[16:16:56][gfx_dx9.cpp:4641]: Graphics driver: nvldumdx.dll
[16:16:56][gfx_dx9.cpp:4642]: Driver version: 4633
[16:16:56][gfx_dx9.cpp:4657]: 


Dumping all gfx info:
DeviceIdentifier:	{D7B71E3E-6660-11CF-7761-0F200EC2D235}
VendorId:	4318
DeviceId:	9504
SubSysId:	4318
Revision:	161
DriverVersion.HighPart:	2031616
DriverVersion.LowPart:	987673


[16:16:56][gfx_dx9.cpp:4680]: Instancing supported.
[16:16:57][gfx_dx9.cpp:4730]: Video memory amount: 4095MB
[16:16:57][gfx_dx9.cpp:4731]: MaxSimultaneousTextures: 8
[16:16:57][gfx_dx9.cpp:4732]: MaxVertexBlendMatrices: 4
[16:16:57][gfx_dx9.cpp:4733]: MaxVertexBlendMatrixIndex: 8
[16:16:57][gfx_dx9.cpp:4734]: MaxSimultaneousTextures: 8
[16:16:57][gfx_dx9.cpp:4735]: MaxTextureBlendStages: 8
[16:16:57][gfx_dx9.cpp:4736]: MaxTextureWidth: 16384
[16:16:57][gfx_dx9.cpp:4737]: MaxTextureHeight: 16384
[16:16:57][gfx_dx9.cpp:4740]: Vertex Shader version: 3.0
[16:16:57][gfx_dx9.cpp:4746]: Pixel Shader version: 3.0
[16:16:57][graphicssettings.cpp:166]: 	2 samples supported.
[16:16:57][graphicssettings.cpp:166]: 	4 samples supported.
[16:16:57][graphicssettings.cpp:166]: 	8 samples supported.
[16:16:57][graphicssettings.cpp:202]: Support for Anisotropic filtering found.
[16:16:57][graphicssettings.cpp:206]: 	Max Anisotropic filtering supported: 16
[16:16:57][graphicssettings.cpp:207]: 	Anisotropic filtering set to: 16
[16:16:57][pdx_audio_sdl.cpp:110]: [0] Audio device: 扬声器 (Realtek High Definition Audio)
[16:16:57][pdx_audio_sdl.cpp:117]: [0] Audio driver: wasapi
[16:16:57][pdx_audio_sdl.cpp:117]: [1] Audio driver: directsound
[16:16:57][pdx_audio_sdl.cpp:117]: [2] Audio driver: winmm
[16:16:57][pdx_audio_sdl.cpp:117]: [3] Audio driver: disk
[16:16:57][pdx_audio_sdl.cpp:117]: [4] Audio driver: dummy
[16:16:57][pdx_audio_sdl.cpp:142]: Current audio driver: wasapi
[16:16:57][pdx_audio_sdl.cpp:149]: 
	Frequency: 44100
	Format: 32784
	Channels: 2
	Samples: 1024
[16:16:58][graphicssettings.cpp:785]: Using multisampling: 4
[16:16:58][graphics.cpp:799]: Creating device with: HARDWARE_VERTEXPROCESSING
	Fullscreen=no
	Resolution=1024x768
[16:16:58][graphicssettings.cpp:752]: Usable res: 640 480 70
[16:16:58][graphicssettings.cpp:752]: Usable res: 640 480 75
[16:16:58][graphicssettings.cpp:752]: Usable res: 640 480 140
[16:16:58][graphicssettings.cpp:752]: Usable res: 640 480 200
[16:16:58][graphicssettings.cpp:752]: Usable res: 640 480 59
[16:16:58][graphicssettings.cpp:752]: Usable res: 640 480 72
[16:16:58][graphicssettings.cpp:752]: Usable res: 640 480 85
[16:16:58][graphicssettings.cpp:752]: Usable res: 640 480 99
[16:16:58][graphicssettings.cpp:752]: Usable res: 640 480 120
[16:16:58][graphicssettings.cpp:752]: Usable res: 640 480 144
[16:16:58][graphicssettings.cpp:752]: Usable res: 640 480 149
[16:16:58][graphicssettings.cpp:752]: Usable res: 640 480 170
[16:16:58][graphicssettings.cpp:752]: Usable res: 640 480 239
[16:16:58][graphicssettings.cpp:752]: Usable res: 720 480 60
[16:16:58][graphicssettings.cpp:752]: Usable res: 720 576 50
[16:16:58][graphicssettings.cpp:752]: Usable res: 800 600 70
[16:16:58][graphicssettings.cpp:752]: Usable res: 800 600 75
[16:16:58][graphicssettings.cpp:752]: Usable res: 800 600 140
[16:16:58][graphicssettings.cpp:752]: Usable res: 800 600 200
[16:16:58][graphicssettings.cpp:752]: Usable res: 800 600 60
[16:16:58][graphicssettings.cpp:752]: Usable res: 800 600 72
[16:16:58][graphicssettings.cpp:752]: Usable res: 800 600 85
[16:16:58][graphicssettings.cpp:752]: Usable res: 800 600 100
[16:16:58][graphicssettings.cpp:752]: Usable res: 800 600 119
[16:16:58][graphicssettings.cpp:752]: Usable res: 800 600 144
[16:16:58][graphicssettings.cpp:752]: Usable res: 800 600 150
[16:16:58][graphicssettings.cpp:752]: Usable res: 800 600 169
[16:16:58][graphicssettings.cpp:752]: Usable res: 800 600 240
[16:16:58][graphicssettings.cpp:752]: Usable res: 1024 768 60
[16:16:58][graphicssettings.cpp:752]: Usable res: 1024 768 70
[16:16:58][graphicssettings.cpp:752]: Usable res: 1024 768 71
[16:16:58][graphicssettings.cpp:752]: Usable res: 1024 768 75
[16:16:58][graphicssettings.cpp:752]: Usable res: 1024 768 84
[16:16:58][graphicssettings.cpp:752]: Usable res: 1024 768 100
[16:16:58][graphicssettings.cpp:752]: Usable res: 1024 768 119
[16:16:58][graphicssettings.cpp:752]: Usable res: 1024 768 139
[16:16:58][graphicssettings.cpp:752]: Usable res: 1024 768 144
[16:16:58][graphicssettings.cpp:752]: Usable res: 1024 768 150
[16:16:58][graphicssettings.cpp:752]: Usable res: 1024 768 169
[16:16:58][graphicssettings.cpp:752]: Usable res: 1024 768 200
[16:16:58][graphicssettings.cpp:752]: Usable res: 1024 768 239
[16:16:58][graphicssettings.cpp:752]: Usable res: 1152 864 75
[16:16:58][graphicssettings.cpp:752]: Usable res: 1152 864 150
[16:16:58][graphicssettings.cpp:752]: Usable res: 1152 864 200
[16:16:58][graphicssettings.cpp:752]: Usable res: 1152 864 59
[16:16:58][graphicssettings.cpp:752]: Usable res: 1152 864 70
[16:16:58][graphicssettings.cpp:752]: Usable res: 1152 864 71
[16:16:58][graphicssettings.cpp:752]: Usable res: 1152 864 84
[16:16:58][graphicssettings.cpp:752]: Usable res: 1152 864 99
[16:16:58][graphicssettings.cpp:752]: Usable res: 1152 864 119
[16:16:58][graphicssettings.cpp:752]: Usable res: 1152 864 140
[16:16:58][graphicssettings.cpp:752]: Usable res: 1152 864 144
[16:16:58][graphicssettings.cpp:752]: Usable res: 1152 864 170
[16:16:58][graphicssettings.cpp:752]: Usable res: 1280 720 60
[16:16:58][graphicssettings.cpp:752]: Usable res: 1280 768 59
[16:16:58][graphicssettings.cpp:752]: Usable res: 1280 768 70
[16:16:58][graphicssettings.cpp:752]: Usable res: 1280 768 71
[16:16:58][graphicssettings.cpp:752]: Usable res: 1280 768 74
[16:16:58][graphicssettings.cpp:752]: Usable res: 1280 768 84
[16:16:58][graphicssettings.cpp:752]: Usable res: 1280 768 99
[16:16:58][graphicssettings.cpp:752]: Usable res: 1280 768 119
[16:16:58][graphicssettings.cpp:752]: Usable res: 1280 768 139
[16:16:58][graphicssettings.cpp:752]: Usable res: 1280 768 143
[16:16:58][graphicssettings.cpp:752]: Usable res: 1280 768 149
[16:16:58][graphicssettings.cpp:752]: Usable res: 1280 768 170
[16:16:58][graphicssettings.cpp:752]: Usable res: 1280 800 59
[16:16:58][graphicssettings.cpp:752]: Usable res: 1280 800 69
[16:16:58][graphicssettings.cpp:752]: Usable res: 1280 800 71
[16:16:58][graphicssettings.cpp:752]: Usable res: 1280 800 74
[16:16:58][graphicssettings.cpp:752]: Usable res: 1280 800 84
[16:16:58][graphicssettings.cpp:752]: Usable res: 1280 800 99
[16:16:58][graphicssettings.cpp:752]: Usable res: 1280 800 119
[16:16:58][graphicssettings.cpp:752]: Usable res: 1280 800 140
[16:16:58][graphicssettings.cpp:752]: Usable res: 1280 800 144
[16:16:58][graphicssettings.cpp:752]: Usable res: 1280 800 150
[16:16:58][graphicssettings.cpp:752]: Usable res: 1280 800 170
[16:16:58][graphicssettings.cpp:752]: Usable res: 1280 960 60
[16:16:58][graphicssettings.cpp:752]: Usable res: 1280 960 72
[16:16:58][graphicssettings.cpp:752]: Usable res: 1280 960 75
[16:16:58][graphicssettings.cpp:752]: Usable res: 1280 960 150
[16:16:58][graphicssettings.cpp:752]: Usable res: 1280 960 70
[16:16:58][graphicssettings.cpp:752]: Usable res: 1280 960 85
[16:16:58][graphicssettings.cpp:752]: Usable res: 1280 960 99
[16:16:58][graphicssettings.cpp:752]: Usable res: 1280 960 119
[16:16:58][graphicssettings.cpp:752]: Usable res: 1280 960 139
[16:16:58][graphicssettings.cpp:752]: Usable res: 1280 960 144
[16:16:58][graphicssettings.cpp:752]: Usable res: 1280 960 170
[16:16:58][graphicssettings.cpp:752]: Usable res: 1280 1024 100
[16:16:58][graphicssettings.cpp:752]: Usable res: 1280 1024 140
[16:16:58][graphicssettings.cpp:752]: Usable res: 1280 1024 60
[16:16:58][graphicssettings.cpp:752]: Usable res: 1280 1024 69
[16:16:58][graphicssettings.cpp:752]: Usable res: 1280 1024 71
[16:16:58][graphicssettings.cpp:752]: Usable res: 1280 1024 75
[16:16:58][graphicssettings.cpp:752]: Usable res: 1280 1024 85
[16:16:58][graphicssettings.cpp:752]: Usable res: 1280 1024 119
[16:16:58][graphicssettings.cpp:752]: Usable res: 1280 1024 143
[16:16:58][graphicssettings.cpp:752]: Usable res: 1280 1024 150
[16:16:58][graphicssettings.cpp:752]: Usable res: 1280 1024 170
[16:16:58][graphicssettings.cpp:752]: Usable res: 1360 768 144
[16:16:58][graphicssettings.cpp:752]: Usable res: 1360 768 150
[16:16:58][graphicssettings.cpp:752]: Usable res: 1360 768 60
[16:16:58][graphicssettings.cpp:752]: Usable res: 1360 768 70
[16:16:58][graphicssettings.cpp:752]: Usable res: 1360 768 71
[16:16:58][graphicssettings.cpp:752]: Usable res: 1360 768 74
[16:16:58][graphicssettings.cpp:752]: Usable res: 1360 768 85
[16:16:58][graphicssettings.cpp:752]: Usable res: 1360 768 100
[16:16:58][graphicssettings.cpp:752]: Usable res: 1360 768 119
[16:16:58][graphicssettings.cpp:752]: Usable res: 1360 768 139
[16:16:58][graphicssettings.cpp:752]: Usable res: 1360 768 169
[16:16:58][graphicssettings.cpp:752]: Usable res: 1366 768 100
[16:16:58][graphicssettings.cpp:752]: Usable res: 1366 768 59
[16:16:58][graphicssettings.cpp:752]: Usable res: 1366 768 70
[16:16:58][graphicssettings.cpp:752]: Usable res: 1366 768 71
[16:16:58][graphicssettings.cpp:752]: Usable res: 1366 768 74
[16:16:58][graphicssettings.cpp:752]: Usable res: 1366 768 85
[16:16:58][graphicssettings.cpp:752]: Usable res: 1366 768 120
[16:16:58][graphicssettings.cpp:752]: Usable res: 1366 768 140
[16:16:58][graphicssettings.cpp:752]: Usable res: 1366 768 143
[16:16:58][graphicssettings.cpp:752]: Usable res: 1366 768 150
[16:16:58][graphicssettings.cpp:752]: Usable res: 1366 768 170
[16:16:58][graphicssettings.cpp:752]: Usable res: 1440 1080 75
[16:16:58][graphicssettings.cpp:752]: Usable res: 1440 1080 100
[16:16:58][graphicssettings.cpp:752]: Usable res: 1440 1080 120
[16:16:58][graphicssettings.cpp:752]: Usable res: 1440 1080 140
[16:16:58][graphicssettings.cpp:752]: Usable res: 1440 1080 60
[16:16:58][graphicssettings.cpp:752]: Usable res: 1440 1080 69
[16:16:58][graphicssettings.cpp:752]: Usable res: 1440 1080 71
[16:16:58][graphicssettings.cpp:752]: Usable res: 1440 1080 85
[16:16:58][graphicssettings.cpp:752]: Usable res: 1440 1080 143
[16:16:58][graphicssettings.cpp:752]: Usable res: 1440 1080 150
[16:16:58][graphicssettings.cpp:752]: Usable res: 1440 1080 169
[16:16:58][graphicssettings.cpp:752]: Usable res: 1440 1080 200
[16:16:58][graphicssettings.cpp:752]: Usable res: 1600 900 60
[16:16:58][graphicssettings.cpp:752]: Usable res: 1600 900 75
[16:16:58][graphicssettings.cpp:752]: Usable res: 1600 900 144
[16:16:58][graphicssettings.cpp:752]: Usable res: 1600 900 69
[16:16:58][graphicssettings.cpp:752]: Usable res: 1600 900 72
[16:16:58][graphicssettings.cpp:752]: Usable res: 1600 900 85
[16:16:58][graphicssettings.cpp:752]: Usable res: 1600 900 100
[16:16:58][graphicssettings.cpp:752]: Usable res: 1600 900 120
[16:16:58][graphicssettings.cpp:752]: Usable res: 1600 900 140
[16:16:58][graphicssettings.cpp:752]: Usable res: 1600 900 150
[16:16:58][graphicssettings.cpp:752]: Usable res: 1600 1024 70
[16:16:58][graphicssettings.cpp:752]: Usable res: 1600 1024 72
[16:16:58][graphicssettings.cpp:752]: Usable res: 1600 1024 75
[16:16:58][graphicssettings.cpp:752]: Usable res: 1600 1024 120
[16:16:58][graphicssettings.cpp:752]: Usable res: 1600 1024 60
[16:16:58][graphicssettings.cpp:752]: Usable res: 1600 1024 84
[16:16:58][graphicssettings.cpp:752]: Usable res: 1600 1024 99
[16:16:58][graphicssettings.cpp:752]: Usable res: 1600 1200 60
[16:16:58][graphicssettings.cpp:752]: Usable res: 1600 1200 70
[16:16:58][graphicssettings.cpp:752]: Usable res: 1600 1200 75
[16:16:58][graphicssettings.cpp:752]: Usable res: 1600 1200 85
[16:16:58][graphicssettings.cpp:752]: Usable res: 1600 1200 72
[16:16:58][graphicssettings.cpp:752]: Usable res: 1600 1200 100
[16:16:58][graphicssettings.cpp:752]: Usable res: 1600 1200 119
[16:16:58][graphicssettings.cpp:752]: Usable res: 1680 1050 59
[16:16:58][graphicssettings.cpp:752]: Usable res: 1920 1080 60
[16:16:58][graphicssettings.cpp:752]: Usable res: 1920 1200 72
[16:16:58][graphicssettings.cpp:752]: Usable res: 1920 1200 59
[16:16:58][graphicssettings.cpp:752]: Usable res: 1920 1200 70
[16:16:58][graphicssettings.cpp:752]: Usable res: 1920 1200 74
[16:16:58][graphicssettings.cpp:752]: Usable res: 1920 1200 84
[16:16:58][graphicssettings.cpp:752]: Usable res: 1920 1200 100
[16:16:58][graphicssettings.cpp:752]: Usable res: 1920 1440 60
[16:16:58][graphicssettings.cpp:752]: Usable res: 1920 1440 72
[16:16:58][graphicssettings.cpp:752]: Usable res: 1920 1440 75
[16:16:58][graphicssettings.cpp:752]: Usable res: 1920 1440 85
[16:16:58][graphicssettings.cpp:752]: Usable res: 1920 1440 70
[16:16:58][graphicssettings.cpp:752]: Usable res: 2048 1536 60
[16:16:58][graphicssettings.cpp:752]: Usable res: 2560 1440 75
[16:16:58][graphicssettings.cpp:752]: Usable res: 2560 1440 100
[16:16:58][graphicssettings.cpp:752]: Usable res: 2560 1440 120
[16:16:58][graphicssettings.cpp:752]: Usable res: 2560 1440 60
[16:16:58][graphicssettings.cpp:752]: Usable res: 2560 1440 69
[16:16:58][graphicssettings.cpp:752]: Usable res: 2560 1440 85
[16:16:58][graphicssettings.cpp:752]: Usable res: 2560 1600 100
[16:16:58][graphicssettings.cpp:752]: Usable res: 2560 1600 59
[16:16:58][graphicssettings.cpp:752]: Usable res: 2560 1600 70
[16:16:58][graphicssettings.cpp:752]: Usable res: 2560 1600 74
[16:16:58][graphicssettings.cpp:752]: Usable res: 2560 1600 84
[16:16:58][graphicssettings.cpp:752]: Usable res: 2560 1600 119
[16:16:58][graphics.cpp:856]: Done creating device.
