[04:34:15][game_application.cpp:250]: Game Version: Cygnus v4.5.2
[04:34:15][defines.cpp:162]: 2132 defines loaded
[04:34:15][defines.cpp:196]: 254 interface defines loaded
[04:39:43][eventcommands.cpp:88]: Event first_contact.1 added info about event selection. selectedOption 0, human -1, playerEventId 50
[04:39:50][eventcommands.cpp:88]: Event first_contact.1 added info about event selection. selectedOption 0, human -1, playerEventId 63
[04:39:51][eventcommands.cpp:88]: Event first_contact.1 added info about event selection. selectedOption 0, human -1, playerEventId 65
[04:40:06][eventcommands.cpp:88]: Event first_contact.5005 added info about event selection. selectedOption 0, human -1, playerEventId 67
[04:45:43][effect_impl.cpp:22217]: [2204.1.1] Log effect, file: events/eep_probe_events.txt line: 63. EEP_MONTH country=阿赞提企业联合会 C= G= D= made= worlds=
[04:45:43][effect_impl.cpp:22217]: [2204.1.1] Log effect, file: events/eep_probe_events.txt line: 76. EEP_DLC Nemesis=YES
[04:45:43][effect_impl.cpp:22217]: [2204.1.1] Log effect, file: events/eep_probe_events.txt line: 78. EEP_DLC Shroud=YES
[04:56:34][effect_impl.cpp:22217]: [2204.1.2] Log effect, file: events/eep_probe_events.txt line: 63. EEP_MONTH country=EEP 01 石质噬岩者 C=20 G=0 D=7 made=0 worlds=1
[04:56:34][effect_impl.cpp:22217]: [2204.1.2] Log effect, file: events/eep_probe_events.txt line: 70. EEP_MONTH source=EEP-UI-Q20 Q=20 T=48 progress=48
[04:56:34][effect_impl.cpp:22217]: [2204.1.2] Log effect, file: events/eep_probe_events.txt line: 73. EEP_MONTH operational=NO
[04:56:34][effect_impl.cpp:22217]: [2204.1.2] Log effect, file: events/eep_probe_events.txt line: 70. EEP_MONTH source=EEP-UI-Q20 Q=20 T=48 progress=13
[04:56:34][effect_impl.cpp:22217]: [2204.1.2] Log effect, file: events/eep_probe_events.txt line: 76. EEP_DLC Nemesis=YES
[04:56:34][effect_impl.cpp:22217]: [2204.1.2] Log effect, file: events/eep_probe_events.txt line: 78. EEP_DLC Shroud=YES
[04:59:44][effect_impl.cpp:22217]: [2204.1.3] Log effect, file: events/eep_probe_events.txt line: 63. EEP_MONTH country=EEP 01 石质噬岩者 C=20 G=0 D=7 made=0 worlds=1
[04:59:44][effect_impl.cpp:22217]: [2204.1.3] Log effect, file: events/eep_probe_events.txt line: 70. EEP_MONTH source=EEP-UI-Q20 Q=20 T=48 progress=48
[04:59:44][effect_impl.cpp:22217]: [2204.1.3] Log effect, file: events/eep_probe_events.txt line: 73. EEP_MONTH operational=NO
[04:59:44][effect_impl.cpp:22217]: [2204.1.3] Log effect, file: events/eep_probe_events.txt line: 70. EEP_MONTH source=EEP-UI-Q20 Q=20 T=48 progress=13
[04:59:44][effect_impl.cpp:22217]: [2204.1.3] Log effect, file: events/eep_probe_events.txt line: 76. EEP_DLC Nemesis=YES
[04:59:44][effect_impl.cpp:22217]: [2204.1.3] Log effect, file: events/eep_probe_events.txt line: 78. EEP_DLC Shroud=YES
[05:05:39][eventcommands.cpp:88]: Event first_contact.1 added info about event selection. selectedOption 0, human -1, playerEventId 11
[05:18:07][effect_impl.cpp:22217]: [2204.2.3] Log effect, file: events/eep_probe_events.txt line: 63. EEP_MONTH country=EEP 01 石质噬岩者 C=20 G=0 D=7 made=0 worlds=1
[05:18:07][effect_impl.cpp:22217]: [2204.2.3] Log effect, file: events/eep_probe_events.txt line: 70. EEP_MONTH source=希尼斯 Q=20 T=48 progress=13
[05:18:07][effect_impl.cpp:22217]: [2204.2.3] Log effect, file: events/eep_probe_events.txt line: 73. EEP_MONTH operational=NO
[05:18:07][effect_impl.cpp:22217]: [2204.2.3] Log effect, file: events/eep_probe_events.txt line: 76. EEP_DLC Nemesis=YES
[05:18:07][effect_impl.cpp:22217]: [2204.2.3] Log effect, file: events/eep_probe_events.txt line: 78. EEP_DLC Shroud=YES
[05:27:23][eventcommands.cpp:88]: Event anomaly.6660 added info about event selection. selectedOption 0, human 1, playerEventId 16
[05:27:57][eventcommands.cpp:88]: Event action.87 added info about event selection. selectedOption 0, human 1, playerEventId 15
[05:28:28][eventcommands.cpp:88]: Event eep.10 added info about event selection. selectedOption 0, human 1, playerEventId 13
[05:28:39][eventcommands.cpp:88]: Event tutorial.2111 added info about event selection. selectedOption 0, human 1, playerEventId 14
[05:35:35][eventcommands.cpp:88]: Event eep.100 added info about event selection. selectedOption 0, human 1, playerEventId 17
[05:43:58][eventcommands.cpp:88]: Event eep.11 added info about event selection. selectedOption 0, human 1, playerEventId 18
