[03:31:47][dlc.cpp:1847]: Could not find files for mod: C:\SteamLibrary\steamapps\workshop\content\281990\3797257579
[03:31:47][dlc.cpp:1847]: Could not find files for mod: C:\SteamLibrary\steamapps\workshop\content\281990\3710613857
[03:31:47][dlc.cpp:1847]: Could not find files for mod: C:\SteamLibrary\steamapps\workshop\content\281990\2660548454
[03:31:47][dlc.cpp:1847]: Could not find files for mod: C:\SteamLibrary\steamapps\workshop\content\281990\2411818376
[03:31:47][dlc.cpp:1847]: Could not find files for mod: C:\SteamLibrary\steamapps\workshop\content\281990\2409044128
[03:31:47][dlc.cpp:1847]: Could not find files for mod: C:\SteamLibrary\steamapps\workshop\content\281990\3484461951
[03:31:47][dlc.cpp:1847]: Could not find files for mod: C:\SteamLibrary\steamapps\workshop\content\281990\1199002146
[03:31:47][dlc.cpp:1847]: Could not find files for mod: C:\SteamLibrary\steamapps\workshop\content\281990\2946000546
[03:31:47][dlc.cpp:1847]: Could not find files for mod: C:\SteamLibrary\steamapps\workshop\content\281990\3053655313
[03:31:47][dlc.cpp:1847]: Could not find files for mod: C:\SteamLibrary\steamapps\workshop\content\281990\2956750257
[03:31:47][dlc.cpp:1847]: Could not find files for mod: C:\SteamLibrary\steamapps\workshop\content\281990\1539624733
[03:31:47][dlc.cpp:1847]: Could not find files for mod: C:\SteamLibrary\steamapps\workshop\content\281990\1890399946
[03:31:47][dlc.cpp:1847]: Could not find files for mod: C:\SteamLibrary\steamapps\workshop\content\281990\3357143726
[03:31:47][dlc.cpp:1847]: Could not find files for mod: C:\SteamLibrary\steamapps\workshop\content\281990\3415581160
[03:31:47][dlc.cpp:1847]: Could not find files for mod: C:\SteamLibrary\steamapps\workshop\content\281990\2438313459
[03:31:47][dlc.cpp:1847]: Could not find files for mod: C:\SteamLibrary\steamapps\workshop\content\281990\2407436476
[03:31:47][dlc.cpp:1847]: Could not find files for mod: C:\SteamLibrary\steamapps\workshop\content\281990\1623423360
[03:31:47][dlc.cpp:1847]: Could not find files for mod: C:\SteamLibrary\steamapps\workshop\content\281990\3339549399
[03:31:47][dlc.cpp:1847]: Could not find files for mod: C:\SteamLibrary\steamapps\workshop\content\281990\3090328185
[03:31:47][dlc.cpp:1847]: Could not find files for mod: C:\SteamLibrary\steamapps\workshop\content\281990\2948301103
[03:31:47][dlc.cpp:1847]: Could not find files for mod: C:\SteamLibrary\steamapps\workshop\content\281990\2976454692
[03:32:15][game_singleobjectdatabase.h:170]: Object with key: decision_lithoid_swarm_consume_world already exists, using the one at  file: common/decisions/zz_eep_native_decision.txt line: 2
[04:06:50][trigger_impl.cpp:1218]: Script Error: Invalid context switch [colony] from  [colony], file: common/pop_jobs/04_gestalt_jobs.txt line: 562, Scope: 
type=colony
id=4294967295
opener_id=4294967295
random={ 0 3991148998 }
random_allowed=no

