[04:21:13][dlc.cpp:1847]: Could not find files for mod: C:\SteamLibrary\steamapps\workshop\content\281990\3797257579
[04:21:13][dlc.cpp:1847]: Could not find files for mod: C:\SteamLibrary\steamapps\workshop\content\281990\3710613857
[04:21:13][dlc.cpp:1847]: Could not find files for mod: C:\SteamLibrary\steamapps\workshop\content\281990\2660548454
[04:21:13][dlc.cpp:1847]: Could not find files for mod: C:\SteamLibrary\steamapps\workshop\content\281990\2411818376
[04:21:13][dlc.cpp:1847]: Could not find files for mod: C:\SteamLibrary\steamapps\workshop\content\281990\2409044128
[04:21:13][dlc.cpp:1847]: Could not find files for mod: C:\SteamLibrary\steamapps\workshop\content\281990\3484461951
[04:21:13][dlc.cpp:1847]: Could not find files for mod: C:\SteamLibrary\steamapps\workshop\content\281990\1199002146
[04:21:13][dlc.cpp:1847]: Could not find files for mod: C:\SteamLibrary\steamapps\workshop\content\281990\2946000546
[04:21:13][dlc.cpp:1847]: Could not find files for mod: C:\SteamLibrary\steamapps\workshop\content\281990\3053655313
[04:21:13][dlc.cpp:1847]: Could not find files for mod: C:\SteamLibrary\steamapps\workshop\content\281990\2956750257
[04:21:13][dlc.cpp:1847]: Could not find files for mod: C:\SteamLibrary\steamapps\workshop\content\281990\1539624733
[04:21:13][dlc.cpp:1847]: Could not find files for mod: C:\SteamLibrary\steamapps\workshop\content\281990\1890399946
[04:21:13][dlc.cpp:1847]: Could not find files for mod: C:\SteamLibrary\steamapps\workshop\content\281990\3357143726
[04:21:13][dlc.cpp:1847]: Could not find files for mod: C:\SteamLibrary\steamapps\workshop\content\281990\3415581160
[04:21:13][dlc.cpp:1847]: Could not find files for mod: C:\SteamLibrary\steamapps\workshop\content\281990\2438313459
[04:21:13][dlc.cpp:1847]: Could not find files for mod: C:\SteamLibrary\steamapps\workshop\content\281990\2407436476
[04:21:13][dlc.cpp:1847]: Could not find files for mod: C:\SteamLibrary\steamapps\workshop\content\281990\1623423360
[04:21:13][dlc.cpp:1847]: Could not find files for mod: C:\SteamLibrary\steamapps\workshop\content\281990\3339549399
[04:21:13][dlc.cpp:1847]: Could not find files for mod: C:\SteamLibrary\steamapps\workshop\content\281990\3090328185
[04:21:13][dlc.cpp:1847]: Could not find files for mod: C:\SteamLibrary\steamapps\workshop\content\281990\2948301103
[04:21:13][dlc.cpp:1847]: Could not find files for mod: C:\SteamLibrary\steamapps\workshop\content\281990\2976454692
[04:21:41][game_singleobjectdatabase.h:170]: Object with key: decision_lithoid_swarm_consume_world already exists, using the one at  file: common/decisions/zz_eep_native_decision.txt line: 2
[13:46:28][trigger.cpp:485]: Wrong scope for trigger 'has_authority' at  common/scripted_triggers/00_scripted_triggers.txt:1758 @ in scripted trigger is_hive_empire at file: common/scripted_loc/13_scripted_loc_shroud.txt line: 2673
Current Scope: situation
Supported Scopes: country dlc_recommendation
[13:46:28][trigger_impl.cpp:1218]: Script Error: Invalid context switch [founder_species] from 灵能飞升 [situation], common/scripted_triggers/02_scripted_triggers_machine_age.txt:64 @ in scripted trigger is_individual_machine at file: common/scripted_loc/13_scripted_loc_shroud.txt line: 2680, Scope: 
type=situation
id=16777221
opener_id=4294967295
random={ 0 2840125081 }
random_allowed=yes
root=
{
	type=situation
	id=16777221
	opener_id=4294967295
	random={ 0 2840125081 }
	random_allowed=yes
	from=
	{
		type=situation
		id=16777221
		opener_id=4294967295
		random={ 0 3859466576 }
		random_allowed=yes
		saved_event_target=
		{
			type=country
			id=0
			opener_id=4294967295
			name="this_country"
		}
		saved_event_target=
		{
			type=species
			id=66
			opener_id=4294967295
			name="changing_species"
		}
		saved_event_target=
		{
			type=species
			id=73
			opener_id=4294967295
			name="psionic_species"
		}
	}
}
from=
{
	type=situation
	id=16777221
	opener_id=4294967295
	random={ 0 3859466576 }
	random_allowed=yes
	saved_event_target=
	{
		type=country
		id=0
		opener_id=4294967295
		name="this_country"
	}
	saved_event_target=
	{
		type=species
		id=66
		opener_id=4294967295
		name="changing_species"
	}
	saved_event_target=
	{
		type=species
		id=73
		opener_id=4294967295
		name="psionic_species"
	}
}
prev=
{
	type=situation
	id=16777221
	opener_id=4294967295
	random={ 0 2840125081 }
	random_allowed=yes
	from=
	{
		type=situation
		id=16777221
		opener_id=4294967295
		random={ 0 3859466576 }
		random_allowed=yes
		saved_event_target=
		{
			type=country
			id=0
			opener_id=4294967295
			name="this_country"
		}
		saved_event_target=
		{
			type=species
			id=66
			opener_id=4294967295
			name="changing_species"
		}
		saved_event_target=
		{
			type=species
			id=73
			opener_id=4294967295
			name="psionic_species"
		}
	}
}

[13:46:28][trigger.cpp:485]: Wrong scope for trigger 'has_authority' at  common/scripted_triggers/00_scripted_triggers.txt:1763 @ in scripted trigger is_machine_empire at file: common/scripted_loc/13_scripted_loc_shroud.txt line: 2688
Current Scope: situation
Supported Scopes: country dlc_recommendation
[13:46:28][trigger.cpp:485]: Wrong scope for trigger 'has_civic' at  file: common/scripted_loc/13_scripted_loc_shroud.txt line: 2696
Current Scope: situation
Supported Scopes: country dlc_recommendation
[13:46:28][trigger.cpp:485]: Wrong scope for trigger 'has_authority' at  common/scripted_triggers/00_scripted_triggers.txt:1758 @ in scripted trigger is_hive_empire at file: common/scripted_loc/13_scripted_loc_shroud.txt line: 2703
Current Scope: situation
Supported Scopes: country dlc_recommendation
[13:46:28][trigger_impl.cpp:1218]: Script Error: Invalid context switch [founder_species] from 灵能飞升 [situation], common/scripted_triggers/02_scripted_triggers_machine_age.txt:64 @ in scripted trigger is_individual_machine at file: common/scripted_loc/13_scripted_loc_shroud.txt line: 2704, Scope: 
type=situation
id=16777221
opener_id=4294967295
random={ 0 2840125081 }
random_allowed=yes
root=
{
	type=situation
	id=16777221
	opener_id=4294967295
	random={ 0 2840125081 }
	random_allowed=yes
	from=
	{
		type=situation
		id=16777221
		opener_id=4294967295
		random={ 0 3859466576 }
		random_allowed=yes
		saved_event_target=
		{
			type=country
			id=0
			opener_id=4294967295
			name="this_country"
		}
		saved_event_target=
		{
			type=species
			id=66
			opener_id=4294967295
			name="changing_species"
		}
		saved_event_target=
		{
			type=species
			id=73
			opener_id=4294967295
			name="psionic_species"
		}
	}
}
from=
{
	type=situation
	id=16777221
	opener_id=4294967295
	random={ 0 3859466576 }
	random_allowed=yes
	saved_event_target=
	{
		type=country
		id=0
		opener_id=4294967295
		name="this_country"
	}
	saved_event_target=
	{
		type=species
		id=66
		opener_id=4294967295
		name="changing_species"
	}
	saved_event_target=
	{
		type=species
		id=73
		opener_id=4294967295
		name="psionic_species"
	}
}
prev=
{
	type=situation
	id=16777221
	opener_id=4294967295
	random={ 0 2840125081 }
	random_allowed=yes
	from=
	{
		type=situation
		id=16777221
		opener_id=4294967295
		random={ 0 3859466576 }
		random_allowed=yes
		saved_event_target=
		{
			type=country
			id=0
			opener_id=4294967295
			name="this_country"
		}
		saved_event_target=
		{
			type=species
			id=66
			opener_id=4294967295
			name="changing_species"
		}
		saved_event_target=
		{
			type=species
			id=73
			opener_id=4294967295
			name="psionic_species"
		}
	}
}

[13:46:28][trigger.cpp:485]: Wrong scope for trigger 'has_ethic' at  common/scripted_triggers/00_scripted_triggers.txt:1754 @ in scripted trigger is_gestalt at file: common/scripted_loc/13_scripted_loc_shroud.txt line: 2705
Current Scope: situation
Supported Scopes: country pop pop_group leader pop_faction dlc_recommendation
