[15:42:36][game_application.cpp:250]: Game Version: Cygnus v4.5.2
[15:42:37][defines.cpp:162]: 2132 defines loaded
[15:42:37][defines.cpp:196]: 254 interface defines loaded
[15:48:24][gamecontrolcommands.cpp:415]: Sending sync response, machine id: 1
[15:48:24][galaxy_generator.cpp:4536]: Generating World! Specified Seed: 346518017
[15:49:23][effect_impl.cpp:22217]: [2200.1.1] Log effect, file: events/eep_probe_events.txt line: 63. EEP_MONTH country=EEP 06 焦土蜂巢 C=0 G=0 D=2 made=0 worlds=0
[15:49:23][effect_impl.cpp:22217]: [2200.1.1] Log effect, file: events/eep_probe_events.txt line: 76. EEP_DLC Nemesis=YES
[15:49:23][effect_impl.cpp:22217]: [2200.1.1] Log effect, file: events/eep_probe_events.txt line: 79. EEP_DLC Shroud=NO
[15:49:59][effect_impl.cpp:22217]: [2200.1.1] Log effect, file: events/eep_probe_events.txt line: 94. EEP_PROBE country EEP 06 焦土蜂巢: C=0 G=0 D=2 manufactured=0 worlds=0
[15:49:59][effect_impl.cpp:22217]: [2200.1.1] Log effect, file: events/eep_probe_events.txt line: 95. EEP_PROBE qualified=YES
[15:49:59][effect_impl.cpp:22217]: [2200.1.1] Log effect, file: events/eep_probe_events.txt line: 97. EEP_PROBE core_available=YES
[15:49:59][effect_impl.cpp:22217]: [2200.1.1] Log effect, file: events/eep_probe_events.txt line: 102. EEP_PROBE active=NO
[15:49:59][effect_impl.cpp:22217]: [2200.1.1] Log effect, file: events/eep_probe_events.txt line: 104. EEP_PROBE shattered=NO
[15:54:40][effect_impl.cpp:22217]: [2200.2.3] Log effect, file: events/eep_probe_events.txt line: 63. EEP_MONTH country=EEP 06 焦土蜂巢 C=0 G=0 D=2 made=0 worlds=0
[15:54:40][effect_impl.cpp:22217]: [2200.2.3] Log effect, file: events/eep_probe_events.txt line: 70. EEP_MONTH source=EEP-DLC-Q8 Q=8 T=20 progress=1
[15:54:40][effect_impl.cpp:22217]: [2200.2.3] Log effect, file: events/eep_probe_events.txt line: 72. EEP_MONTH operational=YES
[15:54:40][effect_impl.cpp:22217]: [2200.2.3] Log effect, file: events/eep_probe_events.txt line: 76. EEP_DLC Nemesis=YES
[15:54:40][effect_impl.cpp:22217]: [2200.2.3] Log effect, file: events/eep_probe_events.txt line: 79. EEP_DLC Shroud=NO
[15:54:49][effect_impl.cpp:22217]: [2200.3.3] Log effect, file: events/eep_probe_events.txt line: 63. EEP_MONTH country=EEP 06 焦土蜂巢 C=0 G=0 D=2 made=0 worlds=0
[15:54:49][effect_impl.cpp:22217]: [2200.3.3] Log effect, file: events/eep_probe_events.txt line: 70. EEP_MONTH source=EEP-DLC-Q8 Q=8 T=20 progress=2
[15:54:49][effect_impl.cpp:22217]: [2200.3.3] Log effect, file: events/eep_probe_events.txt line: 72. EEP_MONTH operational=YES
[15:54:49][effect_impl.cpp:22217]: [2200.3.3] Log effect, file: events/eep_probe_events.txt line: 76. EEP_DLC Nemesis=YES
[15:54:49][effect_impl.cpp:22217]: [2200.3.3] Log effect, file: events/eep_probe_events.txt line: 79. EEP_DLC Shroud=NO
[15:54:59][effect_impl.cpp:22217]: [2200.4.3] Log effect, file: events/eep_probe_events.txt line: 63. EEP_MONTH country=EEP 06 焦土蜂巢 C=0 G=0 D=2 made=0 worlds=0
[15:54:59][effect_impl.cpp:22217]: [2200.4.3] Log effect, file: events/eep_probe_events.txt line: 70. EEP_MONTH source=EEP-DLC-Q8 Q=8 T=20 progress=3
[15:54:59][effect_impl.cpp:22217]: [2200.4.3] Log effect, file: events/eep_probe_events.txt line: 72. EEP_MONTH operational=YES
[15:54:59][effect_impl.cpp:22217]: [2200.4.3] Log effect, file: events/eep_probe_events.txt line: 76. EEP_DLC Nemesis=YES
[15:54:59][effect_impl.cpp:22217]: [2200.4.3] Log effect, file: events/eep_probe_events.txt line: 79. EEP_DLC Shroud=NO
[15:55:08][effect_impl.cpp:22217]: [2200.5.3] Log effect, file: events/eep_probe_events.txt line: 63. EEP_MONTH country=EEP 06 焦土蜂巢 C=0 G=0 D=2 made=0 worlds=0
[15:55:08][effect_impl.cpp:22217]: [2200.5.3] Log effect, file: events/eep_probe_events.txt line: 70. EEP_MONTH source=EEP-DLC-Q8 Q=8 T=20 progress=4
[15:55:08][effect_impl.cpp:22217]: [2200.5.3] Log effect, file: events/eep_probe_events.txt line: 72. EEP_MONTH operational=YES
[15:55:08][effect_impl.cpp:22217]: [2200.5.3] Log effect, file: events/eep_probe_events.txt line: 76. EEP_DLC Nemesis=YES
[15:55:08][effect_impl.cpp:22217]: [2200.5.3] Log effect, file: events/eep_probe_events.txt line: 79. EEP_DLC Shroud=NO
[15:55:18][effect_impl.cpp:22217]: [2200.6.3] Log effect, file: events/eep_probe_events.txt line: 63. EEP_MONTH country=EEP 06 焦土蜂巢 C=0 G=0 D=2 made=0 worlds=0
[15:55:18][effect_impl.cpp:22217]: [2200.6.3] Log effect, file: events/eep_probe_events.txt line: 70. EEP_MONTH source=EEP-DLC-Q8 Q=8 T=20 progress=5
[15:55:18][effect_impl.cpp:22217]: [2200.6.3] Log effect, file: events/eep_probe_events.txt line: 72. EEP_MONTH operational=YES
[15:55:18][effect_impl.cpp:22217]: [2200.6.3] Log effect, file: events/eep_probe_events.txt line: 76. EEP_DLC Nemesis=YES
[15:55:18][effect_impl.cpp:22217]: [2200.6.3] Log effect, file: events/eep_probe_events.txt line: 79. EEP_DLC Shroud=NO
[15:55:24][eventcommands.cpp:88]: Event first_contact.1 added info about event selection. selectedOption 0, human -1, playerEventId 2
[15:55:28][effect_impl.cpp:22217]: [2200.7.3] Log effect, file: events/eep_probe_events.txt line: 63. EEP_MONTH country=EEP 06 焦土蜂巢 C=0 G=0 D=2 made=0 worlds=0
[15:55:28][effect_impl.cpp:22217]: [2200.7.3] Log effect, file: events/eep_probe_events.txt line: 70. EEP_MONTH source=EEP-DLC-Q8 Q=8 T=20 progress=6
[15:55:28][effect_impl.cpp:22217]: [2200.7.3] Log effect, file: events/eep_probe_events.txt line: 72. EEP_MONTH operational=YES
[15:55:28][effect_impl.cpp:22217]: [2200.7.3] Log effect, file: events/eep_probe_events.txt line: 76. EEP_DLC Nemesis=YES
[15:55:28][effect_impl.cpp:22217]: [2200.7.3] Log effect, file: events/eep_probe_events.txt line: 79. EEP_DLC Shroud=NO
[15:55:37][effect_impl.cpp:22217]: [2200.8.3] Log effect, file: events/eep_probe_events.txt line: 63. EEP_MONTH country=EEP 06 焦土蜂巢 C=0 G=0 D=2 made=0 worlds=0
[15:55:37][effect_impl.cpp:22217]: [2200.8.3] Log effect, file: events/eep_probe_events.txt line: 70. EEP_MONTH source=EEP-DLC-Q8 Q=8 T=20 progress=7
[15:55:37][effect_impl.cpp:22217]: [2200.8.3] Log effect, file: events/eep_probe_events.txt line: 72. EEP_MONTH operational=YES
[15:55:37][effect_impl.cpp:22217]: [2200.8.3] Log effect, file: events/eep_probe_events.txt line: 76. EEP_DLC Nemesis=YES
[15:55:37][effect_impl.cpp:22217]: [2200.8.3] Log effect, file: events/eep_probe_events.txt line: 79. EEP_DLC Shroud=NO
[15:55:47][effect_impl.cpp:22217]: [2200.9.3] Log effect, file: events/eep_probe_events.txt line: 63. EEP_MONTH country=EEP 06 焦土蜂巢 C=0 G=0 D=2 made=0 worlds=0
[15:55:47][effect_impl.cpp:22217]: [2200.9.3] Log effect, file: events/eep_probe_events.txt line: 70. EEP_MONTH source=EEP-DLC-Q8 Q=8 T=20 progress=8
[15:55:47][effect_impl.cpp:22217]: [2200.9.3] Log effect, file: events/eep_probe_events.txt line: 72. EEP_MONTH operational=YES
[15:55:47][effect_impl.cpp:22217]: [2200.9.3] Log effect, file: events/eep_probe_events.txt line: 76. EEP_DLC Nemesis=YES
[15:55:47][effect_impl.cpp:22217]: [2200.9.3] Log effect, file: events/eep_probe_events.txt line: 79. EEP_DLC Shroud=NO
[15:55:57][effect_impl.cpp:22217]: [2200.10.3] Log effect, file: events/eep_probe_events.txt line: 63. EEP_MONTH country=EEP 06 焦土蜂巢 C=0 G=0 D=2 made=0 worlds=0
[15:55:57][effect_impl.cpp:22217]: [2200.10.3] Log effect, file: events/eep_probe_events.txt line: 70. EEP_MONTH source=EEP-DLC-Q8 Q=8 T=20 progress=9
[15:55:57][effect_impl.cpp:22217]: [2200.10.3] Log effect, file: events/eep_probe_events.txt line: 72. EEP_MONTH operational=YES
[15:55:57][effect_impl.cpp:22217]: [2200.10.3] Log effect, file: events/eep_probe_events.txt line: 76. EEP_DLC Nemesis=YES
[15:55:57][effect_impl.cpp:22217]: [2200.10.3] Log effect, file: events/eep_probe_events.txt line: 79. EEP_DLC Shroud=NO
[15:56:06][effect_impl.cpp:22217]: [2200.11.3] Log effect, file: events/eep_probe_events.txt line: 63. EEP_MONTH country=EEP 06 焦土蜂巢 C=0 G=0 D=2 made=0 worlds=0
[15:56:06][effect_impl.cpp:22217]: [2200.11.3] Log effect, file: events/eep_probe_events.txt line: 70. EEP_MONTH source=EEP-DLC-Q8 Q=8 T=20 progress=10
[15:56:06][effect_impl.cpp:22217]: [2200.11.3] Log effect, file: events/eep_probe_events.txt line: 72. EEP_MONTH operational=YES
[15:56:06][effect_impl.cpp:22217]: [2200.11.3] Log effect, file: events/eep_probe_events.txt line: 76. EEP_DLC Nemesis=YES
[15:56:06][effect_impl.cpp:22217]: [2200.11.3] Log effect, file: events/eep_probe_events.txt line: 79. EEP_DLC Shroud=NO
[15:56:16][effect_impl.cpp:22217]: [2200.12.3] Log effect, file: events/eep_probe_events.txt line: 63. EEP_MONTH country=EEP 06 焦土蜂巢 C=0 G=0 D=2 made=0 worlds=0
[15:56:16][effect_impl.cpp:22217]: [2200.12.3] Log effect, file: events/eep_probe_events.txt line: 70. EEP_MONTH source=EEP-DLC-Q8 Q=8 T=20 progress=11
[15:56:16][effect_impl.cpp:22217]: [2200.12.3] Log effect, file: events/eep_probe_events.txt line: 72. EEP_MONTH operational=YES
[15:56:16][effect_impl.cpp:22217]: [2200.12.3] Log effect, file: events/eep_probe_events.txt line: 76. EEP_DLC Nemesis=YES
[15:56:16][effect_impl.cpp:22217]: [2200.12.3] Log effect, file: events/eep_probe_events.txt line: 79. EEP_DLC Shroud=NO
[15:57:35][effect_impl.cpp:22217]: [2201.1.3] Log effect, file: events/eep_probe_events.txt line: 63. EEP_MONTH country=EEP 06 焦土蜂巢 C=0 G=0 D=2 made=0 worlds=0
[15:57:35][effect_impl.cpp:22217]: [2201.1.3] Log effect, file: events/eep_probe_events.txt line: 70. EEP_MONTH source=EEP-DLC-Q8 Q=8 T=20 progress=12
[15:57:35][effect_impl.cpp:22217]: [2201.1.3] Log effect, file: events/eep_probe_events.txt line: 72. EEP_MONTH operational=YES
[15:57:35][effect_impl.cpp:22217]: [2201.1.3] Log effect, file: events/eep_probe_events.txt line: 76. EEP_DLC Nemesis=YES
[15:57:35][effect_impl.cpp:22217]: [2201.1.3] Log effect, file: events/eep_probe_events.txt line: 79. EEP_DLC Shroud=NO
[15:57:44][effect_impl.cpp:22217]: [2201.2.3] Log effect, file: events/eep_probe_events.txt line: 63. EEP_MONTH country=EEP 06 焦土蜂巢 C=0 G=0 D=2 made=0 worlds=0
[15:57:44][effect_impl.cpp:22217]: [2201.2.3] Log effect, file: events/eep_probe_events.txt line: 70. EEP_MONTH source=EEP-DLC-Q8 Q=8 T=20 progress=13
[15:57:44][effect_impl.cpp:22217]: [2201.2.3] Log effect, file: events/eep_probe_events.txt line: 72. EEP_MONTH operational=YES
[15:57:44][effect_impl.cpp:22217]: [2201.2.3] Log effect, file: events/eep_probe_events.txt line: 76. EEP_DLC Nemesis=YES
[15:57:44][effect_impl.cpp:22217]: [2201.2.3] Log effect, file: events/eep_probe_events.txt line: 79. EEP_DLC Shroud=NO
[15:57:54][effect_impl.cpp:22217]: [2201.3.3] Log effect, file: events/eep_probe_events.txt line: 63. EEP_MONTH country=EEP 06 焦土蜂巢 C=0 G=0 D=2 made=0 worlds=0
[15:57:54][effect_impl.cpp:22217]: [2201.3.3] Log effect, file: events/eep_probe_events.txt line: 70. EEP_MONTH source=EEP-DLC-Q8 Q=8 T=20 progress=14
[15:57:54][effect_impl.cpp:22217]: [2201.3.3] Log effect, file: events/eep_probe_events.txt line: 72. EEP_MONTH operational=YES
[15:57:54][effect_impl.cpp:22217]: [2201.3.3] Log effect, file: events/eep_probe_events.txt line: 76. EEP_DLC Nemesis=YES
[15:57:54][effect_impl.cpp:22217]: [2201.3.3] Log effect, file: events/eep_probe_events.txt line: 79. EEP_DLC Shroud=NO
[15:58:04][effect_impl.cpp:22217]: [2201.4.3] Log effect, file: events/eep_probe_events.txt line: 63. EEP_MONTH country=EEP 06 焦土蜂巢 C=0 G=0 D=2 made=0 worlds=0
[15:58:04][effect_impl.cpp:22217]: [2201.4.3] Log effect, file: events/eep_probe_events.txt line: 70. EEP_MONTH source=EEP-DLC-Q8 Q=8 T=20 progress=15
[15:58:04][effect_impl.cpp:22217]: [2201.4.3] Log effect, file: events/eep_probe_events.txt line: 72. EEP_MONTH operational=YES
[15:58:04][effect_impl.cpp:22217]: [2201.4.3] Log effect, file: events/eep_probe_events.txt line: 76. EEP_DLC Nemesis=YES
[15:58:04][effect_impl.cpp:22217]: [2201.4.3] Log effect, file: events/eep_probe_events.txt line: 79. EEP_DLC Shroud=NO
[15:58:13][effect_impl.cpp:22217]: [2201.5.3] Log effect, file: events/eep_probe_events.txt line: 63. EEP_MONTH country=EEP 06 焦土蜂巢 C=0 G=0 D=2 made=0 worlds=0
[15:58:13][effect_impl.cpp:22217]: [2201.5.3] Log effect, file: events/eep_probe_events.txt line: 70. EEP_MONTH source=EEP-DLC-Q8 Q=8 T=20 progress=16
[15:58:13][effect_impl.cpp:22217]: [2201.5.3] Log effect, file: events/eep_probe_events.txt line: 72. EEP_MONTH operational=YES
[15:58:13][effect_impl.cpp:22217]: [2201.5.3] Log effect, file: events/eep_probe_events.txt line: 76. EEP_DLC Nemesis=YES
[15:58:13][effect_impl.cpp:22217]: [2201.5.3] Log effect, file: events/eep_probe_events.txt line: 79. EEP_DLC Shroud=NO
[15:58:23][effect_impl.cpp:22217]: [2201.6.3] Log effect, file: events/eep_probe_events.txt line: 63. EEP_MONTH country=EEP 06 焦土蜂巢 C=0 G=0 D=2 made=0 worlds=0
[15:58:23][effect_impl.cpp:22217]: [2201.6.3] Log effect, file: events/eep_probe_events.txt line: 70. EEP_MONTH source=EEP-DLC-Q8 Q=8 T=20 progress=17
[15:58:23][effect_impl.cpp:22217]: [2201.6.3] Log effect, file: events/eep_probe_events.txt line: 72. EEP_MONTH operational=YES
[15:58:23][effect_impl.cpp:22217]: [2201.6.3] Log effect, file: events/eep_probe_events.txt line: 76. EEP_DLC Nemesis=YES
[15:58:23][effect_impl.cpp:22217]: [2201.6.3] Log effect, file: events/eep_probe_events.txt line: 79. EEP_DLC Shroud=NO
[15:58:33][effect_impl.cpp:22217]: [2201.7.3] Log effect, file: events/eep_probe_events.txt line: 63. EEP_MONTH country=EEP 06 焦土蜂巢 C=0 G=0 D=2 made=0 worlds=0
[15:58:33][effect_impl.cpp:22217]: [2201.7.3] Log effect, file: events/eep_probe_events.txt line: 70. EEP_MONTH source=EEP-DLC-Q8 Q=8 T=20 progress=18
[15:58:33][effect_impl.cpp:22217]: [2201.7.3] Log effect, file: events/eep_probe_events.txt line: 72. EEP_MONTH operational=YES
[15:58:33][effect_impl.cpp:22217]: [2201.7.3] Log effect, file: events/eep_probe_events.txt line: 76. EEP_DLC Nemesis=YES
[15:58:33][effect_impl.cpp:22217]: [2201.7.3] Log effect, file: events/eep_probe_events.txt line: 79. EEP_DLC Shroud=NO
[15:59:22][effect_impl.cpp:22217]: [2201.8.3] Log effect, file: events/eep_probe_events.txt line: 63. EEP_MONTH country=EEP 06 焦土蜂巢 C=0 G=0 D=2 made=0 worlds=0
[15:59:22][effect_impl.cpp:22217]: [2201.8.3] Log effect, file: events/eep_probe_events.txt line: 70. EEP_MONTH source=EEP-DLC-Q8 Q=8 T=20 progress=19
[15:59:22][effect_impl.cpp:22217]: [2201.8.3] Log effect, file: events/eep_probe_events.txt line: 72. EEP_MONTH operational=YES
[15:59:22][effect_impl.cpp:22217]: [2201.8.3] Log effect, file: events/eep_probe_events.txt line: 76. EEP_DLC Nemesis=YES
[15:59:22][effect_impl.cpp:22217]: [2201.8.3] Log effect, file: events/eep_probe_events.txt line: 79. EEP_DLC Shroud=NO
[16:00:14][effect_impl.cpp:22217]: [2201.9.3] Log effect, file: events/eep_probe_events.txt line: 63. EEP_MONTH country=EEP 06 焦土蜂巢 C=8 G=8 D=4 made=100 worlds=1
[16:00:14][effect_impl.cpp:22217]: [2201.9.3] Log effect, file: events/eep_probe_events.txt line: 70. EEP_MONTH source=EEP-DLC-Q8 Q=8 T=20 progress=20
[16:00:14][effect_impl.cpp:22217]: [2201.9.3] Log effect, file: events/eep_probe_events.txt line: 73. EEP_MONTH operational=NO
[16:00:14][effect_impl.cpp:22217]: [2201.9.3] Log effect, file: events/eep_probe_events.txt line: 76. EEP_DLC Nemesis=YES
[16:00:14][effect_impl.cpp:22217]: [2201.9.3] Log effect, file: events/eep_probe_events.txt line: 79. EEP_DLC Shroud=NO
[16:03:20][eventcommands.cpp:88]: Event eep.11 added info about event selection. selectedOption 0, human 1, playerEventId 3
[16:03:27][eventcommands.cpp:88]: Event eep.10 added info about event selection. selectedOption 0, human 1, playerEventId 1
