[16:25:30][dlc.cpp:1847]: Could not find files for mod: C:\SteamLibrary\steamapps\workshop\content\281990\3797257579
[16:25:30][dlc.cpp:1847]: Could not find files for mod: C:\SteamLibrary\steamapps\workshop\content\281990\3710613857
[16:25:30][dlc.cpp:1847]: Could not find files for mod: C:\SteamLibrary\steamapps\workshop\content\281990\2660548454
[16:25:30][dlc.cpp:1847]: Could not find files for mod: C:\SteamLibrary\steamapps\workshop\content\281990\2411818376
[16:25:30][dlc.cpp:1847]: Could not find files for mod: C:\SteamLibrary\steamapps\workshop\content\281990\2409044128
[16:25:30][dlc.cpp:1847]: Could not find files for mod: C:\SteamLibrary\steamapps\workshop\content\281990\3484461951
[16:25:30][dlc.cpp:1847]: Could not find files for mod: C:\SteamLibrary\steamapps\workshop\content\281990\1199002146
[16:25:30][dlc.cpp:1847]: Could not find files for mod: C:\SteamLibrary\steamapps\workshop\content\281990\2946000546
[16:25:30][dlc.cpp:1847]: Could not find files for mod: C:\SteamLibrary\steamapps\workshop\content\281990\3053655313
[16:25:30][dlc.cpp:1847]: Could not find files for mod: C:\SteamLibrary\steamapps\workshop\content\281990\2956750257
[16:25:30][dlc.cpp:1847]: Could not find files for mod: C:\SteamLibrary\steamapps\workshop\content\281990\1539624733
[16:25:30][dlc.cpp:1847]: Could not find files for mod: C:\SteamLibrary\steamapps\workshop\content\281990\1890399946
[16:25:30][dlc.cpp:1847]: Could not find files for mod: C:\SteamLibrary\steamapps\workshop\content\281990\3357143726
[16:25:30][dlc.cpp:1847]: Could not find files for mod: C:\SteamLibrary\steamapps\workshop\content\281990\3415581160
[16:25:30][dlc.cpp:1847]: Could not find files for mod: C:\SteamLibrary\steamapps\workshop\content\281990\2438313459
[16:25:30][dlc.cpp:1847]: Could not find files for mod: C:\SteamLibrary\steamapps\workshop\content\281990\2407436476
[16:25:31][dlc.cpp:1847]: Could not find files for mod: C:\SteamLibrary\steamapps\workshop\content\281990\1623423360
[16:25:31][dlc.cpp:1847]: Could not find files for mod: C:\SteamLibrary\steamapps\workshop\content\281990\3339549399
[16:25:31][dlc.cpp:1847]: Could not find files for mod: C:\SteamLibrary\steamapps\workshop\content\281990\3090328185
[16:25:31][dlc.cpp:1847]: Could not find files for mod: C:\SteamLibrary\steamapps\workshop\content\281990\2948301103
[16:25:31][dlc.cpp:1847]: Could not find files for mod: C:\SteamLibrary\steamapps\workshop\content\281990\2976454692
[16:27:38][game_singleobjectdatabase.h:170]: Object with key: decision_lithoid_swarm_consume_world already exists, using the one at  file: common/decisions/zz_eep_native_decision.txt line: 2
[16:30:12][agreement_manager.cpp:189]: Repaired savegame, changed 1 invalid subject agreements!
[16:30:12][game_text.cpp:1531]: Unknown promotion `explorer` in text: explorer.GetName]之间培养起来的跨维度情谊
[16:30:12][game_text.cpp:1287]: Unknown property `GetName` in text: GetName]之间培养起来的跨维度情谊
[16:39:43][persistent.cpp:41]: Error: "Invalid ship class: none, near line: 777315
" in file: "save games/eep-growth13/gr13.sav/gamestate" near line: 777315
[16:39:44][agreement_manager.cpp:189]: Repaired savegame, changed 7 invalid subject agreements!
[16:55:07][effect_impl_pop.cpp:482]: transfer_pop_amount: the amount of pops to transfer should be more than 0 (got 0) at  file: events/assimilation_events.txt line: 72
[17:10:18][trigger_impl.cpp:1218]: Script Error: Invalid context switch [from] from EEP 06 焦土蜂巢 [country], file: events/nomads_events_1.txt line: 2268, Scope: 
type=country
id=0
opener_id=4294967295
random={ 0 235927119 }
random_allowed=yes
from=
{
	type=country
	id=4294967295
	opener_id=4294967295
	random={ 0 1368603390 }
	random_allowed=yes
}

