[16:25:35][game_application.cpp:250]: Game Version: Cygnus v4.5.2
[16:25:35][defines.cpp:162]: 2132 defines loaded
[16:25:35][defines.cpp:196]: 254 interface defines loaded
[16:41:04][eventcommands.cpp:88]: Event eep.32 added info about event selection. selectedOption 0, human 1, playerEventId 529
[16:55:06][eventcommands.cpp:88]: Event fedev.9440 added info about event selection. selectedOption 0, human -1, playerEventId 531
[16:55:27][eventcommands.cpp:88]: Event first_contact.1 added info about event selection. selectedOption 0, human -1, playerEventId 532
[16:55:28][eventcommands.cpp:88]: Event operation.1000 added info about event selection. selectedOption 0, human -1, playerEventId 533
[16:55:31][eventcommands.cpp:88]: Event astral_rift.330 added info about event selection. selectedOption 0, human -1, playerEventId 534
[16:55:59][eventcommands.cpp:88]: Event first_contact_critters.1 added info about event selection. selectedOption 0, human -1, playerEventId 536
[16:56:17][eventcommands.cpp:88]: Event first_contact_critters.20 added info about event selection. selectedOption 0, human -1, playerEventId 537
[16:56:40][eventcommands.cpp:88]: Event astral_rift.2110 added info about event selection. selectedOption 0, human -1, playerEventId 538
[16:56:41][eventcommands.cpp:88]: Event first_contact_critters.5 added info about event selection. selectedOption 3, human -1, playerEventId 539
[17:07:58][eventcommands.cpp:88]: Event operation.1001 added info about event selection. selectedOption 0, human -1, playerEventId 540
[17:08:04][effect_impl.cpp:22217]: [2290.4.14] Log effect, file: events/caravaneer_events.txt line: 2134. fleet 2 >=6 countries found, tag 2
[17:08:04][effect_impl.cpp:22217]: [2290.4.14] Log effect, file: events/caravaneer_events.txt line: 2146. 1 fleet2_capital_destination set
[17:09:08][effect_impl.cpp:22217]: [2290.10.1] Log effect, common/scripted_effects/caravaneer_scripted_effects.txt:1875 @ scripted effect fleet2_continue_journey at. triggered fleet2_continue_journey
[17:09:08][effect_impl.cpp:22217]: [2290.10.1] Log effect, common/scripted_effects/caravaneer_scripted_effects.txt:1878 @ scripted effect fleet2_continue_journey at. fleet 2 untagged planet
[17:09:08][effect_impl.cpp:22217]: [2290.10.2] Log effect, file: events/caravaneer_events.txt line: 2815. fleet 2 set next destination
[17:09:08][effect_impl.cpp:22217]: [2290.10.2] Log effect, file: events/caravaneer_events.txt line: 2824. fleet 2 engaged auto_move
[17:09:19][eventcommands.cpp:88]: Event first_contact_critters.25 added info about event selection. selectedOption 1, human -1, playerEventId 541
[17:09:52][effect_impl.cpp:22217]: [2291.1.29] Log effect, common/scripted_effects/caravaneer_scripted_effects.txt:1875 @ scripted effect fleet2_continue_journey at. triggered fleet2_continue_journey
[17:09:52][effect_impl.cpp:22217]: [2291.1.29] Log effect, common/scripted_effects/caravaneer_scripted_effects.txt:1878 @ scripted effect fleet2_continue_journey at. fleet 2 untagged planet
[17:09:52][effect_impl.cpp:22217]: [2291.1.29] Log effect, common/scripted_effects/caravaneer_scripted_effects.txt:1903 @ scripted effect fleet2_continue_journey at. fleet 2 returning home
