[14:00:17][game_application.cpp:250]: Game Version: Cygnus v4.5.2
[14:00:17][defines.cpp:162]: 2132 defines loaded
[14:00:17][defines.cpp:196]: 254 interface defines loaded
[14:16:24][eventcommands.cpp:88]: Event aquatics.255 added info about event selection. selectedOption 0, human -1, playerEventId 190
[14:16:43][eventcommands.cpp:88]: Event first_contact.1 added info about event selection. selectedOption 0, human -1, playerEventId 191
[14:20:01][eventcommands.cpp:88]: Event first_contact_critters.10 added info about event selection. selectedOption 0, human -1, playerEventId 192
[14:26:47][eventcommands.cpp:88]: Event shroud.2505 added info about event selection. selectedOption 2, human 1, playerEventId 194
[14:35:55][eventcommands.cpp:88]: Event first_contact.1 added info about event selection. selectedOption 0, human -1, playerEventId 195
[14:36:30][eventcommands.cpp:88]: Event first_contact_critters.15 added info about event selection. selectedOption 1, human -1, playerEventId 196
[14:37:06][eventcommands.cpp:88]: Event ancrel.9170 added info about event selection. selectedOption 0, human -1, playerEventId 197
[14:39:31][eventcommands.cpp:88]: Event first_contact.1 added info about event selection. selectedOption 0, human -1, playerEventId 198
[14:39:56][eventcommands.cpp:88]: Event first_contact_critters.1 added info about event selection. selectedOption 0, human -1, playerEventId 199
[14:45:07][eventcommands.cpp:88]: Event shroud.2800 added info about event selection. selectedOption 0, human 1, playerEventId 201
[14:55:58][eventcommands.cpp:88]: Event eep.30 added info about event selection. selectedOption 0, human 1, playerEventId 202
[15:09:11][eventcommands.cpp:88]: Event eep.100 added info about event selection. selectedOption 0, human 1, playerEventId 203
[15:16:32][eventcommands.cpp:88]: Event eep.100 added info about event selection. selectedOption 0, human 1, playerEventId 204
[15:34:55][eventcommands.cpp:88]: Event crisis.4140 added info about event selection. selectedOption 0, human 1, playerEventId 205
[16:04:03][eventcommands.cpp:88]: Event first_contact_critters.1 added info about event selection. selectedOption 0, human -1, playerEventId 206
[16:04:17][eventcommands.cpp:88]: Event aquatics.260 added info about event selection. selectedOption 0, human -1, playerEventId 207
[16:04:36][eventcommands.cpp:88]: Event first_contact_critters.5 added info about event selection. selectedOption 3, human -1, playerEventId 208
[16:04:57][eventcommands.cpp:88]: Event aquatics.280 added info about event selection. selectedOption 0, human -1, playerEventId 209
[16:05:33][eventcommands.cpp:88]: Event first_contact_critters.5 added info about event selection. selectedOption 3, human -1, playerEventId 210
[16:55:42][eventcommands.cpp:88]: Event paragon.571 added info about event selection. selectedOption 0, human 1, playerEventId 213
[17:08:32][eventcommands.cpp:88]: Event first_contact.1 added info about event selection. selectedOption 0, human 1, playerEventId 211
[17:12:52][eventcommands.cpp:88]: Event first_contact.1 added info about event selection. selectedOption 0, human 1, playerEventId 214
[17:50:02][eventcommands.cpp:88]: Event first_contact.1 added info about event selection. selectedOption 0, human -1, playerEventId 216
[17:56:31][eventcommands.cpp:88]: Event ancrel.13100 added info about event selection. selectedOption 0, human -1, playerEventId 217
[18:07:10][eventcommands.cpp:88]: Event ancrel.9175 added info about event selection. selectedOption 0, human -1, playerEventId 218
[18:32:54][eventcommands.cpp:88]: Event first_contact.1 added info about event selection. selectedOption 0, human -1, playerEventId 219
[18:33:11][eventcommands.cpp:88]: Event first_contact.1 added info about event selection. selectedOption 0, human -1, playerEventId 220
[18:33:38][eventcommands.cpp:88]: Event first_contact_critters.1 added info about event selection. selectedOption 0, human -1, playerEventId 222
[18:33:40][eventcommands.cpp:88]: Event first_contact_critters.1 added info about event selection. selectedOption 0, human -1, playerEventId 223
[19:47:16][eventcommands.cpp:88]: Event cara.2020 added info about event selection. selectedOption 3, human 1, playerEventId 224
[19:50:37][eventcommands.cpp:88]: Event astral_rift.1900 added info about event selection. selectedOption 0, human -1, playerEventId 226
[19:54:42][eventcommands.cpp:88]: Event crisis.4120 added info about event selection. selectedOption 0, human 1, playerEventId 225
[20:10:27][eventcommands.cpp:88]: Event first_contact_critters.5 added info about event selection. selectedOption 3, human -1, playerEventId 228
[20:10:45][eventcommands.cpp:88]: Event first_contact.5075 added info about event selection. selectedOption 0, human -1, playerEventId 229
[20:19:20][eventcommands.cpp:88]: Event marauder.3 added info about event selection. selectedOption 0, human 1, playerEventId 227
[20:23:01][eventcommands.cpp:88]: Event marauder.15 added info about event selection. selectedOption 0, human 1, playerEventId 230
[20:48:23][eventcommands.cpp:88]: Event ancrel.9215 added info about event selection. selectedOption 0, human -1, playerEventId 231
[20:57:54][eventcommands.cpp:88]: Event first_contact_critters.5 added info about event selection. selectedOption 3, human -1, playerEventId 232
[20:58:00][eventcommands.cpp:88]: Event first_contact.1 added info about event selection. selectedOption 0, human -1, playerEventId 233
[20:58:08][eventcommands.cpp:88]: Event ancrel.8070 added info about event selection. selectedOption 0, human -1, playerEventId 234
[20:58:23][eventcommands.cpp:88]: Event first_contact.1 added info about event selection. selectedOption 0, human -1, playerEventId 236
[20:58:31][eventcommands.cpp:88]: Event first_contact_critters.80 added info about event selection. selectedOption 0, human -1, playerEventId 237
[20:58:40][eventcommands.cpp:88]: Event astral_rift.1905 added info about event selection. selectedOption 1, human -1, playerEventId 239
[20:59:54][eventcommands.cpp:88]: Event grand_archive.2800 added info about event selection. selectedOption 0, human -1, playerEventId 240
[21:06:16][eventcommands.cpp:88]: Event first_contact.1 added info about event selection. selectedOption 0, human 1, playerEventId 238
