[13:51:26][dlc.cpp:1847]: Could not find files for mod: C:\SteamLibrary\steamapps\workshop\content\281990\3797257579
[13:51:26][dlc.cpp:1847]: Could not find files for mod: C:\SteamLibrary\steamapps\workshop\content\281990\3710613857
[13:51:26][dlc.cpp:1847]: Could not find files for mod: C:\SteamLibrary\steamapps\workshop\content\281990\2660548454
[13:51:26][dlc.cpp:1847]: Could not find files for mod: C:\SteamLibrary\steamapps\workshop\content\281990\2411818376
[13:51:26][dlc.cpp:1847]: Could not find files for mod: C:\SteamLibrary\steamapps\workshop\content\281990\2409044128
[13:51:26][dlc.cpp:1847]: Could not find files for mod: C:\SteamLibrary\steamapps\workshop\content\281990\3484461951
[13:51:26][dlc.cpp:1847]: Could not find files for mod: C:\SteamLibrary\steamapps\workshop\content\281990\1199002146
[13:51:26][dlc.cpp:1847]: Could not find files for mod: C:\SteamLibrary\steamapps\workshop\content\281990\2946000546
[13:51:26][dlc.cpp:1847]: Could not find files for mod: C:\SteamLibrary\steamapps\workshop\content\281990\3053655313
[13:51:26][dlc.cpp:1847]: Could not find files for mod: C:\SteamLibrary\steamapps\workshop\content\281990\2956750257
[13:51:26][dlc.cpp:1847]: Could not find files for mod: C:\SteamLibrary\steamapps\workshop\content\281990\1539624733
[13:51:26][dlc.cpp:1847]: Could not find files for mod: C:\SteamLibrary\steamapps\workshop\content\281990\1890399946
[13:51:26][dlc.cpp:1847]: Could not find files for mod: C:\SteamLibrary\steamapps\workshop\content\281990\3357143726
[13:51:26][dlc.cpp:1847]: Could not find files for mod: C:\SteamLibrary\steamapps\workshop\content\281990\3415581160
[13:51:26][dlc.cpp:1847]: Could not find files for mod: C:\SteamLibrary\steamapps\workshop\content\281990\2438313459
[13:51:26][dlc.cpp:1847]: Could not find files for mod: C:\SteamLibrary\steamapps\workshop\content\281990\2407436476
[13:51:26][dlc.cpp:1847]: Could not find files for mod: C:\SteamLibrary\steamapps\workshop\content\281990\1623423360
[13:51:26][dlc.cpp:1847]: Could not find files for mod: C:\SteamLibrary\steamapps\workshop\content\281990\3339549399
[13:51:26][dlc.cpp:1847]: Could not find files for mod: C:\SteamLibrary\steamapps\workshop\content\281990\3090328185
[13:51:26][dlc.cpp:1847]: Could not find files for mod: C:\SteamLibrary\steamapps\workshop\content\281990\2948301103
[13:51:26][dlc.cpp:1847]: Could not find files for mod: C:\SteamLibrary\steamapps\workshop\content\281990\2976454692
[13:54:19][modifier.cpp:3597]: Invalid timed modifier found in file: save games/acceptance-fixtures/shroud2780-source.sav/gamestate near line: 45324
[13:54:19][parser_util.h:48]: Failed to read key reference 'origin_heart_of_devouring' from database 'common/governments/civics' at ' file: save games/acceptance-fixtures/shroud2780-source.sav/gamestate line: 158540'
[13:54:19][parser_util.h:48]: Failed to read key reference 'd_eep_core' from database 'common/deposits' at ' file: save games/acceptance-fixtures/shroud2780-source.sav/gamestate line: 618264'
[13:54:19][trigger_impl.cpp:1218]: Script Error: Invalid context switch [owner] from  [situation], file: events/shroud_situation_events.txt line: 3999, Scope: 
type=situation
id=16777221
opener_id=4294967295
random={ 0 2840125081 }
random_allowed=yes
from=
{
	type=situation
	id=16777221
	opener_id=4294967295
	random={ 0 3859466576 }
	random_allowed=yes
	saved_event_target=
	{
		type=country
		id=0
		opener_id=4294967295
		name="this_country"
	}
	saved_event_target=
	{
		type=species
		id=66
		opener_id=4294967295
		name="changing_species"
	}
	saved_event_target=
	{
		type=species
		id=73
		opener_id=4294967295
		name="psionic_species"
	}
}

[13:54:19][trigger_impl.cpp:1218]: Script Error: Invalid context switch [owner] from  [situation], file: events/shroud_situation_events.txt line: 4003, Scope: 
type=situation
id=16777221
opener_id=4294967295
random={ 0 2840125081 }
random_allowed=yes
from=
{
	type=situation
	id=16777221
	opener_id=4294967295
	random={ 0 3859466576 }
	random_allowed=yes
	saved_event_target=
	{
		type=country
		id=0
		opener_id=4294967295
		name="this_country"
	}
	saved_event_target=
	{
		type=species
		id=66
		opener_id=4294967295
		name="changing_species"
	}
	saved_event_target=
	{
		type=species
		id=73
		opener_id=4294967295
		name="psionic_species"
	}
}

[13:54:19][event.cpp:955]: Failed to pick an event sound from among the available options for event shroud.2780 (defaulting to first on list)
[13:54:20][gamestate.cpp:1839]: Repaired savegame, cleared 1 invalid deposits!
[13:56:44][trigger.cpp:485]: Wrong scope for trigger 'has_authority' at  common/scripted_triggers/00_scripted_triggers.txt:1758 @ in scripted trigger is_hive_empire at file: common/scripted_loc/13_scripted_loc_shroud.txt line: 2673
Current Scope: situation
Supported Scopes: country dlc_recommendation
[13:56:44][trigger_impl.cpp:1218]: Script Error: Invalid context switch [founder_species] from 灵能飞升 [situation], common/scripted_triggers/02_scripted_triggers_machine_age.txt:64 @ in scripted trigger is_individual_machine at file: common/scripted_loc/13_scripted_loc_shroud.txt line: 2680, Scope: 
type=situation
id=16777221
opener_id=4294967295
random={ 0 2840125081 }
random_allowed=yes
root=
{
	type=situation
	id=16777221
	opener_id=4294967295
	random={ 0 2840125081 }
	random_allowed=yes
	from=
	{
		type=situation
		id=16777221
		opener_id=4294967295
		random={ 0 3859466576 }
		random_allowed=yes
		saved_event_target=
		{
			type=country
			id=0
			opener_id=4294967295
			name="this_country"
		}
		saved_event_target=
		{
			type=species
			id=66
			opener_id=4294967295
			name="changing_species"
		}
		saved_event_target=
		{
			type=species
			id=73
			opener_id=4294967295
			name="psionic_species"
		}
	}
}
from=
{
	type=situation
	id=16777221
	opener_id=4294967295
	random={ 0 3859466576 }
	random_allowed=yes
	saved_event_target=
	{
		type=country
		id=0
		opener_id=4294967295
		name="this_country"
	}
	saved_event_target=
	{
		type=species
		id=66
		opener_id=4294967295
		name="changing_species"
	}
	saved_event_target=
	{
		type=species
		id=73
		opener_id=4294967295
		name="psionic_species"
	}
}
prev=
{
	type=situation
	id=16777221
	opener_id=4294967295
	random={ 0 2840125081 }
	random_allowed=yes
	from=
	{
		type=situation
		id=16777221
		opener_id=4294967295
		random={ 0 3859466576 }
		random_allowed=yes
		saved_event_target=
		{
			type=country
			id=0
			opener_id=4294967295
			name="this_country"
		}
		saved_event_target=
		{
			type=species
			id=66
			opener_id=4294967295
			name="changing_species"
		}
		saved_event_target=
		{
			type=species
			id=73
			opener_id=4294967295
			name="psionic_species"
		}
	}
}

[13:56:44][trigger.cpp:485]: Wrong scope for trigger 'has_authority' at  common/scripted_triggers/00_scripted_triggers.txt:1763 @ in scripted trigger is_machine_empire at file: common/scripted_loc/13_scripted_loc_shroud.txt line: 2688
Current Scope: situation
Supported Scopes: country dlc_recommendation
[13:56:44][trigger.cpp:485]: Wrong scope for trigger 'has_civic' at  file: common/scripted_loc/13_scripted_loc_shroud.txt line: 2696
Current Scope: situation
Supported Scopes: country dlc_recommendation
[13:56:44][trigger.cpp:485]: Wrong scope for trigger 'has_authority' at  common/scripted_triggers/00_scripted_triggers.txt:1758 @ in scripted trigger is_hive_empire at file: common/scripted_loc/13_scripted_loc_shroud.txt line: 2703
Current Scope: situation
Supported Scopes: country dlc_recommendation
[13:56:44][trigger_impl.cpp:1218]: Script Error: Invalid context switch [founder_species] from 灵能飞升 [situation], common/scripted_triggers/02_scripted_triggers_machine_age.txt:64 @ in scripted trigger is_individual_machine at file: common/scripted_loc/13_scripted_loc_shroud.txt line: 2704, Scope: 
type=situation
id=16777221
opener_id=4294967295
random={ 0 2840125081 }
random_allowed=yes
root=
{
	type=situation
	id=16777221
	opener_id=4294967295
	random={ 0 2840125081 }
	random_allowed=yes
	from=
	{
		type=situation
		id=16777221
		opener_id=4294967295
		random={ 0 3859466576 }
		random_allowed=yes
		saved_event_target=
		{
			type=country
			id=0
			opener_id=4294967295
			name="this_country"
		}
		saved_event_target=
		{
			type=species
			id=66
			opener_id=4294967295
			name="changing_species"
		}
		saved_event_target=
		{
			type=species
			id=73
			opener_id=4294967295
			name="psionic_species"
		}
	}
}
from=
{
	type=situation
	id=16777221
	opener_id=4294967295
	random={ 0 3859466576 }
	random_allowed=yes
	saved_event_target=
	{
		type=country
		id=0
		opener_id=4294967295
		name="this_country"
	}
	saved_event_target=
	{
		type=species
		id=66
		opener_id=4294967295
		name="changing_species"
	}
	saved_event_target=
	{
		type=species
		id=73
		opener_id=4294967295
		name="psionic_species"
	}
}
prev=
{
	type=situation
	id=16777221
	opener_id=4294967295
	random={ 0 2840125081 }
	random_allowed=yes
	from=
	{
		type=situation
		id=16777221
		opener_id=4294967295
		random={ 0 3859466576 }
		random_allowed=yes
		saved_event_target=
		{
			type=country
			id=0
			opener_id=4294967295
			name="this_country"
		}
		saved_event_target=
		{
			type=species
			id=66
			opener_id=4294967295
			name="changing_species"
		}
		saved_event_target=
		{
			type=species
			id=73
			opener_id=4294967295
			name="psionic_species"
		}
	}
}

[13:56:44][trigger.cpp:485]: Wrong scope for trigger 'has_ethic' at  common/scripted_triggers/00_scripted_triggers.txt:1754 @ in scripted trigger is_gestalt at file: common/scripted_loc/13_scripted_loc_shroud.txt line: 2705
Current Scope: situation
Supported Scopes: country pop pop_group leader pop_faction dlc_recommendation
