[22:51:27][game_application.cpp:250]: Game Version: Cygnus v4.5.2
[22:51:27][defines.cpp:162]: 2132 defines loaded
[22:51:27][defines.cpp:196]: 254 interface defines loaded
[22:58:19][effect_impl.cpp:22217]: [2200.1.3] Log effect, file: events/eep_probe_events.txt line: 63. EEP_MONTH country=EEP 03 铁心灭绝者 C=0 G=0 D=2 made=0 worlds=0
[22:58:19][effect_impl.cpp:22217]: [2200.1.3] Log effect, file: events/eep_probe_events.txt line: 76. EEP_DLC Nemesis=YES
[22:58:19][effect_impl.cpp:22217]: [2200.1.3] Log effect, file: events/eep_probe_events.txt line: 78. EEP_DLC Shroud=YES
[23:02:36][effect_impl.cpp:22217]: [2200.1.4] Log effect, file: events/eep_probe_events.txt line: 63. EEP_MONTH country=EEP 03 铁心灭绝者 C=0 G=0 D=2 made=0 worlds=0
[23:02:36][effect_impl.cpp:22217]: [2200.1.4] Log effect, file: events/eep_probe_events.txt line: 76. EEP_DLC Nemesis=YES
[23:02:36][effect_impl.cpp:22217]: [2200.1.4] Log effect, file: events/eep_probe_events.txt line: 78. EEP_DLC Shroud=YES
[23:03:50][eventcommands.cpp:88]: Event first_contact.1 added info about event selection. selectedOption 0, human -1, playerEventId 4
[23:12:23][eventcommands.cpp:88]: Event story.7 added info about event selection. selectedOption 10, human 1, playerEventId 5
[23:12:25][eventcommands.cpp:88]: Event eep.10 added info about event selection. selectedOption 0, human 1, playerEventId 2
[23:16:00][eventcommands.cpp:88]: Event eep.100 added info about event selection. selectedOption 0, human 1, playerEventId 6
[23:18:55][effect_impl.cpp:22217]: [2200.1.5] Log effect, file: events/eep_probe_events.txt line: 63. EEP_MONTH country=EEP 03 铁心灭绝者 C=0 G=0 D=2 made=0 worlds=0
[23:18:55][effect_impl.cpp:22217]: [2200.1.5] Log effect, file: events/eep_probe_events.txt line: 70. EEP_MONTH source=EEP-UI-Q20 Q=20 T=48 progress=0
[23:18:55][effect_impl.cpp:22217]: [2200.1.5] Log effect, file: events/eep_probe_events.txt line: 72. EEP_MONTH operational=YES
[23:18:55][effect_impl.cpp:22217]: [2200.1.5] Log effect, file: events/eep_probe_events.txt line: 76. EEP_DLC Nemesis=YES
[23:18:55][effect_impl.cpp:22217]: [2200.1.5] Log effect, file: events/eep_probe_events.txt line: 78. EEP_DLC Shroud=YES
[23:20:18][effect_impl.cpp:22217]: [2200.1.5] Log effect, file: events/eep_probe_events.txt line: 73. EEP_MONTH operational=NO
[23:22:48][effect_impl.cpp:22217]: [2200.1.6] Log effect, file: events/eep_probe_events.txt line: 63. EEP_MONTH country=EEP 03 铁心灭绝者 C=0 G=0 D=2 made=0 worlds=0
[23:22:48][effect_impl.cpp:22217]: [2200.1.6] Log effect, file: events/eep_probe_events.txt line: 76. EEP_DLC Nemesis=YES
[23:22:48][effect_impl.cpp:22217]: [2200.1.6] Log effect, file: events/eep_probe_events.txt line: 78. EEP_DLC Shroud=YES
