[17:08:53][game_application.cpp:250]: Game Version: Cygnus v4.5.2
[17:08:53][defines.cpp:162]: 2132 defines loaded
[17:08:53][defines.cpp:196]: 254 interface defines loaded
[17:19:32][eventcommands.cpp:88]: Event story.7 added info about event selection. selectedOption 11, human 1, playerEventId 2
[17:31:16][eventcommands.cpp:88]: Event first_contact.1 added info about event selection. selectedOption 0, human -1, playerEventId 3
[17:31:35][eventcommands.cpp:88]: Event first_contact.1 added info about event selection. selectedOption 0, human -1, playerEventId 4
[17:33:40][eventcommands.cpp:88]: Event first_contact.1 added info about event selection. selectedOption 0, human -1, playerEventId 1
[17:36:51][eventcommands.cpp:88]: Event grand_archive.2000 added info about event selection. selectedOption 0, human -1, playerEventId 5
[17:36:54][eventcommands.cpp:88]: Event first_contact.1 added info about event selection. selectedOption 0, human -1, playerEventId 6
[17:38:30][eventcommands.cpp:88]: Event first_contact.1 added info about event selection. selectedOption 0, human -1, playerEventId 7
[17:39:17][eventcommands.cpp:88]: Event first_contact.1 added info about event selection. selectedOption 0, human -1, playerEventId 8
[17:39:19][eventcommands.cpp:88]: Event first_contact.1 added info about event selection. selectedOption 0, human -1, playerEventId 10
[17:39:19][eventcommands.cpp:88]: Event first_contact.1 added info about event selection. selectedOption 0, human -1, playerEventId 9
[17:41:00][eventcommands.cpp:88]: Event first_contact_critters.1 added info about event selection. selectedOption 0, human -1, playerEventId 11
[17:41:18][eventcommands.cpp:88]: Event first_contact_critters.50 added info about event selection. selectedOption 0, human -1, playerEventId 12
[17:41:55][eventcommands.cpp:88]: Event first_contact_critters.1 added info about event selection. selectedOption 0, human -1, playerEventId 13
[17:44:00][eventcommands.cpp:88]: Event first_contact.1 added info about event selection. selectedOption 0, human -1, playerEventId 14
[17:44:24][eventcommands.cpp:88]: Event first_contact.15 added info about event selection. selectedOption 1, human -1, playerEventId 15
[17:44:54][eventcommands.cpp:88]: Event first_contact.5030 added info about event selection. selectedOption 0, human -1, playerEventId 16
[17:47:32][eventcommands.cpp:88]: Event grand_archive.2005 added info about event selection. selectedOption 1, human -1, playerEventId 17
[17:48:16][eventcommands.cpp:88]: Event first_contact_critters.55 added info about event selection. selectedOption 0, human -1, playerEventId 18
[17:48:21][eventcommands.cpp:88]: Event first_contact_critters.5 added info about event selection. selectedOption 3, human -1, playerEventId 19
[17:49:30][eventcommands.cpp:88]: Event first_contact.1 added info about event selection. selectedOption 0, human -1, playerEventId 20
[17:50:33][eventcommands.cpp:88]: Event first_contact.1 added info about event selection. selectedOption 0, human -1, playerEventId 21
[17:50:41][eventcommands.cpp:88]: Event first_contact_critters.1 added info about event selection. selectedOption 0, human -1, playerEventId 22
[17:51:53][eventcommands.cpp:88]: Event first_contact.365 added info about event selection. selectedOption 0, human -1, playerEventId 24
[17:51:53][eventcommands.cpp:88]: Event first_contact_critters.5 added info about event selection. selectedOption 3, human -1, playerEventId 23
[17:54:53][eventcommands.cpp:88]: Event first_contact_critters.1 added info about event selection. selectedOption 0, human -1, playerEventId 25
[17:55:57][eventcommands.cpp:88]: Event first_contact.5000 added info about event selection. selectedOption 0, human -1, playerEventId 26
[17:56:34][eventcommands.cpp:88]: Event first_contact.15 added info about event selection. selectedOption 0, human -1, playerEventId 27
[17:56:54][eventcommands.cpp:88]: Event first_contact_critters.40 added info about event selection. selectedOption 0, human -1, playerEventId 28
[17:58:36][eventcommands.cpp:88]: Event first_contact.1 added info about event selection. selectedOption 0, human -1, playerEventId 29
[17:58:37][eventcommands.cpp:88]: Event first_contact.1 added info about event selection. selectedOption 0, human -1, playerEventId 31
[17:58:37][eventcommands.cpp:88]: Event first_contact.1 added info about event selection. selectedOption 0, human -1, playerEventId 30
[17:59:39][eventcommands.cpp:88]: Event first_contact.379 added info about event selection. selectedOption 0, human -1, playerEventId 32
[17:59:48][eventcommands.cpp:88]: Event first_contact_critters.1 added info about event selection. selectedOption 0, human -1, playerEventId 33
[17:59:57][eventcommands.cpp:88]: Event first_contact_critters.5 added info about event selection. selectedOption 3, human -1, playerEventId 34
[18:00:18][eventcommands.cpp:88]: Event first_contact_critters.1 added info about event selection. selectedOption 0, human -1, playerEventId 35
[18:00:18][eventcommands.cpp:88]: Event first_contact_critters.5 added info about event selection. selectedOption 3, human -1, playerEventId 36
[18:12:16][eventcommands.cpp:88]: Event first_contact_critters.5 added info about event selection. selectedOption 3, human -1, playerEventId 37
[18:14:14][eventcommands.cpp:88]: Event colony.185 added info about event selection. selectedOption 0, human 1, playerEventId 38
